
[1m[46m RUN [49m[22m [36mv4.0.15 [39m[90mC:/Users/nwong/Documents/Projects/Group2SWE/SWEGroup2[39m

node.exe : Error: Uncaught [Error: Element type is invalid: expected a string (for built-in components) or a 
class/function (for composite components) but got: undefined. You likely forgot to export your component from the file 
it's defined in, or you might have mixed up default and named imports.]
At C:\Program Files\nodejs\npx.ps1:29 char:3
+   & $NODE_EXE $NPX_CLI_JS $args
+   ~~~~~~~~~~~~~~~~~~~~~~~~~~~~~
    + CategoryInfo          : NotSpecified: (Error: Uncaught...named imports.]:String) [], RemoteException
    + FullyQualifiedErrorId : NativeCommandError
 
    at reportException (C:\Users\nwong\Documents\Projects\Group2SWE\SWEGroup2\node_modules\jsdom\lib\jsdom\living\helpe
rs\runtime-script-errors.js:66:24)
    at innerInvokeEventListeners (C:\Users\nwong\Documents\Projects\Group2SWE\SWEGroup2\node_modules\jsdom\lib\jsdom\li
ving\events\EventTarget-impl.js:353:9)
    at invokeEventListeners (C:\Users\nwong\Documents\Projects\Group2SWE\SWEGroup2\node_modules\jsdom\lib\jsdom\living\
events\EventTarget-impl.js:286:3)
    at HTMLUnknownElementImpl._dispatch (C:\Users\nwong\Documents\Projects\Group2SWE\SWEGroup2\node_modules\jsdom\lib\j
sdom\living\events\EventTarget-impl.js:233:9)
    at HTMLUnknownElementImpl.dispatchEvent (C:\Users\nwong\Documents\Projects\Group2SWE\SWEGroup2\node_modules\jsdom\l
ib\jsdom\living\events\EventTarget-impl.js:104:17)
    at HTMLUnknownElement.dispatchEvent (C:\Users\nwong\Documents\Projects\Group2SWE\SWEGroup2\node_modules\jsdom\lib\j
sdom\living\generated\EventTarget.js:241:34)
    at Object.invokeGuardedCallbackDev 
(C:\Users\nwong\Documents\Projects\Group2SWE\SWEGroup2\node_modules\react-dom\cjs\react-dom.development.js:4213:16)
    at invokeGuardedCallback 
(C:\Users\nwong\Documents\Projects\Group2SWE\SWEGroup2\node_modules\react-dom\cjs\react-dom.development.js:4277:31)
    at beginWork$1 
(C:\Users\nwong\Documents\Projects\Group2SWE\SWEGroup2\node_modules\react-dom\cjs\react-dom.development.js:27490:7)
    at performUnitOfWork 
(C:\Users\nwong\Documents\Projects\Group2SWE\SWEGroup2\node_modules\react-dom\cjs\react-dom.development.js:26599:12) 
Error: Element type is invalid: expected a string (for built-in components) or a class/function (for composite 
components) but got: undefined. You likely forgot to export your component from the file it's defined in, or you might 
have mixed up default and named imports.
    at createFiberFromTypeAndProps 
(C:\Users\nwong\Documents\Projects\Group2SWE\SWEGroup2\node_modules\react-dom\cjs\react-dom.development.js:28478:17)
    at createFiberFromElement 
(C:\Users\nwong\Documents\Projects\Group2SWE\SWEGroup2\node_modules\react-dom\cjs\react-dom.development.js:28504:15)
    at reconcileSingleElement 
(C:\Users\nwong\Documents\Projects\Group2SWE\SWEGroup2\node_modules\react-dom\cjs\react-dom.development.js:13986:23)
    at reconcileChildFibers 
(C:\Users\nwong\Documents\Projects\Group2SWE\SWEGroup2\node_modules\react-dom\cjs\react-dom.development.js:14044:35)
    at reconcileChildren 
(C:\Users\nwong\Documents\Projects\Group2SWE\SWEGroup2\node_modules\react-dom\cjs\react-dom.development.js:19193:28)
    at updateHostRoot 
(C:\Users\nwong\Documents\Projects\Group2SWE\SWEGroup2\node_modules\react-dom\cjs\react-dom.development.js:19912:5)
    at beginWork 
(C:\Users\nwong\Documents\Projects\Group2SWE\SWEGroup2\node_modules\react-dom\cjs\react-dom.development.js:21654:14)
    at HTMLUnknownElement.callCallback 
(C:\Users\nwong\Documents\Projects\Group2SWE\SWEGroup2\node_modules\react-dom\cjs\react-dom.development.js:4164:14)
    at HTMLUnknownElement.callTheUserObjectsOperation (C:\Users\nwong\Documents\Projects\Group2SWE\SWEGroup2\node_modul
es\jsdom\lib\jsdom\living\generated\EventListener.js:26:30)
    at innerInvokeEventListeners (C:\Users\nwong\Documents\Projects\Group2SWE\SWEGroup2\node_modules\jsdom\lib\jsdom\li
ving\events\EventTarget-impl.js:350:25)
Error: Uncaught [Error: Element type is invalid: expected a string (for built-in components) or a class/function (for 
composite components) but got: undefined. You likely forgot to export your component from the file it's defined in, or 
you might have mixed up default and named imports.]
    at reportException (C:\Users\nwong\Documents\Projects\Group2SWE\SWEGroup2\node_modules\jsdom\lib\jsdom\living\helpe
rs\runtime-script-errors.js:66:24)
    at innerInvokeEventListeners (C:\Users\nwong\Documents\Projects\Group2SWE\SWEGroup2\node_modules\jsdom\lib\jsdom\li
ving\events\EventTarget-impl.js:353:9)
    at invokeEventListeners (C:\Users\nwong\Documents\Projects\Group2SWE\SWEGroup2\node_modules\jsdom\lib\jsdom\living\
events\EventTarget-impl.js:286:3)
    at HTMLUnknownElementImpl._dispatch (C:\Users\nwong\Documents\Projects\Group2SWE\SWEGroup2\node_modules\jsdom\lib\j
sdom\living\events\EventTarget-impl.js:233:9)
    at HTMLUnknownElementImpl.dispatchEvent (C:\Users\nwong\Documents\Projects\Group2SWE\SWEGroup2\node_modules\jsdom\l
ib\jsdom\living\events\EventTarget-impl.js:104:17)
    at HTMLUnknownElement.dispatchEvent (C:\Users\nwong\Documents\Projects\Group2SWE\SWEGroup2\node_modules\jsdom\lib\j
sdom\living\generated\EventTarget.js:241:34)
    at Object.invokeGuardedCallbackDev 
(C:\Users\nwong\Documents\Projects\Group2SWE\SWEGroup2\node_modules\react-dom\cjs\react-dom.development.js:4213:16)
    at invokeGuardedCallback 
(C:\Users\nwong\Documents\Projects\Group2SWE\SWEGroup2\node_modules\react-dom\cjs\react-dom.development.js:4277:31)
    at beginWork$1 
(C:\Users\nwong\Documents\Projects\Group2SWE\SWEGroup2\node_modules\react-dom\cjs\react-dom.development.js:27490:7)
    at performUnitOfWork 
(C:\Users\nwong\Documents\Projects\Group2SWE\SWEGroup2\node_modules\react-dom\cjs\react-dom.development.js:26599:12) 
Error: Element type is invalid: expected a string (for built-in components) or a class/function (for composite 
components) but got: undefined. You likely forgot to export your component from the file it's defined in, or you might 
have mixed up default and named imports.
    at createFiberFromTypeAndProps 
(C:\Users\nwong\Documents\Projects\Group2SWE\SWEGroup2\node_modules\react-dom\cjs\react-dom.development.js:28478:17)
    at createFiberFromElement 
(C:\Users\nwong\Documents\Projects\Group2SWE\SWEGroup2\node_modules\react-dom\cjs\react-dom.development.js:28504:15)
    at reconcileSingleElement 
(C:\Users\nwong\Documents\Projects\Group2SWE\SWEGroup2\node_modules\react-dom\cjs\react-dom.development.js:13986:23)
    at reconcileChildFibers 
(C:\Users\nwong\Documents\Projects\Group2SWE\SWEGroup2\node_modules\react-dom\cjs\react-dom.development.js:14044:35)
    at reconcileChildren 
(C:\Users\nwong\Documents\Projects\Group2SWE\SWEGroup2\node_modules\react-dom\cjs\react-dom.development.js:19193:28)
    at updateHostRoot 
(C:\Users\nwong\Documents\Projects\Group2SWE\SWEGroup2\node_modules\react-dom\cjs\react-dom.development.js:19912:5)
    at beginWork 
(C:\Users\nwong\Documents\Projects\Group2SWE\SWEGroup2\node_modules\react-dom\cjs\react-dom.development.js:21654:14)
    at HTMLUnknownElement.callCallback 
(C:\Users\nwong\Documents\Projects\Group2SWE\SWEGroup2\node_modules\react-dom\cjs\react-dom.development.js:4164:14)
    at HTMLUnknownElement.callTheUserObjectsOperation (C:\Users\nwong\Documents\Projects\Group2SWE\SWEGroup2\node_modul
es\jsdom\lib\jsdom\living\generated\EventListener.js:26:30)
    at innerInvokeEventListeners (C:\Users\nwong\Documents\Projects\Group2SWE\SWEGroup2\node_modules\jsdom\lib\jsdom\li
ving\events\EventTarget-impl.js:350:25)
Error: Uncaught [Error: Element type is invalid: expected a string (for built-in components) or a class/function (for 
composite components) but got: undefined. You likely forgot to export your component from the file it's defined in, or 
you might have mixed up default and named imports.]
    at reportException (C:\Users\nwong\Documents\Projects\Group2SWE\SWEGroup2\node_modules\jsdom\lib\jsdom\living\helpe
rs\runtime-script-errors.js:66:24)
    at innerInvokeEventListeners (C:\Users\nwong\Documents\Projects\Group2SWE\SWEGroup2\node_modules\jsdom\lib\jsdom\li
ving\events\EventTarget-impl.js:353:9)
    at invokeEventListeners (C:\Users\nwong\Documents\Projects\Group2SWE\SWEGroup2\node_modules\jsdom\lib\jsdom\living\
events\EventTarget-impl.js:286:3)
    at HTMLUnknownElementImpl._dispatch (C:\Users\nwong\Documents\Projects\Group2SWE\SWEGroup2\node_modules\jsdom\lib\j
sdom\living\events\EventTarget-impl.js:233:9)
    at HTMLUnknownElementImpl.dispatchEvent (C:\Users\nwong\Documents\Projects\Group2SWE\SWEGroup2\node_modules\jsdom\l
ib\jsdom\living\events\EventTarget-impl.js:104:17)
    at HTMLUnknownElement.dispatchEvent (C:\Users\nwong\Documents\Projects\Group2SWE\SWEGroup2\node_modules\jsdom\lib\j
sdom\living\generated\EventTarget.js:241:34)
    at Object.invokeGuardedCallbackDev 
(C:\Users\nwong\Documents\Projects\Group2SWE\SWEGroup2\node_modules\react-dom\cjs\react-dom.development.js:4213:16)
    at invokeGuardedCallback 
(C:\Users\nwong\Documents\Projects\Group2SWE\SWEGroup2\node_modules\react-dom\cjs\react-dom.development.js:4277:31)
    at beginWork$1 
(C:\Users\nwong\Documents\Projects\Group2SWE\SWEGroup2\node_modules\react-dom\cjs\react-dom.development.js:27490:7)
    at performUnitOfWork 
(C:\Users\nwong\Documents\Projects\Group2SWE\SWEGroup2\node_modules\react-dom\cjs\react-dom.development.js:26599:12) 
Error: Element type is invalid: expected a string (for built-in components) or a class/function (for composite 
components) but got: undefined. You likely forgot to export your component from the file it's defined in, or you might 
have mixed up default and named imports.
    at createFiberFromTypeAndProps 
(C:\Users\nwong\Documents\Projects\Group2SWE\SWEGroup2\node_modules\react-dom\cjs\react-dom.development.js:28478:17)
    at createFiberFromElement 
(C:\Users\nwong\Documents\Projects\Group2SWE\SWEGroup2\node_modules\react-dom\cjs\react-dom.development.js:28504:15)
    at reconcileSingleElement 
(C:\Users\nwong\Documents\Projects\Group2SWE\SWEGroup2\node_modules\react-dom\cjs\react-dom.development.js:13986:23)
    at reconcileChildFibers 
(C:\Users\nwong\Documents\Projects\Group2SWE\SWEGroup2\node_modules\react-dom\cjs\react-dom.development.js:14044:35)
    at reconcileChildren 
(C:\Users\nwong\Documents\Projects\Group2SWE\SWEGroup2\node_modules\react-dom\cjs\react-dom.development.js:19193:28)
    at updateHostRoot 
(C:\Users\nwong\Documents\Projects\Group2SWE\SWEGroup2\node_modules\react-dom\cjs\react-dom.development.js:19912:5)
    at beginWork 
(C:\Users\nwong\Documents\Projects\Group2SWE\SWEGroup2\node_modules\react-dom\cjs\react-dom.development.js:21654:14)
    at HTMLUnknownElement.callCallback 
(C:\Users\nwong\Documents\Projects\Group2SWE\SWEGroup2\node_modules\react-dom\cjs\react-dom.development.js:4164:14)
    at HTMLUnknownElement.callTheUserObjectsOperation (C:\Users\nwong\Documents\Projects\Group2SWE\SWEGroup2\node_modul
es\jsdom\lib\jsdom\living\generated\EventListener.js:26:30)
    at innerInvokeEventListeners (C:\Users\nwong\Documents\Projects\Group2SWE\SWEGroup2\node_modules\jsdom\lib\jsdom\li
ving\events\EventTarget-impl.js:350:25)
Error: Uncaught [Error: Element type is invalid: expected a string (for built-in components) or a class/function (for 
composite components) but got: undefined. You likely forgot to export your component from the file it's defined in, or 
you might have mixed up default and named imports.]
    at reportException (C:\Users\nwong\Documents\Projects\Group2SWE\SWEGroup2\node_modules\jsdom\lib\jsdom\living\helpe
rs\runtime-script-errors.js:66:24)
    at innerInvokeEventListeners (C:\Users\nwong\Documents\Projects\Group2SWE\SWEGroup2\node_modules\jsdom\lib\jsdom\li
ving\events\EventTarget-impl.js:353:9)
    at invokeEventListeners (C:\Users\nwong\Documents\Projects\Group2SWE\SWEGroup2\node_modules\jsdom\lib\jsdom\living\
events\EventTarget-impl.js:286:3)
    at HTMLUnknownElementImpl._dispatch (C:\Users\nwong\Documents\Projects\Group2SWE\SWEGroup2\node_modules\jsdom\lib\j
sdom\living\events\EventTarget-impl.js:233:9)
    at HTMLUnknownElementImpl.dispatchEvent (C:\Users\nwong\Documents\Projects\Group2SWE\SWEGroup2\node_modules\jsdom\l
ib\jsdom\living\events\EventTarget-impl.js:104:17)
    at HTMLUnknownElement.dispatchEvent (C:\Users\nwong\Documents\Projects\Group2SWE\SWEGroup2\node_modules\jsdom\lib\j
sdom\living\generated\EventTarget.js:241:34)
    at Object.invokeGuardedCallbackDev 
(C:\Users\nwong\Documents\Projects\Group2SWE\SWEGroup2\node_modules\react-dom\cjs\react-dom.development.js:4213:16)
    at invokeGuardedCallback 
(C:\Users\nwong\Documents\Projects\Group2SWE\SWEGroup2\node_modules\react-dom\cjs\react-dom.development.js:4277:31)
    at beginWork$1 
(C:\Users\nwong\Documents\Projects\Group2SWE\SWEGroup2\node_modules\react-dom\cjs\react-dom.development.js:27490:7)
    at performUnitOfWork 
(C:\Users\nwong\Documents\Projects\Group2SWE\SWEGroup2\node_modules\react-dom\cjs\react-dom.development.js:26599:12) 
Error: Element type is invalid: expected a string (for built-in components) or a class/function (for composite 
components) but got: undefined. You likely forgot to export your component from the file it's defined in, or you might 
have mixed up default and named imports.
    at createFiberFromTypeAndProps 
(C:\Users\nwong\Documents\Projects\Group2SWE\SWEGroup2\node_modules\react-dom\cjs\react-dom.development.js:28478:17)
    at createFiberFromElement 
(C:\Users\nwong\Documents\Projects\Group2SWE\SWEGroup2\node_modules\react-dom\cjs\react-dom.development.js:28504:15)
    at reconcileSingleElement 
(C:\Users\nwong\Documents\Projects\Group2SWE\SWEGroup2\node_modules\react-dom\cjs\react-dom.development.js:13986:23)
    at reconcileChildFibers 
(C:\Users\nwong\Documents\Projects\Group2SWE\SWEGroup2\node_modules\react-dom\cjs\react-dom.development.js:14044:35)
    at reconcileChildren 
(C:\Users\nwong\Documents\Projects\Group2SWE\SWEGroup2\node_modules\react-dom\cjs\react-dom.development.js:19193:28)
    at updateHostRoot 
(C:\Users\nwong\Documents\Projects\Group2SWE\SWEGroup2\node_modules\react-dom\cjs\react-dom.development.js:19912:5)
    at beginWork 
(C:\Users\nwong\Documents\Projects\Group2SWE\SWEGroup2\node_modules\react-dom\cjs\react-dom.development.js:21654:14)
    at HTMLUnknownElement.callCallback 
(C:\Users\nwong\Documents\Projects\Group2SWE\SWEGroup2\node_modules\react-dom\cjs\react-dom.development.js:4164:14)
    at HTMLUnknownElement.callTheUserObjectsOperation (C:\Users\nwong\Documents\Projects\Group2SWE\SWEGroup2\node_modul
es\jsdom\lib\jsdom\living\generated\EventListener.js:26:30)
    at innerInvokeEventListeners (C:\Users\nwong\Documents\Projects\Group2SWE\SWEGroup2\node_modules\jsdom\lib\jsdom\li
ving\events\EventTarget-impl.js:350:25)
Error: Uncaught [Error: Element type is invalid: expected a string (for built-in components) or a class/function (for 
composite components) but got: undefined. You likely forgot to export your component from the file it's defined in, or 
you might have mixed up default and named imports.]
    at reportException (C:\Users\nwong\Documents\Projects\Group2SWE\SWEGroup2\node_modules\jsdom\lib\jsdom\living\helpe
rs\runtime-script-errors.js:66:24)
    at innerInvokeEventListeners (C:\Users\nwong\Documents\Projects\Group2SWE\SWEGroup2\node_modules\jsdom\lib\jsdom\li
ving\events\EventTarget-impl.js:353:9)
    at invokeEventListeners (C:\Users\nwong\Documents\Projects\Group2SWE\SWEGroup2\node_modules\jsdom\lib\jsdom\living\
events\EventTarget-impl.js:286:3)
    at HTMLUnknownElementImpl._dispatch (C:\Users\nwong\Documents\Projects\Group2SWE\SWEGroup2\node_modules\jsdom\lib\j
sdom\living\events\EventTarget-impl.js:233:9)
    at HTMLUnknownElementImpl.dispatchEvent (C:\Users\nwong\Documents\Projects\Group2SWE\SWEGroup2\node_modules\jsdom\l
ib\jsdom\living\events\EventTarget-impl.js:104:17)
    at HTMLUnknownElement.dispatchEvent (C:\Users\nwong\Documents\Projects\Group2SWE\SWEGroup2\node_modules\jsdom\lib\j
sdom\living\generated\EventTarget.js:241:34)
    at Object.invokeGuardedCallbackDev 
(C:\Users\nwong\Documents\Projects\Group2SWE\SWEGroup2\node_modules\react-dom\cjs\react-dom.development.js:4213:16)
    at invokeGuardedCallback 
(C:\Users\nwong\Documents\Projects\Group2SWE\SWEGroup2\node_modules\react-dom\cjs\react-dom.development.js:4277:31)
    at beginWork$1 
(C:\Users\nwong\Documents\Projects\Group2SWE\SWEGroup2\node_modules\react-dom\cjs\react-dom.development.js:27490:7)
    at performUnitOfWork 
(C:\Users\nwong\Documents\Projects\Group2SWE\SWEGroup2\node_modules\react-dom\cjs\react-dom.development.js:26599:12) 
Error: Element type is invalid: expected a string (for built-in components) or a class/function (for composite 
components) but got: undefined. You likely forgot to export your component from the file it's defined in, or you might 
have mixed up default and named imports.
    at createFiberFromTypeAndProps 
(C:\Users\nwong\Documents\Projects\Group2SWE\SWEGroup2\node_modules\react-dom\cjs\react-dom.development.js:28478:17)
    at createFiberFromElement 
(C:\Users\nwong\Documents\Projects\Group2SWE\SWEGroup2\node_modules\react-dom\cjs\react-dom.development.js:28504:15)
    at reconcileSingleElement 
(C:\Users\nwong\Documents\Projects\Group2SWE\SWEGroup2\node_modules\react-dom\cjs\react-dom.development.js:13986:23)
    at reconcileChildFibers 
(C:\Users\nwong\Documents\Projects\Group2SWE\SWEGroup2\node_modules\react-dom\cjs\react-dom.development.js:14044:35)
    at reconcileChildren 
(C:\Users\nwong\Documents\Projects\Group2SWE\SWEGroup2\node_modules\react-dom\cjs\react-dom.development.js:19186:28)
    at updateHostComponent 
(C:\Users\nwong\Documents\Projects\Group2SWE\SWEGroup2\node_modules\react-dom\cjs\react-dom.development.js:19953:3)
    at beginWork 
(C:\Users\nwong\Documents\Projects\Group2SWE\SWEGroup2\node_modules\react-dom\cjs\react-dom.development.js:21657:14)
    at HTMLUnknownElement.callCallback 
(C:\Users\nwong\Documents\Projects\Group2SWE\SWEGroup2\node_modules\react-dom\cjs\react-dom.development.js:4164:14)
    at HTMLUnknownElement.callTheUserObjectsOperation (C:\Users\nwong\Documents\Projects\Group2SWE\SWEGroup2\node_modul
es\jsdom\lib\jsdom\living\generated\EventListener.js:26:30)
    at innerInvokeEventListeners (C:\Users\nwong\Documents\Projects\Group2SWE\SWEGroup2\node_modules\jsdom\lib\jsdom\li
ving\events\EventTarget-impl.js:350:25)
Error: Uncaught [Error: Element type is invalid: expected a string (for built-in components) or a class/function (for 
composite components) but got: undefined. You likely forgot to export your component from the file it's defined in, or 
you might have mixed up default and named imports.]
    at reportException (C:\Users\nwong\Documents\Projects\Group2SWE\SWEGroup2\node_modules\jsdom\lib\jsdom\living\helpe
rs\runtime-script-errors.js:66:24)
    at innerInvokeEventListeners (C:\Users\nwong\Documents\Projects\Group2SWE\SWEGroup2\node_modules\jsdom\lib\jsdom\li
ving\events\EventTarget-impl.js:353:9)
    at invokeEventListeners (C:\Users\nwong\Documents\Projects\Group2SWE\SWEGroup2\node_modules\jsdom\lib\jsdom\living\
events\EventTarget-impl.js:286:3)
    at HTMLUnknownElementImpl._dispatch (C:\Users\nwong\Documents\Projects\Group2SWE\SWEGroup2\node_modules\jsdom\lib\j
sdom\living\events\EventTarget-impl.js:233:9)
    at HTMLUnknownElementImpl.dispatchEvent (C:\Users\nwong\Documents\Projects\Group2SWE\SWEGroup2\node_modules\jsdom\l
ib\jsdom\living\events\EventTarget-impl.js:104:17)
    at HTMLUnknownElement.dispatchEvent (C:\Users\nwong\Documents\Projects\Group2SWE\SWEGroup2\node_modules\jsdom\lib\j
sdom\living\generated\EventTarget.js:241:34)
    at Object.invokeGuardedCallbackDev 
(C:\Users\nwong\Documents\Projects\Group2SWE\SWEGroup2\node_modules\react-dom\cjs\react-dom.development.js:4213:16)
    at invokeGuardedCallback 
(C:\Users\nwong\Documents\Projects\Group2SWE\SWEGroup2\node_modules\react-dom\cjs\react-dom.development.js:4277:31)
    at beginWork$1 
(C:\Users\nwong\Documents\Projects\Group2SWE\SWEGroup2\node_modules\react-dom\cjs\react-dom.development.js:27490:7)
    at performUnitOfWork 
(C:\Users\nwong\Documents\Projects\Group2SWE\SWEGroup2\node_modules\react-dom\cjs\react-dom.development.js:26599:12) 
Error: Element type is invalid: expected a string (for built-in components) or a class/function (for composite 
components) but got: undefined. You likely forgot to export your component from the file it's defined in, or you might 
have mixed up default and named imports.
    at createFiberFromTypeAndProps 
(C:\Users\nwong\Documents\Projects\Group2SWE\SWEGroup2\node_modules\react-dom\cjs\react-dom.development.js:28478:17)
    at createFiberFromElement 
(C:\Users\nwong\Documents\Projects\Group2SWE\SWEGroup2\node_modules\react-dom\cjs\react-dom.development.js:28504:15)
    at reconcileSingleElement 
(C:\Users\nwong\Documents\Projects\Group2SWE\SWEGroup2\node_modules\react-dom\cjs\react-dom.development.js:13986:23)
    at reconcileChildFibers 
(C:\Users\nwong\Documents\Projects\Group2SWE\SWEGroup2\node_modules\react-dom\cjs\react-dom.development.js:14044:35)
    at reconcileChildren 
(C:\Users\nwong\Documents\Projects\Group2SWE\SWEGroup2\node_modules\react-dom\cjs\react-dom.development.js:19186:28)
    at updateHostComponent 
(C:\Users\nwong\Documents\Projects\Group2SWE\SWEGroup2\node_modules\react-dom\cjs\react-dom.development.js:19953:3)
    at beginWork 
(C:\Users\nwong\Documents\Projects\Group2SWE\SWEGroup2\node_modules\react-dom\cjs\react-dom.development.js:21657:14)
    at HTMLUnknownElement.callCallback 
(C:\Users\nwong\Documents\Projects\Group2SWE\SWEGroup2\node_modules\react-dom\cjs\react-dom.development.js:4164:14)
    at HTMLUnknownElement.callTheUserObjectsOperation (C:\Users\nwong\Documents\Projects\Group2SWE\SWEGroup2\node_modul
es\jsdom\lib\jsdom\living\generated\EventListener.js:26:30)
    at innerInvokeEventListeners (C:\Users\nwong\Documents\Projects\Group2SWE\SWEGroup2\node_modules\jsdom\lib\jsdom\li
ving\events\EventTarget-impl.js:350:25)
Error: Uncaught [Error: Element type is invalid: expected a string (for built-in components) or a class/function (for 
composite components) but got: undefined. You likely forgot to export your component from the file it's defined in, or 
you might have mixed up default and named imports.]
    at reportException (C:\Users\nwong\Documents\Projects\Group2SWE\SWEGroup2\node_modules\jsdom\lib\jsdom\living\helpe
rs\runtime-script-errors.js:66:24)
    at innerInvokeEventListeners (C:\Users\nwong\Documents\Projects\Group2SWE\SWEGroup2\node_modules\jsdom\lib\jsdom\li
ving\events\EventTarget-impl.js:353:9)
    at invokeEventListeners (C:\Users\nwong\Documents\Projects\Group2SWE\SWEGroup2\node_modules\jsdom\lib\jsdom\living\
events\EventTarget-impl.js:286:3)
    at HTMLUnknownElementImpl._dispatch (C:\Users\nwong\Documents\Projects\Group2SWE\SWEGroup2\node_modules\jsdom\lib\j
sdom\living\events\EventTarget-impl.js:233:9)
    at HTMLUnknownElementImpl.dispatchEvent (C:\Users\nwong\Documents\Projects\Group2SWE\SWEGroup2\node_modules\jsdom\l
ib\jsdom\living\events\EventTarget-impl.js:104:17)
    at HTMLUnknownElement.dispatchEvent (C:\Users\nwong\Documents\Projects\Group2SWE\SWEGroup2\node_modules\jsdom\lib\j
sdom\living\generated\EventTarget.js:241:34)
    at Object.invokeGuardedCallbackDev 
(C:\Users\nwong\Documents\Projects\Group2SWE\SWEGroup2\node_modules\react-dom\cjs\react-dom.development.js:4213:16)
    at invokeGuardedCallback 
(C:\Users\nwong\Documents\Projects\Group2SWE\SWEGroup2\node_modules\react-dom\cjs\react-dom.development.js:4277:31)
    at beginWork$1 
(C:\Users\nwong\Documents\Projects\Group2SWE\SWEGroup2\node_modules\react-dom\cjs\react-dom.development.js:27490:7)
    at performUnitOfWork 
(C:\Users\nwong\Documents\Projects\Group2SWE\SWEGroup2\node_modules\react-dom\cjs\react-dom.development.js:26599:12) 
Error: Element type is invalid: expected a string (for built-in components) or a class/function (for composite 
components) but got: undefined. You likely forgot to export your component from the file it's defined in, or you might 
have mixed up default and named imports.
    at createFiberFromTypeAndProps 
(C:\Users\nwong\Documents\Projects\Group2SWE\SWEGroup2\node_modules\react-dom\cjs\react-dom.development.js:28478:17)
    at createFiberFromElement 
(C:\Users\nwong\Documents\Projects\Group2SWE\SWEGroup2\node_modules\react-dom\cjs\react-dom.development.js:28504:15)
    at reconcileSingleElement 
(C:\Users\nwong\Documents\Projects\Group2SWE\SWEGroup2\node_modules\react-dom\cjs\react-dom.development.js:13986:23)
    at reconcileChildFibers 
(C:\Users\nwong\Documents\Projects\Group2SWE\SWEGroup2\node_modules\react-dom\cjs\react-dom.development.js:14044:35)
    at reconcileChildren 
(C:\Users\nwong\Documents\Projects\Group2SWE\SWEGroup2\node_modules\react-dom\cjs\react-dom.development.js:19193:28)
    at updateHostRoot 
(C:\Users\nwong\Documents\Projects\Group2SWE\SWEGroup2\node_modules\react-dom\cjs\react-dom.development.js:19912:5)
    at beginWork 
(C:\Users\nwong\Documents\Projects\Group2SWE\SWEGroup2\node_modules\react-dom\cjs\react-dom.development.js:21654:14)
    at HTMLUnknownElement.callCallback 
(C:\Users\nwong\Documents\Projects\Group2SWE\SWEGroup2\node_modules\react-dom\cjs\react-dom.development.js:4164:14)
    at HTMLUnknownElement.callTheUserObjectsOperation (C:\Users\nwong\Documents\Projects\Group2SWE\SWEGroup2\node_modul
es\jsdom\lib\jsdom\living\generated\EventListener.js:26:30)
    at innerInvokeEventListeners (C:\Users\nwong\Documents\Projects\Group2SWE\SWEGroup2\node_modules\jsdom\lib\jsdom\li
ving\events\EventTarget-impl.js:350:25)
Error: Uncaught [Error: Element type is invalid: expected a string (for built-in components) or a class/function (for 
composite components) but got: undefined. You likely forgot to export your component from the file it's defined in, or 
you might have mixed up default and named imports.]
    at reportException (C:\Users\nwong\Documents\Projects\Group2SWE\SWEGroup2\node_modules\jsdom\lib\jsdom\living\helpe
rs\runtime-script-errors.js:66:24)
    at innerInvokeEventListeners (C:\Users\nwong\Documents\Projects\Group2SWE\SWEGroup2\node_modules\jsdom\lib\jsdom\li
ving\events\EventTarget-impl.js:353:9)
    at invokeEventListeners (C:\Users\nwong\Documents\Projects\Group2SWE\SWEGroup2\node_modules\jsdom\lib\jsdom\living\
events\EventTarget-impl.js:286:3)
    at HTMLUnknownElementImpl._dispatch (C:\Users\nwong\Documents\Projects\Group2SWE\SWEGroup2\node_modules\jsdom\lib\j
sdom\living\events\EventTarget-impl.js:233:9)
    at HTMLUnknownElementImpl.dispatchEvent (C:\Users\nwong\Documents\Projects\Group2SWE\SWEGroup2\node_modules\jsdom\l
ib\jsdom\living\events\EventTarget-impl.js:104:17)
    at HTMLUnknownElement.dispatchEvent (C:\Users\nwong\Documents\Projects\Group2SWE\SWEGroup2\node_modules\jsdom\lib\j
sdom\living\generated\EventTarget.js:241:34)
    at Object.invokeGuardedCallbackDev 
(C:\Users\nwong\Documents\Projects\Group2SWE\SWEGroup2\node_modules\react-dom\cjs\react-dom.development.js:4213:16)
    at invokeGuardedCallback 
(C:\Users\nwong\Documents\Projects\Group2SWE\SWEGroup2\node_modules\react-dom\cjs\react-dom.development.js:4277:31)
    at beginWork$1 
(C:\Users\nwong\Documents\Projects\Group2SWE\SWEGroup2\node_modules\react-dom\cjs\react-dom.development.js:27490:7)
    at performUnitOfWork 
(C:\Users\nwong\Documents\Projects\Group2SWE\SWEGroup2\node_modules\react-dom\cjs\react-dom.development.js:26599:12) 
Error: Element type is invalid: expected a string (for built-in components) or a class/function (for composite 
components) but got: undefined. You likely forgot to export your component from the file it's defined in, or you might 
have mixed up default and named imports.
    at createFiberFromTypeAndProps 
(C:\Users\nwong\Documents\Projects\Group2SWE\SWEGroup2\node_modules\react-dom\cjs\react-dom.development.js:28478:17)
    at createFiberFromElement 
(C:\Users\nwong\Documents\Projects\Group2SWE\SWEGroup2\node_modules\react-dom\cjs\react-dom.development.js:28504:15)
    at reconcileSingleElement 
(C:\Users\nwong\Documents\Projects\Group2SWE\SWEGroup2\node_modules\react-dom\cjs\react-dom.development.js:13986:23)
    at reconcileChildFibers 
(C:\Users\nwong\Documents\Projects\Group2SWE\SWEGroup2\node_modules\react-dom\cjs\react-dom.development.js:14044:35)
    at reconcileChildren 
(C:\Users\nwong\Documents\Projects\Group2SWE\SWEGroup2\node_modules\react-dom\cjs\react-dom.development.js:19193:28)
    at updateHostRoot 
(C:\Users\nwong\Documents\Projects\Group2SWE\SWEGroup2\node_modules\react-dom\cjs\react-dom.development.js:19912:5)
    at beginWork 
(C:\Users\nwong\Documents\Projects\Group2SWE\SWEGroup2\node_modules\react-dom\cjs\react-dom.development.js:21654:14)
    at HTMLUnknownElement.callCallback 
(C:\Users\nwong\Documents\Projects\Group2SWE\SWEGroup2\node_modules\react-dom\cjs\react-dom.development.js:4164:14)
    at HTMLUnknownElement.callTheUserObjectsOperation (C:\Users\nwong\Documents\Projects\Group2SWE\SWEGroup2\node_modul
es\jsdom\lib\jsdom\living\generated\EventListener.js:26:30)
    at innerInvokeEventListeners (C:\Users\nwong\Documents\Projects\Group2SWE\SWEGroup2\node_modules\jsdom\lib\jsdom\li
ving\events\EventTarget-impl.js:350:25)
Error: Uncaught [Error: Element type is invalid: expected a string (for built-in components) or a class/function (for 
composite components) but got: undefined. You likely forgot to export your component from the file it's defined in, or 
you might have mixed up default and named imports.]
    at reportException (C:\Users\nwong\Documents\Projects\Group2SWE\SWEGroup2\node_modules\jsdom\lib\jsdom\living\helpe
rs\runtime-script-errors.js:66:24)
    at innerInvokeEventListeners (C:\Users\nwong\Documents\Projects\Group2SWE\SWEGroup2\node_modules\jsdom\lib\jsdom\li
ving\events\EventTarget-impl.js:353:9)
    at invokeEventListeners (C:\Users\nwong\Documents\Projects\Group2SWE\SWEGroup2\node_modules\jsdom\lib\jsdom\living\
events\EventTarget-impl.js:286:3)
    at HTMLUnknownElementImpl._dispatch (C:\Users\nwong\Documents\Projects\Group2SWE\SWEGroup2\node_modules\jsdom\lib\j
sdom\living\events\EventTarget-impl.js:233:9)
    at HTMLUnknownElementImpl.dispatchEvent (C:\Users\nwong\Documents\Projects\Group2SWE\SWEGroup2\node_modules\jsdom\l
ib\jsdom\living\events\EventTarget-impl.js:104:17)
    at HTMLUnknownElement.dispatchEvent (C:\Users\nwong\Documents\Projects\Group2SWE\SWEGroup2\node_modules\jsdom\lib\j
sdom\living\generated\EventTarget.js:241:34)
    at Object.invokeGuardedCallbackDev 
(C:\Users\nwong\Documents\Projects\Group2SWE\SWEGroup2\node_modules\react-dom\cjs\react-dom.development.js:4213:16)
    at invokeGuardedCallback 
(C:\Users\nwong\Documents\Projects\Group2SWE\SWEGroup2\node_modules\react-dom\cjs\react-dom.development.js:4277:31)
    at beginWork$1 
(C:\Users\nwong\Documents\Projects\Group2SWE\SWEGroup2\node_modules\react-dom\cjs\react-dom.development.js:27490:7)
    at performUnitOfWork 
(C:\Users\nwong\Documents\Projects\Group2SWE\SWEGroup2\node_modules\react-dom\cjs\react-dom.development.js:26599:12) 
Error: Element type is invalid: expected a string (for built-in components) or a class/function (for composite 
components) but got: undefined. You likely forgot to export your component from the file it's defined in, or you might 
have mixed up default and named imports.
    at createFiberFromTypeAndProps 
(C:\Users\nwong\Documents\Projects\Group2SWE\SWEGroup2\node_modules\react-dom\cjs\react-dom.development.js:28478:17)
    at createFiberFromElement 
(C:\Users\nwong\Documents\Projects\Group2SWE\SWEGroup2\node_modules\react-dom\cjs\react-dom.development.js:28504:15)
    at reconcileSingleElement 
(C:\Users\nwong\Documents\Projects\Group2SWE\SWEGroup2\node_modules\react-dom\cjs\react-dom.development.js:13986:23)
    at reconcileChildFibers 
(C:\Users\nwong\Documents\Projects\Group2SWE\SWEGroup2\node_modules\react-dom\cjs\react-dom.development.js:14044:35)
    at reconcileChildren 
(C:\Users\nwong\Documents\Projects\Group2SWE\SWEGroup2\node_modules\react-dom\cjs\react-dom.development.js:19193:28)
    at updateHostRoot 
(C:\Users\nwong\Documents\Projects\Group2SWE\SWEGroup2\node_modules\react-dom\cjs\react-dom.development.js:19912:5)
    at beginWork 
(C:\Users\nwong\Documents\Projects\Group2SWE\SWEGroup2\node_modules\react-dom\cjs\react-dom.development.js:21654:14)
    at HTMLUnknownElement.callCallback 
(C:\Users\nwong\Documents\Projects\Group2SWE\SWEGroup2\node_modules\react-dom\cjs\react-dom.development.js:4164:14)
    at HTMLUnknownElement.callTheUserObjectsOperation (C:\Users\nwong\Documents\Projects\Group2SWE\SWEGroup2\node_modul
es\jsdom\lib\jsdom\living\generated\EventListener.js:26:30)
    at innerInvokeEventListeners (C:\Users\nwong\Documents\Projects\Group2SWE\SWEGroup2\node_modules\jsdom\lib\jsdom\li
ving\events\EventTarget-impl.js:350:25)
Error: Uncaught [Error: Element type is invalid: expected a string (for built-in components) or a class/function (for 
composite components) but got: undefined. You likely forgot to export your component from the file it's defined in, or 
you might have mixed up default and named imports.]
    at reportException (C:\Users\nwong\Documents\Projects\Group2SWE\SWEGroup2\node_modules\jsdom\lib\jsdom\living\helpe
rs\runtime-script-errors.js:66:24)
    at innerInvokeEventListeners (C:\Users\nwong\Documents\Projects\Group2SWE\SWEGroup2\node_modules\jsdom\lib\jsdom\li
ving\events\EventTarget-impl.js:353:9)
    at invokeEventListeners (C:\Users\nwong\Documents\Projects\Group2SWE\SWEGroup2\node_modules\jsdom\lib\jsdom\living\
events\EventTarget-impl.js:286:3)
    at HTMLUnknownElementImpl._dispatch (C:\Users\nwong\Documents\Projects\Group2SWE\SWEGroup2\node_modules\jsdom\lib\j
sdom\living\events\EventTarget-impl.js:233:9)
    at HTMLUnknownElementImpl.dispatchEvent (C:\Users\nwong\Documents\Projects\Group2SWE\SWEGroup2\node_modules\jsdom\l
ib\jsdom\living\events\EventTarget-impl.js:104:17)
    at HTMLUnknownElement.dispatchEvent (C:\Users\nwong\Documents\Projects\Group2SWE\SWEGroup2\node_modules\jsdom\lib\j
sdom\living\generated\EventTarget.js:241:34)
    at Object.invokeGuardedCallbackDev 
(C:\Users\nwong\Documents\Projects\Group2SWE\SWEGroup2\node_modules\react-dom\cjs\react-dom.development.js:4213:16)
    at invokeGuardedCallback 
(C:\Users\nwong\Documents\Projects\Group2SWE\SWEGroup2\node_modules\react-dom\cjs\react-dom.development.js:4277:31)
    at beginWork$1 
(C:\Users\nwong\Documents\Projects\Group2SWE\SWEGroup2\node_modules\react-dom\cjs\react-dom.development.js:27490:7)
    at performUnitOfWork 
(C:\Users\nwong\Documents\Projects\Group2SWE\SWEGroup2\node_modules\react-dom\cjs\react-dom.development.js:26599:12) 
Error: Element type is invalid: expected a string (for built-in components) or a class/function (for composite 
components) but got: undefined. You likely forgot to export your component from the file it's defined in, or you might 
have mixed up default and named imports.
    at createFiberFromTypeAndProps 
(C:\Users\nwong\Documents\Projects\Group2SWE\SWEGroup2\node_modules\react-dom\cjs\react-dom.development.js:28478:17)
    at createFiberFromElement 
(C:\Users\nwong\Documents\Projects\Group2SWE\SWEGroup2\node_modules\react-dom\cjs\react-dom.development.js:28504:15)
    at reconcileSingleElement 
(C:\Users\nwong\Documents\Projects\Group2SWE\SWEGroup2\node_modules\react-dom\cjs\react-dom.development.js:13986:23)
    at reconcileChildFibers 
(C:\Users\nwong\Documents\Projects\Group2SWE\SWEGroup2\node_modules\react-dom\cjs\react-dom.development.js:14044:35)
    at reconcileChildren 
(C:\Users\nwong\Documents\Projects\Group2SWE\SWEGroup2\node_modules\react-dom\cjs\react-dom.development.js:19193:28)
    at updateHostRoot 
(C:\Users\nwong\Documents\Projects\Group2SWE\SWEGroup2\node_modules\react-dom\cjs\react-dom.development.js:19912:5)
    at beginWork 
(C:\Users\nwong\Documents\Projects\Group2SWE\SWEGroup2\node_modules\react-dom\cjs\react-dom.development.js:21654:14)
    at HTMLUnknownElement.callCallback 
(C:\Users\nwong\Documents\Projects\Group2SWE\SWEGroup2\node_modules\react-dom\cjs\react-dom.development.js:4164:14)
    at HTMLUnknownElement.callTheUserObjectsOperation (C:\Users\nwong\Documents\Projects\Group2SWE\SWEGroup2\node_modul
es\jsdom\lib\jsdom\living\generated\EventListener.js:26:30)
    at innerInvokeEventListeners (C:\Users\nwong\Documents\Projects\Group2SWE\SWEGroup2\node_modules\jsdom\lib\jsdom\li
ving\events\EventTarget-impl.js:350:25)
Error: Uncaught [Error: Element type is invalid: expected a string (for built-in components) or a class/function (for 
composite components) but got: undefined. You likely forgot to export your component from the file it's defined in, or 
you might have mixed up default and named imports.]
    at reportException (C:\Users\nwong\Documents\Projects\Group2SWE\SWEGroup2\node_modules\jsdom\lib\jsdom\living\helpe
rs\runtime-script-errors.js:66:24)
    at innerInvokeEventListeners (C:\Users\nwong\Documents\Projects\Group2SWE\SWEGroup2\node_modules\jsdom\lib\jsdom\li
ving\events\EventTarget-impl.js:353:9)
    at invokeEventListeners (C:\Users\nwong\Documents\Projects\Group2SWE\SWEGroup2\node_modules\jsdom\lib\jsdom\living\
events\EventTarget-impl.js:286:3)
    at HTMLUnknownElementImpl._dispatch (C:\Users\nwong\Documents\Projects\Group2SWE\SWEGroup2\node_modules\jsdom\lib\j
sdom\living\events\EventTarget-impl.js:233:9)
    at HTMLUnknownElementImpl.dispatchEvent (C:\Users\nwong\Documents\Projects\Group2SWE\SWEGroup2\node_modules\jsdom\l
ib\jsdom\living\events\EventTarget-impl.js:104:17)
    at HTMLUnknownElement.dispatchEvent (C:\Users\nwong\Documents\Projects\Group2SWE\SWEGroup2\node_modules\jsdom\lib\j
sdom\living\generated\EventTarget.js:241:34)
    at Object.invokeGuardedCallbackDev 
(C:\Users\nwong\Documents\Projects\Group2SWE\SWEGroup2\node_modules\react-dom\cjs\react-dom.development.js:4213:16)
    at invokeGuardedCallback 
(C:\Users\nwong\Documents\Projects\Group2SWE\SWEGroup2\node_modules\react-dom\cjs\react-dom.development.js:4277:31)
    at beginWork$1 
(C:\Users\nwong\Documents\Projects\Group2SWE\SWEGroup2\node_modules\react-dom\cjs\react-dom.development.js:27490:7)
    at performUnitOfWork 
(C:\Users\nwong\Documents\Projects\Group2SWE\SWEGroup2\node_modules\react-dom\cjs\react-dom.development.js:26599:12) 
Error: Element type is invalid: expected a string (for built-in components) or a class/function (for composite 
components) but got: undefined. You likely forgot to export your component from the file it's defined in, or you might 
have mixed up default and named imports.
    at createFiberFromTypeAndProps 
(C:\Users\nwong\Documents\Projects\Group2SWE\SWEGroup2\node_modules\react-dom\cjs\react-dom.development.js:28478:17)
    at createFiberFromElement 
(C:\Users\nwong\Documents\Projects\Group2SWE\SWEGroup2\node_modules\react-dom\cjs\react-dom.development.js:28504:15)
    at reconcileSingleElement 
(C:\Users\nwong\Documents\Projects\Group2SWE\SWEGroup2\node_modules\react-dom\cjs\react-dom.development.js:13986:23)
    at reconcileChildFibers 
(C:\Users\nwong\Documents\Projects\Group2SWE\SWEGroup2\node_modules\react-dom\cjs\react-dom.development.js:14044:35)
    at reconcileChildren 
(C:\Users\nwong\Documents\Projects\Group2SWE\SWEGroup2\node_modules\react-dom\cjs\react-dom.development.js:19193:28)
    at updateHostRoot 
(C:\Users\nwong\Documents\Projects\Group2SWE\SWEGroup2\node_modules\react-dom\cjs\react-dom.development.js:19912:5)
    at beginWork 
(C:\Users\nwong\Documents\Projects\Group2SWE\SWEGroup2\node_modules\react-dom\cjs\react-dom.development.js:21654:14)
    at HTMLUnknownElement.callCallback 
(C:\Users\nwong\Documents\Projects\Group2SWE\SWEGroup2\node_modules\react-dom\cjs\react-dom.development.js:4164:14)
    at HTMLUnknownElement.callTheUserObjectsOperation (C:\Users\nwong\Documents\Projects\Group2SWE\SWEGroup2\node_modul
es\jsdom\lib\jsdom\living\generated\EventListener.js:26:30)
    at innerInvokeEventListeners (C:\Users\nwong\Documents\Projects\Group2SWE\SWEGroup2\node_modules\jsdom\lib\jsdom\li
ving\events\EventTarget-impl.js:350:25)
[90mstderr[2m | src/components/__tests__/TileInfoCard.test.tsx[2m > [22m[2mTileInfoCard[2m > [22m[2mrenders 
the equipment name
[22m[39mWarning: React.jsx: type is invalid -- expected a string (for built-in components) or a class/function (for 
composite components) but got: undefined. You likely forgot to export your component from the file it's defined in, or 
you might have mixed up default and named imports.

Check your code at TileInfoCard.test.tsx:21.

[90mstderr[2m | src/components/__tests__/TileInfoCard.test.tsx[2m > [22m[2mTileInfoCard[2m > [22m[2mrenders 
the description
[22m[39mWarning: React.jsx: type is invalid -- expected a string (for built-in components) or a class/function (for 
composite components) but got: undefined. You likely forgot to export your component from the file it's defined in, or 
you might have mixed up default and named imports.

Check your code at TileInfoCard.test.tsx:26.

[90mstderr[2m | src/components/__tests__/TileInfoCard.test.tsx[2m > [22m[2mTileInfoCard[2m > [22m[2mrenders up 
to 3 benefits
[22m[39mWarning: React.jsx: type is invalid -- expected a string (for built-in components) or a class/function (for 
composite components) but got: undefined. You likely forgot to export your component from the file it's defined in, or 
you might have mixed up default and named imports.

Check your code at TileInfoCard.test.tsx:31.

[90mstderr[2m | src/components/__tests__/TileInfoCard.test.tsx[2m > [22m[2mTileInfoCard[2m > [22m[2mcalls 
onClose when close button is clicked
[22m[39mWarning: React.jsx: type is invalid -- expected a string (for built-in components) or a class/function (for 
composite components) but got: undefined. You likely forgot to export your component from the file it's defined in, or 
you might have mixed up default and named imports.

Check your code at TileInfoCard.test.tsx:37.

[90mstderr[2m | src/components/__tests__/TileInfoCard.test.tsx[2m > [22m[2mTileInfoCard[2m > [22m[2mstops 
propagation on click
[22m[39mWarning: React.jsx: type is invalid -- expected a string (for built-in components) or a class/function (for 
composite components) but got: undefined. You likely forgot to export your component from the file it's defined in, or 
you might have mixed up default and named imports.

Check your code at TileInfoCard.test.tsx:47.
The above error occurred in the <div> component:

    at div

Consider adding an error boundary to your tree to customize error handling behavior.
Visit https://reactjs.org/link/error-boundaries to learn more about error boundaries.

[90mstderr[2m | src/components/__tests__/TileInfoCard.test.tsx[2m > [22m[2mTileInfoCard[2m > [22m[2mpositions 
the card to the right of the tile
[22m[39mWarning: React.jsx: type is invalid -- expected a string (for built-in components) or a class/function (for 
composite components) but got: undefined. You likely forgot to export your component from the file it's defined in, or 
you might have mixed up default and named imports.

Check your code at TileInfoCard.test.tsx:57.

[90mstderr[2m | src/components/__tests__/TileInfoCard.test.tsx[2m > [22m[2mTileInfoCard[2m > [22m[2mclamps 
position to not exceed map bounds
[22m[39mWarning: React.jsx: type is invalid -- expected a string (for built-in components) or a class/function (for 
composite components) but got: undefined. You likely forgot to export your component from the file it's defined in, or 
you might have mixed up default and named imports.

Check your code at TileInfoCard.test.tsx:73.

[90mstderr[2m | src/components/__tests__/TileInfoCard.test.tsx[2m > [22m[2mTileInfoCard[2m > [22m[2mdoes not 
render description when not provided
[22m[39mWarning: React.jsx: type is invalid -- expected a string (for built-in components) or a class/function (for 
composite components) but got: undefined. You likely forgot to export your component from the file it's defined in, or 
you might have mixed up default and named imports.

Check your code at TileInfoCard.test.tsx:85.

[90mstderr[2m | src/components/__tests__/TileInfoCard.test.tsx[2m > [22m[2mTileInfoCard[2m > [22m[2mdoes not 
render benefits when not provided
[22m[39mWarning: React.jsx: type is invalid -- expected a string (for built-in components) or a class/function (for 
composite components) but got: undefined. You likely forgot to export your component from the file it's defined in, or 
you might have mixed up default and named imports.

Check your code at TileInfoCard.test.tsx:95.

[90mstderr[2m | src/components/__tests__/TileInfoCard.test.tsx[2m > [22m[2mTileInfoCard[2m > [22m[2mrenders 
the close button with aria-label
[22m[39mWarning: React.jsx: type is invalid -- expected a string (for built-in components) or a class/function (for 
composite components) but got: undefined. You likely forgot to export your component from the file it's defined in, or 
you might have mixed up default and named imports.

Check your code at TileInfoCard.test.tsx:100.

 [31mΓ¥»[39m src/components/__tests__/TileInfoCard.test.tsx [2m([22m[2m10 tests[22m[2m | [22m[31m10 failed[39m[2m)[22m[32m 59[2mms[22m[39m
[31m     [31m├ù[31m renders the equipment name[39m[32m 23[2mms[22m[39m
[31m     [31m├ù[31m renders the description[39m[32m 4[2mms[22m[39m
[31m     [31m├ù[31m renders up to 3 benefits[39m[32m 4[2mms[22m[39m
[31m     [31m├ù[31m calls onClose when close button is clicked[39m[32m 3[2mms[22m[39m
[31m     [31m├ù[31m stops propagation on click[39m[32m 7[2mms[22m[39m
[31m     [31m├ù[31m positions the card to the right of the tile[39m[32m 2[2mms[22m[39m
[31m     [31m├ù[31m clamps position to not exceed map bounds[39m[32m 4[2mms[22m[39m
[31m     [31m├ù[31m does not render description when not provided[39m[32m 3[2mms[22m[39m
[31m     [31m├ù[31m does not render benefits when not provided[39m[32m 3[2mms[22m[39m
[31m     [31m├ù[31m renders the close button with aria-label[39m[32m 2[2mms[22m[39m
[90mstdout[2m | src/components/__tests__/MachineModal.test.tsx[2m > [22m[2mMachineModal[2m > [22m[2mrenders the equipment name
[22m[39mTile data changed, updating modal state: {
  id: [33m1[39m,
  equipment: {
    name: [32m'Test Machine'[39m,
    description: [32m'Test description'[39m,
    musclesTargeted: [ [32m'Chest'[39m, [32m'Back'[39m ],
    benefits: [ [32m'Exercise A'[39m, [32m'Exercise B'[39m ]
  },
  xCoord: [33m20[39m,
  yCoord: [33m160[39m,
  width: [33m240[39m,
  height: [33m100[39m,
  rotation: [33m0[39m,
  colour: [32m'red'[39m
}

[90mstdout[2m | src/components/__tests__/MachineModal.test.tsx[2m > [22m[2mMachineModal[2m > [22m[2mrenders the description
[22m[39mTile data changed, updating modal state: {
  id: [33m1[39m,
  equipment: {
    name: [32m'Test Machine'[39m,
    description: [32m'Test description'[39m,
    musclesTargeted: [ [32m'Chest'[39m, [32m'Back'[39m ],
    benefits: [ [32m'Exercise A'[39m, [32m'Exercise B'[39m ]
  },
  xCoord: [33m20[39m,
  yCoord: [33m160[39m,
  width: [33m240[39m,
  height: [33m100[39m,
  rotation: [33m0[39m,
  colour: [32m'red'[39m
}

[90mstdout[2m | src/components/__tests__/MachineModal.test.tsx[2m > [22m[2mMachineModal[2m > [22m[2mrenders the muscles targeted
[22m[39mTile data changed, updating modal state: {
  id: [33m1[39m,
  equipment: {
    name: [32m'Test Machine'[39m,
    description: [32m'Test description'[39m,
    musclesTargeted: [ [32m'Chest'[39m, [32m'Back'[39m ],
    benefits: [ [32m'Exercise A'[39m, [32m'Exercise B'[39m ]
  },
  xCoord: [33m20[39m,
  yCoord: [33m160[39m,
  width: [33m240[39m,
  height: [33m100[39m,
  rotation: [33m0[39m,
  colour: [32m'red'[39m
}

[90mstdout[2m | src/components/__tests__/MachineModal.test.tsx[2m > [22m[2mMachineModal[2m > [22m[2mrenders the benefits/exercises
[22m[39mTile data changed, updating modal state: {
  id: [33m1[39m,
  equipment: {
    name: [32m'Test Machine'[39m,
    description: [32m'Test description'[39m,
    musclesTargeted: [ [32m'Chest'[39m, [32m'Back'[39m ],
    benefits: [ [32m'Exercise A'[39m, [32m'Exercise B'[39m ]
  },
  xCoord: [33m20[39m,
  yCoord: [33m160[39m,
  width: [33m240[39m,
  height: [33m100[39m,
  rotation: [33m0[39m,
  colour: [32m'red'[39m
}

Error: Uncaught [Error: [vitest] No "SearchMapPage" export is defined on the "../../pages" mock. Did you forget to 
return it from "vi.mock"?
If you need to partially mock a module, you can use "importOriginal" helper inside:
]
    at reportException (C:\Users\nwong\Documents\Projects\Group2SWE\SWEGroup2\node_modules\jsdom\lib\jsdom\living\helpe
rs\runtime-script-errors.js:66:24)
    at innerInvokeEventListeners (C:\Users\nwong\Documents\Projects\Group2SWE\SWEGroup2\node_modules\jsdom\lib\jsdom\li
ving\events\EventTarget-impl.js:353:9)
    at invokeEventListeners (C:\Users\nwong\Documents\Projects\Group2SWE\SWEGroup2\node_modules\jsdom\lib\jsdom\living\
events\EventTarget-impl.js:286:3)
    at HTMLUnknownElementImpl._dispatch (C:\Users\nwong\Documents\Projects\Group2SWE\SWEGroup2\node_modules\jsdom\lib\j
sdom\living\events\EventTarget-impl.js:233:9)
    at HTMLUnknownElementImpl.dispatchEvent (C:\Users\nwong\Documents\Projects\Group2SWE\SWEGroup2\node_modules\jsdom\l
ib\jsdom\living\events\EventTarget-impl.js:104:17)
    at HTMLUnknownElement.dispatchEvent (C:\Users\nwong\Documents\Projects\Group2SWE\SWEGroup2\node_modules\jsdom\lib\j
sdom\living\generated\EventTarget.js:241:34)
    at Object.invokeGuardedCallbackDev 
(C:\Users\nwong\Documents\Projects\Group2SWE\SWEGroup2\node_modules\react-dom\cjs\react-dom.development.js:4213:16)
    at invokeGuardedCallback 
(C:\Users\nwong\Documents\Projects\Group2SWE\SWEGroup2\node_modules\react-dom\cjs\react-dom.development.js:4277:31)
    at beginWork$1 
(C:\Users\nwong\Documents\Projects\Group2SWE\SWEGroup2\node_modules\react-dom\cjs\react-dom.development.js:27490:7)
    at performUnitOfWork 
(C:\Users\nwong\Documents\Projects\Group2SWE\SWEGroup2\node_modules\react-dom\cjs\react-dom.development.js:26599:12) 
Error: [vitest] No "SearchMapPage" export is defined on the "../../pages" mock. Did you forget to return it from 
"vi.mock"?
If you need to partially mock a module, you can use "importOriginal" helper inside:

    at VitestMocker.createError (file:///C:/Users/nwong/Documents/Projects/Group2SWE/SWEGroup2/node_modules/vitest/dist
/chunks/startModuleRunner.Iz2V0ESw.js:311:17)
    at Object.get (file:///C:/Users/nwong/Documents/Projects/Group2SWE/SWEGroup2/node_modules/vitest/dist/chunks/startM
oduleRunner.Iz2V0ESw.js:384:16)
    at App (C:/Users/nwong/Documents/Projects/Group2SWE/SWEGroup2/src/App.tsx:32:43)
    at renderWithHooks 
(C:\Users\nwong\Documents\Projects\Group2SWE\SWEGroup2\node_modules\react-dom\cjs\react-dom.development.js:15486:18)
    at mountIndeterminateComponent 
(C:\Users\nwong\Documents\Projects\Group2SWE\SWEGroup2\node_modules\react-dom\cjs\react-dom.development.js:20103:13)
    at beginWork 
(C:\Users\nwong\Documents\Projects\Group2SWE\SWEGroup2\node_modules\react-dom\cjs\react-dom.development.js:21626:16)
    at HTMLUnknownElement.callCallback 
(C:\Users\nwong\Documents\Projects\Group2SWE\SWEGroup2\node_modules\react-dom\cjs\react-dom.development.js:4164:14)
    at HTMLUnknownElement.callTheUserObjectsOperation (C:\Users\nwong\Documents\Projects\Group2SWE\SWEGroup2\node_modul
es\jsdom\lib\jsdom\living\generated\EventListener.js:26:30)
    at innerInvokeEventListeners (C:\Users\nwong\Documents\Projects\Group2SWE\SWEGroup2\node_modules\jsdom\lib\jsdom\li
ving\events\EventTarget-impl.js:350:25)
    at invokeEventListeners (C:\Users\nwong\Documents\Projects\Group2SWE\SWEGroup2\node_modules\jsdom\lib\jsdom\living\
events\EventTarget-impl.js:286:3) {
  codeFrame: 'vi.mock(import("../../pages"), async (importOriginal) => {\n' +
    '  const actual = await importOriginal()\n' +
    '  return {\n' +
    '    ...actual,\n' +
    '    // your mocked methods\n' +
    '  }\n' +
    '})'
}
[90mstdout[2m | src/components/__tests__/MachineModal.test.tsx[2m > [22m[2mMachineModal[2m > [22m[2mcalls onClose when backdrop is clicked
[22m[39mTile data changed, updating modal state: {
  id: [33m1[39m,
  equipment: {
    name: [32m'Test Machine'[39m,
    description: [32m'Test description'[39m,
    musclesTargeted: [ [32m'Chest'[39m, [32m'Back'[39m ],
    benefits: [ [32m'Exercise A'[39m, [32m'Exercise B'[39m ]
  },
  xCoord: [33m20[39m,
  yCoord: [33m160[39m,
  width: [33m240[39m,
  height: [33m100[39m,
  rotation: [33m0[39m,
  colour: [32m'red'[39m
}

Error: Uncaught [Error: [vitest] No "SearchMapPage" export is defined on the "../../pages" mock. Did you forget to 
return it from "vi.mock"?
If you need to partially mock a module, you can use "importOriginal" helper inside:
]
    at reportException (C:\Users\nwong\Documents\Projects\Group2SWE\SWEGroup2\node_modules\jsdom\lib\jsdom\living\helpe
rs\runtime-script-errors.js:66:24)
    at innerInvokeEventListeners (C:\Users\nwong\Documents\Projects\Group2SWE\SWEGroup2\node_modules\jsdom\lib\jsdom\li
ving\events\EventTarget-impl.js:353:9)
    at invokeEventListeners (C:\Users\nwong\Documents\Projects\Group2SWE\SWEGroup2\node_modules\jsdom\lib\jsdom\living\
events\EventTarget-impl.js:286:3)
    at HTMLUnknownElementImpl._dispatch (C:\Users\nwong\Documents\Projects\Group2SWE\SWEGroup2\node_modules\jsdom\lib\j
sdom\living\events\EventTarget-impl.js:233:9)
    at HTMLUnknownElementImpl.dispatchEvent (C:\Users\nwong\Documents\Projects\Group2SWE\SWEGroup2\node_modules\jsdom\l
ib\jsdom\living\events\EventTarget-impl.js:104:17)
    at HTMLUnknownElement.dispatchEvent (C:\Users\nwong\Documents\Projects\Group2SWE\SWEGroup2\node_modules\jsdom\lib\j
sdom\living\generated\EventTarget.js:241:34)
    at Object.invokeGuardedCallbackDev 
(C:\Users\nwong\Documents\Projects\Group2SWE\SWEGroup2\node_modules\react-dom\cjs\react-dom.development.js:4213:16)
    at invokeGuardedCallback 
(C:\Users\nwong\Documents\Projects\Group2SWE\SWEGroup2\node_modules\react-dom\cjs\react-dom.development.js:4277:31)
    at beginWork$1 
(C:\Users\nwong\Documents\Projects\Group2SWE\SWEGroup2\node_modules\react-dom\cjs\react-dom.development.js:27490:7)
    at performUnitOfWork 
(C:\Users\nwong\Documents\Projects\Group2SWE\SWEGroup2\node_modules\react-dom\cjs\react-dom.development.js:26599:12) 
Error: [vitest] No "SearchMapPage" export is defined on the "../../pages" mock. Did you forget to return it from 
"vi.mock"?
If you need to partially mock a module, you can use "importOriginal" helper inside:

    at VitestMocker.createError (file:///C:/Users/nwong/Documents/Projects/Group2SWE/SWEGroup2/node_modules/vitest/dist
/chunks/startModuleRunner.Iz2V0ESw.js:311:17)
    at Object.get (file:///C:/Users/nwong/Documents/Projects/Group2SWE/SWEGroup2/node_modules/vitest/dist/chunks/startM
oduleRunner.Iz2V0ESw.js:384:16)
    at App (C:/Users/nwong/Documents/Projects/Group2SWE/SWEGroup2/src/App.tsx:32:43)
    at renderWithHooks 
(C:\Users\nwong\Documents\Projects\Group2SWE\SWEGroup2\node_modules\react-dom\cjs\react-dom.development.js:15486:18)
    at mountIndeterminateComponent 
(C:\Users\nwong\Documents\Projects\Group2SWE\SWEGroup2\node_modules\react-dom\cjs\react-dom.development.js:20103:13)
    at beginWork 
(C:\Users\nwong\Documents\Projects\Group2SWE\SWEGroup2\node_modules\react-dom\cjs\react-dom.development.js:21626:16)
    at HTMLUnknownElement.callCallback 
(C:\Users\nwong\Documents\Projects\Group2SWE\SWEGroup2\node_modules\react-dom\cjs\react-dom.development.js:4164:14)
    at HTMLUnknownElement.callTheUserObjectsOperation (C:\Users\nwong\Documents\Projects\Group2SWE\SWEGroup2\node_modul
es\jsdom\lib\jsdom\living\generated\EventListener.js:26:30)
    at innerInvokeEventListeners (C:\Users\nwong\Documents\Projects\Group2SWE\SWEGroup2\node_modules\jsdom\lib\jsdom\li
ving\events\EventTarget-impl.js:350:25)
    at invokeEventListeners (C:\Users\nwong\Documents\Projects\Group2SWE\SWEGroup2\node_modules\jsdom\lib\jsdom\living\
events\EventTarget-impl.js:286:3) {
  codeFrame: 'vi.mock(import("../../pages"), async (importOriginal) => {\n' +
    '  const actual = await importOriginal()\n' +
    '  return {\n' +
    '    ...actual,\n' +
    '    // your mocked methods\n' +
    '  }\n' +
    '})'
}
[90mstderr[2m | src/pages/__tests__/App.test.tsx[2m > [22m[2mApp[2m > [22m[2mrenders HomePage at /
[22m[39mThe above error occurred in the <App> component:

    at App (C:/Users/nwong/Documents/Projects/Group2SWE/SWEGroup2/src/App.tsx:16:38)
    at Router (C:\Users\nwong\Documents\Projects\Group2SWE\SWEGroup2\node_modules\react-router\dist\development\chunk-A
MVS5XVJ.js:9131:13)
    at MemoryRouter (C:\Users\nwong\Documents\Projects\Group2SWE\SWEGroup2\node_modules\react-router\dist\development\c
hunk-AMVS5XVJ.js:9053:3)

Consider adding an error boundary to your tree to customize error handling behavior.
Visit https://reactjs.org/link/error-boundaries to learn more about error boundaries.

[90mstdout[2m | src/components/__tests__/MachineModal.test.tsx[2m > [22m[2mMachineModal[2m > [22m[2mdoes not call onClose when modal content is clicked
[22m[39mTile data changed, updating modal state: {
  id: [33m1[39m,
  equipment: {
    name: [32m'Test Machine'[39m,
    description: [32m'Test description'[39m,
    musclesTargeted: [ [32m'Chest'[39m, [32m'Back'[39m ],
    benefits: [ [32m'Exercise A'[39m, [32m'Exercise B'[39m ]
  },
  xCoord: [33m20[39m,
  yCoord: [33m160[39m,
  width: [33m240[39m,
  height: [33m100[39m,
  rotation: [33m0[39m,
  colour: [32m'red'[39m
}

Error: Uncaught [Error: [vitest] No "SearchMapPage" export is defined on the "../../pages" mock. Did you forget to 
return it from "vi.mock"?
If you need to partially mock a module, you can use "importOriginal" helper inside:
]
    at reportException (C:\Users\nwong\Documents\Projects\Group2SWE\SWEGroup2\node_modules\jsdom\lib\jsdom\living\helpe
rs\runtime-script-errors.js:66:24)
    at innerInvokeEventListeners (C:\Users\nwong\Documents\Projects\Group2SWE\SWEGroup2\node_modules\jsdom\lib\jsdom\li
ving\events\EventTarget-impl.js:353:9)
    at invokeEventListeners (C:\Users\nwong\Documents\Projects\Group2SWE\SWEGroup2\node_modules\jsdom\lib\jsdom\living\
events\EventTarget-impl.js:286:3)
    at HTMLUnknownElementImpl._dispatch (C:\Users\nwong\Documents\Projects\Group2SWE\SWEGroup2\node_modules\jsdom\lib\j
sdom\living\events\EventTarget-impl.js:233:9)
    at HTMLUnknownElementImpl.dispatchEvent (C:\Users\nwong\Documents\Projects\Group2SWE\SWEGroup2\node_modules\jsdom\l
ib\jsdom\living\events\EventTarget-impl.js:104:17)
    at HTMLUnknownElement.dispatchEvent (C:\Users\nwong\Documents\Projects\Group2SWE\SWEGroup2\node_modules\jsdom\lib\j
sdom\living\generated\EventTarget.js:241:34)
    at Object.invokeGuardedCallbackDev 
(C:\Users\nwong\Documents\Projects\Group2SWE\SWEGroup2\node_modules\react-dom\cjs\react-dom.development.js:4213:16)
    at invokeGuardedCallback 
(C:\Users\nwong\Documents\Projects\Group2SWE\SWEGroup2\node_modules\react-dom\cjs\react-dom.development.js:4277:31)
    at beginWork$1 
(C:\Users\nwong\Documents\Projects\Group2SWE\SWEGroup2\node_modules\react-dom\cjs\react-dom.development.js:27490:7)
    at performUnitOfWork 
(C:\Users\nwong\Documents\Projects\Group2SWE\SWEGroup2\node_modules\react-dom\cjs\react-dom.development.js:26599:12) 
Error: [vitest] No "SearchMapPage" export is defined on the "../../pages" mock. Did you forget to return it from 
"vi.mock"?
If you need to partially mock a module, you can use "importOriginal" helper inside:

    at VitestMocker.createError (file:///C:/Users/nwong/Documents/Projects/Group2SWE/SWEGroup2/node_modules/vitest/dist
/chunks/startModuleRunner.Iz2V0ESw.js:311:17)
    at Object.get (file:///C:/Users/nwong/Documents/Projects/Group2SWE/SWEGroup2/node_modules/vitest/dist/chunks/startM
oduleRunner.Iz2V0ESw.js:384:16)
    at App (C:/Users/nwong/Documents/Projects/Group2SWE/SWEGroup2/src/App.tsx:32:43)
    at renderWithHooks 
(C:\Users\nwong\Documents\Projects\Group2SWE\SWEGroup2\node_modules\react-dom\cjs\react-dom.development.js:15486:18)
    at mountIndeterminateComponent 
(C:\Users\nwong\Documents\Projects\Group2SWE\SWEGroup2\node_modules\react-dom\cjs\react-dom.development.js:20103:13)
    at beginWork 
(C:\Users\nwong\Documents\Projects\Group2SWE\SWEGroup2\node_modules\react-dom\cjs\react-dom.development.js:21626:16)
    at HTMLUnknownElement.callCallback 
(C:\Users\nwong\Documents\Projects\Group2SWE\SWEGroup2\node_modules\react-dom\cjs\react-dom.development.js:4164:14)
    at HTMLUnknownElement.callTheUserObjectsOperation (C:\Users\nwong\Documents\Projects\Group2SWE\SWEGroup2\node_modul
es\jsdom\lib\jsdom\living\generated\EventListener.js:26:30)
    at innerInvokeEventListeners (C:\Users\nwong\Documents\Projects\Group2SWE\SWEGroup2\node_modules\jsdom\lib\jsdom\li
ving\events\EventTarget-impl.js:350:25)
    at invokeEventListeners (C:\Users\nwong\Documents\Projects\Group2SWE\SWEGroup2\node_modules\jsdom\lib\jsdom\living\
events\EventTarget-impl.js:286:3) {
  codeFrame: 'vi.mock(import("../../pages"), async (importOriginal) => {\n' +
    '  const actual = await importOriginal()\n' +
    '  return {\n' +
    '    ...actual,\n' +
    '    // your mocked methods\n' +
    '  }\n' +
    '})'
}
Error: Uncaught [Error: [vitest] No "SearchMapPage" export is defined on the "../../pages" mock. Did you forget to 
return it from "vi.mock"?
If you need to partially mock a module, you can use "importOriginal" helper inside:
]
    at reportException (C:\Users\nwong\Documents\Projects\Group2SWE\SWEGroup2\node_modules\jsdom\lib\jsdom\living\helpe
rs\runtime-script-errors.js:66:24)
    at innerInvokeEventListeners (C:\Users\nwong\Documents\Projects\Group2SWE\SWEGroup2\node_modules\jsdom\lib\jsdom\li
ving\events\EventTarget-impl.js:353:9)
    at invokeEventListeners (C:\Users\nwong\Documents\Projects\Group2SWE\SWEGroup2\node_modules\jsdom\lib\jsdom\living\
events\EventTarget-impl.js:286:3)
    at HTMLUnknownElementImpl._dispatch (C:\Users\nwong\Documents\Projects\Group2SWE\SWEGroup2\node_modules\jsdom\lib\j
sdom\living\events\EventTarget-impl.js:233:9)
    at HTMLUnknownElementImpl.dispatchEvent (C:\Users\nwong\Documents\Projects\Group2SWE\SWEGroup2\node_modules\jsdom\l
ib\jsdom\living\events\EventTarget-impl.js:104:17)
    at HTMLUnknownElement.dispatchEvent (C:\Users\nwong\Documents\Projects\Group2SWE\SWEGroup2\node_modules\jsdom\lib\j
sdom\living\generated\EventTarget.js:241:34)
    at Object.invokeGuardedCallbackDev 
(C:\Users\nwong\Documents\Projects\Group2SWE\SWEGroup2\node_modules\react-dom\cjs\react-dom.development.js:4213:16)
    at invokeGuardedCallback 
(C:\Users\nwong\Documents\Projects\Group2SWE\SWEGroup2\node_modules\react-dom\cjs\react-dom.development.js:4277:31)
    at beginWork$1 
(C:\Users\nwong\Documents\Projects\Group2SWE\SWEGroup2\node_modules\react-dom\cjs\react-dom.development.js:27490:7)
    at performUnitOfWork 
(C:\Users\nwong\Documents\Projects\Group2SWE\SWEGroup2\node_modules\react-dom\cjs\react-dom.development.js:26599:12) 
Error: [vitest] No "SearchMapPage" export is defined on the "../../pages" mock. Did you forget to return it from 
"vi.mock"?
If you need to partially mock a module, you can use "importOriginal" helper inside:

    at VitestMocker.createError (file:///C:/Users/nwong/Documents/Projects/Group2SWE/SWEGroup2/node_modules/vitest/dist
/chunks/startModuleRunner.Iz2V0ESw.js:311:17)
    at Object.get (file:///C:/Users/nwong/Documents/Projects/Group2SWE/SWEGroup2/node_modules/vitest/dist/chunks/startM
oduleRunner.Iz2V0ESw.js:384:16)
    at App (C:/Users/nwong/Documents/Projects/Group2SWE/SWEGroup2/src/App.tsx:32:43)
    at renderWithHooks 
(C:\Users\nwong\Documents\Projects\Group2SWE\SWEGroup2\node_modules\react-dom\cjs\react-dom.development.js:15486:18)
    at mountIndeterminateComponent 
(C:\Users\nwong\Documents\Projects\Group2SWE\SWEGroup2\node_modules\react-dom\cjs\react-dom.development.js:20103:13)
    at beginWork 
(C:\Users\nwong\Documents\Projects\Group2SWE\SWEGroup2\node_modules\react-dom\cjs\react-dom.development.js:21626:16)
    at HTMLUnknownElement.callCallback 
(C:\Users\nwong\Documents\Projects\Group2SWE\SWEGroup2\node_modules\react-dom\cjs\react-dom.development.js:4164:14)
    at HTMLUnknownElement.callTheUserObjectsOperation (C:\Users\nwong\Documents\Projects\Group2SWE\SWEGroup2\node_modul
es\jsdom\lib\jsdom\living\generated\EventListener.js:26:30)
    at innerInvokeEventListeners (C:\Users\nwong\Documents\Projects\Group2SWE\SWEGroup2\node_modules\jsdom\lib\jsdom\li
ving\events\EventTarget-impl.js:350:25)
    at invokeEventListeners (C:\Users\nwong\Documents\Projects\Group2SWE\SWEGroup2\node_modules\jsdom\lib\jsdom\living\
events\EventTarget-impl.js:286:3) {
  codeFrame: 'vi.mock(import("../../pages"), async (importOriginal) => {\n' +
    '  const actual = await importOriginal()\n' +
    '  return {\n' +
    '    ...actual,\n' +
    '    // your mocked methods\n' +
    '  }\n' +
    '})'
}
[90mstderr[2m | src/pages/__tests__/App.test.tsx[2m > [22m[2mApp[2m > [22m[2mrenders MapPage at /map
[22m[39mThe above error occurred in the <App> component:

    at App (C:/Users/nwong/Documents/Projects/Group2SWE/SWEGroup2/src/App.tsx:16:38)
    at Router (C:\Users\nwong\Documents\Projects\Group2SWE\SWEGroup2\node_modules\react-router\dist\development\chunk-A
MVS5XVJ.js:9131:13)
    at MemoryRouter (C:\Users\nwong\Documents\Projects\Group2SWE\SWEGroup2\node_modules\react-router\dist\development\c
hunk-AMVS5XVJ.js:9053:3)

Consider adding an error boundary to your tree to customize error handling behavior.
Visit https://reactjs.org/link/error-boundaries to learn more about error boundaries.

[90mstdout[2m | src/components/__tests__/MachineModal.test.tsx[2m > [22m[2mMachineModal[2m > [22m[2mcalls onClose when close button is clicked
[22m[39mTile data changed, updating modal state: {
  id: [33m1[39m,
  equipment: {
    name: [32m'Test Machine'[39m,
    description: [32m'Test description'[39m,
    musclesTargeted: [ [32m'Chest'[39m, [32m'Back'[39m ],
    benefits: [ [32m'Exercise A'[39m, [32m'Exercise B'[39m ]
  },
  xCoord: [33m20[39m,
  yCoord: [33m160[39m,
  width: [33m240[39m,
  height: [33m100[39m,
  rotation: [33m0[39m,
  colour: [32m'red'[39m
}

Error: Uncaught [Error: Element type is invalid: expected a string (for built-in components) or a class/function (for 
composite components) but got: undefined. You likely forgot to export your component from the file it's defined in, or 
you might have mixed up default and named imports.]
    at reportException (C:\Users\nwong\Documents\Projects\Group2SWE\SWEGroup2\node_modules\jsdom\lib\jsdom\living\helpe
rs\runtime-script-errors.js:66:24)
    at innerInvokeEventListeners (C:\Users\nwong\Documents\Projects\Group2SWE\SWEGroup2\node_modules\jsdom\lib\jsdom\li
ving\events\EventTarget-impl.js:353:9)
    at invokeEventListeners (C:\Users\nwong\Documents\Projects\Group2SWE\SWEGroup2\node_modules\jsdom\lib\jsdom\living\
events\EventTarget-impl.js:286:3)
    at HTMLUnknownElementImpl._dispatch (C:\Users\nwong\Documents\Projects\Group2SWE\SWEGroup2\node_modules\jsdom\lib\j
sdom\living\events\EventTarget-impl.js:233:9)
    at HTMLUnknownElementImpl.dispatchEvent (C:\Users\nwong\Documents\Projects\Group2SWE\SWEGroup2\node_modules\jsdom\l
ib\jsdom\living\events\EventTarget-impl.js:104:17)
    at HTMLUnknownElement.dispatchEvent (C:\Users\nwong\Documents\Projects\Group2SWE\SWEGroup2\node_modules\jsdom\lib\j
sdom\living\generated\EventTarget.js:241:34)
    at Object.invokeGuardedCallbackDev 
(C:\Users\nwong\Documents\Projects\Group2SWE\SWEGroup2\node_modules\react-dom\cjs\react-dom.development.js:4213:16)
    at invokeGuardedCallback 
(C:\Users\nwong\Documents\Projects\Group2SWE\SWEGroup2\node_modules\react-dom\cjs\react-dom.development.js:4277:31)
    at beginWork$1 
(C:\Users\nwong\Documents\Projects\Group2SWE\SWEGroup2\node_modules\react-dom\cjs\react-dom.development.js:27490:7)
    at performUnitOfWork 
(C:\Users\nwong\Documents\Projects\Group2SWE\SWEGroup2\node_modules\react-dom\cjs\react-dom.development.js:26599:12) 
Error: Element type is invalid: expected a string (for built-in components) or a class/function (for composite 
components) but got: undefined. You likely forgot to export your component from the file it's defined in, or you might 
have mixed up default and named imports.
    at createFiberFromTypeAndProps 
(C:\Users\nwong\Documents\Projects\Group2SWE\SWEGroup2\node_modules\react-dom\cjs\react-dom.development.js:28478:17)
    at createFiberFromElement 
(C:\Users\nwong\Documents\Projects\Group2SWE\SWEGroup2\node_modules\react-dom\cjs\react-dom.development.js:28504:15)
    at reconcileSingleElement 
(C:\Users\nwong\Documents\Projects\Group2SWE\SWEGroup2\node_modules\react-dom\cjs\react-dom.development.js:13986:23)
    at reconcileChildFibers 
(C:\Users\nwong\Documents\Projects\Group2SWE\SWEGroup2\node_modules\react-dom\cjs\react-dom.development.js:14044:35)
    at reconcileChildren 
(C:\Users\nwong\Documents\Projects\Group2SWE\SWEGroup2\node_modules\react-dom\cjs\react-dom.development.js:19193:28)
    at updateHostRoot 
(C:\Users\nwong\Documents\Projects\Group2SWE\SWEGroup2\node_modules\react-dom\cjs\react-dom.development.js:19912:5)
    at beginWork 
(C:\Users\nwong\Documents\Projects\Group2SWE\SWEGroup2\node_modules\react-dom\cjs\react-dom.development.js:21654:14)
    at HTMLUnknownElement.callCallback 
(C:\Users\nwong\Documents\Projects\Group2SWE\SWEGroup2\node_modules\react-dom\cjs\react-dom.development.js:4164:14)
    at HTMLUnknownElement.callTheUserObjectsOperation (C:\Users\nwong\Documents\Projects\Group2SWE\SWEGroup2\node_modul
es\jsdom\lib\jsdom\living\generated\EventListener.js:26:30)
    at innerInvokeEventListeners (C:\Users\nwong\Documents\Projects\Group2SWE\SWEGroup2\node_modules\jsdom\lib\jsdom\li
ving\events\EventTarget-impl.js:350:25)
Error: Uncaught [Error: Element type is invalid: expected a string (for built-in components) or a class/function (for 
composite components) but got: undefined. You likely forgot to export your component from the file it's defined in, or 
you might have mixed up default and named imports.]
    at reportException (C:\Users\nwong\Documents\Projects\Group2SWE\SWEGroup2\node_modules\jsdom\lib\jsdom\living\helpe
rs\runtime-script-errors.js:66:24)
    at innerInvokeEventListeners (C:\Users\nwong\Documents\Projects\Group2SWE\SWEGroup2\node_modules\jsdom\lib\jsdom\li
ving\events\EventTarget-impl.js:353:9)
    at invokeEventListeners (C:\Users\nwong\Documents\Projects\Group2SWE\SWEGroup2\node_modules\jsdom\lib\jsdom\living\
events\EventTarget-impl.js:286:3)
    at HTMLUnknownElementImpl._dispatch (C:\Users\nwong\Documents\Projects\Group2SWE\SWEGroup2\node_modules\jsdom\lib\j
sdom\living\events\EventTarget-impl.js:233:9)
    at HTMLUnknownElementImpl.dispatchEvent (C:\Users\nwong\Documents\Projects\Group2SWE\SWEGroup2\node_modules\jsdom\l
ib\jsdom\living\events\EventTarget-impl.js:104:17)
    at HTMLUnknownElement.dispatchEvent (C:\Users\nwong\Documents\Projects\Group2SWE\SWEGroup2\node_modules\jsdom\lib\j
sdom\living\generated\EventTarget.js:241:34)
    at Object.invokeGuardedCallbackDev 
(C:\Users\nwong\Documents\Projects\Group2SWE\SWEGroup2\node_modules\react-dom\cjs\react-dom.development.js:4213:16)
    at invokeGuardedCallback 
(C:\Users\nwong\Documents\Projects\Group2SWE\SWEGroup2\node_modules\react-dom\cjs\react-dom.development.js:4277:31)
    at beginWork$1 
(C:\Users\nwong\Documents\Projects\Group2SWE\SWEGroup2\node_modules\react-dom\cjs\react-dom.development.js:27490:7)
    at performUnitOfWork 
(C:\Users\nwong\Documents\Projects\Group2SWE\SWEGroup2\node_modules\react-dom\cjs\react-dom.development.js:26599:12) 
Error: Element type is invalid: expected a string (for built-in components) or a class/function (for composite 
components) but got: undefined. You likely forgot to export your component from the file it's defined in, or you might 
have mixed up default and named imports.
    at createFiberFromTypeAndProps 
(C:\Users\nwong\Documents\Projects\Group2SWE\SWEGroup2\node_modules\react-dom\cjs\react-dom.development.js:28478:17)
    at createFiberFromElement 
(C:\Users\nwong\Documents\Projects\Group2SWE\SWEGroup2\node_modules\react-dom\cjs\react-dom.development.js:28504:15)
    at reconcileSingleElement 
(C:\Users\nwong\Documents\Projects\Group2SWE\SWEGroup2\node_modules\react-dom\cjs\react-dom.development.js:13986:23)
    at reconcileChildFibers 
(C:\Users\nwong\Documents\Projects\Group2SWE\SWEGroup2\node_modules\react-dom\cjs\react-dom.development.js:14044:35)
    at reconcileChildren 
(C:\Users\nwong\Documents\Projects\Group2SWE\SWEGroup2\node_modules\react-dom\cjs\react-dom.development.js:19193:28)
    at updateHostRoot 
(C:\Users\nwong\Documents\Projects\Group2SWE\SWEGroup2\node_modules\react-dom\cjs\react-dom.development.js:19912:5)
    at beginWork 
(C:\Users\nwong\Documents\Projects\Group2SWE\SWEGroup2\node_modules\react-dom\cjs\react-dom.development.js:21654:14)
    at HTMLUnknownElement.callCallback 
(C:\Users\nwong\Documents\Projects\Group2SWE\SWEGroup2\node_modules\react-dom\cjs\react-dom.development.js:4164:14)
    at HTMLUnknownElement.callTheUserObjectsOperation (C:\Users\nwong\Documents\Projects\Group2SWE\SWEGroup2\node_modul
es\jsdom\lib\jsdom\living\generated\EventListener.js:26:30)
    at innerInvokeEventListeners (C:\Users\nwong\Documents\Projects\Group2SWE\SWEGroup2\node_modules\jsdom\lib\jsdom\li
ving\events\EventTarget-impl.js:350:25)
[90mstderr[2m | src/components/__tests__/LogOutButton.test.tsx[2m > [22m[2mLogoutButton[2m > [22m[2mrenders 
logout button when logged in
[22m[39mWarning: React.jsx: type is invalid -- expected a string (for built-in components) or a class/function (for 
composite components) but got: undefined. You likely forgot to export your component from the file it's defined in, or 
you might have mixed up default and named imports.

Check your code at LogOutButton.test.tsx:61.

[90mstderr[2m | src/components/__tests__/ProfileButton.test.tsx[2m > [22m[2mProfileButton[2m > [22m[2mrenders 
the profile button
[22m[39mWarning: React.jsx: type is invalid -- expected a string (for built-in components) or a class/function (for 
composite components) but got: undefined. You likely forgot to export your component from the file it's defined in, or 
you might have mixed up default and named imports.

Check your code at ProfileButton.test.tsx:60.

[90mstdout[2m | src/components/__tests__/MachineModal.test.tsx[2m > [22m[2mMachineModal[2m > [22m[2muses fixed position by default
[22m[39mTile data changed, updating modal state: {
  id: [33m1[39m,
  equipment: {
    name: [32m'Test Machine'[39m,
    description: [32m'Test description'[39m,
    musclesTargeted: [ [32m'Chest'[39m, [32m'Back'[39m ],
    benefits: [ [32m'Exercise A'[39m, [32m'Exercise B'[39m ]
  },
  xCoord: [33m20[39m,
  yCoord: [33m160[39m,
  width: [33m240[39m,
  height: [33m100[39m,
  rotation: [33m0[39m,
  colour: [32m'red'[39m
}

Error: Uncaught [Error: [vitest] No "SearchMapPage" export is defined on the "../../pages" mock. Did you forget to 
return it from "vi.mock"?
If you need to partially mock a module, you can use "importOriginal" helper inside:
]
    at reportException (C:\Users\nwong\Documents\Projects\Group2SWE\SWEGroup2\node_modules\jsdom\lib\jsdom\living\helpe
rs\runtime-script-errors.js:66:24)
    at innerInvokeEventListeners (C:\Users\nwong\Documents\Projects\Group2SWE\SWEGroup2\node_modules\jsdom\lib\jsdom\li
ving\events\EventTarget-impl.js:353:9)
    at invokeEventListeners (C:\Users\nwong\Documents\Projects\Group2SWE\SWEGroup2\node_modules\jsdom\lib\jsdom\living\
events\EventTarget-impl.js:286:3)
    at HTMLUnknownElementImpl._dispatch (C:\Users\nwong\Documents\Projects\Group2SWE\SWEGroup2\node_modules\jsdom\lib\j
sdom\living\events\EventTarget-impl.js:233:9)
    at HTMLUnknownElementImpl.dispatchEvent (C:\Users\nwong\Documents\Projects\Group2SWE\SWEGroup2\node_modules\jsdom\l
ib\jsdom\living\events\EventTarget-impl.js:104:17)
    at HTMLUnknownElement.dispatchEvent (C:\Users\nwong\Documents\Projects\Group2SWE\SWEGroup2\node_modules\jsdom\lib\j
sdom\living\generated\EventTarget.js:241:34)
    at Object.invokeGuardedCallbackDev 
(C:\Users\nwong\Documents\Projects\Group2SWE\SWEGroup2\node_modules\react-dom\cjs\react-dom.development.js:4213:16)
    at invokeGuardedCallback 
(C:\Users\nwong\Documents\Projects\Group2SWE\SWEGroup2\node_modules\react-dom\cjs\react-dom.development.js:4277:31)
    at beginWork$1 
(C:\Users\nwong\Documents\Projects\Group2SWE\SWEGroup2\node_modules\react-dom\cjs\react-dom.development.js:27490:7)
    at performUnitOfWork 
(C:\Users\nwong\Documents\Projects\Group2SWE\SWEGroup2\node_modules\react-dom\cjs\react-dom.development.js:26599:12) 
Error: [vitest] No "SearchMapPage" export is defined on the "../../pages" mock. Did you forget to return it from 
"vi.mock"?
If you need to partially mock a module, you can use "importOriginal" helper inside:

    at VitestMocker.createError (file:///C:/Users/nwong/Documents/Projects/Group2SWE/SWEGroup2/node_modules/vitest/dist
/chunks/startModuleRunner.Iz2V0ESw.js:311:17)
    at Object.get (file:///C:/Users/nwong/Documents/Projects/Group2SWE/SWEGroup2/node_modules/vitest/dist/chunks/startM
oduleRunner.Iz2V0ESw.js:384:16)
    at App (C:/Users/nwong/Documents/Projects/Group2SWE/SWEGroup2/src/App.tsx:32:43)
    at renderWithHooks 
(C:\Users\nwong\Documents\Projects\Group2SWE\SWEGroup2\node_modules\react-dom\cjs\react-dom.development.js:15486:18)
    at mountIndeterminateComponent 
(C:\Users\nwong\Documents\Projects\Group2SWE\SWEGroup2\node_modules\react-dom\cjs\react-dom.development.js:20103:13)
    at beginWork 
(C:\Users\nwong\Documents\Projects\Group2SWE\SWEGroup2\node_modules\react-dom\cjs\react-dom.development.js:21626:16)
    at HTMLUnknownElement.callCallback 
(C:\Users\nwong\Documents\Projects\Group2SWE\SWEGroup2\node_modules\react-dom\cjs\react-dom.development.js:4164:14)
    at HTMLUnknownElement.callTheUserObjectsOperation (C:\Users\nwong\Documents\Projects\Group2SWE\SWEGroup2\node_modul
es\jsdom\lib\jsdom\living\generated\EventListener.js:26:30)
    at innerInvokeEventListeners (C:\Users\nwong\Documents\Projects\Group2SWE\SWEGroup2\node_modules\jsdom\lib\jsdom\li
ving\events\EventTarget-impl.js:350:25)
    at invokeEventListeners (C:\Users\nwong\Documents\Projects\Group2SWE\SWEGroup2\node_modules\jsdom\lib\jsdom\living\
events\EventTarget-impl.js:286:3) {
  codeFrame: 'vi.mock(import("../../pages"), async (importOriginal) => {\n' +
    '  const actual = await importOriginal()\n' +
    '  return {\n' +
    '    ...actual,\n' +
    '    // your mocked methods\n' +
    '  }\n' +
    '})'
}
Error: Uncaught [Error: [vitest] No "SearchMapPage" export is defined on the "../../pages" mock. Did you forget to 
return it from "vi.mock"?
If you need to partially mock a module, you can use "importOriginal" helper inside:
]
    at reportException (C:\Users\nwong\Documents\Projects\Group2SWE\SWEGroup2\node_modules\jsdom\lib\jsdom\living\helpe
rs\runtime-script-errors.js:66:24)
    at innerInvokeEventListeners (C:\Users\nwong\Documents\Projects\Group2SWE\SWEGroup2\node_modules\jsdom\lib\jsdom\li
ving\events\EventTarget-impl.js:353:9)
    at invokeEventListeners (C:\Users\nwong\Documents\Projects\Group2SWE\SWEGroup2\node_modules\jsdom\lib\jsdom\living\
events\EventTarget-impl.js:286:3)
    at HTMLUnknownElementImpl._dispatch (C:\Users\nwong\Documents\Projects\Group2SWE\SWEGroup2\node_modules\jsdom\lib\j
sdom\living\events\EventTarget-impl.js:233:9)
    at HTMLUnknownElementImpl.dispatchEvent (C:\Users\nwong\Documents\Projects\Group2SWE\SWEGroup2\node_modules\jsdom\l
ib\jsdom\living\events\EventTarget-impl.js:104:17)
    at HTMLUnknownElement.dispatchEvent (C:\Users\nwong\Documents\Projects\Group2SWE\SWEGroup2\node_modules\jsdom\lib\j
sdom\living\generated\EventTarget.js:241:34)
    at Object.invokeGuardedCallbackDev 
(C:\Users\nwong\Documents\Projects\Group2SWE\SWEGroup2\node_modules\react-dom\cjs\react-dom.development.js:4213:16)
    at invokeGuardedCallback 
(C:\Users\nwong\Documents\Projects\Group2SWE\SWEGroup2\node_modules\react-dom\cjs\react-dom.development.js:4277:31)
    at beginWork$1 
(C:\Users\nwong\Documents\Projects\Group2SWE\SWEGroup2\node_modules\react-dom\cjs\react-dom.development.js:27490:7)
    at performUnitOfWork 
(C:\Users\nwong\Documents\Projects\Group2SWE\SWEGroup2\node_modules\react-dom\cjs\react-dom.development.js:26599:12) 
Error: [vitest] No "SearchMapPage" export is defined on the "../../pages" mock. Did you forget to return it from 
"vi.mock"?
If you need to partially mock a module, you can use "importOriginal" helper inside:

    at VitestMocker.createError (file:///C:/Users/nwong/Documents/Projects/Group2SWE/SWEGroup2/node_modules/vitest/dist
/chunks/startModuleRunner.Iz2V0ESw.js:311:17)
    at Object.get (file:///C:/Users/nwong/Documents/Projects/Group2SWE/SWEGroup2/node_modules/vitest/dist/chunks/startM
oduleRunner.Iz2V0ESw.js:384:16)
    at App (C:/Users/nwong/Documents/Projects/Group2SWE/SWEGroup2/src/App.tsx:32:43)
    at renderWithHooks 
(C:\Users\nwong\Documents\Projects\Group2SWE\SWEGroup2\node_modules\react-dom\cjs\react-dom.development.js:15486:18)
    at mountIndeterminateComponent 
(C:\Users\nwong\Documents\Projects\Group2SWE\SWEGroup2\node_modules\react-dom\cjs\react-dom.development.js:20103:13)
    at beginWork 
(C:\Users\nwong\Documents\Projects\Group2SWE\SWEGroup2\node_modules\react-dom\cjs\react-dom.development.js:21626:16)
    at HTMLUnknownElement.callCallback 
(C:\Users\nwong\Documents\Projects\Group2SWE\SWEGroup2\node_modules\react-dom\cjs\react-dom.development.js:4164:14)
    at HTMLUnknownElement.callTheUserObjectsOperation (C:\Users\nwong\Documents\Projects\Group2SWE\SWEGroup2\node_modul
es\jsdom\lib\jsdom\living\generated\EventListener.js:26:30)
    at innerInvokeEventListeners (C:\Users\nwong\Documents\Projects\Group2SWE\SWEGroup2\node_modules\jsdom\lib\jsdom\li
ving\events\EventTarget-impl.js:350:25)
    at invokeEventListeners (C:\Users\nwong\Documents\Projects\Group2SWE\SWEGroup2\node_modules\jsdom\lib\jsdom\living\
events\EventTarget-impl.js:286:3) {
  codeFrame: 'vi.mock(import("../../pages"), async (importOriginal) => {\n' +
    '  const actual = await importOriginal()\n' +
    '  return {\n' +
    '    ...actual,\n' +
    '    // your mocked methods\n' +
    '  }\n' +
    '})'
}
[90mstderr[2m | src/pages/__tests__/App.test.tsx[2m > [22m[2mApp[2m > [22m[2mrenders EditMapPage at /map/edit
[22m[39mThe above error occurred in the <App> component:

    at App (C:/Users/nwong/Documents/Projects/Group2SWE/SWEGroup2/src/App.tsx:16:38)
    at Router (C:\Users\nwong\Documents\Projects\Group2SWE\SWEGroup2\node_modules\react-router\dist\development\chunk-A
MVS5XVJ.js:9131:13)
    at MemoryRouter (C:\Users\nwong\Documents\Projects\Group2SWE\SWEGroup2\node_modules\react-router\dist\development\c
hunk-AMVS5XVJ.js:9053:3)

Consider adding an error boundary to your tree to customize error handling behavior.
Visit https://reactjs.org/link/error-boundaries to learn more about error boundaries.

Error: Uncaught [Error: Element type is invalid: expected a string (for built-in components) or a class/function (for 
composite components) but got: undefined. You likely forgot to export your component from the file it's defined in, or 
you might have mixed up default and named imports.]
    at reportException (C:\Users\nwong\Documents\Projects\Group2SWE\SWEGroup2\node_modules\jsdom\lib\jsdom\living\helpe
rs\runtime-script-errors.js:66:24)
    at innerInvokeEventListeners (C:\Users\nwong\Documents\Projects\Group2SWE\SWEGroup2\node_modules\jsdom\lib\jsdom\li
ving\events\EventTarget-impl.js:353:9)
    at invokeEventListeners (C:\Users\nwong\Documents\Projects\Group2SWE\SWEGroup2\node_modules\jsdom\lib\jsdom\living\
events\EventTarget-impl.js:286:3)
    at HTMLUnknownElementImpl._dispatch (C:\Users\nwong\Documents\Projects\Group2SWE\SWEGroup2\node_modules\jsdom\lib\j
sdom\living\events\EventTarget-impl.js:233:9)
    at HTMLUnknownElementImpl.dispatchEvent (C:\Users\nwong\Documents\Projects\Group2SWE\SWEGroup2\node_modules\jsdom\l
ib\jsdom\living\events\EventTarget-impl.js:104:17)
    at HTMLUnknownElement.dispatchEvent (C:\Users\nwong\Documents\Projects\Group2SWE\SWEGroup2\node_modules\jsdom\lib\j
sdom\living\generated\EventTarget.js:241:34)
    at Object.invokeGuardedCallbackDev 
(C:\Users\nwong\Documents\Projects\Group2SWE\SWEGroup2\node_modules\react-dom\cjs\react-dom.development.js:4213:16)
    at invokeGuardedCallback 
(C:\Users\nwong\Documents\Projects\Group2SWE\SWEGroup2\node_modules\react-dom\cjs\react-dom.development.js:4277:31)
    at beginWork$1 
(C:\Users\nwong\Documents\Projects\Group2SWE\SWEGroup2\node_modules\react-dom\cjs\react-dom.development.js:27490:7)
    at performUnitOfWork 
(C:\Users\nwong\Documents\Projects\Group2SWE\SWEGroup2\node_modules\react-dom\cjs\react-dom.development.js:26599:12) 
Error: Element type is invalid: expected a string (for built-in components) or a class/function (for composite 
components) but got: undefined. You likely forgot to export your component from the file it's defined in, or you might 
have mixed up default and named imports.
    at createFiberFromTypeAndProps 
(C:\Users\nwong\Documents\Projects\Group2SWE\SWEGroup2\node_modules\react-dom\cjs\react-dom.development.js:28478:17)
    at createFiberFromElement 
(C:\Users\nwong\Documents\Projects\Group2SWE\SWEGroup2\node_modules\react-dom\cjs\react-dom.development.js:28504:15)
    at reconcileSingleElement 
(C:\Users\nwong\Documents\Projects\Group2SWE\SWEGroup2\node_modules\react-dom\cjs\react-dom.development.js:13986:23)
    at reconcileChildFibers 
(C:\Users\nwong\Documents\Projects\Group2SWE\SWEGroup2\node_modules\react-dom\cjs\react-dom.development.js:14044:35)
    at reconcileChildren 
(C:\Users\nwong\Documents\Projects\Group2SWE\SWEGroup2\node_modules\react-dom\cjs\react-dom.development.js:19193:28)
    at updateHostRoot 
(C:\Users\nwong\Documents\Projects\Group2SWE\SWEGroup2\node_modules\react-dom\cjs\react-dom.development.js:19912:5)
    at beginWork 
(C:\Users\nwong\Documents\Projects\Group2SWE\SWEGroup2\node_modules\react-dom\cjs\react-dom.development.js:21654:14)
    at HTMLUnknownElement.callCallback 
(C:\Users\nwong\Documents\Projects\Group2SWE\SWEGroup2\node_modules\react-dom\cjs\react-dom.development.js:4164:14)
    at HTMLUnknownElement.callTheUserObjectsOperation (C:\Users\nwong\Documents\Projects\Group2SWE\SWEGroup2\node_modul
es\jsdom\lib\jsdom\living\generated\EventListener.js:26:30)
    at innerInvokeEventListeners (C:\Users\nwong\Documents\Projects\Group2SWE\SWEGroup2\node_modules\jsdom\lib\jsdom\li
ving\events\EventTarget-impl.js:350:25)
[90mstderr[2m | src/components/__tests__/LogOutButton.test.tsx[2m > [22m[2mLogoutButton[2m > [22m[2mrenders 
logout icon
[22m[39mWarning: React.jsx: type is invalid -- expected a string (for built-in components) or a class/function (for 
composite components) but got: undefined. You likely forgot to export your component from the file it's defined in, or 
you might have mixed up default and named imports.

Check your code at LogOutButton.test.tsx:67.

Error: Uncaught [Error: Element type is invalid: expected a string (for built-in components) or a class/function (for 
composite components) but got: undefined. You likely forgot to export your component from the file it's defined in, or 
you might have mixed up default and named imports.]
    at reportException (C:\Users\nwong\Documents\Projects\Group2SWE\SWEGroup2\node_modules\jsdom\lib\jsdom\living\helpe
rs\runtime-script-errors.js:66:24)
    at innerInvokeEventListeners (C:\Users\nwong\Documents\Projects\Group2SWE\SWEGroup2\node_modules\jsdom\lib\jsdom\li
ving\events\EventTarget-impl.js:353:9)
    at invokeEventListeners (C:\Users\nwong\Documents\Projects\Group2SWE\SWEGroup2\node_modules\jsdom\lib\jsdom\living\
events\EventTarget-impl.js:286:3)
    at HTMLUnknownElementImpl._dispatch (C:\Users\nwong\Documents\Projects\Group2SWE\SWEGroup2\node_modules\jsdom\lib\j
sdom\living\events\EventTarget-impl.js:233:9)
    at HTMLUnknownElementImpl.dispatchEvent (C:\Users\nwong\Documents\Projects\Group2SWE\SWEGroup2\node_modules\jsdom\l
ib\jsdom\living\events\EventTarget-impl.js:104:17)
    at HTMLUnknownElement.dispatchEvent (C:\Users\nwong\Documents\Projects\Group2SWE\SWEGroup2\node_modules\jsdom\lib\j
sdom\living\generated\EventTarget.js:241:34)
    at Object.invokeGuardedCallbackDev 
(C:\Users\nwong\Documents\Projects\Group2SWE\SWEGroup2\node_modules\react-dom\cjs\react-dom.development.js:4213:16)
    at invokeGuardedCallback 
(C:\Users\nwong\Documents\Projects\Group2SWE\SWEGroup2\node_modules\react-dom\cjs\react-dom.development.js:4277:31)
    at beginWork$1 
(C:\Users\nwong\Documents\Projects\Group2SWE\SWEGroup2\node_modules\react-dom\cjs\react-dom.development.js:27490:7)
    at performUnitOfWork 
(C:\Users\nwong\Documents\Projects\Group2SWE\SWEGroup2\node_modules\react-dom\cjs\react-dom.development.js:26599:12) 
Error: Element type is invalid: expected a string (for built-in components) or a class/function (for composite 
components) but got: undefined. You likely forgot to export your component from the file it's defined in, or you might 
have mixed up default and named imports.
    at createFiberFromTypeAndProps 
(C:\Users\nwong\Documents\Projects\Group2SWE\SWEGroup2\node_modules\react-dom\cjs\react-dom.development.js:28478:17)
    at createFiberFromElement 
(C:\Users\nwong\Documents\Projects\Group2SWE\SWEGroup2\node_modules\react-dom\cjs\react-dom.development.js:28504:15)
    at reconcileSingleElement 
(C:\Users\nwong\Documents\Projects\Group2SWE\SWEGroup2\node_modules\react-dom\cjs\react-dom.development.js:13986:23)
    at reconcileChildFibers 
(C:\Users\nwong\Documents\Projects\Group2SWE\SWEGroup2\node_modules\react-dom\cjs\react-dom.development.js:14044:35)
    at reconcileChildren 
(C:\Users\nwong\Documents\Projects\Group2SWE\SWEGroup2\node_modules\react-dom\cjs\react-dom.development.js:19193:28)
    at updateHostRoot 
(C:\Users\nwong\Documents\Projects\Group2SWE\SWEGroup2\node_modules\react-dom\cjs\react-dom.development.js:19912:5)
    at beginWork 
(C:\Users\nwong\Documents\Projects\Group2SWE\SWEGroup2\node_modules\react-dom\cjs\react-dom.development.js:21654:14)
    at HTMLUnknownElement.callCallback 
(C:\Users\nwong\Documents\Projects\Group2SWE\SWEGroup2\node_modules\react-dom\cjs\react-dom.development.js:4164:14)
    at HTMLUnknownElement.callTheUserObjectsOperation (C:\Users\nwong\Documents\Projects\Group2SWE\SWEGroup2\node_modul
es\jsdom\lib\jsdom\living\generated\EventListener.js:26:30)
    at innerInvokeEventListeners (C:\Users\nwong\Documents\Projects\Group2SWE\SWEGroup2\node_modules\jsdom\lib\jsdom\li
ving\events\EventTarget-impl.js:350:25)
[90mstderr[2m | src/components/__tests__/ProfileButton.test.tsx[2m > [22m[2mProfileButton[2m > [22m[2mrenders 
the profile icon
[22m[39mWarning: React.jsx: type is invalid -- expected a string (for built-in components) or a class/function (for 
composite components) but got: undefined. You likely forgot to export your component from the file it's defined in, or 
you might have mixed up default and named imports.

Check your code at ProfileButton.test.tsx:66.

Error: Uncaught [Error: [vitest] No "SearchMapPage" export is defined on the "../../pages" mock. Did you forget to 
return it from "vi.mock"?
If you need to partially mock a module, you can use "importOriginal" helper inside:
]
    at reportException (C:\Users\nwong\Documents\Projects\Group2SWE\SWEGroup2\node_modules\jsdom\lib\jsdom\living\helpe
rs\runtime-script-errors.js:66:24)
    at innerInvokeEventListeners (C:\Users\nwong\Documents\Projects\Group2SWE\SWEGroup2\node_modules\jsdom\lib\jsdom\li
ving\events\EventTarget-impl.js:353:9)
    at invokeEventListeners (C:\Users\nwong\Documents\Projects\Group2SWE\SWEGroup2\node_modules\jsdom\lib\jsdom\living\
events\EventTarget-impl.js:286:3)
    at HTMLUnknownElementImpl._dispatch (C:\Users\nwong\Documents\Projects\Group2SWE\SWEGroup2\node_modules\jsdom\lib\j
sdom\living\events\EventTarget-impl.js:233:9)
    at HTMLUnknownElementImpl.dispatchEvent (C:\Users\nwong\Documents\Projects\Group2SWE\SWEGroup2\node_modules\jsdom\l
ib\jsdom\living\events\EventTarget-impl.js:104:17)
    at HTMLUnknownElement.dispatchEvent (C:\Users\nwong\Documents\Projects\Group2SWE\SWEGroup2\node_modules\jsdom\lib\j
sdom\living\generated\EventTarget.js:241:34)
    at Object.invokeGuardedCallbackDev 
(C:\Users\nwong\Documents\Projects\Group2SWE\SWEGroup2\node_modules\react-dom\cjs\react-dom.development.js:4213:16)
    at invokeGuardedCallback 
(C:\Users\nwong\Documents\Projects\Group2SWE\SWEGroup2\node_modules\react-dom\cjs\react-dom.development.js:4277:31)
    at beginWork$1 
(C:\Users\nwong\Documents\Projects\Group2SWE\SWEGroup2\node_modules\react-dom\cjs\react-dom.development.js:27490:7)
    at performUnitOfWork 
(C:\Users\nwong\Documents\Projects\Group2SWE\SWEGroup2\node_modules\react-dom\cjs\react-dom.development.js:26599:12) 
Error: [vitest] No "SearchMapPage" export is defined on the "../../pages" mock. Did you forget to return it from 
"vi.mock"?
If you need to partially mock a module, you can use "importOriginal" helper inside:

    at VitestMocker.createError (file:///C:/Users/nwong/Documents/Projects/Group2SWE/SWEGroup2/node_modules/vitest/dist
/chunks/startModuleRunner.Iz2V0ESw.js:311:17)
    at Object.get (file:///C:/Users/nwong/Documents/Projects/Group2SWE/SWEGroup2/node_modules/vitest/dist/chunks/startM
oduleRunner.Iz2V0ESw.js:384:16)
    at App (C:/Users/nwong/Documents/Projects/Group2SWE/SWEGroup2/src/App.tsx:32:43)
    at renderWithHooks 
(C:\Users\nwong\Documents\Projects\Group2SWE\SWEGroup2\node_modules\react-dom\cjs\react-dom.development.js:15486:18)
    at mountIndeterminateComponent 
(C:\Users\nwong\Documents\Projects\Group2SWE\SWEGroup2\node_modules\react-dom\cjs\react-dom.development.js:20103:13)
    at beginWork 
(C:\Users\nwong\Documents\Projects\Group2SWE\SWEGroup2\node_modules\react-dom\cjs\react-dom.development.js:21626:16)
    at HTMLUnknownElement.callCallback 
(C:\Users\nwong\Documents\Projects\Group2SWE\SWEGroup2\node_modules\react-dom\cjs\react-dom.development.js:4164:14)
    at HTMLUnknownElement.callTheUserObjectsOperation (C:\Users\nwong\Documents\Projects\Group2SWE\SWEGroup2\node_modul
es\jsdom\lib\jsdom\living\generated\EventListener.js:26:30)
    at innerInvokeEventListeners (C:\Users\nwong\Documents\Projects\Group2SWE\SWEGroup2\node_modules\jsdom\lib\jsdom\li
ving\events\EventTarget-impl.js:350:25)
    at invokeEventListeners (C:\Users\nwong\Documents\Projects\Group2SWE\SWEGroup2\node_modules\jsdom\lib\jsdom\living\
events\EventTarget-impl.js:286:3) {
  codeFrame: 'vi.mock(import("../../pages"), async (importOriginal) => {\n' +
    '  const actual = await importOriginal()\n' +
    '  return {\n' +
    '    ...actual,\n' +
    '    // your mocked methods\n' +
    '  }\n' +
    '})'
}
Error: Uncaught [Error: [vitest] No "SearchMapPage" export is defined on the "../../pages" mock. Did you forget to 
return it from "vi.mock"?
If you need to partially mock a module, you can use "importOriginal" helper inside:
]
    at reportException (C:\Users\nwong\Documents\Projects\Group2SWE\SWEGroup2\node_modules\jsdom\lib\jsdom\living\helpe
rs\runtime-script-errors.js:66:24)
    at innerInvokeEventListeners (C:\Users\nwong\Documents\Projects\Group2SWE\SWEGroup2\node_modules\jsdom\lib\jsdom\li
ving\events\EventTarget-impl.js:353:9)
    at invokeEventListeners (C:\Users\nwong\Documents\Projects\Group2SWE\SWEGroup2\node_modules\jsdom\lib\jsdom\living\
events\EventTarget-impl.js:286:3)
    at HTMLUnknownElementImpl._dispatch (C:\Users\nwong\Documents\Projects\Group2SWE\SWEGroup2\node_modules\jsdom\lib\j
sdom\living\events\EventTarget-impl.js:233:9)
    at HTMLUnknownElementImpl.dispatchEvent (C:\Users\nwong\Documents\Projects\Group2SWE\SWEGroup2\node_modules\jsdom\l
ib\jsdom\living\events\EventTarget-impl.js:104:17)
    at HTMLUnknownElement.dispatchEvent (C:\Users\nwong\Documents\Projects\Group2SWE\SWEGroup2\node_modules\jsdom\lib\j
sdom\living\generated\EventTarget.js:241:34)
    at Object.invokeGuardedCallbackDev 
(C:\Users\nwong\Documents\Projects\Group2SWE\SWEGroup2\node_modules\react-dom\cjs\react-dom.development.js:4213:16)
    at invokeGuardedCallback 
(C:\Users\nwong\Documents\Projects\Group2SWE\SWEGroup2\node_modules\react-dom\cjs\react-dom.development.js:4277:31)
    at beginWork$1 
(C:\Users\nwong\Documents\Projects\Group2SWE\SWEGroup2\node_modules\react-dom\cjs\react-dom.development.js:27490:7)
    at performUnitOfWork 
(C:\Users\nwong\Documents\Projects\Group2SWE\SWEGroup2\node_modules\react-dom\cjs\react-dom.development.js:26599:12) 
Error: [vitest] No "SearchMapPage" export is defined on the "../../pages" mock. Did you forget to return it from 
"vi.mock"?
If you need to partially mock a module, you can use "importOriginal" helper inside:

    at VitestMocker.createError (file:///C:/Users/nwong/Documents/Projects/Group2SWE/SWEGroup2/node_modules/vitest/dist
/chunks/startModuleRunner.Iz2V0ESw.js:311:17)
    at Object.get (file:///C:/Users/nwong/Documents/Projects/Group2SWE/SWEGroup2/node_modules/vitest/dist/chunks/startM
oduleRunner.Iz2V0ESw.js:384:16)
    at App (C:/Users/nwong/Documents/Projects/Group2SWE/SWEGroup2/src/App.tsx:32:43)
    at renderWithHooks 
(C:\Users\nwong\Documents\Projects\Group2SWE\SWEGroup2\node_modules\react-dom\cjs\react-dom.development.js:15486:18)
    at mountIndeterminateComponent 
(C:\Users\nwong\Documents\Projects\Group2SWE\SWEGroup2\node_modules\react-dom\cjs\react-dom.development.js:20103:13)
    at beginWork 
(C:\Users\nwong\Documents\Projects\Group2SWE\SWEGroup2\node_modules\react-dom\cjs\react-dom.development.js:21626:16)
    at HTMLUnknownElement.callCallback 
(C:\Users\nwong\Documents\Projects\Group2SWE\SWEGroup2\node_modules\react-dom\cjs\react-dom.development.js:4164:14)
    at HTMLUnknownElement.callTheUserObjectsOperation (C:\Users\nwong\Documents\Projects\Group2SWE\SWEGroup2\node_modul
es\jsdom\lib\jsdom\living\generated\EventListener.js:26:30)
    at innerInvokeEventListeners (C:\Users\nwong\Documents\Projects\Group2SWE\SWEGroup2\node_modules\jsdom\lib\jsdom\li
ving\events\EventTarget-impl.js:350:25)
    at invokeEventListeners (C:\Users\nwong\Documents\Projects\Group2SWE\SWEGroup2\node_modules\jsdom\lib\jsdom\living\
events\EventTarget-impl.js:286:3) {
  codeFrame: 'vi.mock(import("../../pages"), async (importOriginal) => {\n' +
    '  const actual = await importOriginal()\n' +
    '  return {\n' +
    '    ...actual,\n' +
    '    // your mocked methods\n' +
    '  }\n' +
    '})'
}
Error: Uncaught [Error: Element type is invalid: expected a string (for built-in components) or a class/function (for 
composite components) but got: undefined. You likely forgot to export your component from the file it's defined in, or 
you might have mixed up default and named imports.]
    at reportException (C:\Users\nwong\Documents\Projects\Group2SWE\SWEGroup2\node_modules\jsdom\lib\jsdom\living\helpe
rs\runtime-script-errors.js:66:24)
    at innerInvokeEventListeners (C:\Users\nwong\Documents\Projects\Group2SWE\SWEGroup2\node_modules\jsdom\lib\jsdom\li
ving\events\EventTarget-impl.js:353:9)
    at invokeEventListeners (C:\Users\nwong\Documents\Projects\Group2SWE\SWEGroup2\node_modules\jsdom\lib\jsdom\living\
events\EventTarget-impl.js:286:3)
    at HTMLUnknownElementImpl._dispatch (C:\Users\nwong\Documents\Projects\Group2SWE\SWEGroup2\node_modules\jsdom\lib\j
sdom\living\events\EventTarget-impl.js:233:9)
    at HTMLUnknownElementImpl.dispatchEvent (C:\Users\nwong\Documents\Projects\Group2SWE\SWEGroup2\node_modules\jsdom\l
ib\jsdom\living\events\EventTarget-impl.js:104:17)
    at HTMLUnknownElement.dispatchEvent (C:\Users\nwong\Documents\Projects\Group2SWE\SWEGroup2\node_modules\jsdom\lib\j
sdom\living\generated\EventTarget.js:241:34)
    at Object.invokeGuardedCallbackDev 
(C:\Users\nwong\Documents\Projects\Group2SWE\SWEGroup2\node_modules\react-dom\cjs\react-dom.development.js:4213:16)
    at invokeGuardedCallback 
(C:\Users\nwong\Documents\Projects\Group2SWE\SWEGroup2\node_modules\react-dom\cjs\react-dom.development.js:4277:31)
    at beginWork$1 
(C:\Users\nwong\Documents\Projects\Group2SWE\SWEGroup2\node_modules\react-dom\cjs\react-dom.development.js:27490:7)
    at performUnitOfWork 
(C:\Users\nwong\Documents\Projects\Group2SWE\SWEGroup2\node_modules\react-dom\cjs\react-dom.development.js:26599:12) 
Error: Element type is invalid: expected a string (for built-in components) or a class/function (for composite 
components) but got: undefined. You likely forgot to export your component from the file it's defined in, or you might 
have mixed up default and named imports.
    at createFiberFromTypeAndProps 
(C:\Users\nwong\Documents\Projects\Group2SWE\SWEGroup2\node_modules\react-dom\cjs\react-dom.development.js:28478:17)
    at createFiberFromElement 
(C:\Users\nwong\Documents\Projects\Group2SWE\SWEGroup2\node_modules\react-dom\cjs\react-dom.development.js:28504:15)
    at reconcileSingleElement 
(C:\Users\nwong\Documents\Projects\Group2SWE\SWEGroup2\node_modules\react-dom\cjs\react-dom.development.js:13986:23)
    at reconcileChildFibers 
(C:\Users\nwong\Documents\Projects\Group2SWE\SWEGroup2\node_modules\react-dom\cjs\react-dom.development.js:14044:35)
    at reconcileChildren 
(C:\Users\nwong\Documents\Projects\Group2SWE\SWEGroup2\node_modules\react-dom\cjs\react-dom.development.js:19193:28)
    at updateHostRoot 
(C:\Users\nwong\Documents\Projects\Group2SWE\SWEGroup2\node_modules\react-dom\cjs\react-dom.development.js:19912:5)
    at beginWork 
(C:\Users\nwong\Documents\Projects\Group2SWE\SWEGroup2\node_modules\react-dom\cjs\react-dom.development.js:21654:14)
    at HTMLUnknownElement.callCallback 
(C:\Users\nwong\Documents\Projects\Group2SWE\SWEGroup2\node_modules\react-dom\cjs\react-dom.development.js:4164:14)
    at HTMLUnknownElement.callTheUserObjectsOperation (C:\Users\nwong\Documents\Projects\Group2SWE\SWEGroup2\node_modul
es\jsdom\lib\jsdom\living\generated\EventListener.js:26:30)
    at innerInvokeEventListeners (C:\Users\nwong\Documents\Projects\Group2SWE\SWEGroup2\node_modules\jsdom\lib\jsdom\li
ving\events\EventTarget-impl.js:350:25)
[90mstderr[2m | src/pages/__tests__/App.test.tsx[2m > [22m[2mApp[2m > [22m[2mrenders SettingsPage at /settings
[22m[39mThe above error occurred in the <App> component:

    at App (C:/Users/nwong/Documents/Projects/Group2SWE/SWEGroup2/src/App.tsx:16:38)
    at Router (C:\Users\nwong\Documents\Projects\Group2SWE\SWEGroup2\node_modules\react-router\dist\development\chunk-A
MVS5XVJ.js:9131:13)
    at MemoryRouter (C:\Users\nwong\Documents\Projects\Group2SWE\SWEGroup2\node_modules\react-router\dist\development\c
hunk-AMVS5XVJ.js:9053:3)

Consider adding an error boundary to your tree to customize error handling behavior.
Visit https://reactjs.org/link/error-boundaries to learn more about error boundaries.

[90mstderr[2m | src/components/__tests__/LogOutButton.test.tsx[2m > [22m[2mLogoutButton[2m > [22m[2mcalls 
logout and navigates to /login on click
[22m[39mWarning: React.jsx: type is invalid -- expected a string (for built-in components) or a class/function (for 
composite components) but got: undefined. You likely forgot to export your component from the file it's defined in, or 
you might have mixed up default and named imports.

Check your code at LogOutButton.test.tsx:72.

Error: Uncaught [Error: Element type is invalid: expected a string (for built-in components) or a class/function (for 
composite components) but got: undefined. You likely forgot to export your component from the file it's defined in, or 
you might have mixed up default and named imports.]
    at reportException (C:\Users\nwong\Documents\Projects\Group2SWE\SWEGroup2\node_modules\jsdom\lib\jsdom\living\helpe
rs\runtime-script-errors.js:66:24)
    at innerInvokeEventListeners (C:\Users\nwong\Documents\Projects\Group2SWE\SWEGroup2\node_modules\jsdom\lib\jsdom\li
ving\events\EventTarget-impl.js:353:9)
    at invokeEventListeners (C:\Users\nwong\Documents\Projects\Group2SWE\SWEGroup2\node_modules\jsdom\lib\jsdom\living\
events\EventTarget-impl.js:286:3)
    at HTMLUnknownElementImpl._dispatch (C:\Users\nwong\Documents\Projects\Group2SWE\SWEGroup2\node_modules\jsdom\lib\j
sdom\living\events\EventTarget-impl.js:233:9)
    at HTMLUnknownElementImpl.dispatchEvent (C:\Users\nwong\Documents\Projects\Group2SWE\SWEGroup2\node_modules\jsdom\l
ib\jsdom\living\events\EventTarget-impl.js:104:17)
    at HTMLUnknownElement.dispatchEvent (C:\Users\nwong\Documents\Projects\Group2SWE\SWEGroup2\node_modules\jsdom\lib\j
sdom\living\generated\EventTarget.js:241:34)
    at Object.invokeGuardedCallbackDev 
(C:\Users\nwong\Documents\Projects\Group2SWE\SWEGroup2\node_modules\react-dom\cjs\react-dom.development.js:4213:16)
    at invokeGuardedCallback 
(C:\Users\nwong\Documents\Projects\Group2SWE\SWEGroup2\node_modules\react-dom\cjs\react-dom.development.js:4277:31)
    at beginWork$1 
(C:\Users\nwong\Documents\Projects\Group2SWE\SWEGroup2\node_modules\react-dom\cjs\react-dom.development.js:27490:7)
    at performUnitOfWork 
(C:\Users\nwong\Documents\Projects\Group2SWE\SWEGroup2\node_modules\react-dom\cjs\react-dom.development.js:26599:12) 
Error: Element type is invalid: expected a string (for built-in components) or a class/function (for composite 
components) but got: undefined. You likely forgot to export your component from the file it's defined in, or you might 
have mixed up default and named imports.
    at createFiberFromTypeAndProps 
(C:\Users\nwong\Documents\Projects\Group2SWE\SWEGroup2\node_modules\react-dom\cjs\react-dom.development.js:28478:17)
    at createFiberFromElement 
(C:\Users\nwong\Documents\Projects\Group2SWE\SWEGroup2\node_modules\react-dom\cjs\react-dom.development.js:28504:15)
    at reconcileSingleElement 
(C:\Users\nwong\Documents\Projects\Group2SWE\SWEGroup2\node_modules\react-dom\cjs\react-dom.development.js:13986:23)
    at reconcileChildFibers 
(C:\Users\nwong\Documents\Projects\Group2SWE\SWEGroup2\node_modules\react-dom\cjs\react-dom.development.js:14044:35)
    at reconcileChildren 
(C:\Users\nwong\Documents\Projects\Group2SWE\SWEGroup2\node_modules\react-dom\cjs\react-dom.development.js:19193:28)
    at updateHostRoot 
(C:\Users\nwong\Documents\Projects\Group2SWE\SWEGroup2\node_modules\react-dom\cjs\react-dom.development.js:19912:5)
    at beginWork 
(C:\Users\nwong\Documents\Projects\Group2SWE\SWEGroup2\node_modules\react-dom\cjs\react-dom.development.js:21654:14)
    at HTMLUnknownElement.callCallback 
(C:\Users\nwong\Documents\Projects\Group2SWE\SWEGroup2\node_modules\react-dom\cjs\react-dom.development.js:4164:14)
    at HTMLUnknownElement.callTheUserObjectsOperation (C:\Users\nwong\Documents\Projects\Group2SWE\SWEGroup2\node_modul
es\jsdom\lib\jsdom\living\generated\EventListener.js:26:30)
    at innerInvokeEventListeners (C:\Users\nwong\Documents\Projects\Group2SWE\SWEGroup2\node_modules\jsdom\lib\jsdom\li
ving\events\EventTarget-impl.js:350:25)
[90mstderr[2m | src/components/__tests__/ProfileButton.test.tsx[2m > [22m[2mProfileButton[2m > 
[22m[2mnavigates to /login when not logged in
[22m[39mWarning: React.jsx: type is invalid -- expected a string (for built-in components) or a class/function (for 
composite components) but got: undefined. You likely forgot to export your component from the file it's defined in, or 
you might have mixed up default and named imports.

Check your code at ProfileButton.test.tsx:72.

Error: Uncaught [Error: Element type is invalid: expected a string (for built-in components) or a class/function (for 
composite components) but got: undefined. You likely forgot to export your component from the file it's defined in, or 
you might have mixed up default and named imports.]
    at reportException (C:\Users\nwong\Documents\Projects\Group2SWE\SWEGroup2\node_modules\jsdom\lib\jsdom\living\helpe
rs\runtime-script-errors.js:66:24)
    at innerInvokeEventListeners (C:\Users\nwong\Documents\Projects\Group2SWE\SWEGroup2\node_modules\jsdom\lib\jsdom\li
ving\events\EventTarget-impl.js:353:9)
    at invokeEventListeners (C:\Users\nwong\Documents\Projects\Group2SWE\SWEGroup2\node_modules\jsdom\lib\jsdom\living\
events\EventTarget-impl.js:286:3)
    at HTMLUnknownElementImpl._dispatch (C:\Users\nwong\Documents\Projects\Group2SWE\SWEGroup2\node_modules\jsdom\lib\j
sdom\living\events\EventTarget-impl.js:233:9)
    at HTMLUnknownElementImpl.dispatchEvent (C:\Users\nwong\Documents\Projects\Group2SWE\SWEGroup2\node_modules\jsdom\l
ib\jsdom\living\events\EventTarget-impl.js:104:17)
    at HTMLUnknownElement.dispatchEvent (C:\Users\nwong\Documents\Projects\Group2SWE\SWEGroup2\node_modules\jsdom\lib\j
sdom\living\generated\EventTarget.js:241:34)
    at Object.invokeGuardedCallbackDev 
(C:\Users\nwong\Documents\Projects\Group2SWE\SWEGroup2\node_modules\react-dom\cjs\react-dom.development.js:4213:16)
    at invokeGuardedCallback 
(C:\Users\nwong\Documents\Projects\Group2SWE\SWEGroup2\node_modules\react-dom\cjs\react-dom.development.js:4277:31)
    at beginWork$1 
(C:\Users\nwong\Documents\Projects\Group2SWE\SWEGroup2\node_modules\react-dom\cjs\react-dom.development.js:27490:7)
    at performUnitOfWork 
(C:\Users\nwong\Documents\Projects\Group2SWE\SWEGroup2\node_modules\react-dom\cjs\react-dom.development.js:26599:12) 
Error: Element type is invalid: expected a string (for built-in components) or a class/function (for composite 
components) but got: undefined. You likely forgot to export your component from the file it's defined in, or you might 
have mixed up default and named imports.
    at createFiberFromTypeAndProps 
(C:\Users\nwong\Documents\Projects\Group2SWE\SWEGroup2\node_modules\react-dom\cjs\react-dom.development.js:28478:17)
    at createFiberFromElement 
(C:\Users\nwong\Documents\Projects\Group2SWE\SWEGroup2\node_modules\react-dom\cjs\react-dom.development.js:28504:15)
    at reconcileSingleElement 
(C:\Users\nwong\Documents\Projects\Group2SWE\SWEGroup2\node_modules\react-dom\cjs\react-dom.development.js:13986:23)
    at reconcileChildFibers 
(C:\Users\nwong\Documents\Projects\Group2SWE\SWEGroup2\node_modules\react-dom\cjs\react-dom.development.js:14044:35)
    at reconcileChildren 
(C:\Users\nwong\Documents\Projects\Group2SWE\SWEGroup2\node_modules\react-dom\cjs\react-dom.development.js:19193:28)
    at updateHostRoot 
(C:\Users\nwong\Documents\Projects\Group2SWE\SWEGroup2\node_modules\react-dom\cjs\react-dom.development.js:19912:5)
    at beginWork 
(C:\Users\nwong\Documents\Projects\Group2SWE\SWEGroup2\node_modules\react-dom\cjs\react-dom.development.js:21654:14)
    at HTMLUnknownElement.callCallback 
(C:\Users\nwong\Documents\Projects\Group2SWE\SWEGroup2\node_modules\react-dom\cjs\react-dom.development.js:4164:14)
    at HTMLUnknownElement.callTheUserObjectsOperation (C:\Users\nwong\Documents\Projects\Group2SWE\SWEGroup2\node_modul
es\jsdom\lib\jsdom\living\generated\EventListener.js:26:30)
    at innerInvokeEventListeners (C:\Users\nwong\Documents\Projects\Group2SWE\SWEGroup2\node_modules\jsdom\lib\jsdom\li
ving\events\EventTarget-impl.js:350:25)
[90mstderr[2m | src/components/__tests__/LogOutButton.test.tsx[2m > [22m[2mLogoutButton[2m > [22m[2mreturns 
null when loading
[22m[39mWarning: React.jsx: type is invalid -- expected a string (for built-in components) or a class/function (for 
composite components) but got: undefined. You likely forgot to export your component from the file it's defined in, or 
you might have mixed up default and named imports.

Check your code at LogOutButton.test.tsx:81.

Error: Uncaught [Error: Element type is invalid: expected a string (for built-in components) or a class/function (for 
composite components) but got: undefined. You likely forgot to export your component from the file it's defined in, or 
you might have mixed up default and named imports.]
    at reportException (C:\Users\nwong\Documents\Projects\Group2SWE\SWEGroup2\node_modules\jsdom\lib\jsdom\living\helpe
rs\runtime-script-errors.js:66:24)
    at innerInvokeEventListeners (C:\Users\nwong\Documents\Projects\Group2SWE\SWEGroup2\node_modules\jsdom\lib\jsdom\li
ving\events\EventTarget-impl.js:353:9)
    at invokeEventListeners (C:\Users\nwong\Documents\Projects\Group2SWE\SWEGroup2\node_modules\jsdom\lib\jsdom\living\
events\EventTarget-impl.js:286:3)
    at HTMLUnknownElementImpl._dispatch (C:\Users\nwong\Documents\Projects\Group2SWE\SWEGroup2\node_modules\jsdom\lib\j
sdom\living\events\EventTarget-impl.js:233:9)
    at HTMLUnknownElementImpl.dispatchEvent (C:\Users\nwong\Documents\Projects\Group2SWE\SWEGroup2\node_modules\jsdom\l
ib\jsdom\living\events\EventTarget-impl.js:104:17)
    at HTMLUnknownElement.dispatchEvent (C:\Users\nwong\Documents\Projects\Group2SWE\SWEGroup2\node_modules\jsdom\lib\j
sdom\living\generated\EventTarget.js:241:34)
    at Object.invokeGuardedCallbackDev 
(C:\Users\nwong\Documents\Projects\Group2SWE\SWEGroup2\node_modules\react-dom\cjs\react-dom.development.js:4213:16)
    at invokeGuardedCallback 
(C:\Users\nwong\Documents\Projects\Group2SWE\SWEGroup2\node_modules\react-dom\cjs\react-dom.development.js:4277:31)
    at beginWork$1 
(C:\Users\nwong\Documents\Projects\Group2SWE\SWEGroup2\node_modules\react-dom\cjs\react-dom.development.js:27490:7)
    at performUnitOfWork 
(C:\Users\nwong\Documents\Projects\Group2SWE\SWEGroup2\node_modules\react-dom\cjs\react-dom.development.js:26599:12) 
Error: Element type is invalid: expected a string (for built-in components) or a class/function (for composite 
components) but got: undefined. You likely forgot to export your component from the file it's defined in, or you might 
have mixed up default and named imports.
    at createFiberFromTypeAndProps 
(C:\Users\nwong\Documents\Projects\Group2SWE\SWEGroup2\node_modules\react-dom\cjs\react-dom.development.js:28478:17)
    at createFiberFromElement 
(C:\Users\nwong\Documents\Projects\Group2SWE\SWEGroup2\node_modules\react-dom\cjs\react-dom.development.js:28504:15)
    at reconcileSingleElement 
(C:\Users\nwong\Documents\Projects\Group2SWE\SWEGroup2\node_modules\react-dom\cjs\react-dom.development.js:13986:23)
    at reconcileChildFibers 
(C:\Users\nwong\Documents\Projects\Group2SWE\SWEGroup2\node_modules\react-dom\cjs\react-dom.development.js:14044:35)
    at reconcileChildren 
(C:\Users\nwong\Documents\Projects\Group2SWE\SWEGroup2\node_modules\react-dom\cjs\react-dom.development.js:19193:28)
    at updateHostRoot 
(C:\Users\nwong\Documents\Projects\Group2SWE\SWEGroup2\node_modules\react-dom\cjs\react-dom.development.js:19912:5)
    at beginWork 
(C:\Users\nwong\Documents\Projects\Group2SWE\SWEGroup2\node_modules\react-dom\cjs\react-dom.development.js:21654:14)
    at HTMLUnknownElement.callCallback 
(C:\Users\nwong\Documents\Projects\Group2SWE\SWEGroup2\node_modules\react-dom\cjs\react-dom.development.js:4164:14)
    at HTMLUnknownElement.callTheUserObjectsOperation (C:\Users\nwong\Documents\Projects\Group2SWE\SWEGroup2\node_modul
es\jsdom\lib\jsdom\living\generated\EventListener.js:26:30)
    at innerInvokeEventListeners (C:\Users\nwong\Documents\Projects\Group2SWE\SWEGroup2\node_modules\jsdom\lib\jsdom\li
ving\events\EventTarget-impl.js:350:25)
[90mstderr[2m | src/components/__tests__/ProfileButton.test.tsx[2m > [22m[2mProfileButton[2m > 
[22m[2mnavigates to /profile when logged in
[22m[39mWarning: React.jsx: type is invalid -- expected a string (for built-in components) or a class/function (for 
composite components) but got: undefined. You likely forgot to export your component from the file it's defined in, or 
you might have mixed up default and named imports.

Check your code at ProfileButton.test.tsx:80.

Error: Uncaught [Error: [vitest] No "SearchMapPage" export is defined on the "../../pages" mock. Did you forget to 
return it from "vi.mock"?
If you need to partially mock a module, you can use "importOriginal" helper inside:
]
    at reportException (C:\Users\nwong\Documents\Projects\Group2SWE\SWEGroup2\node_modules\jsdom\lib\jsdom\living\helpe
rs\runtime-script-errors.js:66:24)
    at innerInvokeEventListeners (C:\Users\nwong\Documents\Projects\Group2SWE\SWEGroup2\node_modules\jsdom\lib\jsdom\li
ving\events\EventTarget-impl.js:353:9)
    at invokeEventListeners (C:\Users\nwong\Documents\Projects\Group2SWE\SWEGroup2\node_modules\jsdom\lib\jsdom\living\
events\EventTarget-impl.js:286:3)
    at HTMLUnknownElementImpl._dispatch (C:\Users\nwong\Documents\Projects\Group2SWE\SWEGroup2\node_modules\jsdom\lib\j
sdom\living\events\EventTarget-impl.js:233:9)
    at HTMLUnknownElementImpl.dispatchEvent (C:\Users\nwong\Documents\Projects\Group2SWE\SWEGroup2\node_modules\jsdom\l
ib\jsdom\living\events\EventTarget-impl.js:104:17)
    at HTMLUnknownElement.dispatchEvent (C:\Users\nwong\Documents\Projects\Group2SWE\SWEGroup2\node_modules\jsdom\lib\j
sdom\living\generated\EventTarget.js:241:34)
    at Object.invokeGuardedCallbackDev 
(C:\Users\nwong\Documents\Projects\Group2SWE\SWEGroup2\node_modules\react-dom\cjs\react-dom.development.js:4213:16)
    at invokeGuardedCallback 
(C:\Users\nwong\Documents\Projects\Group2SWE\SWEGroup2\node_modules\react-dom\cjs\react-dom.development.js:4277:31)
    at beginWork$1 
(C:\Users\nwong\Documents\Projects\Group2SWE\SWEGroup2\node_modules\react-dom\cjs\react-dom.development.js:27490:7)
    at performUnitOfWork 
(C:\Users\nwong\Documents\Projects\Group2SWE\SWEGroup2\node_modules\react-dom\cjs\react-dom.development.js:26599:12) 
Error: [vitest] No "SearchMapPage" export is defined on the "../../pages" mock. Did you forget to return it from 
"vi.mock"?
If you need to partially mock a module, you can use "importOriginal" helper inside:

    at VitestMocker.createError (file:///C:/Users/nwong/Documents/Projects/Group2SWE/SWEGroup2/node_modules/vitest/dist
/chunks/startModuleRunner.Iz2V0ESw.js:311:17)
    at Object.get (file:///C:/Users/nwong/Documents/Projects/Group2SWE/SWEGroup2/node_modules/vitest/dist/chunks/startM
oduleRunner.Iz2V0ESw.js:384:16)
    at App (C:/Users/nwong/Documents/Projects/Group2SWE/SWEGroup2/src/App.tsx:32:43)
    at renderWithHooks 
(C:\Users\nwong\Documents\Projects\Group2SWE\SWEGroup2\node_modules\react-dom\cjs\react-dom.development.js:15486:18)
    at mountIndeterminateComponent 
(C:\Users\nwong\Documents\Projects\Group2SWE\SWEGroup2\node_modules\react-dom\cjs\react-dom.development.js:20103:13)
    at beginWork 
(C:\Users\nwong\Documents\Projects\Group2SWE\SWEGroup2\node_modules\react-dom\cjs\react-dom.development.js:21626:16)
    at HTMLUnknownElement.callCallback 
(C:\Users\nwong\Documents\Projects\Group2SWE\SWEGroup2\node_modules\react-dom\cjs\react-dom.development.js:4164:14)
    at HTMLUnknownElement.callTheUserObjectsOperation (C:\Users\nwong\Documents\Projects\Group2SWE\SWEGroup2\node_modul
es\jsdom\lib\jsdom\living\generated\EventListener.js:26:30)
    at innerInvokeEventListeners (C:\Users\nwong\Documents\Projects\Group2SWE\SWEGroup2\node_modules\jsdom\lib\jsdom\li
ving\events\EventTarget-impl.js:350:25)
    at invokeEventListeners (C:\Users\nwong\Documents\Projects\Group2SWE\SWEGroup2\node_modules\jsdom\lib\jsdom\living\
events\EventTarget-impl.js:286:3) {
  codeFrame: 'vi.mock(import("../../pages"), async (importOriginal) => {\n' +
    '  const actual = await importOriginal()\n' +
    '  return {\n' +
    '    ...actual,\n' +
    '    // your mocked methods\n' +
    '  }\n' +
    '})'
}
Error: Uncaught [Error: [vitest] No "SearchMapPage" export is defined on the "../../pages" mock. Did you forget to 
return it from "vi.mock"?
If you need to partially mock a module, you can use "importOriginal" helper inside:
]
    at reportException (C:\Users\nwong\Documents\Projects\Group2SWE\SWEGroup2\node_modules\jsdom\lib\jsdom\living\helpe
rs\runtime-script-errors.js:66:24)
    at innerInvokeEventListeners (C:\Users\nwong\Documents\Projects\Group2SWE\SWEGroup2\node_modules\jsdom\lib\jsdom\li
ving\events\EventTarget-impl.js:353:9)
    at invokeEventListeners (C:\Users\nwong\Documents\Projects\Group2SWE\SWEGroup2\node_modules\jsdom\lib\jsdom\living\
events\EventTarget-impl.js:286:3)
    at HTMLUnknownElementImpl._dispatch (C:\Users\nwong\Documents\Projects\Group2SWE\SWEGroup2\node_modules\jsdom\lib\j
sdom\living\events\EventTarget-impl.js:233:9)
    at HTMLUnknownElementImpl.dispatchEvent (C:\Users\nwong\Documents\Projects\Group2SWE\SWEGroup2\node_modules\jsdom\l
ib\jsdom\living\events\EventTarget-impl.js:104:17)
    at HTMLUnknownElement.dispatchEvent (C:\Users\nwong\Documents\Projects\Group2SWE\SWEGroup2\node_modules\jsdom\lib\j
sdom\living\generated\EventTarget.js:241:34)
    at Object.invokeGuardedCallbackDev 
(C:\Users\nwong\Documents\Projects\Group2SWE\SWEGroup2\node_modules\react-dom\cjs\react-dom.development.js:4213:16)
    at invokeGuardedCallback 
(C:\Users\nwong\Documents\Projects\Group2SWE\SWEGroup2\node_modules\react-dom\cjs\react-dom.development.js:4277:31)
    at beginWork$1 
(C:\Users\nwong\Documents\Projects\Group2SWE\SWEGroup2\node_modules\react-dom\cjs\react-dom.development.js:27490:7)
    at performUnitOfWork 
(C:\Users\nwong\Documents\Projects\Group2SWE\SWEGroup2\node_modules\react-dom\cjs\react-dom.development.js:26599:12) 
Error: [vitest] No "SearchMapPage" export is defined on the "../../pages" mock. Did you forget to return it from 
"vi.mock"?
If you need to partially mock a module, you can use "importOriginal" helper inside:

    at VitestMocker.createError (file:///C:/Users/nwong/Documents/Projects/Group2SWE/SWEGroup2/node_modules/vitest/dist
/chunks/startModuleRunner.Iz2V0ESw.js:311:17)
    at Object.get (file:///C:/Users/nwong/Documents/Projects/Group2SWE/SWEGroup2/node_modules/vitest/dist/chunks/startM
oduleRunner.Iz2V0ESw.js:384:16)
    at App (C:/Users/nwong/Documents/Projects/Group2SWE/SWEGroup2/src/App.tsx:32:43)
    at renderWithHooks 
(C:\Users\nwong\Documents\Projects\Group2SWE\SWEGroup2\node_modules\react-dom\cjs\react-dom.development.js:15486:18)
    at mountIndeterminateComponent 
(C:\Users\nwong\Documents\Projects\Group2SWE\SWEGroup2\node_modules\react-dom\cjs\react-dom.development.js:20103:13)
    at beginWork 
(C:\Users\nwong\Documents\Projects\Group2SWE\SWEGroup2\node_modules\react-dom\cjs\react-dom.development.js:21626:16)
    at HTMLUnknownElement.callCallback 
(C:\Users\nwong\Documents\Projects\Group2SWE\SWEGroup2\node_modules\react-dom\cjs\react-dom.development.js:4164:14)
    at HTMLUnknownElement.callTheUserObjectsOperation (C:\Users\nwong\Documents\Projects\Group2SWE\SWEGroup2\node_modul
es\jsdom\lib\jsdom\living\generated\EventListener.js:26:30)
    at innerInvokeEventListeners (C:\Users\nwong\Documents\Projects\Group2SWE\SWEGroup2\node_modules\jsdom\lib\jsdom\li
ving\events\EventTarget-impl.js:350:25)
    at invokeEventListeners (C:\Users\nwong\Documents\Projects\Group2SWE\SWEGroup2\node_modules\jsdom\lib\jsdom\living\
events\EventTarget-impl.js:286:3) {
  codeFrame: 'vi.mock(import("../../pages"), async (importOriginal) => {\n' +
    '  const actual = await importOriginal()\n' +
    '  return {\n' +
    '    ...actual,\n' +
    '    // your mocked methods\n' +
    '  }\n' +
    '})'
}
Error: Uncaught [Error: Element type is invalid: expected a string (for built-in components) or a class/function (for 
composite components) but got: undefined. You likely forgot to export your component from the file it's defined in, or 
you might have mixed up default and named imports.]
    at reportException (C:\Users\nwong\Documents\Projects\Group2SWE\SWEGroup2\node_modules\jsdom\lib\jsdom\living\helpe
rs\runtime-script-errors.js:66:24)
    at innerInvokeEventListeners (C:\Users\nwong\Documents\Projects\Group2SWE\SWEGroup2\node_modules\jsdom\lib\jsdom\li
ving\events\EventTarget-impl.js:353:9)
    at invokeEventListeners (C:\Users\nwong\Documents\Projects\Group2SWE\SWEGroup2\node_modules\jsdom\lib\jsdom\living\
events\EventTarget-impl.js:286:3)
    at HTMLUnknownElementImpl._dispatch (C:\Users\nwong\Documents\Projects\Group2SWE\SWEGroup2\node_modules\jsdom\lib\j
sdom\living\events\EventTarget-impl.js:233:9)
    at HTMLUnknownElementImpl.dispatchEvent (C:\Users\nwong\Documents\Projects\Group2SWE\SWEGroup2\node_modules\jsdom\l
ib\jsdom\living\events\EventTarget-impl.js:104:17)
    at HTMLUnknownElement.dispatchEvent (C:\Users\nwong\Documents\Projects\Group2SWE\SWEGroup2\node_modules\jsdom\lib\j
sdom\living\generated\EventTarget.js:241:34)
    at Object.invokeGuardedCallbackDev 
(C:\Users\nwong\Documents\Projects\Group2SWE\SWEGroup2\node_modules\react-dom\cjs\react-dom.development.js:4213:16)
    at invokeGuardedCallback 
(C:\Users\nwong\Documents\Projects\Group2SWE\SWEGroup2\node_modules\react-dom\cjs\react-dom.development.js:4277:31)
    at beginWork$1 
(C:\Users\nwong\Documents\Projects\Group2SWE\SWEGroup2\node_modules\react-dom\cjs\react-dom.development.js:27490:7)
    at performUnitOfWork 
(C:\Users\nwong\Documents\Projects\Group2SWE\SWEGroup2\node_modules\react-dom\cjs\react-dom.development.js:26599:12) 
Error: Element type is invalid: expected a string (for built-in components) or a class/function (for composite 
components) but got: undefined. You likely forgot to export your component from the file it's defined in, or you might 
have mixed up default and named imports.
    at createFiberFromTypeAndProps 
(C:\Users\nwong\Documents\Projects\Group2SWE\SWEGroup2\node_modules\react-dom\cjs\react-dom.development.js:28478:17)
    at createFiberFromElement 
(C:\Users\nwong\Documents\Projects\Group2SWE\SWEGroup2\node_modules\react-dom\cjs\react-dom.development.js:28504:15)
    at reconcileSingleElement 
(C:\Users\nwong\Documents\Projects\Group2SWE\SWEGroup2\node_modules\react-dom\cjs\react-dom.development.js:13986:23)
    at reconcileChildFibers 
(C:\Users\nwong\Documents\Projects\Group2SWE\SWEGroup2\node_modules\react-dom\cjs\react-dom.development.js:14044:35)
    at reconcileChildren 
(C:\Users\nwong\Documents\Projects\Group2SWE\SWEGroup2\node_modules\react-dom\cjs\react-dom.development.js:19193:28)
    at updateHostRoot 
(C:\Users\nwong\Documents\Projects\Group2SWE\SWEGroup2\node_modules\react-dom\cjs\react-dom.development.js:19912:5)
    at beginWork 
(C:\Users\nwong\Documents\Projects\Group2SWE\SWEGroup2\node_modules\react-dom\cjs\react-dom.development.js:21654:14)
    at HTMLUnknownElement.callCallback 
(C:\Users\nwong\Documents\Projects\Group2SWE\SWEGroup2\node_modules\react-dom\cjs\react-dom.development.js:4164:14)
    at HTMLUnknownElement.callTheUserObjectsOperation (C:\Users\nwong\Documents\Projects\Group2SWE\SWEGroup2\node_modul
es\jsdom\lib\jsdom\living\generated\EventListener.js:26:30)
    at innerInvokeEventListeners (C:\Users\nwong\Documents\Projects\Group2SWE\SWEGroup2\node_modules\jsdom\lib\jsdom\li
ving\events\EventTarget-impl.js:350:25)
Error: Uncaught [Error: Element type is invalid: expected a string (for built-in components) or a class/function (for 
composite components) but got: undefined. You likely forgot to export your component from the file it's defined in, or 
you might have mixed up default and named imports.]
    at reportException (C:\Users\nwong\Documents\Projects\Group2SWE\SWEGroup2\node_modules\jsdom\lib\jsdom\living\helpe
rs\runtime-script-errors.js:66:24)
    at innerInvokeEventListeners (C:\Users\nwong\Documents\Projects\Group2SWE\SWEGroup2\node_modules\jsdom\lib\jsdom\li
ving\events\EventTarget-impl.js:353:9)
    at invokeEventListeners (C:\Users\nwong\Documents\Projects\Group2SWE\SWEGroup2\node_modules\jsdom\lib\jsdom\living\
events\EventTarget-impl.js:286:3)
    at HTMLUnknownElementImpl._dispatch (C:\Users\nwong\Documents\Projects\Group2SWE\SWEGroup2\node_modules\jsdom\lib\j
sdom\living\events\EventTarget-impl.js:233:9)
    at HTMLUnknownElementImpl.dispatchEvent (C:\Users\nwong\Documents\Projects\Group2SWE\SWEGroup2\node_modules\jsdom\l
ib\jsdom\living\events\EventTarget-impl.js:104:17)
    at HTMLUnknownElement.dispatchEvent (C:\Users\nwong\Documents\Projects\Group2SWE\SWEGroup2\node_modules\jsdom\lib\j
sdom\living\generated\EventTarget.js:241:34)
    at Object.invokeGuardedCallbackDev 
(C:\Users\nwong\Documents\Projects\Group2SWE\SWEGroup2\node_modules\react-dom\cjs\react-dom.development.js:4213:16)
    at invokeGuardedCallback 
(C:\Users\nwong\Documents\Projects\Group2SWE\SWEGroup2\node_modules\react-dom\cjs\react-dom.development.js:4277:31)
    at beginWork$1 
(C:\Users\nwong\Documents\Projects\Group2SWE\SWEGroup2\node_modules\react-dom\cjs\react-dom.development.js:27490:7)
    at performUnitOfWork 
(C:\Users\nwong\Documents\Projects\Group2SWE\SWEGroup2\node_modules\react-dom\cjs\react-dom.development.js:26599:12) 
Error: Element type is invalid: expected a string (for built-in components) or a class/function (for composite 
components) but got: undefined. You likely forgot to export your component from the file it's defined in, or you might 
have mixed up default and named imports.
    at createFiberFromTypeAndProps 
(C:\Users\nwong\Documents\Projects\Group2SWE\SWEGroup2\node_modules\react-dom\cjs\react-dom.development.js:28478:17)
    at createFiberFromElement 
(C:\Users\nwong\Documents\Projects\Group2SWE\SWEGroup2\node_modules\react-dom\cjs\react-dom.development.js:28504:15)
    at reconcileSingleElement 
(C:\Users\nwong\Documents\Projects\Group2SWE\SWEGroup2\node_modules\react-dom\cjs\react-dom.development.js:13986:23)
    at reconcileChildFibers 
(C:\Users\nwong\Documents\Projects\Group2SWE\SWEGroup2\node_modules\react-dom\cjs\react-dom.development.js:14044:35)
    at reconcileChildren 
(C:\Users\nwong\Documents\Projects\Group2SWE\SWEGroup2\node_modules\react-dom\cjs\react-dom.development.js:19193:28)
    at updateHostRoot 
(C:\Users\nwong\Documents\Projects\Group2SWE\SWEGroup2\node_modules\react-dom\cjs\react-dom.development.js:19912:5)
    at beginWork 
(C:\Users\nwong\Documents\Projects\Group2SWE\SWEGroup2\node_modules\react-dom\cjs\react-dom.development.js:21654:14)
    at HTMLUnknownElement.callCallback 
(C:\Users\nwong\Documents\Projects\Group2SWE\SWEGroup2\node_modules\react-dom\cjs\react-dom.development.js:4164:14)
    at HTMLUnknownElement.callTheUserObjectsOperation (C:\Users\nwong\Documents\Projects\Group2SWE\SWEGroup2\node_modul
es\jsdom\lib\jsdom\living\generated\EventListener.js:26:30)
    at innerInvokeEventListeners (C:\Users\nwong\Documents\Projects\Group2SWE\SWEGroup2\node_modules\jsdom\lib\jsdom\li
ving\events\EventTarget-impl.js:350:25)
[90mstderr[2m | src/components/__tests__/LogOutButton.test.tsx[2m > [22m[2mLogoutButton[2m > [22m[2mreturns 
null when not logged in
[22m[39mWarning: React.jsx: type is invalid -- expected a string (for built-in components) or a class/function (for 
composite components) but got: undefined. You likely forgot to export your component from the file it's defined in, or 
you might have mixed up default and named imports.

Check your code at LogOutButton.test.tsx:87.

[90mstderr[2m | src/components/__tests__/LogOutButton.test.tsx[2m > [22m[2mLogoutButton[2m > [22m[2mrenders 
header variant when header prop is true
[22m[39mWarning: React.jsx: type is invalid -- expected a string (for built-in components) or a class/function (for 
composite components) but got: undefined. You likely forgot to export your component from the file it's defined in, or 
you might have mixed up default and named imports.

Check your code at LogOutButton.test.tsx:92.

[90mstderr[2m | src/components/__tests__/LogOutButton.test.tsx[2m > [22m[2mLogoutButton[2m > [22m[2mrenders 
default variant when header prop is false
[22m[39mWarning: React.jsx: type is invalid -- expected a string (for built-in components) or a class/function (for 
composite components) but got: undefined. You likely forgot to export your component from the file it's defined in, or 
you might have mixed up default and named imports.

Check your code at LogOutButton.test.tsx:99.

[90mstderr[2m | src/pages/__tests__/App.test.tsx[2m > [22m[2mApp[2m > [22m[2mrenders LoginPage at /login
[22m[39mThe above error occurred in the <App> component:

    at App (C:/Users/nwong/Documents/Projects/Group2SWE/SWEGroup2/src/App.tsx:16:38)
    at Router (C:\Users\nwong\Documents\Projects\Group2SWE\SWEGroup2\node_modules\react-router\dist\development\chunk-A
MVS5XVJ.js:9131:13)
    at MemoryRouter (C:\Users\nwong\Documents\Projects\Group2SWE\SWEGroup2\node_modules\react-router\dist\development\c
hunk-AMVS5XVJ.js:9053:3)

Consider adding an error boundary to your tree to customize error handling behavior.
Visit https://reactjs.org/link/error-boundaries to learn more about error boundaries.

[90mstderr[2m | src/pages/__tests__/App.test.tsx[2m > [22m[2mApp[2m > [22m[2mrenders SignUpPage at /signup
[22m[39mThe above error occurred in the <App> component:

    at App (C:/Users/nwong/Documents/Projects/Group2SWE/SWEGroup2/src/App.tsx:16:38)
    at Router (C:\Users\nwong\Documents\Projects\Group2SWE\SWEGroup2\node_modules\react-router\dist\development\chunk-A
MVS5XVJ.js:9131:13)
    at MemoryRouter (C:\Users\nwong\Documents\Projects\Group2SWE\SWEGroup2\node_modules\react-router\dist\development\c
hunk-AMVS5XVJ.js:9053:3)

Consider adding an error boundary to your tree to customize error handling behavior.
Visit https://reactjs.org/link/error-boundaries to learn more about error boundaries.

[90mstderr[2m | src/pages/__tests__/App.test.tsx[2m > [22m[2mApp[2m > [22m[2mrenders ProfilePage at /profile
[22m[39mThe above error occurred in the <App> component:

    at App (C:/Users/nwong/Documents/Projects/Group2SWE/SWEGroup2/src/App.tsx:16:38)
    at Router (C:\Users\nwong\Documents\Projects\Group2SWE\SWEGroup2\node_modules\react-router\dist\development\chunk-A
MVS5XVJ.js:9131:13)
    at MemoryRouter (C:\Users\nwong\Documents\Projects\Group2SWE\SWEGroup2\node_modules\react-router\dist\development\c
hunk-AMVS5XVJ.js:9053:3)

Consider adding an error boundary to your tree to customize error handling behavior.
Visit https://reactjs.org/link/error-boundaries to learn more about error boundaries.

Error: Uncaught [Error: Element type is invalid: expected a string (for built-in components) or a class/function (for 
composite components) but got: undefined. You likely forgot to export your component from the file it's defined in, or 
you might have mixed up default and named imports.]
    at reportException (C:\Users\nwong\Documents\Projects\Group2SWE\SWEGroup2\node_modules\jsdom\lib\jsdom\living\helpe
rs\runtime-script-errors.js:66:24)
    at innerInvokeEventListeners (C:\Users\nwong\Documents\Projects\Group2SWE\SWEGroup2\node_modules\jsdom\lib\jsdom\li
ving\events\EventTarget-impl.js:353:9)
    at invokeEventListeners (C:\Users\nwong\Documents\Projects\Group2SWE\SWEGroup2\node_modules\jsdom\lib\jsdom\living\
events\EventTarget-impl.js:286:3)
    at HTMLUnknownElementImpl._dispatch (C:\Users\nwong\Documents\Projects\Group2SWE\SWEGroup2\node_modules\jsdom\lib\j
sdom\living\events\EventTarget-impl.js:233:9)
    at HTMLUnknownElementImpl.dispatchEvent (C:\Users\nwong\Documents\Projects\Group2SWE\SWEGroup2\node_modules\jsdom\l
ib\jsdom\living\events\EventTarget-impl.js:104:17)
    at HTMLUnknownElement.dispatchEvent (C:\Users\nwong\Documents\Projects\Group2SWE\SWEGroup2\node_modules\jsdom\lib\j
sdom\living\generated\EventTarget.js:241:34)
    at Object.invokeGuardedCallbackDev 
(C:\Users\nwong\Documents\Projects\Group2SWE\SWEGroup2\node_modules\react-dom\cjs\react-dom.development.js:4213:16)
    at invokeGuardedCallback 
(C:\Users\nwong\Documents\Projects\Group2SWE\SWEGroup2\node_modules\react-dom\cjs\react-dom.development.js:4277:31)
    at beginWork$1 
(C:\Users\nwong\Documents\Projects\Group2SWE\SWEGroup2\node_modules\react-dom\cjs\react-dom.development.js:27490:7)
    at performUnitOfWork 
(C:\Users\nwong\Documents\Projects\Group2SWE\SWEGroup2\node_modules\react-dom\cjs\react-dom.development.js:26599:12) 
Error: Element type is invalid: expected a string (for built-in components) or a class/function (for composite 
components) but got: undefined. You likely forgot to export your component from the file it's defined in, or you might 
have mixed up default and named imports.
    at createFiberFromTypeAndProps 
(C:\Users\nwong\Documents\Projects\Group2SWE\SWEGroup2\node_modules\react-dom\cjs\react-dom.development.js:28478:17)
    at createFiberFromElement 
(C:\Users\nwong\Documents\Projects\Group2SWE\SWEGroup2\node_modules\react-dom\cjs\react-dom.development.js:28504:15)
    at reconcileSingleElement 
(C:\Users\nwong\Documents\Projects\Group2SWE\SWEGroup2\node_modules\react-dom\cjs\react-dom.development.js:13986:23)
    at reconcileChildFibers 
(C:\Users\nwong\Documents\Projects\Group2SWE\SWEGroup2\node_modules\react-dom\cjs\react-dom.development.js:14044:35)
    at reconcileChildren 
(C:\Users\nwong\Documents\Projects\Group2SWE\SWEGroup2\node_modules\react-dom\cjs\react-dom.development.js:19193:28)
    at updateHostRoot 
(C:\Users\nwong\Documents\Projects\Group2SWE\SWEGroup2\node_modules\react-dom\cjs\react-dom.development.js:19912:5)
    at beginWork 
(C:\Users\nwong\Documents\Projects\Group2SWE\SWEGroup2\node_modules\react-dom\cjs\react-dom.development.js:21654:14)
    at HTMLUnknownElement.callCallback 
(C:\Users\nwong\Documents\Projects\Group2SWE\SWEGroup2\node_modules\react-dom\cjs\react-dom.development.js:4164:14)
    at HTMLUnknownElement.callTheUserObjectsOperation (C:\Users\nwong\Documents\Projects\Group2SWE\SWEGroup2\node_modul
es\jsdom\lib\jsdom\living\generated\EventListener.js:26:30)
    at innerInvokeEventListeners (C:\Users\nwong\Documents\Projects\Group2SWE\SWEGroup2\node_modules\jsdom\lib\jsdom\li
ving\events\EventTarget-impl.js:350:25)
Error: Uncaught [Error: Element type is invalid: expected a string (for built-in components) or a class/function (for 
composite components) but got: undefined. You likely forgot to export your component from the file it's defined in, or 
you might have mixed up default and named imports.]
    at reportException (C:\Users\nwong\Documents\Projects\Group2SWE\SWEGroup2\node_modules\jsdom\lib\jsdom\living\helpe
rs\runtime-script-errors.js:66:24)
    at innerInvokeEventListeners (C:\Users\nwong\Documents\Projects\Group2SWE\SWEGroup2\node_modules\jsdom\lib\jsdom\li
ving\events\EventTarget-impl.js:353:9)
    at invokeEventListeners (C:\Users\nwong\Documents\Projects\Group2SWE\SWEGroup2\node_modules\jsdom\lib\jsdom\living\
events\EventTarget-impl.js:286:3)
    at HTMLUnknownElementImpl._dispatch (C:\Users\nwong\Documents\Projects\Group2SWE\SWEGroup2\node_modules\jsdom\lib\j
sdom\living\events\EventTarget-impl.js:233:9)
    at HTMLUnknownElementImpl.dispatchEvent (C:\Users\nwong\Documents\Projects\Group2SWE\SWEGroup2\node_modules\jsdom\l
ib\jsdom\living\events\EventTarget-impl.js:104:17)
    at HTMLUnknownElement.dispatchEvent (C:\Users\nwong\Documents\Projects\Group2SWE\SWEGroup2\node_modules\jsdom\lib\j
sdom\living\generated\EventTarget.js:241:34)
    at Object.invokeGuardedCallbackDev 
(C:\Users\nwong\Documents\Projects\Group2SWE\SWEGroup2\node_modules\react-dom\cjs\react-dom.development.js:4213:16)
    at invokeGuardedCallback 
(C:\Users\nwong\Documents\Projects\Group2SWE\SWEGroup2\node_modules\react-dom\cjs\react-dom.development.js:4277:31)
    at beginWork$1 
(C:\Users\nwong\Documents\Projects\Group2SWE\SWEGroup2\node_modules\react-dom\cjs\react-dom.development.js:27490:7)
    at performUnitOfWork 
(C:\Users\nwong\Documents\Projects\Group2SWE\SWEGroup2\node_modules\react-dom\cjs\react-dom.development.js:26599:12) 
Error: Element type is invalid: expected a string (for built-in components) or a class/function (for composite 
components) but got: undefined. You likely forgot to export your component from the file it's defined in, or you might 
have mixed up default and named imports.
    at createFiberFromTypeAndProps 
(C:\Users\nwong\Documents\Projects\Group2SWE\SWEGroup2\node_modules\react-dom\cjs\react-dom.development.js:28478:17)
    at createFiberFromElement 
(C:\Users\nwong\Documents\Projects\Group2SWE\SWEGroup2\node_modules\react-dom\cjs\react-dom.development.js:28504:15)
    at reconcileSingleElement 
(C:\Users\nwong\Documents\Projects\Group2SWE\SWEGroup2\node_modules\react-dom\cjs\react-dom.development.js:13986:23)
    at reconcileChildFibers 
(C:\Users\nwong\Documents\Projects\Group2SWE\SWEGroup2\node_modules\react-dom\cjs\react-dom.development.js:14044:35)
    at reconcileChildren 
(C:\Users\nwong\Documents\Projects\Group2SWE\SWEGroup2\node_modules\react-dom\cjs\react-dom.development.js:19193:28)
    at updateHostRoot 
(C:\Users\nwong\Documents\Projects\Group2SWE\SWEGroup2\node_modules\react-dom\cjs\react-dom.development.js:19912:5)
    at beginWork 
(C:\Users\nwong\Documents\Projects\Group2SWE\SWEGroup2\node_modules\react-dom\cjs\react-dom.development.js:21654:14)
    at HTMLUnknownElement.callCallback 
(C:\Users\nwong\Documents\Projects\Group2SWE\SWEGroup2\node_modules\react-dom\cjs\react-dom.development.js:4164:14)
    at HTMLUnknownElement.callTheUserObjectsOperation (C:\Users\nwong\Documents\Projects\Group2SWE\SWEGroup2\node_modul
es\jsdom\lib\jsdom\living\generated\EventListener.js:26:30)
    at innerInvokeEventListeners (C:\Users\nwong\Documents\Projects\Group2SWE\SWEGroup2\node_modules\jsdom\lib\jsdom\li
ving\events\EventTarget-impl.js:350:25)
Error: Uncaught [Error: Element type is invalid: expected a string (for built-in components) or a class/function (for 
composite components) but got: undefined. You likely forgot to export your component from the file it's defined in, or 
you might have mixed up default and named imports.]
    at reportException (C:\Users\nwong\Documents\Projects\Group2SWE\SWEGroup2\node_modules\jsdom\lib\jsdom\living\helpe
rs\runtime-script-errors.js:66:24)
    at innerInvokeEventListeners (C:\Users\nwong\Documents\Projects\Group2SWE\SWEGroup2\node_modules\jsdom\lib\jsdom\li
ving\events\EventTarget-impl.js:353:9)
    at invokeEventListeners (C:\Users\nwong\Documents\Projects\Group2SWE\SWEGroup2\node_modules\jsdom\lib\jsdom\living\
events\EventTarget-impl.js:286:3)
    at HTMLUnknownElementImpl._dispatch (C:\Users\nwong\Documents\Projects\Group2SWE\SWEGroup2\node_modules\jsdom\lib\j
sdom\living\events\EventTarget-impl.js:233:9)
    at HTMLUnknownElementImpl.dispatchEvent (C:\Users\nwong\Documents\Projects\Group2SWE\SWEGroup2\node_modules\jsdom\l
ib\jsdom\living\events\EventTarget-impl.js:104:17)
    at HTMLUnknownElement.dispatchEvent (C:\Users\nwong\Documents\Projects\Group2SWE\SWEGroup2\node_modules\jsdom\lib\j
sdom\living\generated\EventTarget.js:241:34)
    at Object.invokeGuardedCallbackDev 
(C:\Users\nwong\Documents\Projects\Group2SWE\SWEGroup2\node_modules\react-dom\cjs\react-dom.development.js:4213:16)
    at invokeGuardedCallback 
(C:\Users\nwong\Documents\Projects\Group2SWE\SWEGroup2\node_modules\react-dom\cjs\react-dom.development.js:4277:31)
    at beginWork$1 
(C:\Users\nwong\Documents\Projects\Group2SWE\SWEGroup2\node_modules\react-dom\cjs\react-dom.development.js:27490:7)
    at performUnitOfWork 
(C:\Users\nwong\Documents\Projects\Group2SWE\SWEGroup2\node_modules\react-dom\cjs\react-dom.development.js:26599:12) 
Error: Element type is invalid: expected a string (for built-in components) or a class/function (for composite 
components) but got: undefined. You likely forgot to export your component from the file it's defined in, or you might 
have mixed up default and named imports.
    at createFiberFromTypeAndProps 
(C:\Users\nwong\Documents\Projects\Group2SWE\SWEGroup2\node_modules\react-dom\cjs\react-dom.development.js:28478:17)
    at createFiberFromElement 
(C:\Users\nwong\Documents\Projects\Group2SWE\SWEGroup2\node_modules\react-dom\cjs\react-dom.development.js:28504:15)
    at reconcileSingleElement 
(C:\Users\nwong\Documents\Projects\Group2SWE\SWEGroup2\node_modules\react-dom\cjs\react-dom.development.js:13986:23)
    at reconcileChildFibers 
(C:\Users\nwong\Documents\Projects\Group2SWE\SWEGroup2\node_modules\react-dom\cjs\react-dom.development.js:14044:35)
    at reconcileChildren 
(C:\Users\nwong\Documents\Projects\Group2SWE\SWEGroup2\node_modules\react-dom\cjs\react-dom.development.js:19193:28)
    at updateHostRoot 
(C:\Users\nwong\Documents\Projects\Group2SWE\SWEGroup2\node_modules\react-dom\cjs\react-dom.development.js:19912:5)
    at beginWork 
(C:\Users\nwong\Documents\Projects\Group2SWE\SWEGroup2\node_modules\react-dom\cjs\react-dom.development.js:21654:14)
    at HTMLUnknownElement.callCallback 
(C:\Users\nwong\Documents\Projects\Group2SWE\SWEGroup2\node_modules\react-dom\cjs\react-dom.development.js:4164:14)
    at HTMLUnknownElement.callTheUserObjectsOperation (C:\Users\nwong\Documents\Projects\Group2SWE\SWEGroup2\node_modul
es\jsdom\lib\jsdom\living\generated\EventListener.js:26:30)
    at innerInvokeEventListeners (C:\Users\nwong\Documents\Projects\Group2SWE\SWEGroup2\node_modules\jsdom\lib\jsdom\li
ving\events\EventTarget-impl.js:350:25)
[90mstderr[2m | src/components/__tests__/ProfileButton.test.tsx[2m > [22m[2mProfileButton[2m > [22m[2mrenders 
header variant when header prop is true
[22m[39mWarning: React.jsx: type is invalid -- expected a string (for built-in components) or a class/function (for 
composite components) but got: undefined. You likely forgot to export your component from the file it's defined in, or 
you might have mixed up default and named imports.

Check your code at ProfileButton.test.tsx:87.

[90mstderr[2m | src/components/__tests__/ProfileButton.test.tsx[2m > [22m[2mProfileButton[2m > [22m[2mrenders 
default variant when header prop is false
[22m[39mWarning: React.jsx: type is invalid -- expected a string (for built-in components) or a class/function (for 
composite components) but got: undefined. You likely forgot to export your component from the file it's defined in, or 
you might have mixed up default and named imports.

Check your code at ProfileButton.test.tsx:94.

[90mstderr[2m | src/components/__tests__/ProfileButton.test.tsx[2m > [22m[2mProfileButton[2m > [22m[2mhas 
correct aria-label
[90mstdout[2m | src/components/__tests__/MachineModal.test.tsx[2m > [22m[2mMachineModal[2m > [22m[2muses absolute position in container mode
[22m[39mTile data changed, updating modal state: {
  id: [33m1[39m,
  equipment: {
    name: [32m'Test Machine'[39m,
    description: [32m'Test description'[39m,
    musclesTargeted: [ [32m'Chest'[39m, [32m'Back'[39m ],
    benefits: [ [32m'Exercise A'[39m, [32m'Exercise B'[39m ]
  },
  xCoord: [33m20[39m,
  yCoord: [33m160[39m,
  width: [33m240[39m,
[22m[39mWarning: React.jsx: type is invalid -- expected a string (for built-in components) or a class/function (for 
composite components) but got: undefined. You likely forgot to export your component from the file it's defined in, or 
you might have mixed up default and named imports.

Check your code at ProfileButton.test.tsx:100.

Error: Uncaught [Error: [vitest] No "SearchMapPage" export is defined on the "../../pages" mock. Did you forget to 
return it from "vi.mock"?
If you need to partially mock a module, you can use "importOriginal" helper inside:
]
    at reportException (C:\Users\nwong\Documents\Projects\Group2SWE\SWEGroup2\node_modules\jsdom\lib\jsdom\living\helpe
rs\runtime-script-errors.js:66:24)
    at innerInvokeEventListeners (C:\Users\nwong\Documents\Projects\Group2SWE\SWEGroup2\node_modules\jsdom\lib\jsdom\li
ving\events\EventTarget-impl.js:353:9)
    at invokeEventListeners (C:\Users\nwong\Documents\Projects\Group2SWE\SWEGroup2\node_modules\jsdom\lib\jsdom\living\
events\EventTarget-impl.js:286:3)
    at HTMLUnknownElementImpl._dispatch (C:\Users\nwong\Documents\Projects\Group2SWE\SWEGroup2\node_modules\jsdom\lib\j
sdom\living\events\EventTarget-impl.js:233:9)
    at HTMLUnknownElementImpl.dispatchEvent (C:\Users\nwong\Documents\Projects\Group2SWE\SWEGroup2\node_modules\jsdom\l
ib\jsdom\living\events\EventTarget-impl.js:104:17)
    at HTMLUnknownElement.dispatchEvent (C:\Users\nwong\Documents\Projects\Group2SWE\SWEGroup2\node_modules\jsdom\lib\j
sdom\living\generated\EventTarget.js:241:34)
    at Object.invokeGuardedCallbackDev 
(C:\Users\nwong\Documents\Projects\Group2SWE\SWEGroup2\node_modules\react-dom\cjs\react-dom.development.js:4213:16)
    at invokeGuardedCallback 
(C:\Users\nwong\Documents\Projects\Group2SWE\SWEGroup2\node_modules\react-dom\cjs\react-dom.development.js:4277:31)
    at beginWork$1 
(C:\Users\nwong\Documents\Projects\Group2SWE\SWEGroup2\node_modules\react-dom\cjs\react-dom.development.js:27490:7)
    at performUnitOfWork 
(C:\Users\nwong\Documents\Projects\Group2SWE\SWEGroup2\node_modules\react-dom\cjs\react-dom.development.js:26599:12) 
Error: [vitest] No "SearchMapPage" export is defined on the "../../pages" mock. Did you forget to return it from 
"vi.mock"?
If you need to partially mock a module, you can use "importOriginal" helper inside:

    at VitestMocker.createError (file:///C:/Users/nwong/Documents/Projects/Group2SWE/SWEGroup2/node_modules/vitest/dist
/chunks/startModuleRunner.Iz2V0ESw.js:311:17)
    at Object.get (file:///C:/Users/nwong/Documents/Projects/Group2SWE/SWEGroup2/node_modules/vitest/dist/chunks/startM
oduleRunner.Iz2V0ESw.js:384:16)
    at App (C:/Users/nwong/Documents/Projects/Group2SWE/SWEGroup2/src/App.tsx:32:43)
    at renderWithHooks 
(C:\Users\nwong\Documents\Projects\Group2SWE\SWEGroup2\node_modules\react-dom\cjs\react-dom.development.js:15486:18)
    at mountIndeterminateComponent 
(C:\Users\nwong\Documents\Projects\Group2SWE\SWEGroup2\node_modules\react-dom\cjs\react-dom.development.js:20103:13)
    at beginWork 
(C:\Users\nwong\Documents\Projects\Group2SWE\SWEGroup2\node_modules\react-dom\cjs\react-dom.development.js:21626:16)
    at HTMLUnknownElement.callCallback 
(C:\Users\nwong\Documents\Projects\Group2SWE\SWEGroup2\node_modules\react-dom\cjs\react-dom.development.js:4164:14)
    at HTMLUnknownElement.callTheUserObjectsOperation (C:\Users\nwong\Documents\Projects\Group2SWE\SWEGroup2\node_modul
es\jsdom\lib\jsdom\living\generated\EventListener.js:26:30)
    at innerInvokeEventListeners (C:\Users\nwong\Documents\Projects\Group2SWE\SWEGroup2\node_modules\jsdom\lib\jsdom\li
ving\events\EventTarget-impl.js:350:25)
    at invokeEventListeners (C:\Users\nwong\Documents\Projects\Group2SWE\SWEGroup2\node_modules\jsdom\lib\jsdom\living\
events\EventTarget-impl.js:286:3) {
  codeFrame: 'vi.mock(import("../../pages"), async (importOriginal) => {\n' +
    '  const actual = await importOriginal()\n' +
    '  return {\n' +
    '    ...actual,\n' +
    '    // your mocked methods\n' +
    '  }\n' +
    '})'
}
Error: Uncaught [Error: [vitest] No "SearchMapPage" export is defined on the "../../pages" mock. Did you forget to 
return it from "vi.mock"?
If you need to partially mock a module, you can use "importOriginal" helper inside:
]
    at reportException (C:\Users\nwong\Documents\Projects\Group2SWE\SWEGroup2\node_modules\jsdom\lib\jsdom\living\helpe
rs\runtime-script-errors.js:66:24)
  height: [33m100[39m,
  rotation: [33m0[39m,
  colour: [32m'red'[39m
}

[90mstdout[2m | src/components/__tests__/MachineModal.test.tsx[2m > [22m[2mMachineModal[2m > [22m[2mrenders video preview placeholder when no videoUrl
[22m[39mTile data changed, updating modal state: {
  id: [33m1[39m,
  equipment: {
    name: [32m'Test Machine'[39m,
    description: [32m'Test description'[39m,
    musclesTargeted: [ [32m'Chest'[39m, [32m'Back'[39m ],
    benefits: [ [32m'Exercise A'[39m, [32m'Exercise B'[39m ]
  },
  xCoord: [33m20[39m,
  yCoord: [33m160[39m,
  width: [33m240[39m,
  height: [33m100[39m,
  rotation: [33m0[39m,
  colour: [32m'red'[39m
}

    at innerInvokeEventListeners (C:\Users\nwong\Documents\Projects\Group2SWE\SWEGroup2\node_modules\jsdom\lib\jsdom\li
ving\events\EventTarget-impl.js:353:9)
    at invokeEventListeners (C:\Users\nwong\Documents\Projects\Group2SWE\SWEGroup2\node_modules\jsdom\lib\jsdom\living\
events\EventTarget-impl.js:286:3)
    at HTMLUnknownElementImpl._dispatch (C:\Users\nwong\Documents\Projects\Group2SWE\SWEGroup2\node_modules\jsdom\lib\j
sdom\living\events\EventTarget-impl.js:233:9)
    at HTMLUnknownElementImpl.dispatchEvent (C:\Users\nwong\Documents\Projects\Group2SWE\SWEGroup2\node_modules\jsdom\l
ib\jsdom\living\events\EventTarget-impl.js:104:17)
    at HTMLUnknownElement.dispatchEvent (C:\Users\nwong\Documents\Projects\Group2SWE\SWEGroup2\node_modules\jsdom\lib\j
sdom\living\generated\EventTarget.js:241:34)
    at Object.invokeGuardedCallbackDev 
(C:\Users\nwong\Documents\Projects\Group2SWE\SWEGroup2\node_modules\react-dom\cjs\react-dom.development.js:4213:16)
    at invokeGuardedCallback 
(C:\Users\nwong\Documents\Projects\Group2SWE\SWEGroup2\node_modules\react-dom\cjs\react-dom.development.js:4277:31)
    at beginWork$1 
(C:\Users\nwong\Documents\Projects\Group2SWE\SWEGroup2\node_modules\react-dom\cjs\react-dom.development.js:27490:7)
    at performUnitOfWork 
(C:\Users\nwong\Documents\Projects\Group2SWE\SWEGroup2\node_modules\react-dom\cjs\react-dom.development.js:26599:12) 
Error: [vitest] No "SearchMapPage" export is defined on the "../../pages" mock. Did you forget to return it from 
"vi.mock"?
If you need to partially mock a module, you can use "importOriginal" helper inside:

    at VitestMocker.createError (file:///C:/Users/nwong/Documents/Projects/Group2SWE/SWEGroup2/node_modules/vitest/dist
/chunks/startModuleRunner.Iz2V0ESw.js:311:17)
    at Object.get (file:///C:/Users/nwong/Documents/Projects/Group2SWE/SWEGroup2/node_modules/vitest/dist/chunks/startM
oduleRunner.Iz2V0ESw.js:384:16)
    at App (C:/Users/nwong/Documents/Projects/Group2SWE/SWEGroup2/src/App.tsx:32:43)
    at renderWithHooks 
(C:\Users\nwong\Documents\Projects\Group2SWE\SWEGroup2\node_modules\react-dom\cjs\react-dom.development.js:15486:18)
    at mountIndeterminateComponent 
(C:\Users\nwong\Documents\Projects\Group2SWE\SWEGroup2\node_modules\react-dom\cjs\react-dom.development.js:20103:13)
    at beginWork 
(C:\Users\nwong\Documents\Projects\Group2SWE\SWEGroup2\node_modules\react-dom\cjs\react-dom.development.js:21626:16)
    at HTMLUnknownElement.callCallback 
(C:\Users\nwong\Documents\Projects\Group2SWE\SWEGroup2\node_modules\react-dom\cjs\react-dom.development.js:4164:14)
    at HTMLUnknownElement.callTheUserObjectsOperation (C:\Users\nwong\Documents\Projects\Group2SWE\SWEGroup2\node_modul
es\jsdom\lib\jsdom\living\generated\EventListener.js:26:30)
    at innerInvokeEventListeners (C:\Users\nwong\Documents\Projects\Group2SWE\SWEGroup2\node_modules\jsdom\lib\jsdom\li
ving\events\EventTarget-impl.js:350:25)
    at invokeEventListeners (C:\Users\nwong\Documents\Projects\Group2SWE\SWEGroup2\node_modules\jsdom\lib\jsdom\living\
events\EventTarget-impl.js:286:3) {
  codeFrame: 'vi.mock(import("../../pages"), async (importOriginal) => {\n' +
    '  const actual = await importOriginal()\n' +
    '  return {\n' +
    '    ...actual,\n' +
    '    // your mocked methods\n' +
    '  }\n' +
    '})'
}
Error: Uncaught [Error: [vitest] No "SearchMapPage" export is defined on the "../../pages" mock. Did you forget to 
return it from "vi.mock"?
If you need to partially mock a module, you can use "importOriginal" helper inside:
]
    at reportException (C:\Users\nwong\Documents\Projects\Group2SWE\SWEGroup2\node_modules\jsdom\lib\jsdom\living\helpe
rs\runtime-script-errors.js:66:24)
    at innerInvokeEventListeners (C:\Users\nwong\Documents\Projects\Group2SWE\SWEGroup2\node_modules\jsdom\lib\jsdom\li
ving\events\EventTarget-impl.js:353:9)
    at invokeEventListeners (C:\Users\nwong\Documents\Projects\Group2SWE\SWEGroup2\node_modules\jsdom\lib\jsdom\living\
events\EventTarget-impl.js:286:3)
    at HTMLUnknownElementImpl._dispatch (C:\Users\nwong\Documents\Projects\Group2SWE\SWEGroup2\node_modules\jsdom\lib\j
sdom\living\events\EventTarget-impl.js:233:9)
    at HTMLUnknownElementImpl.dispatchEvent (C:\Users\nwong\Documents\Projects\Group2SWE\SWEGroup2\node_modules\jsdom\l
ib\jsdom\living\events\EventTarget-impl.js:104:17)
    at HTMLUnknownElement.dispatchEvent (C:\Users\nwong\Documents\Projects\Group2SWE\SWEGroup2\node_modules\jsdom\lib\j
sdom\living\generated\EventTarget.js:241:34)
    at Object.invokeGuardedCallbackDev 
(C:\Users\nwong\Documents\Projects\Group2SWE\SWEGroup2\node_modules\react-dom\cjs\react-dom.development.js:4213:16)
    at invokeGuardedCallback 
(C:\Users\nwong\Documents\Projects\Group2SWE\SWEGroup2\node_modules\react-dom\cjs\react-dom.development.js:4277:31)
    at beginWork$1 
(C:\Users\nwong\Documents\Projects\Group2SWE\SWEGroup2\node_modules\react-dom\cjs\react-dom.development.js:27490:7)
    at performUnitOfWork 
(C:\Users\nwong\Documents\Projects\Group2SWE\SWEGroup2\node_modules\react-dom\cjs\react-dom.development.js:26599:12) 
Error: [vitest] No "SearchMapPage" export is defined on the "../../pages" mock. Did you forget to return it from 
"vi.mock"?
If you need to partially mock a module, you can use "importOriginal" helper inside:

    at VitestMocker.createError (file:///C:/Users/nwong/Documents/Projects/Group2SWE/SWEGroup2/node_modules/vitest/dist
/chunks/startModuleRunner.Iz2V0ESw.js:311:17)
    at Object.get (file:///C:/Users/nwong/Documents/Projects/Group2SWE/SWEGroup2/node_modules/vitest/dist/chunks/startM
oduleRunner.Iz2V0ESw.js:384:16)
    at App (C:/Users/nwong/Documents/Projects/Group2SWE/SWEGroup2/src/App.tsx:32:43)
    at renderWithHooks 
(C:\Users\nwong\Documents\Projects\Group2SWE\SWEGroup2\node_modules\react-dom\cjs\react-dom.development.js:15486:18)
    at mountIndeterminateComponent 
(C:\Users\nwong\Documents\Projects\Group2SWE\SWEGroup2\node_modules\react-dom\cjs\react-dom.development.js:20103:13)
    at beginWork 
(C:\Users\nwong\Documents\Projects\Group2SWE\SWEGroup2\node_modules\react-dom\cjs\react-dom.development.js:21626:16)
    at HTMLUnknownElement.callCallback 
(C:\Users\nwong\Documents\Projects\Group2SWE\SWEGroup2\node_modules\react-dom\cjs\react-dom.development.js:4164:14)
    at HTMLUnknownElement.callTheUserObjectsOperation (C:\Users\nwong\Documents\Projects\Group2SWE\SWEGroup2\node_modul
es\jsdom\lib\jsdom\living\generated\EventListener.js:26:30)
    at innerInvokeEventListeners (C:\Users\nwong\Documents\Projects\Group2SWE\SWEGroup2\node_modules\jsdom\lib\jsdom\li
ving\events\EventTarget-impl.js:350:25)
    at invokeEventListeners (C:\Users\nwong\Documents\Projects\Group2SWE\SWEGroup2\node_modules\jsdom\lib\jsdom\living\
events\EventTarget-impl.js:286:3) {
  codeFrame: 'vi.mock(import("../../pages"), async (importOriginal) => {\n' +
    '  const actual = await importOriginal()\n' +
    '  return {\n' +
    '    ...actual,\n' +
    '    // your mocked methods\n' +
    '  }\n' +
    '})'
}
Error: Uncaught [Error: [vitest] No "SearchMapPage" export is defined on the "../../pages" mock. Did you forget to 
return it from "vi.mock"?
If you need to partially mock a module, you can use "importOriginal" helper inside:
]
    at reportException (C:\Users\nwong\Documents\Projects\Group2SWE\SWEGroup2\node_modules\jsdom\lib\jsdom\living\helpe
rs\runtime-script-errors.js:66:24)
    at innerInvokeEventListeners (C:\Users\nwong\Documents\Projects\Group2SWE\SWEGroup2\node_modules\jsdom\lib\jsdom\li
ving\events\EventTarget-impl.js:353:9)
    at invokeEventListeners (C:\Users\nwong\Documents\Projects\Group2SWE\SWEGroup2\node_modules\jsdom\lib\jsdom\living\
events\EventTarget-impl.js:286:3)
    at HTMLUnknownElementImpl._dispatch (C:\Users\nwong\Documents\Projects\Group2SWE\SWEGroup2\node_modules\jsdom\lib\j
sdom\living\events\EventTarget-impl.js:233:9)
    at HTMLUnknownElementImpl.dispatchEvent (C:\Users\nwong\Documents\Projects\Group2SWE\SWEGroup2\node_modules\jsdom\l
ib\jsdom\living\events\EventTarget-impl.js:104:17)
    at HTMLUnknownElement.dispatchEvent (C:\Users\nwong\Documents\Projects\Group2SWE\SWEGroup2\node_modules\jsdom\lib\j
sdom\living\generated\EventTarget.js:241:34)
    at Object.invokeGuardedCallbackDev 
(C:\Users\nwong\Documents\Projects\Group2SWE\SWEGroup2\node_modules\react-dom\cjs\react-dom.development.js:4213:16)
    at invokeGuardedCallback 
(C:\Users\nwong\Documents\Projects\Group2SWE\SWEGroup2\node_modules\react-dom\cjs\react-dom.development.js:4277:31)
    at beginWork$1 
(C:\Users\nwong\Documents\Projects\Group2SWE\SWEGroup2\node_modules\react-dom\cjs\react-dom.development.js:27490:7)
    at performUnitOfWork 
(C:\Users\nwong\Documents\Projects\Group2SWE\SWEGroup2\node_modules\react-dom\cjs\react-dom.development.js:26599:12) 
Error: [vitest] No "SearchMapPage" export is defined on the "../../pages" mock. Did you forget to return it from 
"vi.mock"?
If you need to partially mock a module, you can use "importOriginal" helper inside:

    at VitestMocker.createError (file:///C:/Users/nwong/Documents/Projects/Group2SWE/SWEGroup2/node_modules/vitest/dist
/chunks/startModuleRunner.Iz2V0ESw.js:311:17)
    at Object.get (file:///C:/Users/nwong/Documents/Projects/Group2SWE/SWEGroup2/node_modules/vitest/dist/chunks/startM
oduleRunner.Iz2V0ESw.js:384:16)
    at App (C:/Users/nwong/Documents/Projects/Group2SWE/SWEGroup2/src/App.tsx:32:43)
    at renderWithHooks 
(C:\Users\nwong\Documents\Projects\Group2SWE\SWEGroup2\node_modules\react-dom\cjs\react-dom.development.js:15486:18)
    at mountIndeterminateComponent 
(C:\Users\nwong\Documents\Projects\Group2SWE\SWEGroup2\node_modules\react-dom\cjs\react-dom.development.js:20103:13)
    at beginWork 
(C:\Users\nwong\Documents\Projects\Group2SWE\SWEGroup2\node_modules\react-dom\cjs\react-dom.development.js:21626:16)
    at HTMLUnknownElement.callCallback 
(C:\Users\nwong\Documents\Projects\Group2SWE\SWEGroup2\node_modules\react-dom\cjs\react-dom.development.js:4164:14)
    at HTMLUnknownElement.callTheUserObjectsOperation (C:\Users\nwong\Documents\Projects\Group2SWE\SWEGroup2\node_modul
es\jsdom\lib\jsdom\living\generated\EventListener.js:26:30)
    at innerInvokeEventListeners (C:\Users\nwong\Documents\Projects\Group2SWE\SWEGroup2\node_modules\jsdom\lib\jsdom\li
ving\events\EventTarget-impl.js:350:25)
    at invokeEventListeners (C:\Users\nwong\Documents\Projects\Group2SWE\SWEGroup2\node_modules\jsdom\lib\jsdom\living\
events\EventTarget-impl.js:286:3) {
  codeFrame: 'vi.mock(import("../../pages"), async (importOriginal) => {\n' +
    '  const actual = await importOriginal()\n' +
    '  return {\n' +
    '    ...actual,\n' +
    '    // your mocked methods\n' +
    '  }\n' +
    '})'
}
Error: Uncaught [Error: [vitest] No "SearchMapPage" export is defined on the "../../pages" mock. Did you forget to 
return it from "vi.mock"?
If you need to partially mock a module, you can use "importOriginal" helper inside:
]
    at reportException (C:\Users\nwong\Documents\Projects\Group2SWE\SWEGroup2\node_modules\jsdom\lib\jsdom\living\helpe
rs\runtime-script-errors.js:66:24)
    at innerInvokeEventListeners (C:\Users\nwong\Documents\Projects\Group2SWE\SWEGroup2\node_modules\jsdom\lib\jsdom\li
ving\events\EventTarget-impl.js:353:9)
    at invokeEventListeners (C:\Users\nwong\Documents\Projects\Group2SWE\SWEGroup2\node_modules\jsdom\lib\jsdom\living\
events\EventTarget-impl.js:286:3)
    at HTMLUnknownElementImpl._dispatch (C:\Users\nwong\Documents\Projects\Group2SWE\SWEGroup2\node_modules\jsdom\lib\j
sdom\living\events\EventTarget-impl.js:233:9)
    at HTMLUnknownElementImpl.dispatchEvent (C:\Users\nwong\Documents\Projects\Group2SWE\SWEGroup2\node_modules\jsdom\l
ib\jsdom\living\events\EventTarget-impl.js:104:17)
    at HTMLUnknownElement.dispatchEvent (C:\Users\nwong\Documents\Projects\Group2SWE\SWEGroup2\node_modules\jsdom\lib\j
sdom\living\generated\EventTarget.js:241:34)
    at Object.invokeGuardedCallbackDev 
(C:\Users\nwong\Documents\Projects\Group2SWE\SWEGroup2\node_modules\react-dom\cjs\react-dom.development.js:4213:16)
    at invokeGuardedCallback 
(C:\Users\nwong\Documents\Projects\Group2SWE\SWEGroup2\node_modules\react-dom\cjs\react-dom.development.js:4277:31)
    at beginWork$1 
(C:\Users\nwong\Documents\Projects\Group2SWE\SWEGroup2\node_modules\react-dom\cjs\react-dom.development.js:27490:7)
    at performUnitOfWork 
(C:\Users\nwong\Documents\Projects\Group2SWE\SWEGroup2\node_modules\react-dom\cjs\react-dom.development.js:26599:12) 
Error: [vitest] No "SearchMapPage" export is defined on the "../../pages" mock. Did you forget to return it from 
"vi.mock"?
If you need to partially mock a module, you can use "importOriginal" helper inside:

    at VitestMocker.createError (file:///C:/Users/nwong/Documents/Projects/Group2SWE/SWEGroup2/node_modules/vitest/dist
/chunks/startModuleRunner.Iz2V0ESw.js:311:17)
    at Object.get (file:///C:/Users/nwong/Documents/Projects/Group2SWE/SWEGroup2/node_modules/vitest/dist/chunks/startM
oduleRunner.Iz2V0ESw.js:384:16)
    at App (C:/Users/nwong/Documents/Projects/Group2SWE/SWEGroup2/src/App.tsx:32:43)
    at renderWithHooks 
(C:\Users\nwong\Documents\Projects\Group2SWE\SWEGroup2\node_modules\react-dom\cjs\react-dom.development.js:15486:18)
    at mountIndeterminateComponent 
(C:\Users\nwong\Documents\Projects\Group2SWE\SWEGroup2\node_modules\react-dom\cjs\react-dom.development.js:20103:13)
    at beginWork 
(C:\Users\nwong\Documents\Projects\Group2SWE\SWEGroup2\node_modules\react-dom\cjs\react-dom.development.js:21626:16)
    at HTMLUnknownElement.callCallback 
(C:\Users\nwong\Documents\Projects\Group2SWE\SWEGroup2\node_modules\react-dom\cjs\react-dom.development.js:4164:14)
    at HTMLUnknownElement.callTheUserObjectsOperation (C:\Users\nwong\Documents\Projects\Group2SWE\SWEGroup2\node_modul
es\jsdom\lib\jsdom\living\generated\EventListener.js:26:30)
    at innerInvokeEventListeners (C:\Users\nwong\Documents\Projects\Group2SWE\SWEGroup2\node_modules\jsdom\lib\jsdom\li
ving\events\EventTarget-impl.js:350:25)
    at invokeEventListeners (C:\Users\nwong\Documents\Projects\Group2SWE\SWEGroup2\node_modules\jsdom\lib\jsdom\living\
events\EventTarget-impl.js:286:3) {
  codeFrame: 'vi.mock(import("../../pages"), async (importOriginal) => {\n' +
    '  const actual = await importOriginal()\n' +
    '  return {\n' +
    '    ...actual,\n' +
    '    // your mocked methods\n' +
    '  }\n' +
    '})'
}
Error: Uncaught [Error: [vitest] No "SearchMapPage" export is defined on the "../../pages" mock. Did you forget to 
return it from "vi.mock"?
If you need to partially mock a module, you can use "importOriginal" helper inside:
]
    at reportException (C:\Users\nwong\Documents\Projects\Group2SWE\SWEGroup2\node_modules\jsdom\lib\jsdom\living\helpe
rs\runtime-script-errors.js:66:24)
    at innerInvokeEventListeners (C:\Users\nwong\Documents\Projects\Group2SWE\SWEGroup2\node_modules\jsdom\lib\jsdom\li
ving\events\EventTarget-impl.js:353:9)
    at invokeEventListeners (C:\Users\nwong\Documents\Projects\Group2SWE\SWEGroup2\node_modules\jsdom\lib\jsdom\living\
events\EventTarget-impl.js:286:3)
    at HTMLUnknownElementImpl._dispatch (C:\Users\nwong\Documents\Projects\Group2SWE\SWEGroup2\node_modules\jsdom\lib\j
sdom\living\events\EventTarget-impl.js:233:9)
    at HTMLUnknownElementImpl.dispatchEvent (C:\Users\nwong\Documents\Projects\Group2SWE\SWEGroup2\node_modules\jsdom\l
ib\jsdom\living\events\EventTarget-impl.js:104:17)
    at HTMLUnknownElement.dispatchEvent (C:\Users\nwong\Documents\Projects\Group2SWE\SWEGroup2\node_modules\jsdom\lib\j
sdom\living\generated\EventTarget.js:241:34)
    at Object.invokeGuardedCallbackDev 
(C:\Users\nwong\Documents\Projects\Group2SWE\SWEGroup2\node_modules\react-dom\cjs\react-dom.development.js:4213:16)
    at invokeGuardedCallback 
(C:\Users\nwong\Documents\Projects\Group2SWE\SWEGroup2\node_modules\react-dom\cjs\react-dom.development.js:4277:31)
    at beginWork$1 
(C:\Users\nwong\Documents\Projects\Group2SWE\SWEGroup2\node_modules\react-dom\cjs\react-dom.development.js:27490:7)
    at performUnitOfWork 
(C:\Users\nwong\Documents\Projects\Group2SWE\SWEGroup2\node_modules\react-dom\cjs\react-dom.development.js:26599:12) 
Error: [vitest] No "SearchMapPage" export is defined on the "../../pages" mock. Did you forget to return it from 
"vi.mock"?
If you need to partially mock a module, you can use "importOriginal" helper inside:

    at VitestMocker.createError (file:///C:/Users/nwong/Documents/Projects/Group2SWE/SWEGroup2/node_modules/vitest/dist
/chunks/startModuleRunner.Iz2V0ESw.js:311:17)
    at Object.get (file:///C:/Users/nwong/Documents/Projects/Group2SWE/SWEGroup2/node_modules/vitest/dist/chunks/startM
oduleRunner.Iz2V0ESw.js:384:16)
    at App (C:/Users/nwong/Documents/Projects/Group2SWE/SWEGroup2/src/App.tsx:32:43)
    at renderWithHooks 
(C:\Users\nwong\Documents\Projects\Group2SWE\SWEGroup2\node_modules\react-dom\cjs\react-dom.development.js:15486:18)
    at mountIndeterminateComponent 
(C:\Users\nwong\Documents\Projects\Group2SWE\SWEGroup2\node_modules\react-dom\cjs\react-dom.development.js:20103:13)
    at beginWork 
(C:\Users\nwong\Documents\Projects\Group2SWE\SWEGroup2\node_modules\react-dom\cjs\react-dom.development.js:21626:16)
    at HTMLUnknownElement.callCallback 
(C:\Users\nwong\Documents\Projects\Group2SWE\SWEGroup2\node_modules\react-dom\cjs\react-dom.development.js:4164:14)
    at HTMLUnknownElement.callTheUserObjectsOperation (C:\Users\nwong\Documents\Projects\Group2SWE\SWEGroup2\node_modul
es\jsdom\lib\jsdom\living\generated\EventListener.js:26:30)
    at innerInvokeEventListeners (C:\Users\nwong\Documents\Projects\Group2SWE\SWEGroup2\node_modules\jsdom\lib\jsdom\li
ving\events\EventTarget-impl.js:350:25)
    at invokeEventListeners (C:\Users\nwong\Documents\Projects\Group2SWE\SWEGroup2\node_modules\jsdom\lib\jsdom\living\
events\EventTarget-impl.js:286:3) {
  codeFrame: 'vi.mock(import("../../pages"), async (importOriginal) => {\n' +
    '  const actual = await importOriginal()\n' +
    '  return {\n' +
    '    ...actual,\n' +
    '    // your mocked methods\n' +
    '  }\n' +
    '})'
}
Error: Uncaught [Error: Element type is invalid: expected a string (for built-in components) or a class/function (for 
composite components) but got: undefined. You likely forgot to export your component from the file it's defined in, or 
you might have mixed up default and named imports.]
    at reportException (C:\Users\nwong\Documents\Projects\Group2SWE\SWEGroup2\node_modules\jsdom\lib\jsdom\living\helpe
rs\runtime-script-errors.js:66:24)
    at innerInvokeEventListeners (C:\Users\nwong\Documents\Projects\Group2SWE\SWEGroup2\node_modules\jsdom\lib\jsdom\li
ving\events\EventTarget-impl.js:353:9)
    at invokeEventListeners (C:\Users\nwong\Documents\Projects\Group2SWE\SWEGroup2\node_modules\jsdom\lib\jsdom\living\
events\EventTarget-impl.js:286:3)
    at HTMLUnknownElementImpl._dispatch (C:\Users\nwong\Documents\Projects\Group2SWE\SWEGroup2\node_modules\jsdom\lib\j
sdom\living\events\EventTarget-impl.js:233:9)
    at HTMLUnknownElementImpl.dispatchEvent (C:\Users\nwong\Documents\Projects\Group2SWE\SWEGroup2\node_modules\jsdom\l
ib\jsdom\living\events\EventTarget-impl.js:104:17)
    at HTMLUnknownElement.dispatchEvent (C:\Users\nwong\Documents\Projects\Group2SWE\SWEGroup2\node_modules\jsdom\lib\j
sdom\living\generated\EventTarget.js:241:34)
    at Object.invokeGuardedCallbackDev 
(C:\Users\nwong\Documents\Projects\Group2SWE\SWEGroup2\node_modules\react-dom\cjs\react-dom.development.js:4213:16)
    at invokeGuardedCallback 
(C:\Users\nwong\Documents\Projects\Group2SWE\SWEGroup2\node_modules\react-dom\cjs\react-dom.development.js:4277:31)
    at beginWork$1 
(C:\Users\nwong\Documents\Projects\Group2SWE\SWEGroup2\node_modules\react-dom\cjs\react-dom.development.js:27490:7)
    at performUnitOfWork 
(C:\Users\nwong\Documents\Projects\Group2SWE\SWEGroup2\node_modules\react-dom\cjs\react-dom.development.js:26599:12) 
Error: Element type is invalid: expected a string (for built-in components) or a class/function (for composite 
components) but got: undefined. You likely forgot to export your component from the file it's defined in, or you might 
have mixed up default and named imports.
    at createFiberFromTypeAndProps 
(C:\Users\nwong\Documents\Projects\Group2SWE\SWEGroup2\node_modules\react-dom\cjs\react-dom.development.js:28478:17)
    at createFiberFromElement 
(C:\Users\nwong\Documents\Projects\Group2SWE\SWEGroup2\node_modules\react-dom\cjs\react-dom.development.js:28504:15)
    at reconcileSingleElement 
(C:\Users\nwong\Documents\Projects\Group2SWE\SWEGroup2\node_modules\react-dom\cjs\react-dom.development.js:13986:23)
    at reconcileChildFibers 
(C:\Users\nwong\Documents\Projects\Group2SWE\SWEGroup2\node_modules\react-dom\cjs\react-dom.development.js:14044:35)
    at reconcileChildren 
(C:\Users\nwong\Documents\Projects\Group2SWE\SWEGroup2\node_modules\react-dom\cjs\react-dom.development.js:19193:28)
    at updateHostRoot 
(C:\Users\nwong\Documents\Projects\Group2SWE\SWEGroup2\node_modules\react-dom\cjs\react-dom.development.js:19912:5)
    at beginWork 
(C:\Users\nwong\Documents\Projects\Group2SWE\SWEGroup2\node_modules\react-dom\cjs\react-dom.development.js:21654:14)
    at HTMLUnknownElement.callCallback 
(C:\Users\nwong\Documents\Projects\Group2SWE\SWEGroup2\node_modules\react-dom\cjs\react-dom.development.js:4164:14)
    at HTMLUnknownElement.callTheUserObjectsOperation (C:\Users\nwong\Documents\Projects\Group2SWE\SWEGroup2\node_modul
es\jsdom\lib\jsdom\living\generated\EventListener.js:26:30)
    at innerInvokeEventListeners (C:\Users\nwong\Documents\Projects\Group2SWE\SWEGroup2\node_modules\jsdom\lib\jsdom\li
ving\events\EventTarget-impl.js:350:25)
Error: Uncaught [Error: Element type is invalid: expected a string (for built-in components) or a class/function (for 
composite components) but got: undefined. You likely forgot to export your component from the file it's defined in, or 
you might have mixed up default and named imports.]
    at reportException (C:\Users\nwong\Documents\Projects\Group2SWE\SWEGroup2\node_modules\jsdom\lib\jsdom\living\helpe
rs\runtime-script-errors.js:66:24)
    at innerInvokeEventListeners (C:\Users\nwong\Documents\Projects\Group2SWE\SWEGroup2\node_modules\jsdom\lib\jsdom\li
ving\events\EventTarget-impl.js:353:9)
    at invokeEventListeners (C:\Users\nwong\Documents\Projects\Group2SWE\SWEGroup2\node_modules\jsdom\lib\jsdom\living\
events\EventTarget-impl.js:286:3)
    at HTMLUnknownElementImpl._dispatch (C:\Users\nwong\Documents\Projects\Group2SWE\SWEGroup2\node_modules\jsdom\lib\j
sdom\living\events\EventTarget-impl.js:233:9)
    at HTMLUnknownElementImpl.dispatchEvent (C:\Users\nwong\Documents\Projects\Group2SWE\SWEGroup2\node_modules\jsdom\l
ib\jsdom\living\events\EventTarget-impl.js:104:17)
    at HTMLUnknownElement.dispatchEvent (C:\Users\nwong\Documents\Projects\Group2SWE\SWEGroup2\node_modules\jsdom\lib\j
sdom\living\generated\EventTarget.js:241:34)
    at Object.invokeGuardedCallbackDev 
(C:\Users\nwong\Documents\Projects\Group2SWE\SWEGroup2\node_modules\react-dom\cjs\react-dom.development.js:4213:16)
    at invokeGuardedCallback 
(C:\Users\nwong\Documents\Projects\Group2SWE\SWEGroup2\node_modules\react-dom\cjs\react-dom.development.js:4277:31)
    at beginWork$1 
(C:\Users\nwong\Documents\Projects\Group2SWE\SWEGroup2\node_modules\react-dom\cjs\react-dom.development.js:27490:7)
    at performUnitOfWork 
(C:\Users\nwong\Documents\Projects\Group2SWE\SWEGroup2\node_modules\react-dom\cjs\react-dom.development.js:26599:12) 
Error: Element type is invalid: expected a string (for built-in components) or a class/function (for composite 
components) but got: undefined. You likely forgot to export your component from the file it's defined in, or you might 
have mixed up default and named imports.
    at createFiberFromTypeAndProps 
(C:\Users\nwong\Documents\Projects\Group2SWE\SWEGroup2\node_modules\react-dom\cjs\react-dom.development.js:28478:17)
    at createFiberFromElement 
(C:\Users\nwong\Documents\Projects\Group2SWE\SWEGroup2\node_modules\react-dom\cjs\react-dom.development.js:28504:15)
    at reconcileSingleElement 
(C:\Users\nwong\Documents\Projects\Group2SWE\SWEGroup2\node_modules\react-dom\cjs\react-dom.development.js:13986:23)
    at reconcileChildFibers 
(C:\Users\nwong\Documents\Projects\Group2SWE\SWEGroup2\node_modules\react-dom\cjs\react-dom.development.js:14044:35)
    at reconcileChildren 
(C:\Users\nwong\Documents\Projects\Group2SWE\SWEGroup2\node_modules\react-dom\cjs\react-dom.development.js:19193:28)
    at updateHostRoot 
(C:\Users\nwong\Documents\Projects\Group2SWE\SWEGroup2\node_modules\react-dom\cjs\react-dom.development.js:19912:5)
    at beginWork 
(C:\Users\nwong\Documents\Projects\Group2SWE\SWEGroup2\node_modules\react-dom\cjs\react-dom.development.js:21654:14)
    at HTMLUnknownElement.callCallback 
(C:\Users\nwong\Documents\Projects\Group2SWE\SWEGroup2\node_modules\react-dom\cjs\react-dom.development.js:4164:14)
    at HTMLUnknownElement.callTheUserObjectsOperation (C:\Users\nwong\Documents\Projects\Group2SWE\SWEGroup2\node_modul
es\jsdom\lib\jsdom\living\generated\EventListener.js:26:30)
    at innerInvokeEventListeners (C:\Users\nwong\Documents\Projects\Group2SWE\SWEGroup2\node_modules\jsdom\lib\jsdom\li
ving\events\EventTarget-impl.js:350:25)
[90mstderr[2m | src/components/__tests__/LogOutButton.test.tsx[2m > [22m[2mLogoutButton[2m > [22m[2mhas 
correct aria-label
[22m[39mWarning: React.jsx: type is invalid -- expected a string (for built-in components) or a class/function (for 
composite components) but got: undefined. You likely forgot to export your component from the file it's defined in, or 
you might have mixed up default and named imports.

Check your code at LogOutButton.test.tsx:105.

[90mstderr[2m | src/pages/__tests__/App.test.tsx[2m > [22m[2mApp[2m > [22m[2mrenders NotFoundPage for unknown 
routes
[22m[39mThe above error occurred in the <App> component:

    at App (C:/Users/nwong/Documents/Projects/Group2SWE/SWEGroup2/src/App.tsx:16:38)
    at Router (C:\Users\nwong\Documents\Projects\Group2SWE\SWEGroup2\node_modules\react-router\dist\development\chunk-A
MVS5XVJ.js:9131:13)
    at MemoryRouter (C:\Users\nwong\Documents\Projects\Group2SWE\SWEGroup2\node_modules\react-router\dist\development\c
hunk-AMVS5XVJ.js:9053:3)

Consider adding an error boundary to your tree to customize error handling behavior.
Visit https://reactjs.org/link/error-boundaries to learn more about error boundaries.

 [31mΓ¥»[39m src/components/__tests__/ProfileButton.test.tsx [2m([22m[2m7 tests[22m[2m | [22m[31m7 failed[39m[2m)[22m[32m 80[2mms[22m[39m
[31m     [31m├ù[31m renders the profile button[39m[32m 35[2mms[22m[39m
[31m     [31m├ù[31m renders the profile icon[39m[32m 7[2mms[22m[39m
[31m     [31m├ù[31m navigates to /login when not logged in[39m[32m 7[2mms[22m[39m
[31m     [31m├ù[31m navigates to /profile when logged in[39m[32m 6[2mms[22m[39m
[31m     [31m├ù[31m renders header variant when header prop is true[39m[32m 12[2mms[22m[39m
[31m     [31m├ù[31m renders default variant when header prop is false[39m[32m 5[2mms[22m[39m
[31m     [31m├ù[31m has correct aria-label[39m[32m 5[2mms[22m[39m
[90mstdout[2m | src/components/__tests__/MachineModal.test.tsx[2m > [22m[2mMachineModal[2m > [22m[2mrenders iframe when videoUrl is provided
[22m[39mTile data changed, updating modal state: {
  id: [33m1[39m,
  equipment: { name: [32m'Video Machine'[39m, videoUrl: [32m'https://example.com/video'[39m },
  xCoord: [33m20[39m,
  yCoord: [33m160[39m,
  width: [33m240[39m,
  height: [33m100[39m,
  rotation: [33m0[39m,
  colour: [32m'red'[39m
}

[90mstdout[2m | src/components/__tests__/MachineModal.test.tsx[2m > [22m[2mMachineModal[2m > [22m[2mrenders section headings
[22m[39mTile data changed, updating modal state: {
  id: [33m1[39m,
  equipment: {
    name: [32m'Test Machine'[39m,
    description: [32m'Test description'[39m,
    musclesTargeted: [ [32m'Chest'[39m, [32m'Back'[39m ],
    benefits: [ [32m'Exercise A'[39m, [32m'Exercise B'[39m ]
  },
  xCoord: [33m20[39m,
  yCoord: [33m160[39m,
  width: [33m240[39m,
  height: [33m100[39m,
  rotation: [33m0[39m,
  colour: [32m'red'[39m
}

[90mstdout[2m | src/components/__tests__/MachineModal.test.tsx[2m > [22m[2mMachineModal[2m > [22m[2mrenders an icon if the tile has one
[22m[39mTile data changed, updating modal state: {
  id: [33m1[39m,
  equipment: { name: [32m'Icon Machine'[39m, icon: [36m[Function: icon][39m },
  xCoord: [33m20[39m,
  yCoord: [33m160[39m,
  width: [33m240[39m,
  height: [33m100[39m,
  rotation: [33m0[39m,
  colour: [32m'red'[39m
}

 [31mΓ¥»[39m src/components/__tests__/LogOutButton.test.tsx [2m([22m[2m8 tests[22m[2m | [22m[31m8 failed[39m[2m)[22m[32m 91[2mms[22m[39m
[31m     [31m├ù[31m renders logout button when logged in[39m[32m 34[2mms[22m[39m
[31m     [31m├ù[31m renders logout icon[39m[32m 8[2mms[22m[39m
[31m     [31m├ù[31m calls logout and navigates to /login on click[39m[32m 7[2mms[22m[39m
[31m     [31m├ù[31m returns null when loading[39m[32m 6[2mms[22m[39m
[31m     [31m├ù[31m returns null when not logged in[39m[32m 12[2mms[22m[39m
[31m     [31m├ù[31m renders header variant when header prop is true[39m[32m 7[2mms[22m[39m
[31m     [31m├ù[31m renders default variant when header prop is false[39m[32m 7[2mms[22m[39m
[31m     [31m├ù[31m has correct aria-label[39m[32m 7[2mms[22m[39m
 [31mΓ¥»[39m src/pages/__tests__/App.test.tsx [2m([22m[2m8 tests[22m[2m | [22m[31m8 failed[39m[2m)[22m[32m 159[2mms[22m[39m
[31m     [31m├ù[31m renders HomePage at /[39m[32m 51[2mms[22m[39m
[31m     [31m├ù[31m renders MapPage at /map[39m[32m 15[2mms[22m[39m
[31m     [31m├ù[31m renders EditMapPage at /map/edit[39m[32m 30[2mms[22m[39m
[31m     [31m├ù[31m renders SettingsPage at /settings[39m[32m 14[2mms[22m[39m
[31m     [31m├ù[31m renders LoginPage at /login[39m[32m 14[2mms[22m[39m
[31m     [31m├ù[31m renders SignUpPage at /signup[39m[32m 9[2mms[22m[39m
[31m     [31m├ù[31m renders ProfilePage at /profile[39m[32m 12[2mms[22m[39m
[31m     [31m├ù[31m renders NotFoundPage for unknown routes[39m[32m 9[2mms[22m[39m
 [31mΓ¥»[39m src/components/__tests__/DragAndDropMenu.test.tsx [2m([22m[2m6 tests[22m[2m | [22m[31m5 failed[39m[2m)[22m[32m 267[2mms[22m[39m
     [32mΓ£ô[39m renders heading[32m 189[2mms[22m[39m
[31m     [31m├ù[31m renders all equipment compoenents[39m[32m 24[2mms[22m[39m
[31m     [31m├ù[31m each template item is draggable[39m[32m 13[2mms[22m[39m
[31m     [31m├ù[31m sets dataTransfer on drag start[39m[32m 11[2mms[22m[39m
[31m     [31m├ù[31m sets correct data for each template[39m[32m 14[2mms[22m[39m
[31m     [31m├ù[31m renders icons for each template[39m[32m 12[2mms[22m[39m
 [31mΓ¥»[39m src/components/__tests__/Tile.test.tsx [2m([22m[2m38 tests[22m[2m | [22m[31m6 failed[39m[2m)[22m[33m 395[2mms[22m[39m
     [32mΓ£ô[39m renders equipment title[32m 38[2mms[22m[39m
     [32mΓ£ô[39m renders and displays title[32m 10[2mms[22m[39m
     [32mΓ£ô[39m applies colour style[32m 7[2mms[22m[39m
[31m     [31m├ù[31m calls onClick when tile is clicked and in non-edit mode[39m[32m 23[2mms[22m[39m
     [32mΓ£ô[39m does not call onClick when tile is clicked and in edit mode[32m 8[2mms[22m[39m
     [32mΓ£ô[39m renders hover effect when canHover is true and not in edit mode[32m 4[2mms[22m[39m
     [32mΓ£ô[39m does not render hover effect when canHover is false[32m 4[2mms[22m[39m
     [32mΓ£ô[39m renders move cursor in edit mode[32m 5[2mms[22m[39m
     [32mΓ£ô[39m renders without onClick provider if not provided[32m 9[2mms[22m[39m
     [32mΓ£ô[39m has correct aria-label for accessibility[32m 6[2mms[22m[39m
     [32mΓ£ô[39m applies highlighted ring class when highlighted is true[32m 14[2mms[22m[39m
     [32mΓ£ô[39m does not apply highlighted ring class when highlighted is false[32m 4[2mms[22m[39m
     [32mΓ£ô[39m renders preview mode text with text-2xl class[32m 5[2mms[22m[39m
     [32mΓ£ô[39m renders non-preview mode text with truncate class[32m 6[2mms[22m[39m
[31m     [31m├ù[31m applies fallback color for unknown colour[39m[32m 16[2mms[22m[39m
[31m     [31m├ù[31m shows delete and rotate buttons in edit mode with onUpdate[39m[32m 14[2mms[22m[39m
     [32mΓ£ô[39m shows resize handles in edit mode with onUpdate[32m 8[2mms[22m[39m
     [32mΓ£ô[39m does not show delete/rotate/resize handles without onUpdate[32m 18[2mms[22m[39m
[31m     [31m├ù[31m calls onDelete when delete button is clicked[39m[32m 18[2mms[22m[39m
[31m     [31m├ù[31m calls onUpdate with swapped dimensions when rotate button is mousedown[39m[32m 8[2mms[22m[39m
     [32mΓ£ô[39m handles drag (mousedown + mousemove + mouseup) in edit mode[32m 23[2mms[22m[39m
     [32mΓ£ô[39m handles drag in preview mode with onUpdate[32m 8[2mms[22m[39m
     [32mΓ£ô[39m does not start drag in non-edit non-preview mode[32m 6[2mms[22m[39m
     [32mΓ£ô[39m handles resize via east handle[32m 14[2mms[22m[39m
     [32mΓ£ô[39m handles resize via south handle[32m 11[2mms[22m[39m
     [32mΓ£ô[39m handles resize via north handle[32m 9[2mms[22m[39m
     [32mΓ£ô[39m handles resize via west handle[32m 10[2mms[22m[39m
     [32mΓ£ô[39m handles resize via se corner handle[32m 10[2mms[22m[39m
     [32mΓ£ô[39m handles resize via sw corner handle[32m 8[2mms[22m[39m
     [32mΓ£ô[39m handles resize via ne corner handle[32m 7[2mms[22m[39m
     [32mΓ£ô[39m handles resize via nw corner handle[32m 15[2mms[22m[39m
[31m     [31m├ù[31m applies known colour classes for each colour[39m[32m 4[2mms[22m[39m
     [32mΓ£ô[39m does not start drag without onUpdate[32m 5[2mms[22m[39m
     [32mΓ£ô[39m positions at xCoord/yCoord and rendered width/height[32m 5[2mms[22m[39m
     [32mΓ£ô[39m applies rotation transform[32m 3[2mms[22m[39m
     [32mΓ£ô[39m does not resize below minimum size[32m 12[2mms[22m[39m
     [32mΓ£ô[39m rejects drag moves that fail canPlace check[32m 8[2mms[22m[39m
     [32mΓ£ô[39m rejects resize that fails canPlace check[32m 9[2mms[22m[39m
[90mstdout[2m | src/components/__tests__/MachineModal.test.tsx[2m > [22m[2mMachineModal[2m > [22m[2madds a selected exercise from dropdown
[22m[39mTile data changed, updating modal state: {
  id: [33m11[39m,
  equipmentTypeId: [33m7[39m,
  exerciseIds: [ [33m101[39m ],
  exerciseOptions: [
    { id: [33m101[39m, name: [32m'Lat Pulldown'[39m },
    { id: [33m102[39m, name: [32m'Seated Cable Row'[39m }
  ],
  outOfOrder: [33mfalse[39m,
  equipment: {
    name: [32m'Cable Station'[39m,
    description: [32m'Multi-purpose cable machine'[39m,
    benefits: [ [32m'Lat Pulldown'[39m ],
    musclesTargeted: [ [32m'Back'[39m, [32m'Biceps'[39m ]
  },
  xCoord: [33m120[39m,
  yCoord: [33m80[39m,
  width: [33m220[39m,
  height: [33m140[39m,
  rotation: [33m0[39m,
  colour: [32m'blue'[39m
}

[vitest-pool]: Failed to terminate forks worker for test files 
C:/Users/nwong/Documents/Projects/Group2SWE/SWEGroup2/src/components/__tests__/Tile.test.tsx. Error: kill EPERM
    at ChildProcess.kill (node:internal/child_process:511:26)
    at ForksPoolWorker.stop (file:///C:/Users/nwong/Documents/Projects/Group2SWE/SWEGroup2/node_modules/vitest/dist/chu
nks/cli-api.C7sYjHmQ.js:7670:8)
    at file:///C:/Users/nwong/Documents/Projects/Group2SWE/SWEGroup2/node_modules/vitest/dist/chunks/cli-api.C7sYjHmQ.j
s:7549:118
    at Traces.$ (file:///C:/Users/nwong/Documents/Projects/Group2SWE/SWEGroup2/node_modules/vitest/dist/chunks/traces.U
4xDYhzZ.js:115:27)
    at PoolRunner.stop (file:///C:/Users/nwong/Documents/Projects/Group2SWE/SWEGroup2/node_modules/vitest/dist/chunks/c
li-api.C7sYjHmQ.js:7549:23)
    at processTicksAndRejections (node:internal/process/task_queues:105:5) {
  errno: -4048,
  code: 'EPERM',
  syscall: 'kill'
}
Error: Uncaught [Error: Element type is invalid: expected a string (for built-in components) or a class/function (for 
composite components) but got: undefined. You likely forgot to export your component from the file it's defined in, or 
you might have mixed up default and named imports.]
    at reportException (C:\Users\nwong\Documents\Projects\Group2SWE\SWEGroup2\node_modules\jsdom\lib\jsdom\living\helpe
rs\runtime-script-errors.js:66:24)
    at innerInvokeEventListeners (C:\Users\nwong\Documents\Projects\Group2SWE\SWEGroup2\node_modules\jsdom\lib\jsdom\li
ving\events\EventTarget-impl.js:353:9)
    at invokeEventListeners (C:\Users\nwong\Documents\Projects\Group2SWE\SWEGroup2\node_modules\jsdom\lib\jsdom\living\
events\EventTarget-impl.js:286:3)
    at HTMLUnknownElementImpl._dispatch (C:\Users\nwong\Documents\Projects\Group2SWE\SWEGroup2\node_modules\jsdom\lib\j
sdom\living\events\EventTarget-impl.js:233:9)
    at HTMLUnknownElementImpl.dispatchEvent (C:\Users\nwong\Documents\Projects\Group2SWE\SWEGroup2\node_modules\jsdom\l
ib\jsdom\living\events\EventTarget-impl.js:104:17)
    at HTMLUnknownElement.dispatchEvent (C:\Users\nwong\Documents\Projects\Group2SWE\SWEGroup2\node_modules\jsdom\lib\j
sdom\living\generated\EventTarget.js:241:34)
    at Object.invokeGuardedCallbackDev 
(C:\Users\nwong\Documents\Projects\Group2SWE\SWEGroup2\node_modules\react-dom\cjs\react-dom.development.js:4213:16)
    at invokeGuardedCallback 
(C:\Users\nwong\Documents\Projects\Group2SWE\SWEGroup2\node_modules\react-dom\cjs\react-dom.development.js:4277:31)
    at beginWork$1 
(C:\Users\nwong\Documents\Projects\Group2SWE\SWEGroup2\node_modules\react-dom\cjs\react-dom.development.js:27490:7)
    at performUnitOfWork 
(C:\Users\nwong\Documents\Projects\Group2SWE\SWEGroup2\node_modules\react-dom\cjs\react-dom.development.js:26599:12) 
Error: Element type is invalid: expected a string (for built-in components) or a class/function (for composite 
components) but got: undefined. You likely forgot to export your component from the file it's defined in, or you might 
have mixed up default and named imports.
    at createFiberFromTypeAndProps 
(C:\Users\nwong\Documents\Projects\Group2SWE\SWEGroup2\node_modules\react-dom\cjs\react-dom.development.js:28478:17)
    at createFiberFromElement 
(C:\Users\nwong\Documents\Projects\Group2SWE\SWEGroup2\node_modules\react-dom\cjs\react-dom.development.js:28504:15)
    at reconcileSingleElement 
(C:\Users\nwong\Documents\Projects\Group2SWE\SWEGroup2\node_modules\react-dom\cjs\react-dom.development.js:13986:23)
    at reconcileChildFibers 
(C:\Users\nwong\Documents\Projects\Group2SWE\SWEGroup2\node_modules\react-dom\cjs\react-dom.development.js:14044:35)
    at reconcileChildren 
(C:\Users\nwong\Documents\Projects\Group2SWE\SWEGroup2\node_modules\react-dom\cjs\react-dom.development.js:19193:28)
    at updateHostRoot 
(C:\Users\nwong\Documents\Projects\Group2SWE\SWEGroup2\node_modules\react-dom\cjs\react-dom.development.js:19912:5)
    at beginWork 
(C:\Users\nwong\Documents\Projects\Group2SWE\SWEGroup2\node_modules\react-dom\cjs\react-dom.development.js:21654:14)
    at HTMLUnknownElement.callCallback 
(C:\Users\nwong\Documents\Projects\Group2SWE\SWEGroup2\node_modules\react-dom\cjs\react-dom.development.js:4164:14)
    at HTMLUnknownElement.callTheUserObjectsOperation (C:\Users\nwong\Documents\Projects\Group2SWE\SWEGroup2\node_modul
es\jsdom\lib\jsdom\living\generated\EventListener.js:26:30)
    at innerInvokeEventListeners (C:\Users\nwong\Documents\Projects\Group2SWE\SWEGroup2\node_modules\jsdom\lib\jsdom\li
ving\events\EventTarget-impl.js:350:25)
[90mstderr[2m | src/components/__tests__/ThemeToggle.test.tsx[2m > [22m[2mThemeToggle[2m > [22m[2mrenders a 
button
[22m[39mWarning: React.jsx: type is invalid -- expected a string (for built-in components) or a class/function (for 
composite components) but got: undefined. You likely forgot to export your component from the file it's defined in, or 
you might have mixed up default and named imports.

Check your code at ThemeToggle.test.tsx:35.

Error: Uncaught [Error: Element type is invalid: expected a string (for built-in components) or a class/function (for 
composite components) but got: undefined. You likely forgot to export your component from the file it's defined in, or 
you might have mixed up default and named imports.]
    at reportException (C:\Users\nwong\Documents\Projects\Group2SWE\SWEGroup2\node_modules\jsdom\lib\jsdom\living\helpe
rs\runtime-script-errors.js:66:24)
    at innerInvokeEventListeners (C:\Users\nwong\Documents\Projects\Group2SWE\SWEGroup2\node_modules\jsdom\lib\jsdom\li
ving\events\EventTarget-impl.js:353:9)
    at invokeEventListeners (C:\Users\nwong\Documents\Projects\Group2SWE\SWEGroup2\node_modules\jsdom\lib\jsdom\living\
events\EventTarget-impl.js:286:3)
    at HTMLUnknownElementImpl._dispatch (C:\Users\nwong\Documents\Projects\Group2SWE\SWEGroup2\node_modules\jsdom\lib\j
sdom\living\events\EventTarget-impl.js:233:9)
    at HTMLUnknownElementImpl.dispatchEvent (C:\Users\nwong\Documents\Projects\Group2SWE\SWEGroup2\node_modules\jsdom\l
ib\jsdom\living\events\EventTarget-impl.js:104:17)
    at HTMLUnknownElement.dispatchEvent (C:\Users\nwong\Documents\Projects\Group2SWE\SWEGroup2\node_modules\jsdom\lib\j
sdom\living\generated\EventTarget.js:241:34)
    at Object.invokeGuardedCallbackDev 
(C:\Users\nwong\Documents\Projects\Group2SWE\SWEGroup2\node_modules\react-dom\cjs\react-dom.development.js:4213:16)
    at invokeGuardedCallback 
(C:\Users\nwong\Documents\Projects\Group2SWE\SWEGroup2\node_modules\react-dom\cjs\react-dom.development.js:4277:31)
    at beginWork$1 
(C:\Users\nwong\Documents\Projects\Group2SWE\SWEGroup2\node_modules\react-dom\cjs\react-dom.development.js:27490:7)
    at performUnitOfWork 
(C:\Users\nwong\Documents\Projects\Group2SWE\SWEGroup2\node_modules\react-dom\cjs\react-dom.development.js:26599:12) 
Error: Element type is invalid: expected a string (for built-in components) or a class/function (for composite 
components) but got: undefined. You likely forgot to export your component from the file it's defined in, or you might 
have mixed up default and named imports.
    at createFiberFromTypeAndProps 
(C:\Users\nwong\Documents\Projects\Group2SWE\SWEGroup2\node_modules\react-dom\cjs\react-dom.development.js:28478:17)
    at createFiberFromElement 
(C:\Users\nwong\Documents\Projects\Group2SWE\SWEGroup2\node_modules\react-dom\cjs\react-dom.development.js:28504:15)
    at reconcileSingleElement 
(C:\Users\nwong\Documents\Projects\Group2SWE\SWEGroup2\node_modules\react-dom\cjs\react-dom.development.js:13986:23)
    at reconcileChildFibers 
(C:\Users\nwong\Documents\Projects\Group2SWE\SWEGroup2\node_modules\react-dom\cjs\react-dom.development.js:14044:35)
    at reconcileChildren 
(C:\Users\nwong\Documents\Projects\Group2SWE\SWEGroup2\node_modules\react-dom\cjs\react-dom.development.js:19193:28)
    at updateHostRoot 
(C:\Users\nwong\Documents\Projects\Group2SWE\SWEGroup2\node_modules\react-dom\cjs\react-dom.development.js:19912:5)
    at beginWork 
(C:\Users\nwong\Documents\Projects\Group2SWE\SWEGroup2\node_modules\react-dom\cjs\react-dom.development.js:21654:14)
    at HTMLUnknownElement.callCallback 
(C:\Users\nwong\Documents\Projects\Group2SWE\SWEGroup2\node_modules\react-dom\cjs\react-dom.development.js:4164:14)
    at HTMLUnknownElement.callTheUserObjectsOperation (C:\Users\nwong\Documents\Projects\Group2SWE\SWEGroup2\node_modul
es\jsdom\lib\jsdom\living\generated\EventListener.js:26:30)
    at innerInvokeEventListeners (C:\Users\nwong\Documents\Projects\Group2SWE\SWEGroup2\node_modules\jsdom\lib\jsdom\li
ving\events\EventTarget-impl.js:350:25)
[90mstderr[2m | src/components/__tests__/ThemeToggle.test.tsx[2m > [22m[2mThemeToggle[2m > [22m[2mshows moon 
icon when theme is light
[22m[39mWarning: React.jsx: type is invalid -- expected a string (for built-in components) or a class/function (for 
composite components) but got: undefined. You likely forgot to export your component from the file it's defined in, or 
you might have mixed up default and named imports.

Check your code at ThemeToggle.test.tsx:46.

Error: Uncaught [Error: Element type is invalid: expected a string (for built-in components) or a class/function (for 
composite components) but got: undefined. You likely forgot to export your component from the file it's defined in, or 
you might have mixed up default and named imports.]
    at reportException (C:\Users\nwong\Documents\Projects\Group2SWE\SWEGroup2\node_modules\jsdom\lib\jsdom\living\helpe
rs\runtime-script-errors.js:66:24)
    at innerInvokeEventListeners (C:\Users\nwong\Documents\Projects\Group2SWE\SWEGroup2\node_modules\jsdom\lib\jsdom\li
ving\events\EventTarget-impl.js:353:9)
    at invokeEventListeners (C:\Users\nwong\Documents\Projects\Group2SWE\SWEGroup2\node_modules\jsdom\lib\jsdom\living\
events\EventTarget-impl.js:286:3)
    at HTMLUnknownElementImpl._dispatch (C:\Users\nwong\Documents\Projects\Group2SWE\SWEGroup2\node_modules\jsdom\lib\j
sdom\living\events\EventTarget-impl.js:233:9)
    at HTMLUnknownElementImpl.dispatchEvent (C:\Users\nwong\Documents\Projects\Group2SWE\SWEGroup2\node_modules\jsdom\l
ib\jsdom\living\events\EventTarget-impl.js:104:17)
    at HTMLUnknownElement.dispatchEvent (C:\Users\nwong\Documents\Projects\Group2SWE\SWEGroup2\node_modules\jsdom\lib\j
sdom\living\generated\EventTarget.js:241:34)
    at Object.invokeGuardedCallbackDev 
(C:\Users\nwong\Documents\Projects\Group2SWE\SWEGroup2\node_modules\react-dom\cjs\react-dom.development.js:4213:16)
    at invokeGuardedCallback 
(C:\Users\nwong\Documents\Projects\Group2SWE\SWEGroup2\node_modules\react-dom\cjs\react-dom.development.js:4277:31)
    at beginWork$1 
(C:\Users\nwong\Documents\Projects\Group2SWE\SWEGroup2\node_modules\react-dom\cjs\react-dom.development.js:27490:7)
    at performUnitOfWork 
(C:\Users\nwong\Documents\Projects\Group2SWE\SWEGroup2\node_modules\react-dom\cjs\react-dom.development.js:26599:12) 
Error: Element type is invalid: expected a string (for built-in components) or a class/function (for composite 
components) but got: undefined. You likely forgot to export your component from the file it's defined in, or you might 
have mixed up default and named imports.
    at createFiberFromTypeAndProps 
(C:\Users\nwong\Documents\Projects\Group2SWE\SWEGroup2\node_modules\react-dom\cjs\react-dom.development.js:28478:17)
    at createFiberFromElement 
(C:\Users\nwong\Documents\Projects\Group2SWE\SWEGroup2\node_modules\react-dom\cjs\react-dom.development.js:28504:15)
    at reconcileSingleElement 
(C:\Users\nwong\Documents\Projects\Group2SWE\SWEGroup2\node_modules\react-dom\cjs\react-dom.development.js:13986:23)
    at reconcileChildFibers 
(C:\Users\nwong\Documents\Projects\Group2SWE\SWEGroup2\node_modules\react-dom\cjs\react-dom.development.js:14044:35)
    at reconcileChildren 
(C:\Users\nwong\Documents\Projects\Group2SWE\SWEGroup2\node_modules\react-dom\cjs\react-dom.development.js:19193:28)
    at updateHostRoot 
(C:\Users\nwong\Documents\Projects\Group2SWE\SWEGroup2\node_modules\react-dom\cjs\react-dom.development.js:19912:5)
    at beginWork 
(C:\Users\nwong\Documents\Projects\Group2SWE\SWEGroup2\node_modules\react-dom\cjs\react-dom.development.js:21654:14)
    at HTMLUnknownElement.callCallback 
(C:\Users\nwong\Documents\Projects\Group2SWE\SWEGroup2\node_modules\react-dom\cjs\react-dom.development.js:4164:14)
    at HTMLUnknownElement.callTheUserObjectsOperation (C:\Users\nwong\Documents\Projects\Group2SWE\SWEGroup2\node_modul
es\jsdom\lib\jsdom\living\generated\EventListener.js:26:30)
    at innerInvokeEventListeners (C:\Users\nwong\Documents\Projects\Group2SWE\SWEGroup2\node_modules\jsdom\lib\jsdom\li
ving\events\EventTarget-impl.js:350:25)
[90mstderr[2m | src/components/__tests__/ThemeToggle.test.tsx[2m > [22m[2mThemeToggle[2m > [22m[2mshows sun 
icon when theme is dark
[22m[39mWarning: React.jsx: type is invalid -- expected a string (for built-in components) or a class/function (for 
composite components) but got: undefined. You likely forgot to export your component from the file it's defined in, or 
you might have mixed up default and named imports.

Check your code at ThemeToggle.test.tsx:56.

Error: Uncaught [Error: Element type is invalid: expected a string (for built-in components) or a class/function (for 
composite components) but got: undefined. You likely forgot to export your component from the file it's defined in, or 
you might have mixed up default and named imports.]
    at reportException (C:\Users\nwong\Documents\Projects\Group2SWE\SWEGroup2\node_modules\jsdom\lib\jsdom\living\helpe
rs\runtime-script-errors.js:66:24)
    at innerInvokeEventListeners (C:\Users\nwong\Documents\Projects\Group2SWE\SWEGroup2\node_modules\jsdom\lib\jsdom\li
ving\events\EventTarget-impl.js:353:9)
    at invokeEventListeners (C:\Users\nwong\Documents\Projects\Group2SWE\SWEGroup2\node_modules\jsdom\lib\jsdom\living\
events\EventTarget-impl.js:286:3)
    at HTMLUnknownElementImpl._dispatch (C:\Users\nwong\Documents\Projects\Group2SWE\SWEGroup2\node_modules\jsdom\lib\j
sdom\living\events\EventTarget-impl.js:233:9)
    at HTMLUnknownElementImpl.dispatchEvent (C:\Users\nwong\Documents\Projects\Group2SWE\SWEGroup2\node_modules\jsdom\l
ib\jsdom\living\events\EventTarget-impl.js:104:17)
    at HTMLUnknownElement.dispatchEvent (C:\Users\nwong\Documents\Projects\Group2SWE\SWEGroup2\node_modules\jsdom\lib\j
sdom\living\generated\EventTarget.js:241:34)
    at Object.invokeGuardedCallbackDev 
(C:\Users\nwong\Documents\Projects\Group2SWE\SWEGroup2\node_modules\react-dom\cjs\react-dom.development.js:4213:16)
    at invokeGuardedCallback 
(C:\Users\nwong\Documents\Projects\Group2SWE\SWEGroup2\node_modules\react-dom\cjs\react-dom.development.js:4277:31)
    at beginWork$1 
(C:\Users\nwong\Documents\Projects\Group2SWE\SWEGroup2\node_modules\react-dom\cjs\react-dom.development.js:27490:7)
    at performUnitOfWork 
(C:\Users\nwong\Documents\Projects\Group2SWE\SWEGroup2\node_modules\react-dom\cjs\react-dom.development.js:26599:12) 
Error: Element type is invalid: expected a string (for built-in components) or a class/function (for composite 
components) but got: undefined. You likely forgot to export your component from the file it's defined in, or you might 
have mixed up default and named imports.
    at createFiberFromTypeAndProps 
(C:\Users\nwong\Documents\Projects\Group2SWE\SWEGroup2\node_modules\react-dom\cjs\react-dom.development.js:28478:17)
    at createFiberFromElement 
(C:\Users\nwong\Documents\Projects\Group2SWE\SWEGroup2\node_modules\react-dom\cjs\react-dom.development.js:28504:15)
    at reconcileSingleElement 
(C:\Users\nwong\Documents\Projects\Group2SWE\SWEGroup2\node_modules\react-dom\cjs\react-dom.development.js:13986:23)
    at reconcileChildFibers 
(C:\Users\nwong\Documents\Projects\Group2SWE\SWEGroup2\node_modules\react-dom\cjs\react-dom.development.js:14044:35)
    at reconcileChildren 
(C:\Users\nwong\Documents\Projects\Group2SWE\SWEGroup2\node_modules\react-dom\cjs\react-dom.development.js:19193:28)
    at updateHostRoot 
(C:\Users\nwong\Documents\Projects\Group2SWE\SWEGroup2\node_modules\react-dom\cjs\react-dom.development.js:19912:5)
    at beginWork 
(C:\Users\nwong\Documents\Projects\Group2SWE\SWEGroup2\node_modules\react-dom\cjs\react-dom.development.js:21654:14)
    at HTMLUnknownElement.callCallback 
(C:\Users\nwong\Documents\Projects\Group2SWE\SWEGroup2\node_modules\react-dom\cjs\react-dom.development.js:4164:14)
    at HTMLUnknownElement.callTheUserObjectsOperation (C:\Users\nwong\Documents\Projects\Group2SWE\SWEGroup2\node_modul
es\jsdom\lib\jsdom\living\generated\EventListener.js:26:30)
    at innerInvokeEventListeners (C:\Users\nwong\Documents\Projects\Group2SWE\SWEGroup2\node_modules\jsdom\lib\jsdom\li
ving\events\EventTarget-impl.js:350:25)
[90mstderr[2m | src/components/__tests__/ThemeToggle.test.tsx[2m > [22m[2mThemeToggle[2m > [22m[2mcalls 
toggleTheme when button is clicked
[22m[39mWarning: React.jsx: type is invalid -- expected a string (for built-in components) or a class/function (for 
composite components) but got: undefined. You likely forgot to export your component from the file it's defined in, or 
you might have mixed up default and named imports.

Check your code at ThemeToggle.test.tsx:68.

Error: Uncaught [Error: Element type is invalid: expected a string (for built-in components) or a class/function (for 
composite components) but got: undefined. You likely forgot to export your component from the file it's defined in, or 
you might have mixed up default and named imports.]
    at reportException (C:\Users\nwong\Documents\Projects\Group2SWE\SWEGroup2\node_modules\jsdom\lib\jsdom\living\helpe
rs\runtime-script-errors.js:66:24)
    at innerInvokeEventListeners (C:\Users\nwong\Documents\Projects\Group2SWE\SWEGroup2\node_modules\jsdom\lib\jsdom\li
ving\events\EventTarget-impl.js:353:9)
    at invokeEventListeners (C:\Users\nwong\Documents\Projects\Group2SWE\SWEGroup2\node_modules\jsdom\lib\jsdom\living\
events\EventTarget-impl.js:286:3)
    at HTMLUnknownElementImpl._dispatch (C:\Users\nwong\Documents\Projects\Group2SWE\SWEGroup2\node_modules\jsdom\lib\j
sdom\living\events\EventTarget-impl.js:233:9)
    at HTMLUnknownElementImpl.dispatchEvent (C:\Users\nwong\Documents\Projects\Group2SWE\SWEGroup2\node_modules\jsdom\l
ib\jsdom\living\events\EventTarget-impl.js:104:17)
    at HTMLUnknownElement.dispatchEvent (C:\Users\nwong\Documents\Projects\Group2SWE\SWEGroup2\node_modules\jsdom\lib\j
sdom\living\generated\EventTarget.js:241:34)
    at Object.invokeGuardedCallbackDev 
(C:\Users\nwong\Documents\Projects\Group2SWE\SWEGroup2\node_modules\react-dom\cjs\react-dom.development.js:4213:16)
    at invokeGuardedCallback 
(C:\Users\nwong\Documents\Projects\Group2SWE\SWEGroup2\node_modules\react-dom\cjs\react-dom.development.js:4277:31)
    at beginWork$1 
(C:\Users\nwong\Documents\Projects\Group2SWE\SWEGroup2\node_modules\react-dom\cjs\react-dom.development.js:27490:7)
    at performUnitOfWork 
(C:\Users\nwong\Documents\Projects\Group2SWE\SWEGroup2\node_modules\react-dom\cjs\react-dom.development.js:26599:12) 
Error: Element type is invalid: expected a string (for built-in components) or a class/function (for composite 
components) but got: undefined. You likely forgot to export your component from the file it's defined in, or you might 
have mixed up default and named imports.
    at createFiberFromTypeAndProps 
(C:\Users\nwong\Documents\Projects\Group2SWE\SWEGroup2\node_modules\react-dom\cjs\react-dom.development.js:28478:17)
    at createFiberFromElement 
(C:\Users\nwong\Documents\Projects\Group2SWE\SWEGroup2\node_modules\react-dom\cjs\react-dom.development.js:28504:15)
    at reconcileSingleElement 
(C:\Users\nwong\Documents\Projects\Group2SWE\SWEGroup2\node_modules\react-dom\cjs\react-dom.development.js:13986:23)
    at reconcileChildFibers 
(C:\Users\nwong\Documents\Projects\Group2SWE\SWEGroup2\node_modules\react-dom\cjs\react-dom.development.js:14044:35)
    at reconcileChildren 
(C:\Users\nwong\Documents\Projects\Group2SWE\SWEGroup2\node_modules\react-dom\cjs\react-dom.development.js:19193:28)
    at updateHostRoot 
(C:\Users\nwong\Documents\Projects\Group2SWE\SWEGroup2\node_modules\react-dom\cjs\react-dom.development.js:19912:5)
    at beginWork 
(C:\Users\nwong\Documents\Projects\Group2SWE\SWEGroup2\node_modules\react-dom\cjs\react-dom.development.js:21654:14)
    at HTMLUnknownElement.callCallback 
(C:\Users\nwong\Documents\Projects\Group2SWE\SWEGroup2\node_modules\react-dom\cjs\react-dom.development.js:4164:14)
    at HTMLUnknownElement.callTheUserObjectsOperation (C:\Users\nwong\Documents\Projects\Group2SWE\SWEGroup2\node_modul
es\jsdom\lib\jsdom\living\generated\EventListener.js:26:30)
    at innerInvokeEventListeners (C:\Users\nwong\Documents\Projects\Group2SWE\SWEGroup2\node_modules\jsdom\lib\jsdom\li
ving\events\EventTarget-impl.js:350:25)
[90mstderr[2m | src/components/__tests__/ThemeToggle.test.tsx[2m > [22m[2mThemeToggle[2m > [22m[2mhas correct 
aria-label for accessibility
[22m[39mWarning: React.jsx: type is invalid -- expected a string (for built-in components) or a class/function (for 
composite components) but got: undefined. You likely forgot to export your component from the file it's defined in, or 
you might have mixed up default and named imports.

Check your code at ThemeToggle.test.tsx:81.

Error: Uncaught [Error: Element type is invalid: expected a string (for built-in components) or a class/function (for 
composite components) but got: undefined. You likely forgot to export your component from the file it's defined in, or 
you might have mixed up default and named imports.]
    at reportException (C:\Users\nwong\Documents\Projects\Group2SWE\SWEGroup2\node_modules\jsdom\lib\jsdom\living\helpe
rs\runtime-script-errors.js:66:24)
    at innerInvokeEventListeners (C:\Users\nwong\Documents\Projects\Group2SWE\SWEGroup2\node_modules\jsdom\lib\jsdom\li
ving\events\EventTarget-impl.js:353:9)
    at invokeEventListeners (C:\Users\nwong\Documents\Projects\Group2SWE\SWEGroup2\node_modules\jsdom\lib\jsdom\living\
events\EventTarget-impl.js:286:3)
    at HTMLUnknownElementImpl._dispatch (C:\Users\nwong\Documents\Projects\Group2SWE\SWEGroup2\node_modules\jsdom\lib\j
sdom\living\events\EventTarget-impl.js:233:9)
    at HTMLUnknownElementImpl.dispatchEvent (C:\Users\nwong\Documents\Projects\Group2SWE\SWEGroup2\node_modules\jsdom\l
ib\jsdom\living\events\EventTarget-impl.js:104:17)
    at HTMLUnknownElement.dispatchEvent (C:\Users\nwong\Documents\Projects\Group2SWE\SWEGroup2\node_modules\jsdom\lib\j
sdom\living\generated\EventTarget.js:241:34)
    at Object.invokeGuardedCallbackDev 
(C:\Users\nwong\Documents\Projects\Group2SWE\SWEGroup2\node_modules\react-dom\cjs\react-dom.development.js:4213:16)
    at invokeGuardedCallback 
(C:\Users\nwong\Documents\Projects\Group2SWE\SWEGroup2\node_modules\react-dom\cjs\react-dom.development.js:4277:31)
    at beginWork$1 
(C:\Users\nwong\Documents\Projects\Group2SWE\SWEGroup2\node_modules\react-dom\cjs\react-dom.development.js:27490:7)
    at performUnitOfWork 
(C:\Users\nwong\Documents\Projects\Group2SWE\SWEGroup2\node_modules\react-dom\cjs\react-dom.development.js:26599:12) 
Error: Element type is invalid: expected a string (for built-in components) or a class/function (for composite 
components) but got: undefined. You likely forgot to export your component from the file it's defined in, or you might 
have mixed up default and named imports.
    at createFiberFromTypeAndProps 
(C:\Users\nwong\Documents\Projects\Group2SWE\SWEGroup2\node_modules\react-dom\cjs\react-dom.development.js:28478:17)
    at createFiberFromElement 
(C:\Users\nwong\Documents\Projects\Group2SWE\SWEGroup2\node_modules\react-dom\cjs\react-dom.development.js:28504:15)
    at reconcileSingleElement 
(C:\Users\nwong\Documents\Projects\Group2SWE\SWEGroup2\node_modules\react-dom\cjs\react-dom.development.js:13986:23)
    at reconcileChildFibers 
(C:\Users\nwong\Documents\Projects\Group2SWE\SWEGroup2\node_modules\react-dom\cjs\react-dom.development.js:14044:35)
    at reconcileChildren 
(C:\Users\nwong\Documents\Projects\Group2SWE\SWEGroup2\node_modules\react-dom\cjs\react-dom.development.js:19193:28)
    at updateHostRoot 
(C:\Users\nwong\Documents\Projects\Group2SWE\SWEGroup2\node_modules\react-dom\cjs\react-dom.development.js:19912:5)
    at beginWork 
(C:\Users\nwong\Documents\Projects\Group2SWE\SWEGroup2\node_modules\react-dom\cjs\react-dom.development.js:21654:14)
    at HTMLUnknownElement.callCallback 
(C:\Users\nwong\Documents\Projects\Group2SWE\SWEGroup2\node_modules\react-dom\cjs\react-dom.development.js:4164:14)
    at HTMLUnknownElement.callTheUserObjectsOperation (C:\Users\nwong\Documents\Projects\Group2SWE\SWEGroup2\node_modul
es\jsdom\lib\jsdom\living\generated\EventListener.js:26:30)
    at innerInvokeEventListeners (C:\Users\nwong\Documents\Projects\Group2SWE\SWEGroup2\node_modules\jsdom\lib\jsdom\li
ving\events\EventTarget-impl.js:350:25)
[90mstderr[2m | src/components/__tests__/ThemeToggle.test.tsx[2m > [22m[2mThemeToggle[2m > [22m[2mhas z-50 
position styles
[22m[39mWarning: React.jsx: type is invalid -- expected a string (for built-in components) or a class/function (for 
composite components) but got: undefined. You likely forgot to export your component from the file it's defined in, or 
you might have mixed up default and named imports.

Check your code at ThemeToggle.test.tsx:91.

Error: Uncaught [Error: Element type is invalid: expected a string (for built-in components) or a class/function (for 
composite components) but got: undefined. You likely forgot to export your component from the file it's defined in, or 
you might have mixed up default and named imports.]
    at reportException (C:\Users\nwong\Documents\Projects\Group2SWE\SWEGroup2\node_modules\jsdom\lib\jsdom\living\helpe
rs\runtime-script-errors.js:66:24)
    at innerInvokeEventListeners (C:\Users\nwong\Documents\Projects\Group2SWE\SWEGroup2\node_modules\jsdom\lib\jsdom\li
ving\events\EventTarget-impl.js:353:9)
    at invokeEventListeners (C:\Users\nwong\Documents\Projects\Group2SWE\SWEGroup2\node_modules\jsdom\lib\jsdom\living\
events\EventTarget-impl.js:286:3)
    at HTMLUnknownElementImpl._dispatch (C:\Users\nwong\Documents\Projects\Group2SWE\SWEGroup2\node_modules\jsdom\lib\j
sdom\living\events\EventTarget-impl.js:233:9)
    at HTMLUnknownElementImpl.dispatchEvent (C:\Users\nwong\Documents\Projects\Group2SWE\SWEGroup2\node_modules\jsdom\l
ib\jsdom\living\events\EventTarget-impl.js:104:17)
    at HTMLUnknownElement.dispatchEvent (C:\Users\nwong\Documents\Projects\Group2SWE\SWEGroup2\node_modules\jsdom\lib\j
sdom\living\generated\EventTarget.js:241:34)
    at Object.invokeGuardedCallbackDev 
(C:\Users\nwong\Documents\Projects\Group2SWE\SWEGroup2\node_modules\react-dom\cjs\react-dom.development.js:4213:16)
    at invokeGuardedCallback 
(C:\Users\nwong\Documents\Projects\Group2SWE\SWEGroup2\node_modules\react-dom\cjs\react-dom.development.js:4277:31)
    at beginWork$1 
(C:\Users\nwong\Documents\Projects\Group2SWE\SWEGroup2\node_modules\react-dom\cjs\react-dom.development.js:27490:7)
    at performUnitOfWork 
(C:\Users\nwong\Documents\Projects\Group2SWE\SWEGroup2\node_modules\react-dom\cjs\react-dom.development.js:26599:12) 
Error: Element type is invalid: expected a string (for built-in components) or a class/function (for composite 
components) but got: undefined. You likely forgot to export your component from the file it's defined in, or you might 
have mixed up default and named imports.
    at createFiberFromTypeAndProps 
(C:\Users\nwong\Documents\Projects\Group2SWE\SWEGroup2\node_modules\react-dom\cjs\react-dom.development.js:28478:17)
    at createFiberFromElement 
(C:\Users\nwong\Documents\Projects\Group2SWE\SWEGroup2\node_modules\react-dom\cjs\react-dom.development.js:28504:15)
    at reconcileSingleElement 
(C:\Users\nwong\Documents\Projects\Group2SWE\SWEGroup2\node_modules\react-dom\cjs\react-dom.development.js:13986:23)
    at reconcileChildFibers 
(C:\Users\nwong\Documents\Projects\Group2SWE\SWEGroup2\node_modules\react-dom\cjs\react-dom.development.js:14044:35)
    at reconcileChildren 
(C:\Users\nwong\Documents\Projects\Group2SWE\SWEGroup2\node_modules\react-dom\cjs\react-dom.development.js:19193:28)
    at updateHostRoot 
(C:\Users\nwong\Documents\Projects\Group2SWE\SWEGroup2\node_modules\react-dom\cjs\react-dom.development.js:19912:5)
    at beginWork 
(C:\Users\nwong\Documents\Projects\Group2SWE\SWEGroup2\node_modules\react-dom\cjs\react-dom.development.js:21654:14)
    at HTMLUnknownElement.callCallback 
(C:\Users\nwong\Documents\Projects\Group2SWE\SWEGroup2\node_modules\react-dom\cjs\react-dom.development.js:4164:14)
    at HTMLUnknownElement.callTheUserObjectsOperation (C:\Users\nwong\Documents\Projects\Group2SWE\SWEGroup2\node_modul
es\jsdom\lib\jsdom\living\generated\EventListener.js:26:30)
    at innerInvokeEventListeners (C:\Users\nwong\Documents\Projects\Group2SWE\SWEGroup2\node_modules\jsdom\lib\jsdom\li
ving\events\EventTarget-impl.js:350:25)
[90mstderr[2m | src/components/__tests__/ThemeToggle.test.tsx[2m > [22m[2mThemeToggle[2m > [22m[2mrenders 
header variant with header=true
[22m[39mWarning: React.jsx: type is invalid -- expected a string (for built-in components) or a class/function (for 
composite components) but got: undefined. You likely forgot to export your component from the file it's defined in, or 
you might have mixed up default and named imports.

Check your code at ThemeToggle.test.tsx:102.

Error: Uncaught [Error: Element type is invalid: expected a string (for built-in components) or a class/function (for 
composite components) but got: undefined. You likely forgot to export your component from the file it's defined in, or 
you might have mixed up default and named imports.]
    at reportException (C:\Users\nwong\Documents\Projects\Group2SWE\SWEGroup2\node_modules\jsdom\lib\jsdom\living\helpe
rs\runtime-script-errors.js:66:24)
    at innerInvokeEventListeners (C:\Users\nwong\Documents\Projects\Group2SWE\SWEGroup2\node_modules\jsdom\lib\jsdom\li
ving\events\EventTarget-impl.js:353:9)
    at invokeEventListeners (C:\Users\nwong\Documents\Projects\Group2SWE\SWEGroup2\node_modules\jsdom\lib\jsdom\living\
events\EventTarget-impl.js:286:3)
    at HTMLUnknownElementImpl._dispatch (C:\Users\nwong\Documents\Projects\Group2SWE\SWEGroup2\node_modules\jsdom\lib\j
sdom\living\events\EventTarget-impl.js:233:9)
    at HTMLUnknownElementImpl.dispatchEvent (C:\Users\nwong\Documents\Projects\Group2SWE\SWEGroup2\node_modules\jsdom\l
ib\jsdom\living\events\EventTarget-impl.js:104:17)
    at HTMLUnknownElement.dispatchEvent (C:\Users\nwong\Documents\Projects\Group2SWE\SWEGroup2\node_modules\jsdom\lib\j
sdom\living\generated\EventTarget.js:241:34)
    at Object.invokeGuardedCallbackDev 
(C:\Users\nwong\Documents\Projects\Group2SWE\SWEGroup2\node_modules\react-dom\cjs\react-dom.development.js:4213:16)
    at invokeGuardedCallback 
(C:\Users\nwong\Documents\Projects\Group2SWE\SWEGroup2\node_modules\react-dom\cjs\react-dom.development.js:4277:31)
    at beginWork$1 
(C:\Users\nwong\Documents\Projects\Group2SWE\SWEGroup2\node_modules\react-dom\cjs\react-dom.development.js:27490:7)
    at performUnitOfWork 
(C:\Users\nwong\Documents\Projects\Group2SWE\SWEGroup2\node_modules\react-dom\cjs\react-dom.development.js:26599:12) 
Error: Element type is invalid: expected a string (for built-in components) or a class/function (for composite 
components) but got: undefined. You likely forgot to export your component from the file it's defined in, or you might 
have mixed up default and named imports.
    at createFiberFromTypeAndProps 
(C:\Users\nwong\Documents\Projects\Group2SWE\SWEGroup2\node_modules\react-dom\cjs\react-dom.development.js:28478:17)
    at createFiberFromElement 
(C:\Users\nwong\Documents\Projects\Group2SWE\SWEGroup2\node_modules\react-dom\cjs\react-dom.development.js:28504:15)
    at reconcileSingleElement 
(C:\Users\nwong\Documents\Projects\Group2SWE\SWEGroup2\node_modules\react-dom\cjs\react-dom.development.js:13986:23)
    at reconcileChildFibers 
(C:\Users\nwong\Documents\Projects\Group2SWE\SWEGroup2\node_modules\react-dom\cjs\react-dom.development.js:14044:35)
    at reconcileChildren 
(C:\Users\nwong\Documents\Projects\Group2SWE\SWEGroup2\node_modules\react-dom\cjs\react-dom.development.js:19193:28)
    at updateHostRoot 
(C:\Users\nwong\Documents\Projects\Group2SWE\SWEGroup2\node_modules\react-dom\cjs\react-dom.development.js:19912:5)
    at beginWork 
(C:\Users\nwong\Documents\Projects\Group2SWE\SWEGroup2\node_modules\react-dom\cjs\react-dom.development.js:21654:14)
    at HTMLUnknownElement.callCallback 
(C:\Users\nwong\Documents\Projects\Group2SWE\SWEGroup2\node_modules\react-dom\cjs\react-dom.development.js:4164:14)
    at HTMLUnknownElement.callTheUserObjectsOperation (C:\Users\nwong\Documents\Projects\Group2SWE\SWEGroup2\node_modul
es\jsdom\lib\jsdom\living\generated\EventListener.js:26:30)
    at innerInvokeEventListeners (C:\Users\nwong\Documents\Projects\Group2SWE\SWEGroup2\node_modules\jsdom\lib\jsdom\li
ving\events\EventTarget-impl.js:350:25)
[90mstderr[2m | src/components/__tests__/ThemeToggle.test.tsx[2m > [22m[2mThemeToggle[2m > [22m[2mcalls 
toggleTheme in header variant when clicked
[22m[39mWarning: React.jsx: type is invalid -- expected a string (for built-in components) or a class/function (for 
composite components) but got: undefined. You likely forgot to export your component from the file it's defined in, or 
you might have mixed up default and named imports.

Check your code at ThemeToggle.test.tsx:113.

Error: Uncaught [Error: Element type is invalid: expected a string (for built-in components) or a class/function (for 
composite components) but got: undefined. You likely forgot to export your component from the file it's defined in, or 
you might have mixed up default and named imports.

Check the render method of `ProfilePage`.]
    at reportException (C:\Users\nwong\Documents\Projects\Group2SWE\SWEGroup2\node_modules\jsdom\lib\jsdom\living\helpe
rs\runtime-script-errors.js:66:24)
    at innerInvokeEventListeners (C:\Users\nwong\Documents\Projects\Group2SWE\SWEGroup2\node_modules\jsdom\lib\jsdom\li
ving\events\EventTarget-impl.js:353:9)
    at invokeEventListeners (C:\Users\nwong\Documents\Projects\Group2SWE\SWEGroup2\node_modules\jsdom\lib\jsdom\living\
events\EventTarget-impl.js:286:3)
    at HTMLUnknownElementImpl._dispatch (C:\Users\nwong\Documents\Projects\Group2SWE\SWEGroup2\node_modules\jsdom\lib\j
sdom\living\events\EventTarget-impl.js:233:9)
    at HTMLUnknownElementImpl.dispatchEvent (C:\Users\nwong\Documents\Projects\Group2SWE\SWEGroup2\node_modules\jsdom\l
ib\jsdom\living\events\EventTarget-impl.js:104:17)
    at HTMLUnknownElement.dispatchEvent (C:\Users\nwong\Documents\Projects\Group2SWE\SWEGroup2\node_modules\jsdom\lib\j
sdom\living\generated\EventTarget.js:241:34)
    at Object.invokeGuardedCallbackDev 
(C:\Users\nwong\Documents\Projects\Group2SWE\SWEGroup2\node_modules\react-dom\cjs\react-dom.development.js:4213:16)
    at invokeGuardedCallback 
(C:\Users\nwong\Documents\Projects\Group2SWE\SWEGroup2\node_modules\react-dom\cjs\react-dom.development.js:4277:31)
    at beginWork$1 
(C:\Users\nwong\Documents\Projects\Group2SWE\SWEGroup2\node_modules\react-dom\cjs\react-dom.development.js:27490:7)
    at performUnitOfWork 
(C:\Users\nwong\Documents\Projects\Group2SWE\SWEGroup2\node_modules\react-dom\cjs\react-dom.development.js:26599:12) 
Error: Element type is invalid: expected a string (for built-in components) or a class/function (for composite 
components) but got: undefined. You likely forgot to export your component from the file it's defined in, or you might 
have mixed up default and named imports.

Check the render method of `ProfilePage`.
    at createFiberFromTypeAndProps 
(C:\Users\nwong\Documents\Projects\Group2SWE\SWEGroup2\node_modules\react-dom\cjs\react-dom.development.js:28478:17)
    at createFiberFromElement 
(C:\Users\nwong\Documents\Projects\Group2SWE\SWEGroup2\node_modules\react-dom\cjs\react-dom.development.js:28504:15)
    at createChild 
(C:\Users\nwong\Documents\Projects\Group2SWE\SWEGroup2\node_modules\react-dom\cjs\react-dom.development.js:13345:28)
    at reconcileChildrenArray 
(C:\Users\nwong\Documents\Projects\Group2SWE\SWEGroup2\node_modules\react-dom\cjs\react-dom.development.js:13640:25)
    at reconcileChildFibers 
(C:\Users\nwong\Documents\Projects\Group2SWE\SWEGroup2\node_modules\react-dom\cjs\react-dom.development.js:14057:16)
    at reconcileChildren 
(C:\Users\nwong\Documents\Projects\Group2SWE\SWEGroup2\node_modules\react-dom\cjs\react-dom.development.js:19186:28)
    at updateHostComponent 
(C:\Users\nwong\Documents\Projects\Group2SWE\SWEGroup2\node_modules\react-dom\cjs\react-dom.development.js:19953:3)
    at beginWork 
(C:\Users\nwong\Documents\Projects\Group2SWE\SWEGroup2\node_modules\react-dom\cjs\react-dom.development.js:21657:14)
    at HTMLUnknownElement.callCallback 
(C:\Users\nwong\Documents\Projects\Group2SWE\SWEGroup2\node_modules\react-dom\cjs\react-dom.development.js:4164:14)
    at HTMLUnknownElement.callTheUserObjectsOperation (C:\Users\nwong\Documents\Projects\Group2SWE\SWEGroup2\node_modul
es\jsdom\lib\jsdom\living\generated\EventListener.js:26:30)
Error: Uncaught [Error: Element type is invalid: expected a string (for built-in components) or a class/function (for 
composite components) but got: undefined. You likely forgot to export your component from the file it's defined in, or 
you might have mixed up default and named imports.]
    at reportException (C:\Users\nwong\Documents\Projects\Group2SWE\SWEGroup2\node_modules\jsdom\lib\jsdom\living\helpe
rs\runtime-script-errors.js:66:24)
    at innerInvokeEventListeners (C:\Users\nwong\Documents\Projects\Group2SWE\SWEGroup2\node_modules\jsdom\lib\jsdom\li
ving\events\EventTarget-impl.js:353:9)
    at invokeEventListeners (C:\Users\nwong\Documents\Projects\Group2SWE\SWEGroup2\node_modules\jsdom\lib\jsdom\living\
events\EventTarget-impl.js:286:3)
    at HTMLUnknownElementImpl._dispatch (C:\Users\nwong\Documents\Projects\Group2SWE\SWEGroup2\node_modules\jsdom\lib\j
sdom\living\events\EventTarget-impl.js:233:9)
    at HTMLUnknownElementImpl.dispatchEvent (C:\Users\nwong\Documents\Projects\Group2SWE\SWEGroup2\node_modules\jsdom\l
ib\jsdom\living\events\EventTarget-impl.js:104:17)
    at HTMLUnknownElement.dispatchEvent (C:\Users\nwong\Documents\Projects\Group2SWE\SWEGroup2\node_modules\jsdom\lib\j
sdom\living\generated\EventTarget.js:241:34)
    at Object.invokeGuardedCallbackDev 
(C:\Users\nwong\Documents\Projects\Group2SWE\SWEGroup2\node_modules\react-dom\cjs\react-dom.development.js:4213:16)
    at invokeGuardedCallback 
(C:\Users\nwong\Documents\Projects\Group2SWE\SWEGroup2\node_modules\react-dom\cjs\react-dom.development.js:4277:31)
    at beginWork$1 
(C:\Users\nwong\Documents\Projects\Group2SWE\SWEGroup2\node_modules\react-dom\cjs\react-dom.development.js:27490:7)
    at performUnitOfWork 
(C:\Users\nwong\Documents\Projects\Group2SWE\SWEGroup2\node_modules\react-dom\cjs\react-dom.development.js:26599:12) 
Error: Element type is invalid: expected a string (for built-in components) or a class/function (for composite 
components) but got: undefined. You likely forgot to export your component from the file it's defined in, or you might 
have mixed up default and named imports.
    at createFiberFromTypeAndProps 
(C:\Users\nwong\Documents\Projects\Group2SWE\SWEGroup2\node_modules\react-dom\cjs\react-dom.development.js:28478:17)
    at createFiberFromElement 
(C:\Users\nwong\Documents\Projects\Group2SWE\SWEGroup2\node_modules\react-dom\cjs\react-dom.development.js:28504:15)
    at reconcileSingleElement 
(C:\Users\nwong\Documents\Projects\Group2SWE\SWEGroup2\node_modules\react-dom\cjs\react-dom.development.js:13986:23)
    at reconcileChildFibers 
(C:\Users\nwong\Documents\Projects\Group2SWE\SWEGroup2\node_modules\react-dom\cjs\react-dom.development.js:14044:35)
    at reconcileChildren 
(C:\Users\nwong\Documents\Projects\Group2SWE\SWEGroup2\node_modules\react-dom\cjs\react-dom.development.js:19193:28)
    at updateHostRoot 
(C:\Users\nwong\Documents\Projects\Group2SWE\SWEGroup2\node_modules\react-dom\cjs\react-dom.development.js:19912:5)
    at beginWork 
(C:\Users\nwong\Documents\Projects\Group2SWE\SWEGroup2\node_modules\react-dom\cjs\react-dom.development.js:21654:14)
    at HTMLUnknownElement.callCallback 
(C:\Users\nwong\Documents\Projects\Group2SWE\SWEGroup2\node_modules\react-dom\cjs\react-dom.development.js:4164:14)
    at HTMLUnknownElement.callTheUserObjectsOperation (C:\Users\nwong\Documents\Projects\Group2SWE\SWEGroup2\node_modul
es\jsdom\lib\jsdom\living\generated\EventListener.js:26:30)
    at innerInvokeEventListeners (C:\Users\nwong\Documents\Projects\Group2SWE\SWEGroup2\node_modules\jsdom\lib\jsdom\li
ving\events\EventTarget-impl.js:350:25)
[90mstderr[2m | src/components/__tests__/ThemeToggle.test.tsx[2m > [22m[2mThemeToggle[2m > [22m[2mshows moon 
icon in header variant for light theme
[22m[39mWarning: React.jsx: type is invalid -- expected a string (for built-in components) or a class/function (for 
composite components) but got: undefined. You likely forgot to export your component from the file it's defined in, or 
you might have mixed up default and named imports.

Check your code at ThemeToggle.test.tsx:123.

[90mstdout[2m | src/components/__tests__/MachineModal.test.tsx[2m > [22m[2mMachineModal[2m > [22m[2mrenders already selected exercises in edit mode
[22m[39mTile data changed, updating modal state: {
  id: [33m11[39m,
  equipmentTypeId: [33m7[39m,
  exerciseIds: [ [33m101[39m ],
  exerciseOptions: [
    { id: [33m101[39m, name: [32m'Lat Pulldown'[39m },
    { id: [33m102[39m, name: [32m'Seated Cable Row'[39m }
  ],
  outOfOrder: [33mfalse[39m,
  equipment: {
    name: [32m'Cable Station'[39m,
    description: [32m'Multi-purpose cable machine'[39m,
    benefits: [ [32m'Lat Pulldown'[39m ],
    musclesTargeted: [ [32m'Back'[39m, [32m'Biceps'[39m ]
  },
  xCoord: [33m120[39m,
  yCoord: [33m80[39m,
  width: [33m220[39m,
  height: [33m140[39m,
  rotation: [33m0[39m,
  colour: [32m'blue'[39m
}

Error: Uncaught [Error: Element type is invalid: expected a string (for built-in components) or a class/function (for 
composite components) but got: undefined. You likely forgot to export your component from the file it's defined in, or 
you might have mixed up default and named imports.

Check the render method of `ProfilePage`.]
    at reportException (C:\Users\nwong\Documents\Projects\Group2SWE\SWEGroup2\node_modules\jsdom\lib\jsdom\living\helpe
rs\runtime-script-errors.js:66:24)
    at innerInvokeEventListeners (C:\Users\nwong\Documents\Projects\Group2SWE\SWEGroup2\node_modules\jsdom\lib\jsdom\li
ving\events\EventTarget-impl.js:353:9)
    at invokeEventListeners (C:\Users\nwong\Documents\Projects\Group2SWE\SWEGroup2\node_modules\jsdom\lib\jsdom\living\
events\EventTarget-impl.js:286:3)
    at HTMLUnknownElementImpl._dispatch (C:\Users\nwong\Documents\Projects\Group2SWE\SWEGroup2\node_modules\jsdom\lib\j
sdom\living\events\EventTarget-impl.js:233:9)
    at HTMLUnknownElementImpl.dispatchEvent (C:\Users\nwong\Documents\Projects\Group2SWE\SWEGroup2\node_modules\jsdom\l
ib\jsdom\living\events\EventTarget-impl.js:104:17)
    at HTMLUnknownElement.dispatchEvent (C:\Users\nwong\Documents\Projects\Group2SWE\SWEGroup2\node_modules\jsdom\lib\j
sdom\living\generated\EventTarget.js:241:34)
    at Object.invokeGuardedCallbackDev 
(C:\Users\nwong\Documents\Projects\Group2SWE\SWEGroup2\node_modules\react-dom\cjs\react-dom.development.js:4213:16)
    at invokeGuardedCallback 
(C:\Users\nwong\Documents\Projects\Group2SWE\SWEGroup2\node_modules\react-dom\cjs\react-dom.development.js:4277:31)
    at beginWork$1 
(C:\Users\nwong\Documents\Projects\Group2SWE\SWEGroup2\node_modules\react-dom\cjs\react-dom.development.js:27490:7)
    at performUnitOfWork 
(C:\Users\nwong\Documents\Projects\Group2SWE\SWEGroup2\node_modules\react-dom\cjs\react-dom.development.js:26599:12) 
Error: Element type is invalid: expected a string (for built-in components) or a class/function (for composite 
components) but got: undefined. You likely forgot to export your component from the file it's defined in, or you might 
have mixed up default and named imports.

Check the render method of `ProfilePage`.
    at createFiberFromTypeAndProps 
(C:\Users\nwong\Documents\Projects\Group2SWE\SWEGroup2\node_modules\react-dom\cjs\react-dom.development.js:28478:17)
    at createFiberFromElement 
(C:\Users\nwong\Documents\Projects\Group2SWE\SWEGroup2\node_modules\react-dom\cjs\react-dom.development.js:28504:15)
    at createChild 
(C:\Users\nwong\Documents\Projects\Group2SWE\SWEGroup2\node_modules\react-dom\cjs\react-dom.development.js:13345:28)
    at reconcileChildrenArray 
(C:\Users\nwong\Documents\Projects\Group2SWE\SWEGroup2\node_modules\react-dom\cjs\react-dom.development.js:13640:25)
    at reconcileChildFibers 
(C:\Users\nwong\Documents\Projects\Group2SWE\SWEGroup2\node_modules\react-dom\cjs\react-dom.development.js:14057:16)
    at reconcileChildren 
(C:\Users\nwong\Documents\Projects\Group2SWE\SWEGroup2\node_modules\react-dom\cjs\react-dom.development.js:19186:28)
    at updateHostComponent 
(C:\Users\nwong\Documents\Projects\Group2SWE\SWEGroup2\node_modules\react-dom\cjs\react-dom.development.js:19953:3)
    at beginWork 
(C:\Users\nwong\Documents\Projects\Group2SWE\SWEGroup2\node_modules\react-dom\cjs\react-dom.development.js:21657:14)
    at HTMLUnknownElement.callCallback 
(C:\Users\nwong\Documents\Projects\Group2SWE\SWEGroup2\node_modules\react-dom\cjs\react-dom.development.js:4164:14)
    at HTMLUnknownElement.callTheUserObjectsOperation (C:\Users\nwong\Documents\Projects\Group2SWE\SWEGroup2\node_modul
es\jsdom\lib\jsdom\living\generated\EventListener.js:26:30)
Error: Uncaught [Error: Element type is invalid: expected a string (for built-in components) or a class/function (for 
composite components) but got: undefined. You likely forgot to export your component from the file it's defined in, or 
you might have mixed up default and named imports.]
    at reportException (C:\Users\nwong\Documents\Projects\Group2SWE\SWEGroup2\node_modules\jsdom\lib\jsdom\living\helpe
rs\runtime-script-errors.js:66:24)
    at innerInvokeEventListeners (C:\Users\nwong\Documents\Projects\Group2SWE\SWEGroup2\node_modules\jsdom\lib\jsdom\li
ving\events\EventTarget-impl.js:353:9)
    at invokeEventListeners (C:\Users\nwong\Documents\Projects\Group2SWE\SWEGroup2\node_modules\jsdom\lib\jsdom\living\
events\EventTarget-impl.js:286:3)
    at HTMLUnknownElementImpl._dispatch (C:\Users\nwong\Documents\Projects\Group2SWE\SWEGroup2\node_modules\jsdom\lib\j
sdom\living\events\EventTarget-impl.js:233:9)
    at HTMLUnknownElementImpl.dispatchEvent (C:\Users\nwong\Documents\Projects\Group2SWE\SWEGroup2\node_modules\jsdom\l
ib\jsdom\living\events\EventTarget-impl.js:104:17)
    at HTMLUnknownElement.dispatchEvent (C:\Users\nwong\Documents\Projects\Group2SWE\SWEGroup2\node_modules\jsdom\lib\j
sdom\living\generated\EventTarget.js:241:34)
    at Object.invokeGuardedCallbackDev 
(C:\Users\nwong\Documents\Projects\Group2SWE\SWEGroup2\node_modules\react-dom\cjs\react-dom.development.js:4213:16)
    at invokeGuardedCallback 
(C:\Users\nwong\Documents\Projects\Group2SWE\SWEGroup2\node_modules\react-dom\cjs\react-dom.development.js:4277:31)
    at beginWork$1 
(C:\Users\nwong\Documents\Projects\Group2SWE\SWEGroup2\node_modules\react-dom\cjs\react-dom.development.js:27490:7)
    at performUnitOfWork 
(C:\Users\nwong\Documents\Projects\Group2SWE\SWEGroup2\node_modules\react-dom\cjs\react-dom.development.js:26599:12) 
Error: Element type is invalid: expected a string (for built-in components) or a class/function (for composite 
components) but got: undefined. You likely forgot to export your component from the file it's defined in, or you might 
have mixed up default and named imports.
    at createFiberFromTypeAndProps 
(C:\Users\nwong\Documents\Projects\Group2SWE\SWEGroup2\node_modules\react-dom\cjs\react-dom.development.js:28478:17)
    at createFiberFromElement 
(C:\Users\nwong\Documents\Projects\Group2SWE\SWEGroup2\node_modules\react-dom\cjs\react-dom.development.js:28504:15)
    at reconcileSingleElement 
(C:\Users\nwong\Documents\Projects\Group2SWE\SWEGroup2\node_modules\react-dom\cjs\react-dom.development.js:13986:23)
    at reconcileChildFibers 
(C:\Users\nwong\Documents\Projects\Group2SWE\SWEGroup2\node_modules\react-dom\cjs\react-dom.development.js:14044:35)
    at reconcileChildren 
(C:\Users\nwong\Documents\Projects\Group2SWE\SWEGroup2\node_modules\react-dom\cjs\react-dom.development.js:19193:28)
    at updateHostRoot 
(C:\Users\nwong\Documents\Projects\Group2SWE\SWEGroup2\node_modules\react-dom\cjs\react-dom.development.js:19912:5)
    at beginWork 
(C:\Users\nwong\Documents\Projects\Group2SWE\SWEGroup2\node_modules\react-dom\cjs\react-dom.development.js:21654:14)
    at HTMLUnknownElement.callCallback 
(C:\Users\nwong\Documents\Projects\Group2SWE\SWEGroup2\node_modules\react-dom\cjs\react-dom.development.js:4164:14)
    at HTMLUnknownElement.callTheUserObjectsOperation (C:\Users\nwong\Documents\Projects\Group2SWE\SWEGroup2\node_modul
es\jsdom\lib\jsdom\living\generated\EventListener.js:26:30)
    at innerInvokeEventListeners (C:\Users\nwong\Documents\Projects\Group2SWE\SWEGroup2\node_modules\jsdom\lib\jsdom\li
ving\events\EventTarget-impl.js:350:25)
[90mstderr[2m | src/components/__tests__/ThemeToggle.test.tsx[2m > [22m[2mThemeToggle[2m > [22m[2mshows sun 
icon in header variant for dark theme
[22m[39mWarning: React.jsx: type is invalid -- expected a string (for built-in components) or a class/function (for 
composite components) but got: undefined. You likely forgot to export your component from the file it's defined in, or 
you might have mixed up default and named imports.

Check your code at ThemeToggle.test.tsx:132.

[90mstderr[2m | src/pages/__tests__/ProfilePage.test.tsx[2m > [22m[2mProfilePage[2m > [22m[2mrenders the header
[22m[39mWarning: React.jsx: type is invalid -- expected a string (for built-in components) or a class/function (for 
composite components) but got: undefined. You likely forgot to export your component from the file it's defined in, or 
you might have mixed up default and named imports.

Check your code at ProfilePage.tsx:23.
    at ProfilePage (C:/Users/nwong/Documents/Projects/Group2SWE/SWEGroup2/src/pages/ProfilePage.tsx:15:38)
Warning: React.jsx: type is invalid -- expected a string (for built-in components) or a class/function (for composite 
components) but got: undefined. You likely forgot to export your component from the file it's defined in, or you might 
have mixed up default and named imports.

Check your code at ProfilePage.tsx:23.
    at ProfilePage (C:/Users/nwong/Documents/Projects/Group2SWE/SWEGroup2/src/pages/ProfilePage.tsx:15:38)
The above error occurred in the <div> component:

    at div
    at ProfilePage (C:/Users/nwong/Documents/Projects/Group2SWE/SWEGroup2/src/pages/ProfilePage.tsx:15:38)

Consider adding an error boundary to your tree to customize error handling behavior.
Visit https://reactjs.org/link/error-boundaries to learn more about error boundaries.

 [31mΓ¥»[39m src/components/__tests__/ThemeToggle.test.tsx [2m([22m[2m10 tests[22m[2m | [22m[31m10 failed[39m[2m)[22m[32m 99[2mms[22m[39m
[31m     [31m├ù[31m renders a button[39m[32m 36[2mms[22m[39m
[31m     [31m├ù[31m shows moon icon when theme is light[39m[32m 10[2mms[22m[39m
[31m     [31m├ù[31m shows sun icon when theme is dark[39m[32m 9[2mms[22m[39m
[31m     [31m├ù[31m calls toggleTheme when button is clicked[39m[32m 5[2mms[22m[39m
[31m     [31m├ù[31m has correct aria-label for accessibility[39m[32m 7[2mms[22m[39m
[31m     [31m├ù[31m has z-50 position styles[39m[32m 8[2mms[22m[39m
[31m     [31m├ù[31m renders header variant with header=true[39m[32m 5[2mms[22m[39m
[31m     [31m├ù[31m calls toggleTheme in header variant when clicked[39m[32m 5[2mms[22m[39m
[31m     [31m├ù[31m shows moon icon in header variant for light theme[39m[32m 7[2mms[22m[39m
[31m     [31m├ù[31m shows sun icon in header variant for dark theme[39m[32m 4[2mms[22m[39m
Error: Uncaught [Error: Element type is invalid: expected a string (for built-in components) or a class/function (for 
composite components) but got: undefined. You likely forgot to export your component from the file it's defined in, or 
you might have mixed up default and named imports.

Check the render method of `Header`.]
    at reportException (C:\Users\nwong\Documents\Projects\Group2SWE\SWEGroup2\node_modules\jsdom\lib\jsdom\living\helpe
rs\runtime-script-errors.js:66:24)
    at innerInvokeEventListeners (C:\Users\nwong\Documents\Projects\Group2SWE\SWEGroup2\node_modules\jsdom\lib\jsdom\li
ving\events\EventTarget-impl.js:353:9)
    at invokeEventListeners (C:\Users\nwong\Documents\Projects\Group2SWE\SWEGroup2\node_modules\jsdom\lib\jsdom\living\
events\EventTarget-impl.js:286:3)
    at HTMLUnknownElementImpl._dispatch (C:\Users\nwong\Documents\Projects\Group2SWE\SWEGroup2\node_modules\jsdom\lib\j
sdom\living\events\EventTarget-impl.js:233:9)
    at HTMLUnknownElementImpl.dispatchEvent (C:\Users\nwong\Documents\Projects\Group2SWE\SWEGroup2\node_modules\jsdom\l
ib\jsdom\living\events\EventTarget-impl.js:104:17)
    at HTMLUnknownElement.dispatchEvent (C:\Users\nwong\Documents\Projects\Group2SWE\SWEGroup2\node_modules\jsdom\lib\j
sdom\living\generated\EventTarget.js:241:34)
    at Object.invokeGuardedCallbackDev 
(C:\Users\nwong\Documents\Projects\Group2SWE\SWEGroup2\node_modules\react-dom\cjs\react-dom.development.js:4213:16)
    at invokeGuardedCallback 
(C:\Users\nwong\Documents\Projects\Group2SWE\SWEGroup2\node_modules\react-dom\cjs\react-dom.development.js:4277:31)
    at beginWork$1 
(C:\Users\nwong\Documents\Projects\Group2SWE\SWEGroup2\node_modules\react-dom\cjs\react-dom.development.js:27490:7)
    at performUnitOfWork 
(C:\Users\nwong\Documents\Projects\Group2SWE\SWEGroup2\node_modules\react-dom\cjs\react-dom.development.js:26599:12) 
Error: Element type is invalid: expected a string (for built-in components) or a class/function (for composite 
components) but got: undefined. You likely forgot to export your component from the file it's defined in, or you might 
have mixed up default and named imports.

Check the render method of `Header`.
    at createFiberFromTypeAndProps 
(C:\Users\nwong\Documents\Projects\Group2SWE\SWEGroup2\node_modules\react-dom\cjs\react-dom.development.js:28478:17)
    at createFiberFromElement 
(C:\Users\nwong\Documents\Projects\Group2SWE\SWEGroup2\node_modules\react-dom\cjs\react-dom.development.js:28504:15)
    at createChild 
(C:\Users\nwong\Documents\Projects\Group2SWE\SWEGroup2\node_modules\react-dom\cjs\react-dom.development.js:13345:28)
    at reconcileChildrenArray 
(C:\Users\nwong\Documents\Projects\Group2SWE\SWEGroup2\node_modules\react-dom\cjs\react-dom.development.js:13640:25)
    at reconcileChildFibers 
(C:\Users\nwong\Documents\Projects\Group2SWE\SWEGroup2\node_modules\react-dom\cjs\react-dom.development.js:14057:16)
    at reconcileChildren 
(C:\Users\nwong\Documents\Projects\Group2SWE\SWEGroup2\node_modules\react-dom\cjs\react-dom.development.js:19186:28)
    at updateHostComponent 
(C:\Users\nwong\Documents\Projects\Group2SWE\SWEGroup2\node_modules\react-dom\cjs\react-dom.development.js:19953:3)
    at beginWork 
(C:\Users\nwong\Documents\Projects\Group2SWE\SWEGroup2\node_modules\react-dom\cjs\react-dom.development.js:21657:14)
    at HTMLUnknownElement.callCallback 
(C:\Users\nwong\Documents\Projects\Group2SWE\SWEGroup2\node_modules\react-dom\cjs\react-dom.development.js:4164:14)
    at HTMLUnknownElement.callTheUserObjectsOperation (C:\Users\nwong\Documents\Projects\Group2SWE\SWEGroup2\node_modul
es\jsdom\lib\jsdom\living\generated\EventListener.js:26:30)
Error: Uncaught [Error: Element type is invalid: expected a string (for built-in components) or a class/function (for 
composite components) but got: undefined. You likely forgot to export your component from the file it's defined in, or 
you might have mixed up default and named imports.

Check the render method of `ProfilePage`.]
    at reportException (C:\Users\nwong\Documents\Projects\Group2SWE\SWEGroup2\node_modules\jsdom\lib\jsdom\living\helpe
rs\runtime-script-errors.js:66:24)
    at innerInvokeEventListeners (C:\Users\nwong\Documents\Projects\Group2SWE\SWEGroup2\node_modules\jsdom\lib\jsdom\li
ving\events\EventTarget-impl.js:353:9)
    at invokeEventListeners (C:\Users\nwong\Documents\Projects\Group2SWE\SWEGroup2\node_modules\jsdom\lib\jsdom\living\
events\EventTarget-impl.js:286:3)
    at HTMLUnknownElementImpl._dispatch (C:\Users\nwong\Documents\Projects\Group2SWE\SWEGroup2\node_modules\jsdom\lib\j
sdom\living\events\EventTarget-impl.js:233:9)
    at HTMLUnknownElementImpl.dispatchEvent (C:\Users\nwong\Documents\Projects\Group2SWE\SWEGroup2\node_modules\jsdom\l
ib\jsdom\living\events\EventTarget-impl.js:104:17)
    at HTMLUnknownElement.dispatchEvent (C:\Users\nwong\Documents\Projects\Group2SWE\SWEGroup2\node_modules\jsdom\lib\j
sdom\living\generated\EventTarget.js:241:34)
    at Object.invokeGuardedCallbackDev 
(C:\Users\nwong\Documents\Projects\Group2SWE\SWEGroup2\node_modules\react-dom\cjs\react-dom.development.js:4213:16)
    at invokeGuardedCallback 
(C:\Users\nwong\Documents\Projects\Group2SWE\SWEGroup2\node_modules\react-dom\cjs\react-dom.development.js:4277:31)
    at beginWork$1 
(C:\Users\nwong\Documents\Projects\Group2SWE\SWEGroup2\node_modules\react-dom\cjs\react-dom.development.js:27490:7)
    at performUnitOfWork 
(C:\Users\nwong\Documents\Projects\Group2SWE\SWEGroup2\node_modules\react-dom\cjs\react-dom.development.js:26599:12) 
Error: Element type is invalid: expected a string (for built-in components) or a class/function (for composite 
components) but got: undefined. You likely forgot to export your component from the file it's defined in, or you might 
have mixed up default and named imports.

Check the render method of `ProfilePage`.
    at createFiberFromTypeAndProps 
(C:\Users\nwong\Documents\Projects\Group2SWE\SWEGroup2\node_modules\react-dom\cjs\react-dom.development.js:28478:17)
    at createFiberFromElement 
(C:\Users\nwong\Documents\Projects\Group2SWE\SWEGroup2\node_modules\react-dom\cjs\react-dom.development.js:28504:15)
    at createChild 
(C:\Users\nwong\Documents\Projects\Group2SWE\SWEGroup2\node_modules\react-dom\cjs\react-dom.development.js:13345:28)
    at reconcileChildrenArray 
(C:\Users\nwong\Documents\Projects\Group2SWE\SWEGroup2\node_modules\react-dom\cjs\react-dom.development.js:13640:25)
    at reconcileChildFibers 
(C:\Users\nwong\Documents\Projects\Group2SWE\SWEGroup2\node_modules\react-dom\cjs\react-dom.development.js:14057:16)
    at reconcileChildren 
(C:\Users\nwong\Documents\Projects\Group2SWE\SWEGroup2\node_modules\react-dom\cjs\react-dom.development.js:19186:28)
    at updateHostComponent 
(C:\Users\nwong\Documents\Projects\Group2SWE\SWEGroup2\node_modules\react-dom\cjs\react-dom.development.js:19953:3)
    at beginWork 
(C:\Users\nwong\Documents\Projects\Group2SWE\SWEGroup2\node_modules\react-dom\cjs\react-dom.development.js:21657:14)
    at HTMLUnknownElement.callCallback 
(C:\Users\nwong\Documents\Projects\Group2SWE\SWEGroup2\node_modules\react-dom\cjs\react-dom.development.js:4164:14)
    at HTMLUnknownElement.callTheUserObjectsOperation (C:\Users\nwong\Documents\Projects\Group2SWE\SWEGroup2\node_modul
es\jsdom\lib\jsdom\living\generated\EventListener.js:26:30)
Error: Uncaught [Error: Element type is invalid: expected a string (for built-in components) or a class/function (for 
composite components) but got: undefined. You likely forgot to export your component from the file it's defined in, or 
you might have mixed up default and named imports.

Check the render method of `ProfilePage`.]
    at reportException (C:\Users\nwong\Documents\Projects\Group2SWE\SWEGroup2\node_modules\jsdom\lib\jsdom\living\helpe
rs\runtime-script-errors.js:66:24)
    at innerInvokeEventListeners (C:\Users\nwong\Documents\Projects\Group2SWE\SWEGroup2\node_modules\jsdom\lib\jsdom\li
ving\events\EventTarget-impl.js:353:9)
    at invokeEventListeners (C:\Users\nwong\Documents\Projects\Group2SWE\SWEGroup2\node_modules\jsdom\lib\jsdom\living\
events\EventTarget-impl.js:286:3)
    at HTMLUnknownElementImpl._dispatch (C:\Users\nwong\Documents\Projects\Group2SWE\SWEGroup2\node_modules\jsdom\lib\j
sdom\living\events\EventTarget-impl.js:233:9)
    at HTMLUnknownElementImpl.dispatchEvent (C:\Users\nwong\Documents\Projects\Group2SWE\SWEGroup2\node_modules\jsdom\l
ib\jsdom\living\events\EventTarget-impl.js:104:17)
    at HTMLUnknownElement.dispatchEvent (C:\Users\nwong\Documents\Projects\Group2SWE\SWEGroup2\node_modules\jsdom\lib\j
sdom\living\generated\EventTarget.js:241:34)
    at Object.invokeGuardedCallbackDev 
(C:\Users\nwong\Documents\Projects\Group2SWE\SWEGroup2\node_modules\react-dom\cjs\react-dom.development.js:4213:16)
    at invokeGuardedCallback 
(C:\Users\nwong\Documents\Projects\Group2SWE\SWEGroup2\node_modules\react-dom\cjs\react-dom.development.js:4277:31)
    at beginWork$1 
(C:\Users\nwong\Documents\Projects\Group2SWE\SWEGroup2\node_modules\react-dom\cjs\react-dom.development.js:27490:7)
    at performUnitOfWork 
(C:\Users\nwong\Documents\Projects\Group2SWE\SWEGroup2\node_modules\react-dom\cjs\react-dom.development.js:26599:12) 
Error: Element type is invalid: expected a string (for built-in components) or a class/function (for composite 
components) but got: undefined. You likely forgot to export your component from the file it's defined in, or you might 
have mixed up default and named imports.

Check the render method of `ProfilePage`.
    at createFiberFromTypeAndProps 
(C:\Users\nwong\Documents\Projects\Group2SWE\SWEGroup2\node_modules\react-dom\cjs\react-dom.development.js:28478:17)
    at createFiberFromElement 
(C:\Users\nwong\Documents\Projects\Group2SWE\SWEGroup2\node_modules\react-dom\cjs\react-dom.development.js:28504:15)
    at createChild 
(C:\Users\nwong\Documents\Projects\Group2SWE\SWEGroup2\node_modules\react-dom\cjs\react-dom.development.js:13345:28)
    at reconcileChildrenArray 
(C:\Users\nwong\Documents\Projects\Group2SWE\SWEGroup2\node_modules\react-dom\cjs\react-dom.development.js:13640:25)
    at reconcileChildFibers 
(C:\Users\nwong\Documents\Projects\Group2SWE\SWEGroup2\node_modules\react-dom\cjs\react-dom.development.js:14057:16)
    at reconcileChildren 
(C:\Users\nwong\Documents\Projects\Group2SWE\SWEGroup2\node_modules\react-dom\cjs\react-dom.development.js:19186:28)
    at updateHostComponent 
(C:\Users\nwong\Documents\Projects\Group2SWE\SWEGroup2\node_modules\react-dom\cjs\react-dom.development.js:19953:3)
    at beginWork 
(C:\Users\nwong\Documents\Projects\Group2SWE\SWEGroup2\node_modules\react-dom\cjs\react-dom.development.js:21657:14)
    at HTMLUnknownElement.callCallback 
(C:\Users\nwong\Documents\Projects\Group2SWE\SWEGroup2\node_modules\react-dom\cjs\react-dom.development.js:4164:14)
    at HTMLUnknownElement.callTheUserObjectsOperation (C:\Users\nwong\Documents\Projects\Group2SWE\SWEGroup2\node_modul
es\jsdom\lib\jsdom\living\generated\EventListener.js:26:30)
[90mstderr[2m | src/pages/__tests__/ProfilePage.test.tsx[2m > [22m[2mProfilePage[2m > [22m[2mrenders the 
logout button when logged in
[22m[39mWarning: React.jsx: type is invalid -- expected a string (for built-in components) or a class/function (for 
composite components) but got: undefined. You likely forgot to export your component from the file it's defined in, or 
you might have mixed up default and named imports.

Check your code at ProfilePage.tsx:23.
    at ProfilePage (C:/Users/nwong/Documents/Projects/Group2SWE/SWEGroup2/src/pages/ProfilePage.tsx:15:38)
Warning: React.jsx: type is invalid -- expected a string (for built-in components) or a class/function (for composite 
components) but got: undefined. You likely forgot to export your component from the file it's defined in, or you might 
have mixed up default and named imports.

Check your code at ProfilePage.tsx:23.
    at ProfilePage (C:/Users/nwong/Documents/Projects/Group2SWE/SWEGroup2/src/pages/ProfilePage.tsx:15:38)
The above error occurred in the <div> component:

    at div
    at ProfilePage (C:/Users/nwong/Documents/Projects/Group2SWE/SWEGroup2/src/pages/ProfilePage.tsx:15:38)

Consider adding an error boundary to your tree to customize error handling behavior.
Visit https://reactjs.org/link/error-boundaries to learn more about error boundaries.

Error: Uncaught [Error: Element type is invalid: expected a string (for built-in components) or a class/function (for 
composite components) but got: undefined. You likely forgot to export your component from the file it's defined in, or 
you might have mixed up default and named imports.

Check the render method of `ProfilePage`.]
    at reportException (C:\Users\nwong\Documents\Projects\Group2SWE\SWEGroup2\node_modules\jsdom\lib\jsdom\living\helpe
rs\runtime-script-errors.js:66:24)
    at innerInvokeEventListeners (C:\Users\nwong\Documents\Projects\Group2SWE\SWEGroup2\node_modules\jsdom\lib\jsdom\li
ving\events\EventTarget-impl.js:353:9)
    at invokeEventListeners (C:\Users\nwong\Documents\Projects\Group2SWE\SWEGroup2\node_modules\jsdom\lib\jsdom\living\
events\EventTarget-impl.js:286:3)
    at HTMLUnknownElementImpl._dispatch (C:\Users\nwong\Documents\Projects\Group2SWE\SWEGroup2\node_modules\jsdom\lib\j
sdom\living\events\EventTarget-impl.js:233:9)
    at HTMLUnknownElementImpl.dispatchEvent (C:\Users\nwong\Documents\Projects\Group2SWE\SWEGroup2\node_modules\jsdom\l
ib\jsdom\living\events\EventTarget-impl.js:104:17)
    at HTMLUnknownElement.dispatchEvent (C:\Users\nwong\Documents\Projects\Group2SWE\SWEGroup2\node_modules\jsdom\lib\j
sdom\living\generated\EventTarget.js:241:34)
    at Object.invokeGuardedCallbackDev 
(C:\Users\nwong\Documents\Projects\Group2SWE\SWEGroup2\node_modules\react-dom\cjs\react-dom.development.js:4213:16)
    at invokeGuardedCallback 
(C:\Users\nwong\Documents\Projects\Group2SWE\SWEGroup2\node_modules\react-dom\cjs\react-dom.development.js:4277:31)
    at beginWork$1 
(C:\Users\nwong\Documents\Projects\Group2SWE\SWEGroup2\node_modules\react-dom\cjs\react-dom.development.js:27490:7)
    at performUnitOfWork 
(C:\Users\nwong\Documents\Projects\Group2SWE\SWEGroup2\node_modules\react-dom\cjs\react-dom.development.js:26599:12) 
Error: Element type is invalid: expected a string (for built-in components) or a class/function (for composite 
components) but got: undefined. You likely forgot to export your component from the file it's defined in, or you might 
have mixed up default and named imports.

Check the render method of `ProfilePage`.
    at createFiberFromTypeAndProps 
(C:\Users\nwong\Documents\Projects\Group2SWE\SWEGroup2\node_modules\react-dom\cjs\react-dom.development.js:28478:17)
    at createFiberFromElement 
(C:\Users\nwong\Documents\Projects\Group2SWE\SWEGroup2\node_modules\react-dom\cjs\react-dom.development.js:28504:15)
    at createChild 
(C:\Users\nwong\Documents\Projects\Group2SWE\SWEGroup2\node_modules\react-dom\cjs\react-dom.development.js:13345:28)
    at reconcileChildrenArray 
(C:\Users\nwong\Documents\Projects\Group2SWE\SWEGroup2\node_modules\react-dom\cjs\react-dom.development.js:13640:25)
    at reconcileChildFibers 
(C:\Users\nwong\Documents\Projects\Group2SWE\SWEGroup2\node_modules\react-dom\cjs\react-dom.development.js:14057:16)
    at reconcileChildren 
(C:\Users\nwong\Documents\Projects\Group2SWE\SWEGroup2\node_modules\react-dom\cjs\react-dom.development.js:19186:28)
    at updateHostComponent 
(C:\Users\nwong\Documents\Projects\Group2SWE\SWEGroup2\node_modules\react-dom\cjs\react-dom.development.js:19953:3)
    at beginWork 
(C:\Users\nwong\Documents\Projects\Group2SWE\SWEGroup2\node_modules\react-dom\cjs\react-dom.development.js:21657:14)
    at HTMLUnknownElement.callCallback 
(C:\Users\nwong\Documents\Projects\Group2SWE\SWEGroup2\node_modules\react-dom\cjs\react-dom.development.js:4164:14)
    at HTMLUnknownElement.callTheUserObjectsOperation (C:\Users\nwong\Documents\Projects\Group2SWE\SWEGroup2\node_modul
es\jsdom\lib\jsdom\living\generated\EventListener.js:26:30)
Error: Uncaught [Error: Element type is invalid: expected a string (for built-in components) or a class/function (for 
composite components) but got: undefined. You likely forgot to export your component from the file it's defined in, or 
you might have mixed up default and named imports.

Check the render method of `ProfilePage`.]
    at reportException (C:\Users\nwong\Documents\Projects\Group2SWE\SWEGroup2\node_modules\jsdom\lib\jsdom\living\helpe
rs\runtime-script-errors.js:66:24)
    at innerInvokeEventListeners (C:\Users\nwong\Documents\Projects\Group2SWE\SWEGroup2\node_modules\jsdom\lib\jsdom\li
ving\events\EventTarget-impl.js:353:9)
    at invokeEventListeners (C:\Users\nwong\Documents\Projects\Group2SWE\SWEGroup2\node_modules\jsdom\lib\jsdom\living\
events\EventTarget-impl.js:286:3)
    at HTMLUnknownElementImpl._dispatch (C:\Users\nwong\Documents\Projects\Group2SWE\SWEGroup2\node_modules\jsdom\lib\j
sdom\living\events\EventTarget-impl.js:233:9)
    at HTMLUnknownElementImpl.dispatchEvent (C:\Users\nwong\Documents\Projects\Group2SWE\SWEGroup2\node_modules\jsdom\l
ib\jsdom\living\events\EventTarget-impl.js:104:17)
    at HTMLUnknownElement.dispatchEvent (C:\Users\nwong\Documents\Projects\Group2SWE\SWEGroup2\node_modules\jsdom\lib\j
sdom\living\generated\EventTarget.js:241:34)
    at Object.invokeGuardedCallbackDev 
(C:\Users\nwong\Documents\Projects\Group2SWE\SWEGroup2\node_modules\react-dom\cjs\react-dom.development.js:4213:16)
    at invokeGuardedCallback 
(C:\Users\nwong\Documents\Projects\Group2SWE\SWEGroup2\node_modules\react-dom\cjs\react-dom.development.js:4277:31)
    at beginWork$1 
(C:\Users\nwong\Documents\Projects\Group2SWE\SWEGroup2\node_modules\react-dom\cjs\react-dom.development.js:27490:7)
    at performUnitOfWork 
(C:\Users\nwong\Documents\Projects\Group2SWE\SWEGroup2\node_modules\react-dom\cjs\react-dom.development.js:26599:12) 
Error: Element type is invalid: expected a string (for built-in components) or a class/function (for composite 
components) but got: undefined. You likely forgot to export your component from the file it's defined in, or you might 
have mixed up default and named imports.

Check the render method of `ProfilePage`.
    at createFiberFromTypeAndProps 
(C:\Users\nwong\Documents\Projects\Group2SWE\SWEGroup2\node_modules\react-dom\cjs\react-dom.development.js:28478:17)
    at createFiberFromElement 
(C:\Users\nwong\Documents\Projects\Group2SWE\SWEGroup2\node_modules\react-dom\cjs\react-dom.development.js:28504:15)
    at createChild 
(C:\Users\nwong\Documents\Projects\Group2SWE\SWEGroup2\node_modules\react-dom\cjs\react-dom.development.js:13345:28)
    at reconcileChildrenArray 
(C:\Users\nwong\Documents\Projects\Group2SWE\SWEGroup2\node_modules\react-dom\cjs\react-dom.development.js:13640:25)
    at reconcileChildFibers 
(C:\Users\nwong\Documents\Projects\Group2SWE\SWEGroup2\node_modules\react-dom\cjs\react-dom.development.js:14057:16)
    at reconcileChildren 
(C:\Users\nwong\Documents\Projects\Group2SWE\SWEGroup2\node_modules\react-dom\cjs\react-dom.development.js:19186:28)
    at updateHostComponent 
(C:\Users\nwong\Documents\Projects\Group2SWE\SWEGroup2\node_modules\react-dom\cjs\react-dom.development.js:19953:3)
    at beginWork 
(C:\Users\nwong\Documents\Projects\Group2SWE\SWEGroup2\node_modules\react-dom\cjs\react-dom.development.js:21657:14)
    at HTMLUnknownElement.callCallback 
(C:\Users\nwong\Documents\Projects\Group2SWE\SWEGroup2\node_modules\react-dom\cjs\react-dom.development.js:4164:14)
    at HTMLUnknownElement.callTheUserObjectsOperation (C:\Users\nwong\Documents\Projects\Group2SWE\SWEGroup2\node_modul
es\jsdom\lib\jsdom\living\generated\EventListener.js:26:30)
Error: Uncaught [Error: Element type is invalid: expected a string (for built-in components) or a class/function (for 
composite components) but got: undefined. You likely forgot to export your component from the file it's defined in, or 
you might have mixed up default and named imports.

Check the render method of `Header`.]
    at reportException (C:\Users\nwong\Documents\Projects\Group2SWE\SWEGroup2\node_modules\jsdom\lib\jsdom\living\helpe
rs\runtime-script-errors.js:66:24)
    at innerInvokeEventListeners (C:\Users\nwong\Documents\Projects\Group2SWE\SWEGroup2\node_modules\jsdom\lib\jsdom\li
ving\events\EventTarget-impl.js:353:9)
    at invokeEventListeners (C:\Users\nwong\Documents\Projects\Group2SWE\SWEGroup2\node_modules\jsdom\lib\jsdom\living\
events\EventTarget-impl.js:286:3)
    at HTMLUnknownElementImpl._dispatch (C:\Users\nwong\Documents\Projects\Group2SWE\SWEGroup2\node_modules\jsdom\lib\j
sdom\living\events\EventTarget-impl.js:233:9)
    at HTMLUnknownElementImpl.dispatchEvent (C:\Users\nwong\Documents\Projects\Group2SWE\SWEGroup2\node_modules\jsdom\l
ib\jsdom\living\events\EventTarget-impl.js:104:17)
    at HTMLUnknownElement.dispatchEvent (C:\Users\nwong\Documents\Projects\Group2SWE\SWEGroup2\node_modules\jsdom\lib\j
sdom\living\generated\EventTarget.js:241:34)
    at Object.invokeGuardedCallbackDev 
(C:\Users\nwong\Documents\Projects\Group2SWE\SWEGroup2\node_modules\react-dom\cjs\react-dom.development.js:4213:16)
    at invokeGuardedCallback 
(C:\Users\nwong\Documents\Projects\Group2SWE\SWEGroup2\node_modules\react-dom\cjs\react-dom.development.js:4277:31)
    at beginWork$1 
(C:\Users\nwong\Documents\Projects\Group2SWE\SWEGroup2\node_modules\react-dom\cjs\react-dom.development.js:27490:7)
    at performUnitOfWork 
(C:\Users\nwong\Documents\Projects\Group2SWE\SWEGroup2\node_modules\react-dom\cjs\react-dom.development.js:26599:12) 
Error: Element type is invalid: expected a string (for built-in components) or a class/function (for composite 
components) but got: undefined. You likely forgot to export your component from the file it's defined in, or you might 
have mixed up default and named imports.

Check the render method of `Header`.
    at createFiberFromTypeAndProps 
(C:\Users\nwong\Documents\Projects\Group2SWE\SWEGroup2\node_modules\react-dom\cjs\react-dom.development.js:28478:17)
    at createFiberFromElement 
(C:\Users\nwong\Documents\Projects\Group2SWE\SWEGroup2\node_modules\react-dom\cjs\react-dom.development.js:28504:15)
    at createChild 
(C:\Users\nwong\Documents\Projects\Group2SWE\SWEGroup2\node_modules\react-dom\cjs\react-dom.development.js:13345:28)
    at reconcileChildrenArray 
(C:\Users\nwong\Documents\Projects\Group2SWE\SWEGroup2\node_modules\react-dom\cjs\react-dom.development.js:13640:25)
    at reconcileChildFibers 
(C:\Users\nwong\Documents\Projects\Group2SWE\SWEGroup2\node_modules\react-dom\cjs\react-dom.development.js:14057:16)
    at reconcileChildren 
(C:\Users\nwong\Documents\Projects\Group2SWE\SWEGroup2\node_modules\react-dom\cjs\react-dom.development.js:19186:28)
    at updateHostComponent 
(C:\Users\nwong\Documents\Projects\Group2SWE\SWEGroup2\node_modules\react-dom\cjs\react-dom.development.js:19953:3)
    at beginWork 
(C:\Users\nwong\Documents\Projects\Group2SWE\SWEGroup2\node_modules\react-dom\cjs\react-dom.development.js:21657:14)
    at HTMLUnknownElement.callCallback 
(C:\Users\nwong\Documents\Projects\Group2SWE\SWEGroup2\node_modules\react-dom\cjs\react-dom.development.js:4164:14)
    at HTMLUnknownElement.callTheUserObjectsOperation (C:\Users\nwong\Documents\Projects\Group2SWE\SWEGroup2\node_modul
es\jsdom\lib\jsdom\living\generated\EventListener.js:26:30)
[90mstderr[2m | src/pages/__tests__/ProfilePage.test.tsx[2m > [22m[2mProfilePage[2m > [22m[2mredirects to 
/login when not logged in
[22m[39mWarning: React.jsx: type is invalid -- expected a string (for built-in components) or a class/function (for 
composite components) but got: undefined. You likely forgot to export your component from the file it's defined in, or 
you might have mixed up default and named imports.

Check your code at ProfilePage.tsx:23.
    at ProfilePage (C:/Users/nwong/Documents/Projects/Group2SWE/SWEGroup2/src/pages/ProfilePage.tsx:15:38)
Warning: React.jsx: type is invalid -- expected a string (for built-in components) or a class/function (for composite 
components) but got: undefined. You likely forgot to export your component from the file it's defined in, or you might 
have mixed up default and named imports.

Check your code at ProfilePage.tsx:23.
    at ProfilePage (C:/Users/nwong/Documents/Projects/Group2SWE/SWEGroup2/src/pages/ProfilePage.tsx:15:38)
The above error occurred in the <div> component:

    at div
    at ProfilePage (C:/Users/nwong/Documents/Projects/Group2SWE/SWEGroup2/src/pages/ProfilePage.tsx:15:38)

Consider adding an error boundary to your tree to customize error handling behavior.
Visit https://reactjs.org/link/error-boundaries to learn more about error boundaries.

[90mstderr[2m | src/components/__tests__/Header.test.tsx[2m > [22m[2mHeader[2m > [22m[2mrenders the app name
[22m[39mWarning: React.jsx: type is invalid -- expected a string (for built-in components) or a class/function (for 
composite components) but got: undefined. You likely forgot to export your component from the file it's defined in, or 
you might have mixed up default and named imports.

Check your code at Header.tsx:86.
    at Header (C:/Users/nwong/Documents/Projects/Group2SWE/SWEGroup2/src/components/Header.tsx:22:19)
Warning: React.jsx: type is invalid -- expected a string (for built-in components) or a class/function (for composite 
components) but got: undefined. You likely forgot to export your component from the file it's defined in, or you might 
have mixed up default and named imports.

Check your code at Header.tsx:87.
    at Header (C:/Users/nwong/Documents/Projects/Group2SWE/SWEGroup2/src/components/Header.tsx:22:19)
Warning: React does not recognize the `layoutId` prop on a DOM element. If you intentionally want it to appear in the 
DOM as a custom attribute, spell it as lowercase `layoutid` instead. If you accidentally passed it from a parent 
component, remove it from the DOM element.
    at div
    at div (C:/Users/nwong/Documents/Projects/Group2SWE/SWEGroup2/src/components/__tests__/Header.test.tsx:7:13)
    at button
    at button (C:/Users/nwong/Documents/Projects/Group2SWE/SWEGroup2/src/components/__tests__/Header.test.tsx:12:16)
    at HeaderItem (C:/Users/nwong/Documents/Projects/Group2SWE/SWEGroup2/src/components/Header.tsx:305:23)
    at div
    at div
    at nav
    at header
    at Header (C:/Users/nwong/Documents/Projects/Group2SWE/SWEGroup2/src/components/Header.tsx:22:19)
Warning: React.jsx: type is invalid -- expected a string (for built-in components) or a class/function (for composite 
components) but got: undefined. You likely forgot to export your component from the file it's defined in, or you might 
have mixed up default and named imports.

Check your code at Header.tsx:86.
    at Header (C:/Users/nwong/Documents/Projects/Group2SWE/SWEGroup2/src/components/Header.tsx:22:19)
Warning: React.jsx: type is invalid -- expected a string (for built-in components) or a class/function (for composite 
components) but got: undefined. You likely forgot to export your component from the file it's defined in, or you might 
have mixed up default and named imports.

Check your code at Header.tsx:87.
    at Header (C:/Users/nwong/Documents/Projects/Group2SWE/SWEGroup2/src/components/Header.tsx:22:19)
The above error occurred in the <div> component:

    at div
    at nav
    at header
    at Header (C:/Users/nwong/Documents/Projects/Group2SWE/SWEGroup2/src/components/Header.tsx:22:19)

Consider adding an error boundary to your tree to customize error handling behavior.
Visit https://reactjs.org/link/error-boundaries to learn more about error boundaries.

 [31mΓ¥»[39m src/pages/__tests__/ProfilePage.test.tsx [2m([22m[2m4 tests[22m[2m | [22m[31m3 failed[39m[2m)[22m[32m 89[2mms[22m[39m
[31m     [31m├ù[31m renders the header[39m[32m 45[2mms[22m[39m
[31m     [31m├ù[31m renders the logout button when logged in[39m[32m 24[2mms[22m[39m
[31m     [31m├ù[31m redirects to /login when not logged in[39m[32m 11[2mms[22m[39m
     [32mΓ£ô[39m returns null while loading[32m 6[2mms[22m[39m
Error: Uncaught [Error: Element type is invalid: expected a string (for built-in components) or a class/function (for 
composite components) but got: undefined. You likely forgot to export your component from the file it's defined in, or 
you might have mixed up default and named imports.

Check the render method of `Header`.]
    at reportException (C:\Users\nwong\Documents\Projects\Group2SWE\SWEGroup2\node_modules\jsdom\lib\jsdom\living\helpe
rs\runtime-script-errors.js:66:24)
    at innerInvokeEventListeners (C:\Users\nwong\Documents\Projects\Group2SWE\SWEGroup2\node_modules\jsdom\lib\jsdom\li
ving\events\EventTarget-impl.js:353:9)
    at invokeEventListeners (C:\Users\nwong\Documents\Projects\Group2SWE\SWEGroup2\node_modules\jsdom\lib\jsdom\living\
events\EventTarget-impl.js:286:3)
    at HTMLUnknownElementImpl._dispatch (C:\Users\nwong\Documents\Projects\Group2SWE\SWEGroup2\node_modules\jsdom\lib\j
sdom\living\events\EventTarget-impl.js:233:9)
    at HTMLUnknownElementImpl.dispatchEvent (C:\Users\nwong\Documents\Projects\Group2SWE\SWEGroup2\node_modules\jsdom\l
ib\jsdom\living\events\EventTarget-impl.js:104:17)
    at HTMLUnknownElement.dispatchEvent (C:\Users\nwong\Documents\Projects\Group2SWE\SWEGroup2\node_modules\jsdom\lib\j
sdom\living\generated\EventTarget.js:241:34)
    at Object.invokeGuardedCallbackDev 
(C:\Users\nwong\Documents\Projects\Group2SWE\SWEGroup2\node_modules\react-dom\cjs\react-dom.development.js:4213:16)
    at invokeGuardedCallback 
(C:\Users\nwong\Documents\Projects\Group2SWE\SWEGroup2\node_modules\react-dom\cjs\react-dom.development.js:4277:31)
    at beginWork$1 
(C:\Users\nwong\Documents\Projects\Group2SWE\SWEGroup2\node_modules\react-dom\cjs\react-dom.development.js:27490:7)
    at performUnitOfWork 
(C:\Users\nwong\Documents\Projects\Group2SWE\SWEGroup2\node_modules\react-dom\cjs\react-dom.development.js:26599:12) 
Error: Element type is invalid: expected a string (for built-in components) or a class/function (for composite 
components) but got: undefined. You likely forgot to export your component from the file it's defined in, or you might 
have mixed up default and named imports.

Check the render method of `Header`.
    at createFiberFromTypeAndProps 
(C:\Users\nwong\Documents\Projects\Group2SWE\SWEGroup2\node_modules\react-dom\cjs\react-dom.development.js:28478:17)
    at createFiberFromElement 
(C:\Users\nwong\Documents\Projects\Group2SWE\SWEGroup2\node_modules\react-dom\cjs\react-dom.development.js:28504:15)
    at createChild 
(C:\Users\nwong\Documents\Projects\Group2SWE\SWEGroup2\node_modules\react-dom\cjs\react-dom.development.js:13345:28)
    at reconcileChildrenArray 
(C:\Users\nwong\Documents\Projects\Group2SWE\SWEGroup2\node_modules\react-dom\cjs\react-dom.development.js:13640:25)
    at reconcileChildFibers 
(C:\Users\nwong\Documents\Projects\Group2SWE\SWEGroup2\node_modules\react-dom\cjs\react-dom.development.js:14057:16)
    at reconcileChildren 
(C:\Users\nwong\Documents\Projects\Group2SWE\SWEGroup2\node_modules\react-dom\cjs\react-dom.development.js:19186:28)
    at updateHostComponent 
(C:\Users\nwong\Documents\Projects\Group2SWE\SWEGroup2\node_modules\react-dom\cjs\react-dom.development.js:19953:3)
    at beginWork 
(C:\Users\nwong\Documents\Projects\Group2SWE\SWEGroup2\node_modules\react-dom\cjs\react-dom.development.js:21657:14)
    at HTMLUnknownElement.callCallback 
(C:\Users\nwong\Documents\Projects\Group2SWE\SWEGroup2\node_modules\react-dom\cjs\react-dom.development.js:4164:14)
    at HTMLUnknownElement.callTheUserObjectsOperation (C:\Users\nwong\Documents\Projects\Group2SWE\SWEGroup2\node_modul
es\jsdom\lib\jsdom\living\generated\EventListener.js:26:30)
Error: Uncaught [Error: Element type is invalid: expected a string (for built-in components) or a class/function (for 
composite components) but got: undefined. You likely forgot to export your component from the file it's defined in, or 
you might have mixed up default and named imports.

Check the render method of `Header`.]
    at reportException (C:\Users\nwong\Documents\Projects\Group2SWE\SWEGroup2\node_modules\jsdom\lib\jsdom\living\helpe
rs\runtime-script-errors.js:66:24)
    at innerInvokeEventListeners (C:\Users\nwong\Documents\Projects\Group2SWE\SWEGroup2\node_modules\jsdom\lib\jsdom\li
ving\events\EventTarget-impl.js:353:9)
    at invokeEventListeners (C:\Users\nwong\Documents\Projects\Group2SWE\SWEGroup2\node_modules\jsdom\lib\jsdom\living\
events\EventTarget-impl.js:286:3)
    at HTMLUnknownElementImpl._dispatch (C:\Users\nwong\Documents\Projects\Group2SWE\SWEGroup2\node_modules\jsdom\lib\j
sdom\living\events\EventTarget-impl.js:233:9)
    at HTMLUnknownElementImpl.dispatchEvent (C:\Users\nwong\Documents\Projects\Group2SWE\SWEGroup2\node_modules\jsdom\l
ib\jsdom\living\events\EventTarget-impl.js:104:17)
    at HTMLUnknownElement.dispatchEvent (C:\Users\nwong\Documents\Projects\Group2SWE\SWEGroup2\node_modules\jsdom\lib\j
sdom\living\generated\EventTarget.js:241:34)
    at Object.invokeGuardedCallbackDev 
(C:\Users\nwong\Documents\Projects\Group2SWE\SWEGroup2\node_modules\react-dom\cjs\react-dom.development.js:4213:16)
    at invokeGuardedCallback 
(C:\Users\nwong\Documents\Projects\Group2SWE\SWEGroup2\node_modules\react-dom\cjs\react-dom.development.js:4277:31)
    at beginWork$1 
(C:\Users\nwong\Documents\Projects\Group2SWE\SWEGroup2\node_modules\react-dom\cjs\react-dom.development.js:27490:7)
    at performUnitOfWork 
(C:\Users\nwong\Documents\Projects\Group2SWE\SWEGroup2\node_modules\react-dom\cjs\react-dom.development.js:26599:12) 
Error: Element type is invalid: expected a string (for built-in components) or a class/function (for composite 
components) but got: undefined. You likely forgot to export your component from the file it's defined in, or you might 
have mixed up default and named imports.

Check the render method of `Header`.
    at createFiberFromTypeAndProps 
(C:\Users\nwong\Documents\Projects\Group2SWE\SWEGroup2\node_modules\react-dom\cjs\react-dom.development.js:28478:17)
    at createFiberFromElement 
(C:\Users\nwong\Documents\Projects\Group2SWE\SWEGroup2\node_modules\react-dom\cjs\react-dom.development.js:28504:15)
    at createChild 
(C:\Users\nwong\Documents\Projects\Group2SWE\SWEGroup2\node_modules\react-dom\cjs\react-dom.development.js:13345:28)
    at reconcileChildrenArray 
(C:\Users\nwong\Documents\Projects\Group2SWE\SWEGroup2\node_modules\react-dom\cjs\react-dom.development.js:13640:25)
    at reconcileChildFibers 
(C:\Users\nwong\Documents\Projects\Group2SWE\SWEGroup2\node_modules\react-dom\cjs\react-dom.development.js:14057:16)
    at reconcileChildren 
(C:\Users\nwong\Documents\Projects\Group2SWE\SWEGroup2\node_modules\react-dom\cjs\react-dom.development.js:19186:28)
    at updateHostComponent 
(C:\Users\nwong\Documents\Projects\Group2SWE\SWEGroup2\node_modules\react-dom\cjs\react-dom.development.js:19953:3)
    at beginWork 
(C:\Users\nwong\Documents\Projects\Group2SWE\SWEGroup2\node_modules\react-dom\cjs\react-dom.development.js:21657:14)
    at HTMLUnknownElement.callCallback 
(C:\Users\nwong\Documents\Projects\Group2SWE\SWEGroup2\node_modules\react-dom\cjs\react-dom.development.js:4164:14)
    at HTMLUnknownElement.callTheUserObjectsOperation (C:\Users\nwong\Documents\Projects\Group2SWE\SWEGroup2\node_modul
es\jsdom\lib\jsdom\living\generated\EventListener.js:26:30)
[90mstderr[2m | src/components/__tests__/Header.test.tsx[2m > [22m[2mHeader[2m > [22m[2mrenders navigation 
items
[22m[39mWarning: React.jsx: type is invalid -- expected a string (for built-in components) or a class/function (for 
composite components) but got: undefined. You likely forgot to export your component from the file it's defined in, or 
you might have mixed up default and named imports.

Check your code at Header.tsx:86.
    at Header (C:/Users/nwong/Documents/Projects/Group2SWE/SWEGroup2/src/components/Header.tsx:22:19)
Warning: React.jsx: type is invalid -- expected a string (for built-in components) or a class/function (for composite 
components) but got: undefined. You likely forgot to export your component from the file it's defined in, or you might 
have mixed up default and named imports.

Check your code at Header.tsx:87.
    at Header (C:/Users/nwong/Documents/Projects/Group2SWE/SWEGroup2/src/components/Header.tsx:22:19)
Warning: React.jsx: type is invalid -- expected a string (for built-in components) or a class/function (for composite 
components) but got: undefined. You likely forgot to export your component from the file it's defined in, or you might 
have mixed up default and named imports.

Check your code at Header.tsx:86.
    at Header (C:/Users/nwong/Documents/Projects/Group2SWE/SWEGroup2/src/components/Header.tsx:22:19)
Warning: React.jsx: type is invalid -- expected a string (for built-in components) or a class/function (for composite 
components) but got: undefined. You likely forgot to export your component from the file it's defined in, or you might 
have mixed up default and named imports.

Check your code at Header.tsx:87.
    at Header (C:/Users/nwong/Documents/Projects/Group2SWE/SWEGroup2/src/components/Header.tsx:22:19)
The above error occurred in the <div> component:

    at div
    at nav
    at header
    at Header (C:/Users/nwong/Documents/Projects/Group2SWE/SWEGroup2/src/components/Header.tsx:22:19)

Consider adding an error boundary to your tree to customize error handling behavior.
Visit https://reactjs.org/link/error-boundaries to learn more about error boundaries.

Error: Uncaught [Error: Element type is invalid: expected a string (for built-in components) or a class/function (for 
composite components) but got: undefined. You likely forgot to export your component from the file it's defined in, or 
you might have mixed up default and named imports.

Check the render method of `Header`.]
    at reportException (C:\Users\nwong\Documents\Projects\Group2SWE\SWEGroup2\node_modules\jsdom\lib\jsdom\living\helpe
rs\runtime-script-errors.js:66:24)
    at innerInvokeEventListeners (C:\Users\nwong\Documents\Projects\Group2SWE\SWEGroup2\node_modules\jsdom\lib\jsdom\li
ving\events\EventTarget-impl.js:353:9)
    at invokeEventListeners (C:\Users\nwong\Documents\Projects\Group2SWE\SWEGroup2\node_modules\jsdom\lib\jsdom\living\
events\EventTarget-impl.js:286:3)
    at HTMLUnknownElementImpl._dispatch (C:\Users\nwong\Documents\Projects\Group2SWE\SWEGroup2\node_modules\jsdom\lib\j
sdom\living\events\EventTarget-impl.js:233:9)
    at HTMLUnknownElementImpl.dispatchEvent (C:\Users\nwong\Documents\Projects\Group2SWE\SWEGroup2\node_modules\jsdom\l
ib\jsdom\living\events\EventTarget-impl.js:104:17)
    at HTMLUnknownElement.dispatchEvent (C:\Users\nwong\Documents\Projects\Group2SWE\SWEGroup2\node_modules\jsdom\lib\j
sdom\living\generated\EventTarget.js:241:34)
    at Object.invokeGuardedCallbackDev 
(C:\Users\nwong\Documents\Projects\Group2SWE\SWEGroup2\node_modules\react-dom\cjs\react-dom.development.js:4213:16)
    at invokeGuardedCallback 
(C:\Users\nwong\Documents\Projects\Group2SWE\SWEGroup2\node_modules\react-dom\cjs\react-dom.development.js:4277:31)
    at beginWork$1 
(C:\Users\nwong\Documents\Projects\Group2SWE\SWEGroup2\node_modules\react-dom\cjs\react-dom.development.js:27490:7)
    at performUnitOfWork 
(C:\Users\nwong\Documents\Projects\Group2SWE\SWEGroup2\node_modules\react-dom\cjs\react-dom.development.js:26599:12) 
Error: Element type is invalid: expected a string (for built-in components) or a class/function (for composite 
components) but got: undefined. You likely forgot to export your component from the file it's defined in, or you might 
have mixed up default and named imports.

Check the render method of `Header`.
    at createFiberFromTypeAndProps 
(C:\Users\nwong\Documents\Projects\Group2SWE\SWEGroup2\node_modules\react-dom\cjs\react-dom.development.js:28478:17)
    at createFiberFromElement 
(C:\Users\nwong\Documents\Projects\Group2SWE\SWEGroup2\node_modules\react-dom\cjs\react-dom.development.js:28504:15)
    at createChild 
(C:\Users\nwong\Documents\Projects\Group2SWE\SWEGroup2\node_modules\react-dom\cjs\react-dom.development.js:13345:28)
    at reconcileChildrenArray 
(C:\Users\nwong\Documents\Projects\Group2SWE\SWEGroup2\node_modules\react-dom\cjs\react-dom.development.js:13640:25)
    at reconcileChildFibers 
(C:\Users\nwong\Documents\Projects\Group2SWE\SWEGroup2\node_modules\react-dom\cjs\react-dom.development.js:14057:16)
    at reconcileChildren 
(C:\Users\nwong\Documents\Projects\Group2SWE\SWEGroup2\node_modules\react-dom\cjs\react-dom.development.js:19186:28)
    at updateHostComponent 
(C:\Users\nwong\Documents\Projects\Group2SWE\SWEGroup2\node_modules\react-dom\cjs\react-dom.development.js:19953:3)
    at beginWork 
(C:\Users\nwong\Documents\Projects\Group2SWE\SWEGroup2\node_modules\react-dom\cjs\react-dom.development.js:21657:14)
    at HTMLUnknownElement.callCallback 
(C:\Users\nwong\Documents\Projects\Group2SWE\SWEGroup2\node_modules\react-dom\cjs\react-dom.development.js:4164:14)
    at HTMLUnknownElement.callTheUserObjectsOperation (C:\Users\nwong\Documents\Projects\Group2SWE\SWEGroup2\node_modul
es\jsdom\lib\jsdom\living\generated\EventListener.js:26:30)
Error: Uncaught [Error: Element type is invalid: expected a string (for built-in components) or a class/function (for 
composite components) but got: undefined. You likely forgot to export your component from the file it's defined in, or 
you might have mixed up default and named imports.

Check the render method of `Header`.]
    at reportException (C:\Users\nwong\Documents\Projects\Group2SWE\SWEGroup2\node_modules\jsdom\lib\jsdom\living\helpe
rs\runtime-script-errors.js:66:24)
    at innerInvokeEventListeners (C:\Users\nwong\Documents\Projects\Group2SWE\SWEGroup2\node_modules\jsdom\lib\jsdom\li
ving\events\EventTarget-impl.js:353:9)
    at invokeEventListeners (C:\Users\nwong\Documents\Projects\Group2SWE\SWEGroup2\node_modules\jsdom\lib\jsdom\living\
events\EventTarget-impl.js:286:3)
    at HTMLUnknownElementImpl._dispatch (C:\Users\nwong\Documents\Projects\Group2SWE\SWEGroup2\node_modules\jsdom\lib\j
sdom\living\events\EventTarget-impl.js:233:9)
    at HTMLUnknownElementImpl.dispatchEvent (C:\Users\nwong\Documents\Projects\Group2SWE\SWEGroup2\node_modules\jsdom\l
ib\jsdom\living\events\EventTarget-impl.js:104:17)
    at HTMLUnknownElement.dispatchEvent (C:\Users\nwong\Documents\Projects\Group2SWE\SWEGroup2\node_modules\jsdom\lib\j
sdom\living\generated\EventTarget.js:241:34)
    at Object.invokeGuardedCallbackDev 
(C:\Users\nwong\Documents\Projects\Group2SWE\SWEGroup2\node_modules\react-dom\cjs\react-dom.development.js:4213:16)
    at invokeGuardedCallback 
(C:\Users\nwong\Documents\Projects\Group2SWE\SWEGroup2\node_modules\react-dom\cjs\react-dom.development.js:4277:31)
    at beginWork$1 
(C:\Users\nwong\Documents\Projects\Group2SWE\SWEGroup2\node_modules\react-dom\cjs\react-dom.development.js:27490:7)
    at performUnitOfWork 
(C:\Users\nwong\Documents\Projects\Group2SWE\SWEGroup2\node_modules\react-dom\cjs\react-dom.development.js:26599:12) 
Error: Element type is invalid: expected a string (for built-in components) or a class/function (for composite 
components) but got: undefined. You likely forgot to export your component from the file it's defined in, or you might 
have mixed up default and named imports.

Check the render method of `Header`.
    at createFiberFromTypeAndProps 
(C:\Users\nwong\Documents\Projects\Group2SWE\SWEGroup2\node_modules\react-dom\cjs\react-dom.development.js:28478:17)
    at createFiberFromElement 
(C:\Users\nwong\Documents\Projects\Group2SWE\SWEGroup2\node_modules\react-dom\cjs\react-dom.development.js:28504:15)
    at createChild 
(C:\Users\nwong\Documents\Projects\Group2SWE\SWEGroup2\node_modules\react-dom\cjs\react-dom.development.js:13345:28)
    at reconcileChildrenArray 
(C:\Users\nwong\Documents\Projects\Group2SWE\SWEGroup2\node_modules\react-dom\cjs\react-dom.development.js:13640:25)
    at reconcileChildFibers 
(C:\Users\nwong\Documents\Projects\Group2SWE\SWEGroup2\node_modules\react-dom\cjs\react-dom.development.js:14057:16)
    at reconcileChildren 
(C:\Users\nwong\Documents\Projects\Group2SWE\SWEGroup2\node_modules\react-dom\cjs\react-dom.development.js:19186:28)
    at updateHostComponent 
(C:\Users\nwong\Documents\Projects\Group2SWE\SWEGroup2\node_modules\react-dom\cjs\react-dom.development.js:19953:3)
    at beginWork 
(C:\Users\nwong\Documents\Projects\Group2SWE\SWEGroup2\node_modules\react-dom\cjs\react-dom.development.js:21657:14)
    at HTMLUnknownElement.callCallback 
(C:\Users\nwong\Documents\Projects\Group2SWE\SWEGroup2\node_modules\react-dom\cjs\react-dom.development.js:4164:14)
    at HTMLUnknownElement.callTheUserObjectsOperation (C:\Users\nwong\Documents\Projects\Group2SWE\SWEGroup2\node_modul
es\jsdom\lib\jsdom\living\generated\EventListener.js:26:30)
[90mstderr[2m | src/components/__tests__/Header.test.tsx[2m > [22m[2mHeader[2m > [22m[2mrenders with banner 
role
[22m[39mWarning: React.jsx: type is invalid -- expected a string (for built-in components) or a class/function (for 
composite components) but got: undefined. You likely forgot to export your component from the file it's defined in, or 
you might have mixed up default and named imports.

Check your code at Header.tsx:86.
    at Header (C:/Users/nwong/Documents/Projects/Group2SWE/SWEGroup2/src/components/Header.tsx:22:19)
Warning: React.jsx: type is invalid -- expected a string (for built-in components) or a class/function (for composite 
components) but got: undefined. You likely forgot to export your component from the file it's defined in, or you might 
have mixed up default and named imports.

Check your code at Header.tsx:87.
    at Header (C:/Users/nwong/Documents/Projects/Group2SWE/SWEGroup2/src/components/Header.tsx:22:19)
Warning: React.jsx: type is invalid -- expected a string (for built-in components) or a class/function (for composite 
components) but got: undefined. You likely forgot to export your component from the file it's defined in, or you might 
have mixed up default and named imports.

Check your code at Header.tsx:86.
    at Header (C:/Users/nwong/Documents/Projects/Group2SWE/SWEGroup2/src/components/Header.tsx:22:19)
Warning: React.jsx: type is invalid -- expected a string (for built-in components) or a class/function (for composite 
components) but got: undefined. You likely forgot to export your component from the file it's defined in, or you might 
have mixed up default and named imports.

Check your code at Header.tsx:87.
    at Header (C:/Users/nwong/Documents/Projects/Group2SWE/SWEGroup2/src/components/Header.tsx:22:19)
The above error occurred in the <div> component:

    at div
    at nav
    at header
    at Header (C:/Users/nwong/Documents/Projects/Group2SWE/SWEGroup2/src/components/Header.tsx:22:19)

Consider adding an error boundary to your tree to customize error handling behavior.
Visit https://reactjs.org/link/error-boundaries to learn more about error boundaries.

Error: Uncaught [Error: Element type is invalid: expected a string (for built-in components) or a class/function (for 
composite components) but got: undefined. You likely forgot to export your component from the file it's defined in, or 
you might have mixed up default and named imports.

Check the render method of `Header`.]
    at reportException (C:\Users\nwong\Documents\Projects\Group2SWE\SWEGroup2\node_modules\jsdom\lib\jsdom\living\helpe
rs\runtime-script-errors.js:66:24)
    at innerInvokeEventListeners (C:\Users\nwong\Documents\Projects\Group2SWE\SWEGroup2\node_modules\jsdom\lib\jsdom\li
ving\events\EventTarget-impl.js:353:9)
    at invokeEventListeners (C:\Users\nwong\Documents\Projects\Group2SWE\SWEGroup2\node_modules\jsdom\lib\jsdom\living\
events\EventTarget-impl.js:286:3)
    at HTMLUnknownElementImpl._dispatch (C:\Users\nwong\Documents\Projects\Group2SWE\SWEGroup2\node_modules\jsdom\lib\j
sdom\living\events\EventTarget-impl.js:233:9)
    at HTMLUnknownElementImpl.dispatchEvent (C:\Users\nwong\Documents\Projects\Group2SWE\SWEGroup2\node_modules\jsdom\l
ib\jsdom\living\events\EventTarget-impl.js:104:17)
    at HTMLUnknownElement.dispatchEvent (C:\Users\nwong\Documents\Projects\Group2SWE\SWEGroup2\node_modules\jsdom\lib\j
sdom\living\generated\EventTarget.js:241:34)
    at Object.invokeGuardedCallbackDev 
(C:\Users\nwong\Documents\Projects\Group2SWE\SWEGroup2\node_modules\react-dom\cjs\react-dom.development.js:4213:16)
    at invokeGuardedCallback 
(C:\Users\nwong\Documents\Projects\Group2SWE\SWEGroup2\node_modules\react-dom\cjs\react-dom.development.js:4277:31)
    at beginWork$1 
(C:\Users\nwong\Documents\Projects\Group2SWE\SWEGroup2\node_modules\react-dom\cjs\react-dom.development.js:27490:7)
    at performUnitOfWork 
(C:\Users\nwong\Documents\Projects\Group2SWE\SWEGroup2\node_modules\react-dom\cjs\react-dom.development.js:26599:12) 
Error: Element type is invalid: expected a string (for built-in components) or a class/function (for composite 
components) but got: undefined. You likely forgot to export your component from the file it's defined in, or you might 
have mixed up default and named imports.

Check the render method of `Header`.
    at createFiberFromTypeAndProps 
(C:\Users\nwong\Documents\Projects\Group2SWE\SWEGroup2\node_modules\react-dom\cjs\react-dom.development.js:28478:17)
    at createFiberFromElement 
(C:\Users\nwong\Documents\Projects\Group2SWE\SWEGroup2\node_modules\react-dom\cjs\react-dom.development.js:28504:15)
    at createChild 
(C:\Users\nwong\Documents\Projects\Group2SWE\SWEGroup2\node_modules\react-dom\cjs\react-dom.development.js:13345:28)
    at reconcileChildrenArray 
(C:\Users\nwong\Documents\Projects\Group2SWE\SWEGroup2\node_modules\react-dom\cjs\react-dom.development.js:13640:25)
    at reconcileChildFibers 
(C:\Users\nwong\Documents\Projects\Group2SWE\SWEGroup2\node_modules\react-dom\cjs\react-dom.development.js:14057:16)
    at reconcileChildren 
(C:\Users\nwong\Documents\Projects\Group2SWE\SWEGroup2\node_modules\react-dom\cjs\react-dom.development.js:19186:28)
    at updateHostComponent 
(C:\Users\nwong\Documents\Projects\Group2SWE\SWEGroup2\node_modules\react-dom\cjs\react-dom.development.js:19953:3)
    at beginWork 
(C:\Users\nwong\Documents\Projects\Group2SWE\SWEGroup2\node_modules\react-dom\cjs\react-dom.development.js:21657:14)
    at HTMLUnknownElement.callCallback 
(C:\Users\nwong\Documents\Projects\Group2SWE\SWEGroup2\node_modules\react-dom\cjs\react-dom.development.js:4164:14)
    at HTMLUnknownElement.callTheUserObjectsOperation (C:\Users\nwong\Documents\Projects\Group2SWE\SWEGroup2\node_modul
es\jsdom\lib\jsdom\living\generated\EventListener.js:26:30)
Error: Uncaught [Error: Element type is invalid: expected a string (for built-in components) or a class/function (for 
composite components) but got: undefined. You likely forgot to export your component from the file it's defined in, or 
you might have mixed up default and named imports.

Check the render method of `Header`.]
    at reportException (C:\Users\nwong\Documents\Projects\Group2SWE\SWEGroup2\node_modules\jsdom\lib\jsdom\living\helpe
rs\runtime-script-errors.js:66:24)
    at innerInvokeEventListeners (C:\Users\nwong\Documents\Projects\Group2SWE\SWEGroup2\node_modules\jsdom\lib\jsdom\li
ving\events\EventTarget-impl.js:353:9)
    at invokeEventListeners (C:\Users\nwong\Documents\Projects\Group2SWE\SWEGroup2\node_modules\jsdom\lib\jsdom\living\
events\EventTarget-impl.js:286:3)
    at HTMLUnknownElementImpl._dispatch (C:\Users\nwong\Documents\Projects\Group2SWE\SWEGroup2\node_modules\jsdom\lib\j
sdom\living\events\EventTarget-impl.js:233:9)
    at HTMLUnknownElementImpl.dispatchEvent (C:\Users\nwong\Documents\Projects\Group2SWE\SWEGroup2\node_modules\jsdom\l
ib\jsdom\living\events\EventTarget-impl.js:104:17)
    at HTMLUnknownElement.dispatchEvent (C:\Users\nwong\Documents\Projects\Group2SWE\SWEGroup2\node_modules\jsdom\lib\j
sdom\living\generated\EventTarget.js:241:34)
    at Object.invokeGuardedCallbackDev 
(C:\Users\nwong\Documents\Projects\Group2SWE\SWEGroup2\node_modules\react-dom\cjs\react-dom.development.js:4213:16)
    at invokeGuardedCallback 
(C:\Users\nwong\Documents\Projects\Group2SWE\SWEGroup2\node_modules\react-dom\cjs\react-dom.development.js:4277:31)
    at beginWork$1 
(C:\Users\nwong\Documents\Projects\Group2SWE\SWEGroup2\node_modules\react-dom\cjs\react-dom.development.js:27490:7)
    at performUnitOfWork 
(C:\Users\nwong\Documents\Projects\Group2SWE\SWEGroup2\node_modules\react-dom\cjs\react-dom.development.js:26599:12) 
Error: Element type is invalid: expected a string (for built-in components) or a class/function (for composite 
components) but got: undefined. You likely forgot to export your component from the file it's defined in, or you might 
have mixed up default and named imports.

Check the render method of `Header`.
    at createFiberFromTypeAndProps 
(C:\Users\nwong\Documents\Projects\Group2SWE\SWEGroup2\node_modules\react-dom\cjs\react-dom.development.js:28478:17)
    at createFiberFromElement 
(C:\Users\nwong\Documents\Projects\Group2SWE\SWEGroup2\node_modules\react-dom\cjs\react-dom.development.js:28504:15)
    at createChild 
(C:\Users\nwong\Documents\Projects\Group2SWE\SWEGroup2\node_modules\react-dom\cjs\react-dom.development.js:13345:28)
    at reconcileChildrenArray 
(C:\Users\nwong\Documents\Projects\Group2SWE\SWEGroup2\node_modules\react-dom\cjs\react-dom.development.js:13640:25)
    at reconcileChildFibers 
(C:\Users\nwong\Documents\Projects\Group2SWE\SWEGroup2\node_modules\react-dom\cjs\react-dom.development.js:14057:16)
    at reconcileChildren 
(C:\Users\nwong\Documents\Projects\Group2SWE\SWEGroup2\node_modules\react-dom\cjs\react-dom.development.js:19186:28)
    at updateHostComponent 
(C:\Users\nwong\Documents\Projects\Group2SWE\SWEGroup2\node_modules\react-dom\cjs\react-dom.development.js:19953:3)
    at beginWork 
(C:\Users\nwong\Documents\Projects\Group2SWE\SWEGroup2\node_modules\react-dom\cjs\react-dom.development.js:21657:14)
    at HTMLUnknownElement.callCallback 
(C:\Users\nwong\Documents\Projects\Group2SWE\SWEGroup2\node_modules\react-dom\cjs\react-dom.development.js:4164:14)
    at HTMLUnknownElement.callTheUserObjectsOperation (C:\Users\nwong\Documents\Projects\Group2SWE\SWEGroup2\node_modul
es\jsdom\lib\jsdom\living\generated\EventListener.js:26:30)
Error: Uncaught [Error: Element type is invalid: expected a string (for built-in components) or a class/function (for 
composite components) but got: undefined. You likely forgot to export your component from the file it's defined in, or 
you might have mixed up default and named imports.

Check the render method of `MapPage`.]
    at reportException (C:\Users\nwong\Documents\Projects\Group2SWE\SWEGroup2\node_modules\jsdom\lib\jsdom\living\helpe
rs\runtime-script-errors.js:66:24)
    at innerInvokeEventListeners (C:\Users\nwong\Documents\Projects\Group2SWE\SWEGroup2\node_modules\jsdom\lib\jsdom\li
ving\events\EventTarget-impl.js:353:9)
    at invokeEventListeners (C:\Users\nwong\Documents\Projects\Group2SWE\SWEGroup2\node_modules\jsdom\lib\jsdom\living\
events\EventTarget-impl.js:286:3)
    at HTMLUnknownElementImpl._dispatch (C:\Users\nwong\Documents\Projects\Group2SWE\SWEGroup2\node_modules\jsdom\lib\j
sdom\living\events\EventTarget-impl.js:233:9)
    at HTMLUnknownElementImpl.dispatchEvent (C:\Users\nwong\Documents\Projects\Group2SWE\SWEGroup2\node_modules\jsdom\l
ib\jsdom\living\events\EventTarget-impl.js:104:17)
    at HTMLUnknownElement.dispatchEvent (C:\Users\nwong\Documents\Projects\Group2SWE\SWEGroup2\node_modules\jsdom\lib\j
sdom\living\generated\EventTarget.js:241:34)
    at Object.invokeGuardedCallbackDev 
(C:\Users\nwong\Documents\Projects\Group2SWE\SWEGroup2\node_modules\react-dom\cjs\react-dom.development.js:4213:16)
    at invokeGuardedCallback 
(C:\Users\nwong\Documents\Projects\Group2SWE\SWEGroup2\node_modules\react-dom\cjs\react-dom.development.js:4277:31)
    at beginWork$1 
(C:\Users\nwong\Documents\Projects\Group2SWE\SWEGroup2\node_modules\react-dom\cjs\react-dom.development.js:27490:7)
    at performUnitOfWork 
(C:\Users\nwong\Documents\Projects\Group2SWE\SWEGroup2\node_modules\react-dom\cjs\react-dom.development.js:26599:12) 
Error: Element type is invalid: expected a string (for built-in components) or a class/function (for composite 
components) but got: undefined. You likely forgot to export your component from the file it's defined in, or you might 
have mixed up default and named imports.

Check the render method of `MapPage`.
    at createFiberFromTypeAndProps 
(C:\Users\nwong\Documents\Projects\Group2SWE\SWEGroup2\node_modules\react-dom\cjs\react-dom.development.js:28478:17)
    at createFiberFromElement 
(C:\Users\nwong\Documents\Projects\Group2SWE\SWEGroup2\node_modules\react-dom\cjs\react-dom.development.js:28504:15)
    at reconcileSingleElement 
(C:\Users\nwong\Documents\Projects\Group2SWE\SWEGroup2\node_modules\react-dom\cjs\react-dom.development.js:13986:23)
    at reconcileChildFibers 
(C:\Users\nwong\Documents\Projects\Group2SWE\SWEGroup2\node_modules\react-dom\cjs\react-dom.development.js:14044:35)
    at reconcileChildren 
(C:\Users\nwong\Documents\Projects\Group2SWE\SWEGroup2\node_modules\react-dom\cjs\react-dom.development.js:19186:28)
    at updateHostComponent 
(C:\Users\nwong\Documents\Projects\Group2SWE\SWEGroup2\node_modules\react-dom\cjs\react-dom.development.js:19953:3)
    at beginWork 
(C:\Users\nwong\Documents\Projects\Group2SWE\SWEGroup2\node_modules\react-dom\cjs\react-dom.development.js:21657:14)
    at HTMLUnknownElement.callCallback 
(C:\Users\nwong\Documents\Projects\Group2SWE\SWEGroup2\node_modules\react-dom\cjs\react-dom.development.js:4164:14)
    at HTMLUnknownElement.callTheUserObjectsOperation (C:\Users\nwong\Documents\Projects\Group2SWE\SWEGroup2\node_modul
es\jsdom\lib\jsdom\living\generated\EventListener.js:26:30)
    at innerInvokeEventListeners (C:\Users\nwong\Documents\Projects\Group2SWE\SWEGroup2\node_modules\jsdom\lib\jsdom\li
ving\events\EventTarget-impl.js:350:25)
[90mstderr[2m | src/components/__tests__/Header.test.tsx[2m > [22m[2mHeader[2m > [22m[2mrenders navigation 
with correct aria label
[22m[39mWarning: React.jsx: type is invalid -- expected a string (for built-in components) or a class/function (for 
composite components) but got: undefined. You likely forgot to export your component from the file it's defined in, or 
you might have mixed up default and named imports.

Check your code at Header.tsx:86.
    at Header (C:/Users/nwong/Documents/Projects/Group2SWE/SWEGroup2/src/components/Header.tsx:22:19)
Warning: React.jsx: type is invalid -- expected a string (for built-in components) or a class/function (for composite 
components) but got: undefined. You likely forgot to export your component from the file it's defined in, or you might 
have mixed up default and named imports.

Check your code at Header.tsx:87.
    at Header (C:/Users/nwong/Documents/Projects/Group2SWE/SWEGroup2/src/components/Header.tsx:22:19)
Warning: React.jsx: type is invalid -- expected a string (for built-in components) or a class/function (for composite 
components) but got: undefined. You likely forgot to export your component from the file it's defined in, or you might 
have mixed up default and named imports.

Check your code at Header.tsx:86.
    at Header (C:/Users/nwong/Documents/Projects/Group2SWE/SWEGroup2/src/components/Header.tsx:22:19)
Warning: React.jsx: type is invalid -- expected a string (for built-in components) or a class/function (for composite 
components) but got: undefined. You likely forgot to export your component from the file it's defined in, or you might 
have mixed up default and named imports.

Check your code at Header.tsx:87.
    at Header (C:/Users/nwong/Documents/Projects/Group2SWE/SWEGroup2/src/components/Header.tsx:22:19)
The above error occurred in the <div> component:

    at div
    at nav
    at header
    at Header (C:/Users/nwong/Documents/Projects/Group2SWE/SWEGroup2/src/components/Header.tsx:22:19)

Consider adding an error boundary to your tree to customize error handling behavior.
Visit https://reactjs.org/link/error-boundaries to learn more about error boundaries.

Error: Uncaught [Error: Element type is invalid: expected a string (for built-in components) or a class/function (for 
composite components) but got: undefined. You likely forgot to export your component from the file it's defined in, or 
you might have mixed up default and named imports.

Check the render method of `Header`.]
    at reportException (C:\Users\nwong\Documents\Projects\Group2SWE\SWEGroup2\node_modules\jsdom\lib\jsdom\living\helpe
rs\runtime-script-errors.js:66:24)
    at innerInvokeEventListeners (C:\Users\nwong\Documents\Projects\Group2SWE\SWEGroup2\node_modules\jsdom\lib\jsdom\li
ving\events\EventTarget-impl.js:353:9)
    at invokeEventListeners (C:\Users\nwong\Documents\Projects\Group2SWE\SWEGroup2\node_modules\jsdom\lib\jsdom\living\
events\EventTarget-impl.js:286:3)
    at HTMLUnknownElementImpl._dispatch (C:\Users\nwong\Documents\Projects\Group2SWE\SWEGroup2\node_modules\jsdom\lib\j
sdom\living\events\EventTarget-impl.js:233:9)
    at HTMLUnknownElementImpl.dispatchEvent (C:\Users\nwong\Documents\Projects\Group2SWE\SWEGroup2\node_modules\jsdom\l
ib\jsdom\living\events\EventTarget-impl.js:104:17)
    at HTMLUnknownElement.dispatchEvent (C:\Users\nwong\Documents\Projects\Group2SWE\SWEGroup2\node_modules\jsdom\lib\j
sdom\living\generated\EventTarget.js:241:34)
    at Object.invokeGuardedCallbackDev 
(C:\Users\nwong\Documents\Projects\Group2SWE\SWEGroup2\node_modules\react-dom\cjs\react-dom.development.js:4213:16)
    at invokeGuardedCallback 
(C:\Users\nwong\Documents\Projects\Group2SWE\SWEGroup2\node_modules\react-dom\cjs\react-dom.development.js:4277:31)
    at beginWork$1 
(C:\Users\nwong\Documents\Projects\Group2SWE\SWEGroup2\node_modules\react-dom\cjs\react-dom.development.js:27490:7)
    at performUnitOfWork 
(C:\Users\nwong\Documents\Projects\Group2SWE\SWEGroup2\node_modules\react-dom\cjs\react-dom.development.js:26599:12) 
Error: Element type is invalid: expected a string (for built-in components) or a class/function (for composite 
components) but got: undefined. You likely forgot to export your component from the file it's defined in, or you might 
have mixed up default and named imports.

Check the render method of `Header`.
    at createFiberFromTypeAndProps 
(C:\Users\nwong\Documents\Projects\Group2SWE\SWEGroup2\node_modules\react-dom\cjs\react-dom.development.js:28478:17)
    at createFiberFromElement 
(C:\Users\nwong\Documents\Projects\Group2SWE\SWEGroup2\node_modules\react-dom\cjs\react-dom.development.js:28504:15)
    at createChild 
(C:\Users\nwong\Documents\Projects\Group2SWE\SWEGroup2\node_modules\react-dom\cjs\react-dom.development.js:13345:28)
    at reconcileChildrenArray 
(C:\Users\nwong\Documents\Projects\Group2SWE\SWEGroup2\node_modules\react-dom\cjs\react-dom.development.js:13640:25)
    at reconcileChildFibers 
(C:\Users\nwong\Documents\Projects\Group2SWE\SWEGroup2\node_modules\react-dom\cjs\react-dom.development.js:14057:16)
    at reconcileChildren 
(C:\Users\nwong\Documents\Projects\Group2SWE\SWEGroup2\node_modules\react-dom\cjs\react-dom.development.js:19186:28)
    at updateHostComponent 
(C:\Users\nwong\Documents\Projects\Group2SWE\SWEGroup2\node_modules\react-dom\cjs\react-dom.development.js:19953:3)
    at beginWork 
(C:\Users\nwong\Documents\Projects\Group2SWE\SWEGroup2\node_modules\react-dom\cjs\react-dom.development.js:21657:14)
    at HTMLUnknownElement.callCallback 
(C:\Users\nwong\Documents\Projects\Group2SWE\SWEGroup2\node_modules\react-dom\cjs\react-dom.development.js:4164:14)
    at HTMLUnknownElement.callTheUserObjectsOperation (C:\Users\nwong\Documents\Projects\Group2SWE\SWEGroup2\node_modul
es\jsdom\lib\jsdom\living\generated\EventListener.js:26:30)
Error: Uncaught [Error: Element type is invalid: expected a string (for built-in components) or a class/function (for 
composite components) but got: undefined. You likely forgot to export your component from the file it's defined in, or 
you might have mixed up default and named imports.

Check the render method of `Header`.]
    at reportException (C:\Users\nwong\Documents\Projects\Group2SWE\SWEGroup2\node_modules\jsdom\lib\jsdom\living\helpe
rs\runtime-script-errors.js:66:24)
    at innerInvokeEventListeners (C:\Users\nwong\Documents\Projects\Group2SWE\SWEGroup2\node_modules\jsdom\lib\jsdom\li
ving\events\EventTarget-impl.js:353:9)
    at invokeEventListeners (C:\Users\nwong\Documents\Projects\Group2SWE\SWEGroup2\node_modules\jsdom\lib\jsdom\living\
events\EventTarget-impl.js:286:3)
    at HTMLUnknownElementImpl._dispatch (C:\Users\nwong\Documents\Projects\Group2SWE\SWEGroup2\node_modules\jsdom\lib\j
sdom\living\events\EventTarget-impl.js:233:9)
    at HTMLUnknownElementImpl.dispatchEvent (C:\Users\nwong\Documents\Projects\Group2SWE\SWEGroup2\node_modules\jsdom\l
ib\jsdom\living\events\EventTarget-impl.js:104:17)
    at HTMLUnknownElement.dispatchEvent (C:\Users\nwong\Documents\Projects\Group2SWE\SWEGroup2\node_modules\jsdom\lib\j
sdom\living\generated\EventTarget.js:241:34)
    at Object.invokeGuardedCallbackDev 
(C:\Users\nwong\Documents\Projects\Group2SWE\SWEGroup2\node_modules\react-dom\cjs\react-dom.development.js:4213:16)
    at invokeGuardedCallback 
(C:\Users\nwong\Documents\Projects\Group2SWE\SWEGroup2\node_modules\react-dom\cjs\react-dom.development.js:4277:31)
    at beginWork$1 
(C:\Users\nwong\Documents\Projects\Group2SWE\SWEGroup2\node_modules\react-dom\cjs\react-dom.development.js:27490:7)
    at performUnitOfWork 
(C:\Users\nwong\Documents\Projects\Group2SWE\SWEGroup2\node_modules\react-dom\cjs\react-dom.development.js:26599:12) 
Error: Element type is invalid: expected a string (for built-in components) or a class/function (for composite 
components) but got: undefined. You likely forgot to export your component from the file it's defined in, or you might 
have mixed up default and named imports.

Check the render method of `Header`.
    at createFiberFromTypeAndProps 
(C:\Users\nwong\Documents\Projects\Group2SWE\SWEGroup2\node_modules\react-dom\cjs\react-dom.development.js:28478:17)
    at createFiberFromElement 
(C:\Users\nwong\Documents\Projects\Group2SWE\SWEGroup2\node_modules\react-dom\cjs\react-dom.development.js:28504:15)
    at createChild 
(C:\Users\nwong\Documents\Projects\Group2SWE\SWEGroup2\node_modules\react-dom\cjs\react-dom.development.js:13345:28)
    at reconcileChildrenArray 
(C:\Users\nwong\Documents\Projects\Group2SWE\SWEGroup2\node_modules\react-dom\cjs\react-dom.development.js:13640:25)
    at reconcileChildFibers 
(C:\Users\nwong\Documents\Projects\Group2SWE\SWEGroup2\node_modules\react-dom\cjs\react-dom.development.js:14057:16)
    at reconcileChildren 
(C:\Users\nwong\Documents\Projects\Group2SWE\SWEGroup2\node_modules\react-dom\cjs\react-dom.development.js:19186:28)
    at updateHostComponent 
(C:\Users\nwong\Documents\Projects\Group2SWE\SWEGroup2\node_modules\react-dom\cjs\react-dom.development.js:19953:3)
    at beginWork 
(C:\Users\nwong\Documents\Projects\Group2SWE\SWEGroup2\node_modules\react-dom\cjs\react-dom.development.js:21657:14)
    at HTMLUnknownElement.callCallback 
(C:\Users\nwong\Documents\Projects\Group2SWE\SWEGroup2\node_modules\react-dom\cjs\react-dom.development.js:4164:14)
    at HTMLUnknownElement.callTheUserObjectsOperation (C:\Users\nwong\Documents\Projects\Group2SWE\SWEGroup2\node_modul
es\jsdom\lib\jsdom\living\generated\EventListener.js:26:30)
[90mstderr[2m | src/components/__tests__/Header.test.tsx[2m > [22m[2mHeader[2m > [22m[2mrenders ThemeToggle 
and ProfileButton
[22m[39mWarning: React.jsx: type is invalid -- expected a string (for built-in components) or a class/function (for 
composite components) but got: undefined. You likely forgot to export your component from the file it's defined in, or 
you might have mixed up default and named imports.

Check your code at Header.tsx:86.
    at Header (C:/Users/nwong/Documents/Projects/Group2SWE/SWEGroup2/src/components/Header.tsx:22:19)
Warning: React.jsx: type is invalid -- expected a string (for built-in components) or a class/function (for composite 
components) but got: undefined. You likely forgot to export your component from the file it's defined in, or you might 
have mixed up default and named imports.

Check your code at Header.tsx:87.
    at Header (C:/Users/nwong/Documents/Projects/Group2SWE/SWEGroup2/src/components/Header.tsx:22:19)
Warning: React.jsx: type is invalid -- expected a string (for built-in components) or a class/function (for composite 
components) but got: undefined. You likely forgot to export your component from the file it's defined in, or you might 
have mixed up default and named imports.

Check your code at Header.tsx:86.
    at Header (C:/Users/nwong/Documents/Projects/Group2SWE/SWEGroup2/src/components/Header.tsx:22:19)
Warning: React.jsx: type is invalid -- expected a string (for built-in components) or a class/function (for composite 
components) but got: undefined. You likely forgot to export your component from the file it's defined in, or you might 
have mixed up default and named imports.

Check your code at Header.tsx:87.
    at Header (C:/Users/nwong/Documents/Projects/Group2SWE/SWEGroup2/src/components/Header.tsx:22:19)
The above error occurred in the <div> component:

    at div
    at nav
    at header
    at Header (C:/Users/nwong/Documents/Projects/Group2SWE/SWEGroup2/src/components/Header.tsx:22:19)

Consider adding an error boundary to your tree to customize error handling behavior.
Visit https://reactjs.org/link/error-boundaries to learn more about error boundaries.

Error: Uncaught [Error: Element type is invalid: expected a string (for built-in components) or a class/function (for 
composite components) but got: undefined. You likely forgot to export your component from the file it's defined in, or 
you might have mixed up default and named imports.

Check the render method of `EditMapPage`.]
    at reportException (C:\Users\nwong\Documents\Projects\Group2SWE\SWEGroup2\node_modules\jsdom\lib\jsdom\living\helpe
rs\runtime-script-errors.js:66:24)
    at innerInvokeEventListeners (C:\Users\nwong\Documents\Projects\Group2SWE\SWEGroup2\node_modules\jsdom\lib\jsdom\li
ving\events\EventTarget-impl.js:353:9)
    at invokeEventListeners (C:\Users\nwong\Documents\Projects\Group2SWE\SWEGroup2\node_modules\jsdom\lib\jsdom\living\
events\EventTarget-impl.js:286:3)
    at HTMLUnknownElementImpl._dispatch (C:\Users\nwong\Documents\Projects\Group2SWE\SWEGroup2\node_modules\jsdom\lib\j
sdom\living\events\EventTarget-impl.js:233:9)
    at HTMLUnknownElementImpl.dispatchEvent (C:\Users\nwong\Documents\Projects\Group2SWE\SWEGroup2\node_modules\jsdom\l
ib\jsdom\living\events\EventTarget-impl.js:104:17)
    at HTMLUnknownElement.dispatchEvent (C:\Users\nwong\Documents\Projects\Group2SWE\SWEGroup2\node_modules\jsdom\lib\j
sdom\living\generated\EventTarget.js:241:34)
    at Object.invokeGuardedCallbackDev 
(C:\Users\nwong\Documents\Projects\Group2SWE\SWEGroup2\node_modules\react-dom\cjs\react-dom.development.js:4213:16)
    at invokeGuardedCallback 
(C:\Users\nwong\Documents\Projects\Group2SWE\SWEGroup2\node_modules\react-dom\cjs\react-dom.development.js:4277:31)
    at beginWork$1 
(C:\Users\nwong\Documents\Projects\Group2SWE\SWEGroup2\node_modules\react-dom\cjs\react-dom.development.js:27490:7)
    at performUnitOfWork 
(C:\Users\nwong\Documents\Projects\Group2SWE\SWEGroup2\node_modules\react-dom\cjs\react-dom.development.js:26599:12) 
Error: Element type is invalid: expected a string (for built-in components) or a class/function (for composite 
components) but got: undefined. You likely forgot to export your component from the file it's defined in, or you might 
have mixed up default and named imports.

Check the render method of `EditMapPage`.
    at createFiberFromTypeAndProps 
(C:\Users\nwong\Documents\Projects\Group2SWE\SWEGroup2\node_modules\react-dom\cjs\react-dom.development.js:28478:17)
    at createFiberFromElement 
(C:\Users\nwong\Documents\Projects\Group2SWE\SWEGroup2\node_modules\react-dom\cjs\react-dom.development.js:28504:15)
    at reconcileSingleElement 
(C:\Users\nwong\Documents\Projects\Group2SWE\SWEGroup2\node_modules\react-dom\cjs\react-dom.development.js:13986:23)
    at reconcileChildFibers 
(C:\Users\nwong\Documents\Projects\Group2SWE\SWEGroup2\node_modules\react-dom\cjs\react-dom.development.js:14044:35)
    at reconcileChildren 
(C:\Users\nwong\Documents\Projects\Group2SWE\SWEGroup2\node_modules\react-dom\cjs\react-dom.development.js:19186:28)
    at updateHostComponent 
(C:\Users\nwong\Documents\Projects\Group2SWE\SWEGroup2\node_modules\react-dom\cjs\react-dom.development.js:19953:3)
    at beginWork 
(C:\Users\nwong\Documents\Projects\Group2SWE\SWEGroup2\node_modules\react-dom\cjs\react-dom.development.js:21657:14)
    at HTMLUnknownElement.callCallback 
(C:\Users\nwong\Documents\Projects\Group2SWE\SWEGroup2\node_modules\react-dom\cjs\react-dom.development.js:4164:14)
    at HTMLUnknownElement.callTheUserObjectsOperation (C:\Users\nwong\Documents\Projects\Group2SWE\SWEGroup2\node_modul
es\jsdom\lib\jsdom\living\generated\EventListener.js:26:30)
    at innerInvokeEventListeners (C:\Users\nwong\Documents\Projects\Group2SWE\SWEGroup2\node_modules\jsdom\lib\jsdom\li
ving\events\EventTarget-impl.js:350:25)
Error: Uncaught [Error: Element type is invalid: expected a string (for built-in components) or a class/function (for 
composite components) but got: undefined. You likely forgot to export your component from the file it's defined in, or 
you might have mixed up default and named imports.

Check the render method of `MapPage`.]
    at reportException (C:\Users\nwong\Documents\Projects\Group2SWE\SWEGroup2\node_modules\jsdom\lib\jsdom\living\helpe
rs\runtime-script-errors.js:66:24)
    at innerInvokeEventListeners (C:\Users\nwong\Documents\Projects\Group2SWE\SWEGroup2\node_modules\jsdom\lib\jsdom\li
ving\events\EventTarget-impl.js:353:9)
    at invokeEventListeners (C:\Users\nwong\Documents\Projects\Group2SWE\SWEGroup2\node_modules\jsdom\lib\jsdom\living\
events\EventTarget-impl.js:286:3)
    at HTMLUnknownElementImpl._dispatch (C:\Users\nwong\Documents\Projects\Group2SWE\SWEGroup2\node_modules\jsdom\lib\j
sdom\living\events\EventTarget-impl.js:233:9)
    at HTMLUnknownElementImpl.dispatchEvent (C:\Users\nwong\Documents\Projects\Group2SWE\SWEGroup2\node_modules\jsdom\l
ib\jsdom\living\events\EventTarget-impl.js:104:17)
    at HTMLUnknownElement.dispatchEvent (C:\Users\nwong\Documents\Projects\Group2SWE\SWEGroup2\node_modules\jsdom\lib\j
sdom\living\generated\EventTarget.js:241:34)
    at Object.invokeGuardedCallbackDev 
(C:\Users\nwong\Documents\Projects\Group2SWE\SWEGroup2\node_modules\react-dom\cjs\react-dom.development.js:4213:16)
    at invokeGuardedCallback 
(C:\Users\nwong\Documents\Projects\Group2SWE\SWEGroup2\node_modules\react-dom\cjs\react-dom.development.js:4277:31)
    at beginWork$1 
(C:\Users\nwong\Documents\Projects\Group2SWE\SWEGroup2\node_modules\react-dom\cjs\react-dom.development.js:27490:7)
    at performUnitOfWork 
(C:\Users\nwong\Documents\Projects\Group2SWE\SWEGroup2\node_modules\react-dom\cjs\react-dom.development.js:26599:12) 
Error: Element type is invalid: expected a string (for built-in components) or a class/function (for composite 
components) but got: undefined. You likely forgot to export your component from the file it's defined in, or you might 
have mixed up default and named imports.

Check the render method of `MapPage`.
    at createFiberFromTypeAndProps 
(C:\Users\nwong\Documents\Projects\Group2SWE\SWEGroup2\node_modules\react-dom\cjs\react-dom.development.js:28478:17)
    at createFiberFromElement 
(C:\Users\nwong\Documents\Projects\Group2SWE\SWEGroup2\node_modules\react-dom\cjs\react-dom.development.js:28504:15)
    at reconcileSingleElement 
(C:\Users\nwong\Documents\Projects\Group2SWE\SWEGroup2\node_modules\react-dom\cjs\react-dom.development.js:13986:23)
    at reconcileChildFibers 
(C:\Users\nwong\Documents\Projects\Group2SWE\SWEGroup2\node_modules\react-dom\cjs\react-dom.development.js:14044:35)
    at reconcileChildren 
(C:\Users\nwong\Documents\Projects\Group2SWE\SWEGroup2\node_modules\react-dom\cjs\react-dom.development.js:19186:28)
    at updateHostComponent 
(C:\Users\nwong\Documents\Projects\Group2SWE\SWEGroup2\node_modules\react-dom\cjs\react-dom.development.js:19953:3)
    at beginWork 
(C:\Users\nwong\Documents\Projects\Group2SWE\SWEGroup2\node_modules\react-dom\cjs\react-dom.development.js:21657:14)
    at HTMLUnknownElement.callCallback 
(C:\Users\nwong\Documents\Projects\Group2SWE\SWEGroup2\node_modules\react-dom\cjs\react-dom.development.js:4164:14)
    at HTMLUnknownElement.callTheUserObjectsOperation (C:\Users\nwong\Documents\Projects\Group2SWE\SWEGroup2\node_modul
es\jsdom\lib\jsdom\living\generated\EventListener.js:26:30)
    at innerInvokeEventListeners (C:\Users\nwong\Documents\Projects\Group2SWE\SWEGroup2\node_modules\jsdom\lib\jsdom\li
ving\events\EventTarget-impl.js:350:25)
Error: Uncaught [Error: Element type is invalid: expected a string (for built-in components) or a class/function (for 
composite components) but got: undefined. You likely forgot to export your component from the file it's defined in, or 
you might have mixed up default and named imports.

Check the render method of `Header`.]
    at reportException (C:\Users\nwong\Documents\Projects\Group2SWE\SWEGroup2\node_modules\jsdom\lib\jsdom\living\helpe
rs\runtime-script-errors.js:66:24)
    at innerInvokeEventListeners (C:\Users\nwong\Documents\Projects\Group2SWE\SWEGroup2\node_modules\jsdom\lib\jsdom\li
ving\events\EventTarget-impl.js:353:9)
    at invokeEventListeners (C:\Users\nwong\Documents\Projects\Group2SWE\SWEGroup2\node_modules\jsdom\lib\jsdom\living\
events\EventTarget-impl.js:286:3)
    at HTMLUnknownElementImpl._dispatch (C:\Users\nwong\Documents\Projects\Group2SWE\SWEGroup2\node_modules\jsdom\lib\j
sdom\living\events\EventTarget-impl.js:233:9)
    at HTMLUnknownElementImpl.dispatchEvent (C:\Users\nwong\Documents\Projects\Group2SWE\SWEGroup2\node_modules\jsdom\l
ib\jsdom\living\events\EventTarget-impl.js:104:17)
    at HTMLUnknownElement.dispatchEvent (C:\Users\nwong\Documents\Projects\Group2SWE\SWEGroup2\node_modules\jsdom\lib\j
sdom\living\generated\EventTarget.js:241:34)
    at Object.invokeGuardedCallbackDev 
(C:\Users\nwong\Documents\Projects\Group2SWE\SWEGroup2\node_modules\react-dom\cjs\react-dom.development.js:4213:16)
    at invokeGuardedCallback 
(C:\Users\nwong\Documents\Projects\Group2SWE\SWEGroup2\node_modules\react-dom\cjs\react-dom.development.js:4277:31)
    at beginWork$1 
(C:\Users\nwong\Documents\Projects\Group2SWE\SWEGroup2\node_modules\react-dom\cjs\react-dom.development.js:27490:7)
    at performUnitOfWork 
(C:\Users\nwong\Documents\Projects\Group2SWE\SWEGroup2\node_modules\react-dom\cjs\react-dom.development.js:26599:12) 
Error: Element type is invalid: expected a string (for built-in components) or a class/function (for composite 
components) but got: undefined. You likely forgot to export your component from the file it's defined in, or you might 
have mixed up default and named imports.

Check the render method of `Header`.
    at createFiberFromTypeAndProps 
(C:\Users\nwong\Documents\Projects\Group2SWE\SWEGroup2\node_modules\react-dom\cjs\react-dom.development.js:28478:17)
    at createFiberFromElement 
(C:\Users\nwong\Documents\Projects\Group2SWE\SWEGroup2\node_modules\react-dom\cjs\react-dom.development.js:28504:15)
    at createChild 
(C:\Users\nwong\Documents\Projects\Group2SWE\SWEGroup2\node_modules\react-dom\cjs\react-dom.development.js:13345:28)
    at reconcileChildrenArray 
(C:\Users\nwong\Documents\Projects\Group2SWE\SWEGroup2\node_modules\react-dom\cjs\react-dom.development.js:13640:25)
    at reconcileChildFibers 
(C:\Users\nwong\Documents\Projects\Group2SWE\SWEGroup2\node_modules\react-dom\cjs\react-dom.development.js:14057:16)
    at reconcileChildren 
(C:\Users\nwong\Documents\Projects\Group2SWE\SWEGroup2\node_modules\react-dom\cjs\react-dom.development.js:19186:28)
    at updateHostComponent 
(C:\Users\nwong\Documents\Projects\Group2SWE\SWEGroup2\node_modules\react-dom\cjs\react-dom.development.js:19953:3)
    at beginWork 
(C:\Users\nwong\Documents\Projects\Group2SWE\SWEGroup2\node_modules\react-dom\cjs\react-dom.development.js:21657:14)
    at HTMLUnknownElement.callCallback 
(C:\Users\nwong\Documents\Projects\Group2SWE\SWEGroup2\node_modules\react-dom\cjs\react-dom.development.js:4164:14)
    at HTMLUnknownElement.callTheUserObjectsOperation (C:\Users\nwong\Documents\Projects\Group2SWE\SWEGroup2\node_modul
es\jsdom\lib\jsdom\living\generated\EventListener.js:26:30)
Error: Uncaught [Error: Element type is invalid: expected a string (for built-in components) or a class/function (for 
composite components) but got: undefined. You likely forgot to export your component from the file it's defined in, or 
you might have mixed up default and named imports.

Check the render method of `Header`.]
    at reportException (C:\Users\nwong\Documents\Projects\Group2SWE\SWEGroup2\node_modules\jsdom\lib\jsdom\living\helpe
rs\runtime-script-errors.js:66:24)
    at innerInvokeEventListeners (C:\Users\nwong\Documents\Projects\Group2SWE\SWEGroup2\node_modules\jsdom\lib\jsdom\li
ving\events\EventTarget-impl.js:353:9)
    at invokeEventListeners (C:\Users\nwong\Documents\Projects\Group2SWE\SWEGroup2\node_modules\jsdom\lib\jsdom\living\
events\EventTarget-impl.js:286:3)
    at HTMLUnknownElementImpl._dispatch (C:\Users\nwong\Documents\Projects\Group2SWE\SWEGroup2\node_modules\jsdom\lib\j
sdom\living\events\EventTarget-impl.js:233:9)
    at HTMLUnknownElementImpl.dispatchEvent (C:\Users\nwong\Documents\Projects\Group2SWE\SWEGroup2\node_modules\jsdom\l
ib\jsdom\living\events\EventTarget-impl.js:104:17)
    at HTMLUnknownElement.dispatchEvent (C:\Users\nwong\Documents\Projects\Group2SWE\SWEGroup2\node_modules\jsdom\lib\j
sdom\living\generated\EventTarget.js:241:34)
    at Object.invokeGuardedCallbackDev 
(C:\Users\nwong\Documents\Projects\Group2SWE\SWEGroup2\node_modules\react-dom\cjs\react-dom.development.js:4213:16)
    at invokeGuardedCallback 
(C:\Users\nwong\Documents\Projects\Group2SWE\SWEGroup2\node_modules\react-dom\cjs\react-dom.development.js:4277:31)
    at beginWork$1 
(C:\Users\nwong\Documents\Projects\Group2SWE\SWEGroup2\node_modules\react-dom\cjs\react-dom.development.js:27490:7)
    at performUnitOfWork 
(C:\Users\nwong\Documents\Projects\Group2SWE\SWEGroup2\node_modules\react-dom\cjs\react-dom.development.js:26599:12) 
Error: Element type is invalid: expected a string (for built-in components) or a class/function (for composite 
components) but got: undefined. You likely forgot to export your component from the file it's defined in, or you might 
have mixed up default and named imports.

Check the render method of `Header`.
    at createFiberFromTypeAndProps 
(C:\Users\nwong\Documents\Projects\Group2SWE\SWEGroup2\node_modules\react-dom\cjs\react-dom.development.js:28478:17)
    at createFiberFromElement 
(C:\Users\nwong\Documents\Projects\Group2SWE\SWEGroup2\node_modules\react-dom\cjs\react-dom.development.js:28504:15)
    at createChild 
(C:\Users\nwong\Documents\Projects\Group2SWE\SWEGroup2\node_modules\react-dom\cjs\react-dom.development.js:13345:28)
    at reconcileChildrenArray 
(C:\Users\nwong\Documents\Projects\Group2SWE\SWEGroup2\node_modules\react-dom\cjs\react-dom.development.js:13640:25)
    at reconcileChildFibers 
(C:\Users\nwong\Documents\Projects\Group2SWE\SWEGroup2\node_modules\react-dom\cjs\react-dom.development.js:14057:16)
    at reconcileChildren 
(C:\Users\nwong\Documents\Projects\Group2SWE\SWEGroup2\node_modules\react-dom\cjs\react-dom.development.js:19186:28)
    at updateHostComponent 
(C:\Users\nwong\Documents\Projects\Group2SWE\SWEGroup2\node_modules\react-dom\cjs\react-dom.development.js:19953:3)
    at beginWork 
(C:\Users\nwong\Documents\Projects\Group2SWE\SWEGroup2\node_modules\react-dom\cjs\react-dom.development.js:21657:14)
    at HTMLUnknownElement.callCallback 
(C:\Users\nwong\Documents\Projects\Group2SWE\SWEGroup2\node_modules\react-dom\cjs\react-dom.development.js:4164:14)
    at HTMLUnknownElement.callTheUserObjectsOperation (C:\Users\nwong\Documents\Projects\Group2SWE\SWEGroup2\node_modul
es\jsdom\lib\jsdom\living\generated\EventListener.js:26:30)
[90mstderr[2m | src/pages/__tests__/MapPage.test.tsx[2m > [22m[2mMapPage[2m > [22m[2mrenders header after 
loading
[22m[39mWarning: React.jsx: type is invalid -- expected a string (for built-in components) or a class/function (for 
composite components) but got: undefined. You likely forgot to export your component from the file it's defined in, or 
you might have mixed up default and named imports.

Check your code at MapPage.tsx:123.
    at MapPage (C:/Users/nwong/Documents/Projects/Group2SWE/SWEGroup2/src/pages/MapPage.tsx:25:67)
Warning: React.jsx: type is invalid -- expected a string (for built-in components) or a class/function (for composite 
components) but got: undefined. You likely forgot to export your component from the file it's defined in, or you might 
have mixed up default and named imports.

Check your code at MapPage.tsx:123.
    at MapPage (C:/Users/nwong/Documents/Projects/Group2SWE/SWEGroup2/src/pages/MapPage.tsx:25:67)
The above error occurred in the <div> component:

    at div
    at div
    at div
    at MapPage (C:/Users/nwong/Documents/Projects/Group2SWE/SWEGroup2/src/pages/MapPage.tsx:25:67)

Consider adding an error boundary to your tree to customize error handling behavior.
Visit https://reactjs.org/link/error-boundaries to learn more about error boundaries.

[90mstderr[2m | src/components/__tests__/Header.test.tsx[2m > [22m[2mHeader[2m > [22m[2mnavigates to home when 
app name is clicked
[22m[39mWarning: React.jsx: type is invalid -- expected a string (for built-in components) or a class/function (for 
composite components) but got: undefined. You likely forgot to export your component from the file it's defined in, or 
you might have mixed up default and named imports.

Check your code at Header.tsx:86.
    at Header (C:/Users/nwong/Documents/Projects/Group2SWE/SWEGroup2/src/components/Header.tsx:22:19)
Warning: React.jsx: type is invalid -- expected a string (for built-in components) or a class/function (for composite 
components) but got: undefined. You likely forgot to export your component from the file it's defined in, or you might 
have mixed up default and named imports.

Check your code at Header.tsx:87.
    at Header (C:/Users/nwong/Documents/Projects/Group2SWE/SWEGroup2/src/components/Header.tsx:22:19)
Warning: React.jsx: type is invalid -- expected a string (for built-in components) or a class/function (for composite 
components) but got: undefined. You likely forgot to export your component from the file it's defined in, or you might 
have mixed up default and named imports.

Check your code at Header.tsx:86.
    at Header (C:/Users/nwong/Documents/Projects/Group2SWE/SWEGroup2/src/components/Header.tsx:22:19)
Warning: React.jsx: type is invalid -- expected a string (for built-in components) or a class/function (for composite 
components) but got: undefined. You likely forgot to export your component from the file it's defined in, or you might 
have mixed up default and named imports.

Check your code at Header.tsx:87.
    at Header (C:/Users/nwong/Documents/Projects/Group2SWE/SWEGroup2/src/components/Header.tsx:22:19)
The above error occurred in the <div> component:

    at div
    at nav
    at header
    at Header (C:/Users/nwong/Documents/Projects/Group2SWE/SWEGroup2/src/components/Header.tsx:22:19)

Consider adding an error boundary to your tree to customize error handling behavior.
Visit https://reactjs.org/link/error-boundaries to learn more about error boundaries.

Error: Uncaught [Error: Element type is invalid: expected a string (for built-in components) or a class/function (for 
composite components) but got: undefined. You likely forgot to export your component from the file it's defined in, or 
you might have mixed up default and named imports.

Check the render method of `Header`.]
    at reportException (C:\Users\nwong\Documents\Projects\Group2SWE\SWEGroup2\node_modules\jsdom\lib\jsdom\living\helpe
rs\runtime-script-errors.js:66:24)
    at innerInvokeEventListeners (C:\Users\nwong\Documents\Projects\Group2SWE\SWEGroup2\node_modules\jsdom\lib\jsdom\li
ving\events\EventTarget-impl.js:353:9)
    at invokeEventListeners (C:\Users\nwong\Documents\Projects\Group2SWE\SWEGroup2\node_modules\jsdom\lib\jsdom\living\
events\EventTarget-impl.js:286:3)
    at HTMLUnknownElementImpl._dispatch (C:\Users\nwong\Documents\Projects\Group2SWE\SWEGroup2\node_modules\jsdom\lib\j
sdom\living\events\EventTarget-impl.js:233:9)
    at HTMLUnknownElementImpl.dispatchEvent (C:\Users\nwong\Documents\Projects\Group2SWE\SWEGroup2\node_modules\jsdom\l
ib\jsdom\living\events\EventTarget-impl.js:104:17)
    at HTMLUnknownElement.dispatchEvent (C:\Users\nwong\Documents\Projects\Group2SWE\SWEGroup2\node_modules\jsdom\lib\j
sdom\living\generated\EventTarget.js:241:34)
    at Object.invokeGuardedCallbackDev 
(C:\Users\nwong\Documents\Projects\Group2SWE\SWEGroup2\node_modules\react-dom\cjs\react-dom.development.js:4213:16)
    at invokeGuardedCallback 
(C:\Users\nwong\Documents\Projects\Group2SWE\SWEGroup2\node_modules\react-dom\cjs\react-dom.development.js:4277:31)
    at beginWork$1 
(C:\Users\nwong\Documents\Projects\Group2SWE\SWEGroup2\node_modules\react-dom\cjs\react-dom.development.js:27490:7)
    at performUnitOfWork 
(C:\Users\nwong\Documents\Projects\Group2SWE\SWEGroup2\node_modules\react-dom\cjs\react-dom.development.js:26599:12) 
Error: Element type is invalid: expected a string (for built-in components) or a class/function (for composite 
components) but got: undefined. You likely forgot to export your component from the file it's defined in, or you might 
have mixed up default and named imports.

Check the render method of `Header`.
    at createFiberFromTypeAndProps 
(C:\Users\nwong\Documents\Projects\Group2SWE\SWEGroup2\node_modules\react-dom\cjs\react-dom.development.js:28478:17)
    at createFiberFromElement 
(C:\Users\nwong\Documents\Projects\Group2SWE\SWEGroup2\node_modules\react-dom\cjs\react-dom.development.js:28504:15)
    at createChild 
(C:\Users\nwong\Documents\Projects\Group2SWE\SWEGroup2\node_modules\react-dom\cjs\react-dom.development.js:13345:28)
    at reconcileChildrenArray 
(C:\Users\nwong\Documents\Projects\Group2SWE\SWEGroup2\node_modules\react-dom\cjs\react-dom.development.js:13640:25)
    at reconcileChildFibers 
(C:\Users\nwong\Documents\Projects\Group2SWE\SWEGroup2\node_modules\react-dom\cjs\react-dom.development.js:14057:16)
    at reconcileChildren 
(C:\Users\nwong\Documents\Projects\Group2SWE\SWEGroup2\node_modules\react-dom\cjs\react-dom.development.js:19186:28)
    at updateHostComponent 
(C:\Users\nwong\Documents\Projects\Group2SWE\SWEGroup2\node_modules\react-dom\cjs\react-dom.development.js:19953:3)
    at beginWork 
(C:\Users\nwong\Documents\Projects\Group2SWE\SWEGroup2\node_modules\react-dom\cjs\react-dom.development.js:21657:14)
    at HTMLUnknownElement.callCallback 
(C:\Users\nwong\Documents\Projects\Group2SWE\SWEGroup2\node_modules\react-dom\cjs\react-dom.development.js:4164:14)
    at HTMLUnknownElement.callTheUserObjectsOperation (C:\Users\nwong\Documents\Projects\Group2SWE\SWEGroup2\node_modul
es\jsdom\lib\jsdom\living\generated\EventListener.js:26:30)
Error: Uncaught [Error: Element type is invalid: expected a string (for built-in components) or a class/function (for 
composite components) but got: undefined. You likely forgot to export your component from the file it's defined in, or 
you might have mixed up default and named imports.

Check the render method of `EditMapPage`.]
    at reportException (C:\Users\nwong\Documents\Projects\Group2SWE\SWEGroup2\node_modules\jsdom\lib\jsdom\living\helpe
rs\runtime-script-errors.js:66:24)
    at innerInvokeEventListeners (C:\Users\nwong\Documents\Projects\Group2SWE\SWEGroup2\node_modules\jsdom\lib\jsdom\li
ving\events\EventTarget-impl.js:353:9)
    at invokeEventListeners (C:\Users\nwong\Documents\Projects\Group2SWE\SWEGroup2\node_modules\jsdom\lib\jsdom\living\
events\EventTarget-impl.js:286:3)
    at HTMLUnknownElementImpl._dispatch (C:\Users\nwong\Documents\Projects\Group2SWE\SWEGroup2\node_modules\jsdom\lib\j
sdom\living\events\EventTarget-impl.js:233:9)
    at HTMLUnknownElementImpl.dispatchEvent (C:\Users\nwong\Documents\Projects\Group2SWE\SWEGroup2\node_modules\jsdom\l
ib\jsdom\living\events\EventTarget-impl.js:104:17)
    at HTMLUnknownElement.dispatchEvent (C:\Users\nwong\Documents\Projects\Group2SWE\SWEGroup2\node_modules\jsdom\lib\j
sdom\living\generated\EventTarget.js:241:34)
    at Object.invokeGuardedCallbackDev 
(C:\Users\nwong\Documents\Projects\Group2SWE\SWEGroup2\node_modules\react-dom\cjs\react-dom.development.js:4213:16)
    at invokeGuardedCallback 
(C:\Users\nwong\Documents\Projects\Group2SWE\SWEGroup2\node_modules\react-dom\cjs\react-dom.development.js:4277:31)
    at beginWork$1 
(C:\Users\nwong\Documents\Projects\Group2SWE\SWEGroup2\node_modules\react-dom\cjs\react-dom.development.js:27490:7)
    at performUnitOfWork 
(C:\Users\nwong\Documents\Projects\Group2SWE\SWEGroup2\node_modules\react-dom\cjs\react-dom.development.js:26599:12) 
Error: Element type is invalid: expected a string (for built-in components) or a class/function (for composite 
components) but got: undefined. You likely forgot to export your component from the file it's defined in, or you might 
have mixed up default and named imports.

Check the render method of `EditMapPage`.
    at createFiberFromTypeAndProps 
(C:\Users\nwong\Documents\Projects\Group2SWE\SWEGroup2\node_modules\react-dom\cjs\react-dom.development.js:28478:17)
    at createFiberFromElement 
(C:\Users\nwong\Documents\Projects\Group2SWE\SWEGroup2\node_modules\react-dom\cjs\react-dom.development.js:28504:15)
    at reconcileSingleElement 
(C:\Users\nwong\Documents\Projects\Group2SWE\SWEGroup2\node_modules\react-dom\cjs\react-dom.development.js:13986:23)
    at reconcileChildFibers 
(C:\Users\nwong\Documents\Projects\Group2SWE\SWEGroup2\node_modules\react-dom\cjs\react-dom.development.js:14044:35)
    at reconcileChildren 
(C:\Users\nwong\Documents\Projects\Group2SWE\SWEGroup2\node_modules\react-dom\cjs\react-dom.development.js:19186:28)
    at updateHostComponent 
(C:\Users\nwong\Documents\Projects\Group2SWE\SWEGroup2\node_modules\react-dom\cjs\react-dom.development.js:19953:3)
    at beginWork 
(C:\Users\nwong\Documents\Projects\Group2SWE\SWEGroup2\node_modules\react-dom\cjs\react-dom.development.js:21657:14)
    at HTMLUnknownElement.callCallback 
(C:\Users\nwong\Documents\Projects\Group2SWE\SWEGroup2\node_modules\react-dom\cjs\react-dom.development.js:4164:14)
    at HTMLUnknownElement.callTheUserObjectsOperation (C:\Users\nwong\Documents\Projects\Group2SWE\SWEGroup2\node_modul
es\jsdom\lib\jsdom\living\generated\EventListener.js:26:30)
    at innerInvokeEventListeners (C:\Users\nwong\Documents\Projects\Group2SWE\SWEGroup2\node_modules\jsdom\lib\jsdom\li
ving\events\EventTarget-impl.js:350:25)
Error: Uncaught [Error: Element type is invalid: expected a string (for built-in components) or a class/function (for 
composite components) but got: undefined. You likely forgot to export your component from the file it's defined in, or 
you might have mixed up default and named imports.

Check the render method of `Header`.]
    at reportException (C:\Users\nwong\Documents\Projects\Group2SWE\SWEGroup2\node_modules\jsdom\lib\jsdom\living\helpe
rs\runtime-script-errors.js:66:24)
    at innerInvokeEventListeners (C:\Users\nwong\Documents\Projects\Group2SWE\SWEGroup2\node_modules\jsdom\lib\jsdom\li
ving\events\EventTarget-impl.js:353:9)
    at invokeEventListeners (C:\Users\nwong\Documents\Projects\Group2SWE\SWEGroup2\node_modules\jsdom\lib\jsdom\living\
events\EventTarget-impl.js:286:3)
    at HTMLUnknownElementImpl._dispatch (C:\Users\nwong\Documents\Projects\Group2SWE\SWEGroup2\node_modules\jsdom\lib\j
sdom\living\events\EventTarget-impl.js:233:9)
    at HTMLUnknownElementImpl.dispatchEvent (C:\Users\nwong\Documents\Projects\Group2SWE\SWEGroup2\node_modules\jsdom\l
ib\jsdom\living\events\EventTarget-impl.js:104:17)
    at HTMLUnknownElement.dispatchEvent (C:\Users\nwong\Documents\Projects\Group2SWE\SWEGroup2\node_modules\jsdom\lib\j
sdom\living\generated\EventTarget.js:241:34)
    at Object.invokeGuardedCallbackDev 
(C:\Users\nwong\Documents\Projects\Group2SWE\SWEGroup2\node_modules\react-dom\cjs\react-dom.development.js:4213:16)
    at invokeGuardedCallback 
(C:\Users\nwong\Documents\Projects\Group2SWE\SWEGroup2\node_modules\react-dom\cjs\react-dom.development.js:4277:31)
    at beginWork$1 
(C:\Users\nwong\Documents\Projects\Group2SWE\SWEGroup2\node_modules\react-dom\cjs\react-dom.development.js:27490:7)
    at performUnitOfWork 
(C:\Users\nwong\Documents\Projects\Group2SWE\SWEGroup2\node_modules\react-dom\cjs\react-dom.development.js:26599:12) 
Error: Element type is invalid: expected a string (for built-in components) or a class/function (for composite 
components) but got: undefined. You likely forgot to export your component from the file it's defined in, or you might 
have mixed up default and named imports.

Check the render method of `Header`.
    at createFiberFromTypeAndProps 
(C:\Users\nwong\Documents\Projects\Group2SWE\SWEGroup2\node_modules\react-dom\cjs\react-dom.development.js:28478:17)
    at createFiberFromElement 
(C:\Users\nwong\Documents\Projects\Group2SWE\SWEGroup2\node_modules\react-dom\cjs\react-dom.development.js:28504:15)
    at createChild 
(C:\Users\nwong\Documents\Projects\Group2SWE\SWEGroup2\node_modules\react-dom\cjs\react-dom.development.js:13345:28)
    at reconcileChildrenArray 
(C:\Users\nwong\Documents\Projects\Group2SWE\SWEGroup2\node_modules\react-dom\cjs\react-dom.development.js:13640:25)
    at reconcileChildFibers 
(C:\Users\nwong\Documents\Projects\Group2SWE\SWEGroup2\node_modules\react-dom\cjs\react-dom.development.js:14057:16)
    at reconcileChildren 
(C:\Users\nwong\Documents\Projects\Group2SWE\SWEGroup2\node_modules\react-dom\cjs\react-dom.development.js:19186:28)
    at updateHostComponent 
(C:\Users\nwong\Documents\Projects\Group2SWE\SWEGroup2\node_modules\react-dom\cjs\react-dom.development.js:19953:3)
    at beginWork 
(C:\Users\nwong\Documents\Projects\Group2SWE\SWEGroup2\node_modules\react-dom\cjs\react-dom.development.js:21657:14)
    at HTMLUnknownElement.callCallback 
(C:\Users\nwong\Documents\Projects\Group2SWE\SWEGroup2\node_modules\react-dom\cjs\react-dom.development.js:4164:14)
    at HTMLUnknownElement.callTheUserObjectsOperation (C:\Users\nwong\Documents\Projects\Group2SWE\SWEGroup2\node_modul
es\jsdom\lib\jsdom\living\generated\EventListener.js:26:30)
[90mstderr[2m | src/components/__tests__/Header.test.tsx[2m > [22m[2mHeader[2m > [22m[2mnavigates when nav 
items are clicked
[22m[39mWarning: React.jsx: type is invalid -- expected a string (for built-in components) or a class/function (for 
composite components) but got: undefined. You likely forgot to export your component from the file it's defined in, or 
you might have mixed up default and named imports.

Check your code at Header.tsx:86.
    at Header (C:/Users/nwong/Documents/Projects/Group2SWE/SWEGroup2/src/components/Header.tsx:22:19)
Warning: React.jsx: type is invalid -- expected a string (for built-in components) or a class/function (for composite 
components) but got: undefined. You likely forgot to export your component from the file it's defined in, or you might 
have mixed up default and named imports.

Check your code at Header.tsx:87.
    at Header (C:/Users/nwong/Documents/Projects/Group2SWE/SWEGroup2/src/components/Header.tsx:22:19)
Warning: React.jsx: type is invalid -- expected a string (for built-in components) or a class/function (for composite 
components) but got: undefined. You likely forgot to export your component from the file it's defined in, or you might 
have mixed up default and named imports.

Check your code at Header.tsx:86.
    at Header (C:/Users/nwong/Documents/Projects/Group2SWE/SWEGroup2/src/components/Header.tsx:22:19)
Warning: React.jsx: type is invalid -- expected a string (for built-in components) or a class/function (for composite 
components) but got: undefined. You likely forgot to export your component from the file it's defined in, or you might 
have mixed up default and named imports.

Check your code at Header.tsx:87.
    at Header (C:/Users/nwong/Documents/Projects/Group2SWE/SWEGroup2/src/components/Header.tsx:22:19)
The above error occurred in the <div> component:

    at div
    at nav
    at header
    at Header (C:/Users/nwong/Documents/Projects/Group2SWE/SWEGroup2/src/components/Header.tsx:22:19)

Consider adding an error boundary to your tree to customize error handling behavior.
Visit https://reactjs.org/link/error-boundaries to learn more about error boundaries.

[90mstderr[2m | src/pages/__tests__/EditMapPage.test.tsx[2m > [22m[2mEditMapPage[2m > [22m[2mrenders header 
after loading
[22m[39mWarning: React.jsx: type is invalid -- expected a string (for built-in components) or a class/function (for 
composite components) but got: undefined. You likely forgot to export your component from the file it's defined in, or 
you might have mixed up default and named imports.

Check your code at EditMapPage.tsx:134.
    at EditMapPage (C:/Users/nwong/Documents/Projects/Group2SWE/SWEGroup2/src/pages/EditMapPage.tsx:27:38)
Warning: React.jsx: type is invalid -- expected a string (for built-in components) or a class/function (for composite 
components) but got: undefined. You likely forgot to export your component from the file it's defined in, or you might 
have mixed up default and named imports.

Check your code at EditMapPage.tsx:134.
    at EditMapPage (C:/Users/nwong/Documents/Projects/Group2SWE/SWEGroup2/src/pages/EditMapPage.tsx:27:38)
The above error occurred in the <div> component:

    at div
    at div
    at div
    at EditMapPage (C:/Users/nwong/Documents/Projects/Group2SWE/SWEGroup2/src/pages/EditMapPage.tsx:27:38)

Consider adding an error boundary to your tree to customize error handling behavior.
Visit https://reactjs.org/link/error-boundaries to learn more about error boundaries.

 [31mΓ¥»[39m src/components/__tests__/DropDownMenu.test.tsx [2m([22m[2m5 tests[22m[2m | [22m[31m3 failed[39m[2m)[22m[32m 243[2mms[22m[39m
     [32mΓ£ô[39m renders chevron icon[32m 69[2mms[22m[39m
[31m     [31m├ù[31m renders ProfileButton and ThemeToggle as menu items[39m[32m 111[2mms[22m[39m
[31m     [31m├ù[31m toggles menu on click[39m[32m 27[2mms[22m[39m
[31m     [31m├ù[31m opens menu on mouse enter and closes on mouse leave[39m[32m 23[2mms[22m[39m
     [32mΓ£ô[39m has fixed position wrapper[32m 8[2mms[22m[39m
Error: Uncaught [Error: Element type is invalid: expected a string (for built-in components) or a class/function (for 
composite components) but got: undefined. You likely forgot to export your component from the file it's defined in, or 
you might have mixed up default and named imports.

Check the render method of `Header`.]
    at reportException (C:\Users\nwong\Documents\Projects\Group2SWE\SWEGroup2\node_modules\jsdom\lib\jsdom\living\helpe
rs\runtime-script-errors.js:66:24)
    at innerInvokeEventListeners (C:\Users\nwong\Documents\Projects\Group2SWE\SWEGroup2\node_modules\jsdom\lib\jsdom\li
ving\events\EventTarget-impl.js:353:9)
    at invokeEventListeners (C:\Users\nwong\Documents\Projects\Group2SWE\SWEGroup2\node_modules\jsdom\lib\jsdom\living\
events\EventTarget-impl.js:286:3)
    at HTMLUnknownElementImpl._dispatch (C:\Users\nwong\Documents\Projects\Group2SWE\SWEGroup2\node_modules\jsdom\lib\j
sdom\living\events\EventTarget-impl.js:233:9)
    at HTMLUnknownElementImpl.dispatchEvent (C:\Users\nwong\Documents\Projects\Group2SWE\SWEGroup2\node_modules\jsdom\l
ib\jsdom\living\events\EventTarget-impl.js:104:17)
    at HTMLUnknownElement.dispatchEvent (C:\Users\nwong\Documents\Projects\Group2SWE\SWEGroup2\node_modules\jsdom\lib\j
sdom\living\generated\EventTarget.js:241:34)
    at Object.invokeGuardedCallbackDev 
(C:\Users\nwong\Documents\Projects\Group2SWE\SWEGroup2\node_modules\react-dom\cjs\react-dom.development.js:4213:16)
    at invokeGuardedCallback 
(C:\Users\nwong\Documents\Projects\Group2SWE\SWEGroup2\node_modules\react-dom\cjs\react-dom.development.js:4277:31)
    at beginWork$1 
(C:\Users\nwong\Documents\Projects\Group2SWE\SWEGroup2\node_modules\react-dom\cjs\react-dom.development.js:27490:7)
    at performUnitOfWork 
(C:\Users\nwong\Documents\Projects\Group2SWE\SWEGroup2\node_modules\react-dom\cjs\react-dom.development.js:26599:12) 
Error: Element type is invalid: expected a string (for built-in components) or a class/function (for composite 
components) but got: undefined. You likely forgot to export your component from the file it's defined in, or you might 
have mixed up default and named imports.

Check the render method of `Header`.
    at createFiberFromTypeAndProps 
(C:\Users\nwong\Documents\Projects\Group2SWE\SWEGroup2\node_modules\react-dom\cjs\react-dom.development.js:28478:17)
    at createFiberFromElement 
(C:\Users\nwong\Documents\Projects\Group2SWE\SWEGroup2\node_modules\react-dom\cjs\react-dom.development.js:28504:15)
    at createChild 
(C:\Users\nwong\Documents\Projects\Group2SWE\SWEGroup2\node_modules\react-dom\cjs\react-dom.development.js:13345:28)
    at reconcileChildrenArray 
(C:\Users\nwong\Documents\Projects\Group2SWE\SWEGroup2\node_modules\react-dom\cjs\react-dom.development.js:13640:25)
    at reconcileChildFibers 
(C:\Users\nwong\Documents\Projects\Group2SWE\SWEGroup2\node_modules\react-dom\cjs\react-dom.development.js:14057:16)
    at reconcileChildren 
(C:\Users\nwong\Documents\Projects\Group2SWE\SWEGroup2\node_modules\react-dom\cjs\react-dom.development.js:19186:28)
    at updateHostComponent 
(C:\Users\nwong\Documents\Projects\Group2SWE\SWEGroup2\node_modules\react-dom\cjs\react-dom.development.js:19953:3)
    at beginWork 
(C:\Users\nwong\Documents\Projects\Group2SWE\SWEGroup2\node_modules\react-dom\cjs\react-dom.development.js:21657:14)
    at HTMLUnknownElement.callCallback 
(C:\Users\nwong\Documents\Projects\Group2SWE\SWEGroup2\node_modules\react-dom\cjs\react-dom.development.js:4164:14)
    at HTMLUnknownElement.callTheUserObjectsOperation (C:\Users\nwong\Documents\Projects\Group2SWE\SWEGroup2\node_modul
es\jsdom\lib\jsdom\living\generated\EventListener.js:26:30)
Error: Uncaught [Error: Element type is invalid: expected a string (for built-in components) or a class/function (for 
composite components) but got: undefined. You likely forgot to export your component from the file it's defined in, or 
you might have mixed up default and named imports.

Check the render method of `Header`.]
    at reportException (C:\Users\nwong\Documents\Projects\Group2SWE\SWEGroup2\node_modules\jsdom\lib\jsdom\living\helpe
rs\runtime-script-errors.js:66:24)
    at innerInvokeEventListeners (C:\Users\nwong\Documents\Projects\Group2SWE\SWEGroup2\node_modules\jsdom\lib\jsdom\li
ving\events\EventTarget-impl.js:353:9)
    at invokeEventListeners (C:\Users\nwong\Documents\Projects\Group2SWE\SWEGroup2\node_modules\jsdom\lib\jsdom\living\
events\EventTarget-impl.js:286:3)
    at HTMLUnknownElementImpl._dispatch (C:\Users\nwong\Documents\Projects\Group2SWE\SWEGroup2\node_modules\jsdom\lib\j
sdom\living\events\EventTarget-impl.js:233:9)
    at HTMLUnknownElementImpl.dispatchEvent (C:\Users\nwong\Documents\Projects\Group2SWE\SWEGroup2\node_modules\jsdom\l
ib\jsdom\living\events\EventTarget-impl.js:104:17)
    at HTMLUnknownElement.dispatchEvent (C:\Users\nwong\Documents\Projects\Group2SWE\SWEGroup2\node_modules\jsdom\lib\j
sdom\living\generated\EventTarget.js:241:34)
    at Object.invokeGuardedCallbackDev 
(C:\Users\nwong\Documents\Projects\Group2SWE\SWEGroup2\node_modules\react-dom\cjs\react-dom.development.js:4213:16)
    at invokeGuardedCallback 
(C:\Users\nwong\Documents\Projects\Group2SWE\SWEGroup2\node_modules\react-dom\cjs\react-dom.development.js:4277:31)
    at beginWork$1 
(C:\Users\nwong\Documents\Projects\Group2SWE\SWEGroup2\node_modules\react-dom\cjs\react-dom.development.js:27490:7)
    at performUnitOfWork 
(C:\Users\nwong\Documents\Projects\Group2SWE\SWEGroup2\node_modules\react-dom\cjs\react-dom.development.js:26599:12) 
Error: Element type is invalid: expected a string (for built-in components) or a class/function (for composite 
components) but got: undefined. You likely forgot to export your component from the file it's defined in, or you might 
have mixed up default and named imports.

Check the render method of `Header`.
    at createFiberFromTypeAndProps 
(C:\Users\nwong\Documents\Projects\Group2SWE\SWEGroup2\node_modules\react-dom\cjs\react-dom.development.js:28478:17)
    at createFiberFromElement 
(C:\Users\nwong\Documents\Projects\Group2SWE\SWEGroup2\node_modules\react-dom\cjs\react-dom.development.js:28504:15)
    at createChild 
(C:\Users\nwong\Documents\Projects\Group2SWE\SWEGroup2\node_modules\react-dom\cjs\react-dom.development.js:13345:28)
    at reconcileChildrenArray 
(C:\Users\nwong\Documents\Projects\Group2SWE\SWEGroup2\node_modules\react-dom\cjs\react-dom.development.js:13640:25)
    at reconcileChildFibers 
(C:\Users\nwong\Documents\Projects\Group2SWE\SWEGroup2\node_modules\react-dom\cjs\react-dom.development.js:14057:16)
    at reconcileChildren 
(C:\Users\nwong\Documents\Projects\Group2SWE\SWEGroup2\node_modules\react-dom\cjs\react-dom.development.js:19186:28)
    at updateHostComponent 
(C:\Users\nwong\Documents\Projects\Group2SWE\SWEGroup2\node_modules\react-dom\cjs\react-dom.development.js:19953:3)
    at beginWork 
(C:\Users\nwong\Documents\Projects\Group2SWE\SWEGroup2\node_modules\react-dom\cjs\react-dom.development.js:21657:14)
    at HTMLUnknownElement.callCallback 
(C:\Users\nwong\Documents\Projects\Group2SWE\SWEGroup2\node_modules\react-dom\cjs\react-dom.development.js:4164:14)
    at HTMLUnknownElement.callTheUserObjectsOperation (C:\Users\nwong\Documents\Projects\Group2SWE\SWEGroup2\node_modul
es\jsdom\lib\jsdom\living\generated\EventListener.js:26:30)
[90mstderr[2m | src/components/__tests__/Header.test.tsx[2m > [22m[2mHeader[2m > [22m[2mapplies custom 
className
[22m[39mWarning: React.jsx: type is invalid -- expected a string (for built-in components) or a class/function (for 
composite components) but got: undefined. You likely forgot to export your component from the file it's defined in, or 
you might have mixed up default and named imports.

Check your code at Header.tsx:86.
    at Header (C:/Users/nwong/Documents/Projects/Group2SWE/SWEGroup2/src/components/Header.tsx:22:19)
Warning: React.jsx: type is invalid -- expected a string (for built-in components) or a class/function (for composite 
components) but got: undefined. You likely forgot to export your component from the file it's defined in, or you might 
have mixed up default and named imports.

Check your code at Header.tsx:87.
    at Header (C:/Users/nwong/Documents/Projects/Group2SWE/SWEGroup2/src/components/Header.tsx:22:19)
Warning: React.jsx: type is invalid -- expected a string (for built-in components) or a class/function (for composite 
components) but got: undefined. You likely forgot to export your component from the file it's defined in, or you might 
have mixed up default and named imports.

Check your code at Header.tsx:86.
    at Header (C:/Users/nwong/Documents/Projects/Group2SWE/SWEGroup2/src/components/Header.tsx:22:19)
Warning: React.jsx: type is invalid -- expected a string (for built-in components) or a class/function (for composite 
components) but got: undefined. You likely forgot to export your component from the file it's defined in, or you might 
have mixed up default and named imports.

Check your code at Header.tsx:87.
    at Header (C:/Users/nwong/Documents/Projects/Group2SWE/SWEGroup2/src/components/Header.tsx:22:19)
The above error occurred in the <div> component:

    at div
    at nav
    at header
    at Header (C:/Users/nwong/Documents/Projects/Group2SWE/SWEGroup2/src/components/Header.tsx:22:19)

Consider adding an error boundary to your tree to customize error handling behavior.
Visit https://reactjs.org/link/error-boundaries to learn more about error boundaries.

Error: Uncaught [Error: Element type is invalid: expected a string (for built-in components) or a class/function (for 
composite components) but got: undefined. You likely forgot to export your component from the file it's defined in, or 
you might have mixed up default and named imports.

Check the render method of `Header`.]
    at reportException (C:\Users\nwong\Documents\Projects\Group2SWE\SWEGroup2\node_modules\jsdom\lib\jsdom\living\helpe
rs\runtime-script-errors.js:66:24)
    at innerInvokeEventListeners (C:\Users\nwong\Documents\Projects\Group2SWE\SWEGroup2\node_modules\jsdom\lib\jsdom\li
ving\events\EventTarget-impl.js:353:9)
    at invokeEventListeners (C:\Users\nwong\Documents\Projects\Group2SWE\SWEGroup2\node_modules\jsdom\lib\jsdom\living\
events\EventTarget-impl.js:286:3)
    at HTMLUnknownElementImpl._dispatch (C:\Users\nwong\Documents\Projects\Group2SWE\SWEGroup2\node_modules\jsdom\lib\j
sdom\living\events\EventTarget-impl.js:233:9)
    at HTMLUnknownElementImpl.dispatchEvent (C:\Users\nwong\Documents\Projects\Group2SWE\SWEGroup2\node_modules\jsdom\l
ib\jsdom\living\events\EventTarget-impl.js:104:17)
    at HTMLUnknownElement.dispatchEvent (C:\Users\nwong\Documents\Projects\Group2SWE\SWEGroup2\node_modules\jsdom\lib\j
sdom\living\generated\EventTarget.js:241:34)
    at Object.invokeGuardedCallbackDev 
(C:\Users\nwong\Documents\Projects\Group2SWE\SWEGroup2\node_modules\react-dom\cjs\react-dom.development.js:4213:16)
    at invokeGuardedCallback 
(C:\Users\nwong\Documents\Projects\Group2SWE\SWEGroup2\node_modules\react-dom\cjs\react-dom.development.js:4277:31)
    at beginWork$1 
(C:\Users\nwong\Documents\Projects\Group2SWE\SWEGroup2\node_modules\react-dom\cjs\react-dom.development.js:27490:7)
    at performUnitOfWork 
(C:\Users\nwong\Documents\Projects\Group2SWE\SWEGroup2\node_modules\react-dom\cjs\react-dom.development.js:26599:12) 
Error: Element type is invalid: expected a string (for built-in components) or a class/function (for composite 
components) but got: undefined. You likely forgot to export your component from the file it's defined in, or you might 
have mixed up default and named imports.

Check the render method of `Header`.
    at createFiberFromTypeAndProps 
(C:\Users\nwong\Documents\Projects\Group2SWE\SWEGroup2\node_modules\react-dom\cjs\react-dom.development.js:28478:17)
    at createFiberFromElement 
(C:\Users\nwong\Documents\Projects\Group2SWE\SWEGroup2\node_modules\react-dom\cjs\react-dom.development.js:28504:15)
    at createChild 
(C:\Users\nwong\Documents\Projects\Group2SWE\SWEGroup2\node_modules\react-dom\cjs\react-dom.development.js:13345:28)
    at reconcileChildrenArray 
(C:\Users\nwong\Documents\Projects\Group2SWE\SWEGroup2\node_modules\react-dom\cjs\react-dom.development.js:13640:25)
    at reconcileChildFibers 
(C:\Users\nwong\Documents\Projects\Group2SWE\SWEGroup2\node_modules\react-dom\cjs\react-dom.development.js:14057:16)
    at reconcileChildren 
(C:\Users\nwong\Documents\Projects\Group2SWE\SWEGroup2\node_modules\react-dom\cjs\react-dom.development.js:19186:28)
    at updateHostComponent 
(C:\Users\nwong\Documents\Projects\Group2SWE\SWEGroup2\node_modules\react-dom\cjs\react-dom.development.js:19953:3)
    at beginWork 
(C:\Users\nwong\Documents\Projects\Group2SWE\SWEGroup2\node_modules\react-dom\cjs\react-dom.development.js:21657:14)
    at HTMLUnknownElement.callCallback 
(C:\Users\nwong\Documents\Projects\Group2SWE\SWEGroup2\node_modules\react-dom\cjs\react-dom.development.js:4164:14)
    at HTMLUnknownElement.callTheUserObjectsOperation (C:\Users\nwong\Documents\Projects\Group2SWE\SWEGroup2\node_modul
es\jsdom\lib\jsdom\living\generated\EventListener.js:26:30)
Error: Uncaught [Error: Element type is invalid: expected a string (for built-in components) or a class/function (for 
composite components) but got: undefined. You likely forgot to export your component from the file it's defined in, or 
you might have mixed up default and named imports.

Check the render method of `Header`.]
    at reportException (C:\Users\nwong\Documents\Projects\Group2SWE\SWEGroup2\node_modules\jsdom\lib\jsdom\living\helpe
rs\runtime-script-errors.js:66:24)
    at innerInvokeEventListeners (C:\Users\nwong\Documents\Projects\Group2SWE\SWEGroup2\node_modules\jsdom\lib\jsdom\li
ving\events\EventTarget-impl.js:353:9)
    at invokeEventListeners (C:\Users\nwong\Documents\Projects\Group2SWE\SWEGroup2\node_modules\jsdom\lib\jsdom\living\
events\EventTarget-impl.js:286:3)
    at HTMLUnknownElementImpl._dispatch (C:\Users\nwong\Documents\Projects\Group2SWE\SWEGroup2\node_modules\jsdom\lib\j
sdom\living\events\EventTarget-impl.js:233:9)
    at HTMLUnknownElementImpl.dispatchEvent (C:\Users\nwong\Documents\Projects\Group2SWE\SWEGroup2\node_modules\jsdom\l
ib\jsdom\living\events\EventTarget-impl.js:104:17)
    at HTMLUnknownElement.dispatchEvent (C:\Users\nwong\Documents\Projects\Group2SWE\SWEGroup2\node_modules\jsdom\lib\j
sdom\living\generated\EventTarget.js:241:34)
    at Object.invokeGuardedCallbackDev 
(C:\Users\nwong\Documents\Projects\Group2SWE\SWEGroup2\node_modules\react-dom\cjs\react-dom.development.js:4213:16)
    at invokeGuardedCallback 
(C:\Users\nwong\Documents\Projects\Group2SWE\SWEGroup2\node_modules\react-dom\cjs\react-dom.development.js:4277:31)
    at beginWork$1 
(C:\Users\nwong\Documents\Projects\Group2SWE\SWEGroup2\node_modules\react-dom\cjs\react-dom.development.js:27490:7)
    at performUnitOfWork 
(C:\Users\nwong\Documents\Projects\Group2SWE\SWEGroup2\node_modules\react-dom\cjs\react-dom.development.js:26599:12) 
Error: Element type is invalid: expected a string (for built-in components) or a class/function (for composite 
components) but got: undefined. You likely forgot to export your component from the file it's defined in, or you might 
have mixed up default and named imports.

Check the render method of `Header`.
    at createFiberFromTypeAndProps 
(C:\Users\nwong\Documents\Projects\Group2SWE\SWEGroup2\node_modules\react-dom\cjs\react-dom.development.js:28478:17)
    at createFiberFromElement 
(C:\Users\nwong\Documents\Projects\Group2SWE\SWEGroup2\node_modules\react-dom\cjs\react-dom.development.js:28504:15)
    at createChild 
(C:\Users\nwong\Documents\Projects\Group2SWE\SWEGroup2\node_modules\react-dom\cjs\react-dom.development.js:13345:28)
    at reconcileChildrenArray 
(C:\Users\nwong\Documents\Projects\Group2SWE\SWEGroup2\node_modules\react-dom\cjs\react-dom.development.js:13640:25)
    at reconcileChildFibers 
(C:\Users\nwong\Documents\Projects\Group2SWE\SWEGroup2\node_modules\react-dom\cjs\react-dom.development.js:14057:16)
    at reconcileChildren 
(C:\Users\nwong\Documents\Projects\Group2SWE\SWEGroup2\node_modules\react-dom\cjs\react-dom.development.js:19186:28)
    at updateHostComponent 
(C:\Users\nwong\Documents\Projects\Group2SWE\SWEGroup2\node_modules\react-dom\cjs\react-dom.development.js:19953:3)
    at beginWork 
(C:\Users\nwong\Documents\Projects\Group2SWE\SWEGroup2\node_modules\react-dom\cjs\react-dom.development.js:21657:14)
    at HTMLUnknownElement.callCallback 
(C:\Users\nwong\Documents\Projects\Group2SWE\SWEGroup2\node_modules\react-dom\cjs\react-dom.development.js:4164:14)
    at HTMLUnknownElement.callTheUserObjectsOperation (C:\Users\nwong\Documents\Projects\Group2SWE\SWEGroup2\node_modul
es\jsdom\lib\jsdom\living\generated\EventListener.js:26:30)
[90mstderr[2m | src/components/__tests__/Header.test.tsx[2m > [22m[2mHeader[2m > [22m[2mshows mobile menu 
button
[22m[39mWarning: React.jsx: type is invalid -- expected a string (for built-in components) or a class/function (for 
composite components) but got: undefined. You likely forgot to export your component from the file it's defined in, or 
you might have mixed up default and named imports.

Check your code at Header.tsx:86.
    at Header (C:/Users/nwong/Documents/Projects/Group2SWE/SWEGroup2/src/components/Header.tsx:22:19)
Warning: React.jsx: type is invalid -- expected a string (for built-in components) or a class/function (for composite 
components) but got: undefined. You likely forgot to export your component from the file it's defined in, or you might 
have mixed up default and named imports.

Check your code at Header.tsx:87.
    at Header (C:/Users/nwong/Documents/Projects/Group2SWE/SWEGroup2/src/components/Header.tsx:22:19)
Warning: React.jsx: type is invalid -- expected a string (for built-in components) or a class/function (for composite 
components) but got: undefined. You likely forgot to export your component from the file it's defined in, or you might 
have mixed up default and named imports.

Check your code at Header.tsx:86.
    at Header (C:/Users/nwong/Documents/Projects/Group2SWE/SWEGroup2/src/components/Header.tsx:22:19)
Warning: React.jsx: type is invalid -- expected a string (for built-in components) or a class/function (for composite 
components) but got: undefined. You likely forgot to export your component from the file it's defined in, or you might 
have mixed up default and named imports.

Check your code at Header.tsx:87.
    at Header (C:/Users/nwong/Documents/Projects/Group2SWE/SWEGroup2/src/components/Header.tsx:22:19)
The above error occurred in the <div> component:

    at div
    at nav
    at header
    at Header (C:/Users/nwong/Documents/Projects/Group2SWE/SWEGroup2/src/components/Header.tsx:22:19)

Consider adding an error boundary to your tree to customize error handling behavior.
Visit https://reactjs.org/link/error-boundaries to learn more about error boundaries.

[90mstdout[2m | src/components/__tests__/MachineModal.test.tsx[2m > [22m[2mMachineModal[2m > [22m[2mopens editable exercise details when a listed exercise is clicked in edit mode
[22m[39mTile data changed, updating modal state: {
  id: [33m11[39m,
  equipmentTypeId: [33m7[39m,
  exerciseIds: [ [33m101[39m ],
  exerciseOptions: [
    { id: [33m101[39m, name: [32m'Lat Pulldown'[39m },
    { id: [33m102[39m, name: [32m'Seated Cable Row'[39m }
  ],
  outOfOrder: [33mfalse[39m,
  equipment: {
    name: [32m'Cable Station'[39m,
    description: [32m'Multi-purpose cable machine'[39m,
    benefits: [ [32m'Lat Pulldown'[39m ],
    musclesTargeted: [ [32m'Back'[39m, [32m'Biceps'[39m ]
  },
  xCoord: [33m120[39m,
  yCoord: [33m80[39m,
  width: [33m220[39m,
  height: [33m140[39m,
  rotation: [33m0[39m,
  colour: [32m'blue'[39m
}

Error: Uncaught [Error: Element type is invalid: expected a string (for built-in components) or a class/function (for 
composite components) but got: undefined. You likely forgot to export your component from the file it's defined in, or 
you might have mixed up default and named imports.

Check the render method of `Header`.]
    at reportException (C:\Users\nwong\Documents\Projects\Group2SWE\SWEGroup2\node_modules\jsdom\lib\jsdom\living\helpe
rs\runtime-script-errors.js:66:24)
    at innerInvokeEventListeners (C:\Users\nwong\Documents\Projects\Group2SWE\SWEGroup2\node_modules\jsdom\lib\jsdom\li
ving\events\EventTarget-impl.js:353:9)
    at invokeEventListeners (C:\Users\nwong\Documents\Projects\Group2SWE\SWEGroup2\node_modules\jsdom\lib\jsdom\living\
events\EventTarget-impl.js:286:3)
    at HTMLUnknownElementImpl._dispatch (C:\Users\nwong\Documents\Projects\Group2SWE\SWEGroup2\node_modules\jsdom\lib\j
sdom\living\events\EventTarget-impl.js:233:9)
    at HTMLUnknownElementImpl.dispatchEvent (C:\Users\nwong\Documents\Projects\Group2SWE\SWEGroup2\node_modules\jsdom\l
ib\jsdom\living\events\EventTarget-impl.js:104:17)
    at HTMLUnknownElement.dispatchEvent (C:\Users\nwong\Documents\Projects\Group2SWE\SWEGroup2\node_modules\jsdom\lib\j
sdom\living\generated\EventTarget.js:241:34)
    at Object.invokeGuardedCallbackDev 
(C:\Users\nwong\Documents\Projects\Group2SWE\SWEGroup2\node_modules\react-dom\cjs\react-dom.development.js:4213:16)
    at invokeGuardedCallback 
(C:\Users\nwong\Documents\Projects\Group2SWE\SWEGroup2\node_modules\react-dom\cjs\react-dom.development.js:4277:31)
    at beginWork$1 
(C:\Users\nwong\Documents\Projects\Group2SWE\SWEGroup2\node_modules\react-dom\cjs\react-dom.development.js:27490:7)
    at performUnitOfWork 
(C:\Users\nwong\Documents\Projects\Group2SWE\SWEGroup2\node_modules\react-dom\cjs\react-dom.development.js:26599:12) 
Error: Element type is invalid: expected a string (for built-in components) or a class/function (for composite 
components) but got: undefined. You likely forgot to export your component from the file it's defined in, or you might 
have mixed up default and named imports.

Check the render method of `Header`.
    at createFiberFromTypeAndProps 
(C:\Users\nwong\Documents\Projects\Group2SWE\SWEGroup2\node_modules\react-dom\cjs\react-dom.development.js:28478:17)
    at createFiberFromElement 
(C:\Users\nwong\Documents\Projects\Group2SWE\SWEGroup2\node_modules\react-dom\cjs\react-dom.development.js:28504:15)
    at createChild 
(C:\Users\nwong\Documents\Projects\Group2SWE\SWEGroup2\node_modules\react-dom\cjs\react-dom.development.js:13345:28)
    at reconcileChildrenArray 
(C:\Users\nwong\Documents\Projects\Group2SWE\SWEGroup2\node_modules\react-dom\cjs\react-dom.development.js:13640:25)
    at reconcileChildFibers 
(C:\Users\nwong\Documents\Projects\Group2SWE\SWEGroup2\node_modules\react-dom\cjs\react-dom.development.js:14057:16)
    at reconcileChildren 
(C:\Users\nwong\Documents\Projects\Group2SWE\SWEGroup2\node_modules\react-dom\cjs\react-dom.development.js:19186:28)
    at updateHostComponent 
(C:\Users\nwong\Documents\Projects\Group2SWE\SWEGroup2\node_modules\react-dom\cjs\react-dom.development.js:19953:3)
    at beginWork 
(C:\Users\nwong\Documents\Projects\Group2SWE\SWEGroup2\node_modules\react-dom\cjs\react-dom.development.js:21657:14)
    at HTMLUnknownElement.callCallback 
(C:\Users\nwong\Documents\Projects\Group2SWE\SWEGroup2\node_modules\react-dom\cjs\react-dom.development.js:4164:14)
    at HTMLUnknownElement.callTheUserObjectsOperation (C:\Users\nwong\Documents\Projects\Group2SWE\SWEGroup2\node_modul
es\jsdom\lib\jsdom\living\generated\EventListener.js:26:30)
 [31mΓ¥»[39m src/pages/__tests__/HomePage.test.tsx [2m([22m[2m8 tests[22m[2m | [22m[31m2 failed[39m[2m)[22m[32m 180[2mms[22m[39m
     [32mΓ£ô[39m renders the GYAT title[32m 77[2mms[22m[39m
     [32mΓ£ô[39m renders the subtitle[32m 15[2mms[22m[39m
     [32mΓ£ô[39m renders the description text[32m 15[2mms[22m[39m
[31m     [31m├ù[31m renders the Open Gym Map button[39m[32m 24[2mms[22m[39m
[31m     [31m├ù[31m navigates to /map when button is clicked[39m[32m 18[2mms[22m[39m
     [32mΓ£ô[39m renders the header component[32m 12[2mms[22m[39m
     [32mΓ£ô[39m renders the interactive map preview[32m 6[2mms[22m[39m
     [32mΓ£ô[39m renders the Silk background[32m 8[2mms[22m[39m
Error: Uncaught [Error: Element type is invalid: expected a string (for built-in components) or a class/function (for 
composite components) but got: undefined. You likely forgot to export your component from the file it's defined in, or 
you might have mixed up default and named imports.

Check the render method of `Header`.]
    at reportException (C:\Users\nwong\Documents\Projects\Group2SWE\SWEGroup2\node_modules\jsdom\lib\jsdom\living\helpe
rs\runtime-script-errors.js:66:24)
    at innerInvokeEventListeners (C:\Users\nwong\Documents\Projects\Group2SWE\SWEGroup2\node_modules\jsdom\lib\jsdom\li
ving\events\EventTarget-impl.js:353:9)
    at invokeEventListeners (C:\Users\nwong\Documents\Projects\Group2SWE\SWEGroup2\node_modules\jsdom\lib\jsdom\living\
events\EventTarget-impl.js:286:3)
    at HTMLUnknownElementImpl._dispatch (C:\Users\nwong\Documents\Projects\Group2SWE\SWEGroup2\node_modules\jsdom\lib\j
sdom\living\events\EventTarget-impl.js:233:9)
    at HTMLUnknownElementImpl.dispatchEvent (C:\Users\nwong\Documents\Projects\Group2SWE\SWEGroup2\node_modules\jsdom\l
ib\jsdom\living\events\EventTarget-impl.js:104:17)
    at HTMLUnknownElement.dispatchEvent (C:\Users\nwong\Documents\Projects\Group2SWE\SWEGroup2\node_modules\jsdom\lib\j
sdom\living\generated\EventTarget.js:241:34)
    at Object.invokeGuardedCallbackDev 
(C:\Users\nwong\Documents\Projects\Group2SWE\SWEGroup2\node_modules\react-dom\cjs\react-dom.development.js:4213:16)
    at invokeGuardedCallback 
(C:\Users\nwong\Documents\Projects\Group2SWE\SWEGroup2\node_modules\react-dom\cjs\react-dom.development.js:4277:31)
    at beginWork$1 
(C:\Users\nwong\Documents\Projects\Group2SWE\SWEGroup2\node_modules\react-dom\cjs\react-dom.development.js:27490:7)
    at performUnitOfWork 
(C:\Users\nwong\Documents\Projects\Group2SWE\SWEGroup2\node_modules\react-dom\cjs\react-dom.development.js:26599:12) 
Error: Element type is invalid: expected a string (for built-in components) or a class/function (for composite 
components) but got: undefined. You likely forgot to export your component from the file it's defined in, or you might 
have mixed up default and named imports.

Check the render method of `Header`.
    at createFiberFromTypeAndProps 
(C:\Users\nwong\Documents\Projects\Group2SWE\SWEGroup2\node_modules\react-dom\cjs\react-dom.development.js:28478:17)
    at createFiberFromElement 
(C:\Users\nwong\Documents\Projects\Group2SWE\SWEGroup2\node_modules\react-dom\cjs\react-dom.development.js:28504:15)
    at createChild 
(C:\Users\nwong\Documents\Projects\Group2SWE\SWEGroup2\node_modules\react-dom\cjs\react-dom.development.js:13345:28)
    at reconcileChildrenArray 
(C:\Users\nwong\Documents\Projects\Group2SWE\SWEGroup2\node_modules\react-dom\cjs\react-dom.development.js:13640:25)
    at reconcileChildFibers 
(C:\Users\nwong\Documents\Projects\Group2SWE\SWEGroup2\node_modules\react-dom\cjs\react-dom.development.js:14057:16)
    at reconcileChildren 
(C:\Users\nwong\Documents\Projects\Group2SWE\SWEGroup2\node_modules\react-dom\cjs\react-dom.development.js:19186:28)
    at updateHostComponent 
(C:\Users\nwong\Documents\Projects\Group2SWE\SWEGroup2\node_modules\react-dom\cjs\react-dom.development.js:19953:3)
    at beginWork 
(C:\Users\nwong\Documents\Projects\Group2SWE\SWEGroup2\node_modules\react-dom\cjs\react-dom.development.js:21657:14)
    at HTMLUnknownElement.callCallback 
(C:\Users\nwong\Documents\Projects\Group2SWE\SWEGroup2\node_modules\react-dom\cjs\react-dom.development.js:4164:14)
    at HTMLUnknownElement.callTheUserObjectsOperation (C:\Users\nwong\Documents\Projects\Group2SWE\SWEGroup2\node_modul
es\jsdom\lib\jsdom\living\generated\EventListener.js:26:30)
[90mstderr[2m | src/components/__tests__/Header.test.tsx[2m > [22m[2mHeader[2m > [22m[2mtoggles mobile menu on 
click
[22m[39mWarning: React.jsx: type is invalid -- expected a string (for built-in components) or a class/function (for 
composite components) but got: undefined. You likely forgot to export your component from the file it's defined in, or 
you might have mixed up default and named imports.

Check your code at Header.tsx:86.
    at Header (C:/Users/nwong/Documents/Projects/Group2SWE/SWEGroup2/src/components/Header.tsx:22:19)
Warning: React.jsx: type is invalid -- expected a string (for built-in components) or a class/function (for composite 
components) but got: undefined. You likely forgot to export your component from the file it's defined in, or you might 
have mixed up default and named imports.

Check your code at Header.tsx:87.
    at Header (C:/Users/nwong/Documents/Projects/Group2SWE/SWEGroup2/src/components/Header.tsx:22:19)
Warning: React.jsx: type is invalid -- expected a string (for built-in components) or a class/function (for composite 
components) but got: undefined. You likely forgot to export your component from the file it's defined in, or you might 
have mixed up default and named imports.

Check your code at Header.tsx:86.
    at Header (C:/Users/nwong/Documents/Projects/Group2SWE/SWEGroup2/src/components/Header.tsx:22:19)
Warning: React.jsx: type is invalid -- expected a string (for built-in components) or a class/function (for composite 
components) but got: undefined. You likely forgot to export your component from the file it's defined in, or you might 
have mixed up default and named imports.

Check your code at Header.tsx:87.
    at Header (C:/Users/nwong/Documents/Projects/Group2SWE/SWEGroup2/src/components/Header.tsx:22:19)
The above error occurred in the <div> component:

    at div
    at nav
    at header
    at Header (C:/Users/nwong/Documents/Projects/Group2SWE/SWEGroup2/src/components/Header.tsx:22:19)

Consider adding an error boundary to your tree to customize error handling behavior.
Visit https://reactjs.org/link/error-boundaries to learn more about error boundaries.

Error: Uncaught [Error: Element type is invalid: expected a string (for built-in components) or a class/function (for 
composite components) but got: undefined. You likely forgot to export your component from the file it's defined in, or 
you might have mixed up default and named imports.

Check the render method of `Header`.]
    at reportException (C:\Users\nwong\Documents\Projects\Group2SWE\SWEGroup2\node_modules\jsdom\lib\jsdom\living\helpe
rs\runtime-script-errors.js:66:24)
    at innerInvokeEventListeners (C:\Users\nwong\Documents\Projects\Group2SWE\SWEGroup2\node_modules\jsdom\lib\jsdom\li
ving\events\EventTarget-impl.js:353:9)
    at invokeEventListeners (C:\Users\nwong\Documents\Projects\Group2SWE\SWEGroup2\node_modules\jsdom\lib\jsdom\living\
events\EventTarget-impl.js:286:3)
    at HTMLUnknownElementImpl._dispatch (C:\Users\nwong\Documents\Projects\Group2SWE\SWEGroup2\node_modules\jsdom\lib\j
sdom\living\events\EventTarget-impl.js:233:9)
    at HTMLUnknownElementImpl.dispatchEvent (C:\Users\nwong\Documents\Projects\Group2SWE\SWEGroup2\node_modules\jsdom\l
ib\jsdom\living\events\EventTarget-impl.js:104:17)
    at HTMLUnknownElement.dispatchEvent (C:\Users\nwong\Documents\Projects\Group2SWE\SWEGroup2\node_modules\jsdom\lib\j
sdom\living\generated\EventTarget.js:241:34)
    at Object.invokeGuardedCallbackDev 
(C:\Users\nwong\Documents\Projects\Group2SWE\SWEGroup2\node_modules\react-dom\cjs\react-dom.development.js:4213:16)
    at invokeGuardedCallback 
(C:\Users\nwong\Documents\Projects\Group2SWE\SWEGroup2\node_modules\react-dom\cjs\react-dom.development.js:4277:31)
    at beginWork$1 
(C:\Users\nwong\Documents\Projects\Group2SWE\SWEGroup2\node_modules\react-dom\cjs\react-dom.development.js:27490:7)
    at performUnitOfWork 
(C:\Users\nwong\Documents\Projects\Group2SWE\SWEGroup2\node_modules\react-dom\cjs\react-dom.development.js:26599:12) 
Error: Element type is invalid: expected a string (for built-in components) or a class/function (for composite 
components) but got: undefined. You likely forgot to export your component from the file it's defined in, or you might 
have mixed up default and named imports.

Check the render method of `Header`.
    at createFiberFromTypeAndProps 
(C:\Users\nwong\Documents\Projects\Group2SWE\SWEGroup2\node_modules\react-dom\cjs\react-dom.development.js:28478:17)
    at createFiberFromElement 
(C:\Users\nwong\Documents\Projects\Group2SWE\SWEGroup2\node_modules\react-dom\cjs\react-dom.development.js:28504:15)
    at createChild 
(C:\Users\nwong\Documents\Projects\Group2SWE\SWEGroup2\node_modules\react-dom\cjs\react-dom.development.js:13345:28)
    at reconcileChildrenArray 
(C:\Users\nwong\Documents\Projects\Group2SWE\SWEGroup2\node_modules\react-dom\cjs\react-dom.development.js:13640:25)
    at reconcileChildFibers 
(C:\Users\nwong\Documents\Projects\Group2SWE\SWEGroup2\node_modules\react-dom\cjs\react-dom.development.js:14057:16)
    at reconcileChildren 
(C:\Users\nwong\Documents\Projects\Group2SWE\SWEGroup2\node_modules\react-dom\cjs\react-dom.development.js:19186:28)
    at updateHostComponent 
(C:\Users\nwong\Documents\Projects\Group2SWE\SWEGroup2\node_modules\react-dom\cjs\react-dom.development.js:19953:3)
    at beginWork 
(C:\Users\nwong\Documents\Projects\Group2SWE\SWEGroup2\node_modules\react-dom\cjs\react-dom.development.js:21657:14)
    at HTMLUnknownElement.callCallback 
(C:\Users\nwong\Documents\Projects\Group2SWE\SWEGroup2\node_modules\react-dom\cjs\react-dom.development.js:4164:14)
    at HTMLUnknownElement.callTheUserObjectsOperation (C:\Users\nwong\Documents\Projects\Group2SWE\SWEGroup2\node_modul
es\jsdom\lib\jsdom\living\generated\EventListener.js:26:30)
Error: Uncaught [Error: Element type is invalid: expected a string (for built-in components) or a class/function (for 
composite components) but got: undefined. You likely forgot to export your component from the file it's defined in, or 
you might have mixed up default and named imports.

Check the render method of `Header`.]
    at reportException (C:\Users\nwong\Documents\Projects\Group2SWE\SWEGroup2\node_modules\jsdom\lib\jsdom\living\helpe
rs\runtime-script-errors.js:66:24)
    at innerInvokeEventListeners (C:\Users\nwong\Documents\Projects\Group2SWE\SWEGroup2\node_modules\jsdom\lib\jsdom\li
ving\events\EventTarget-impl.js:353:9)
    at invokeEventListeners (C:\Users\nwong\Documents\Projects\Group2SWE\SWEGroup2\node_modules\jsdom\lib\jsdom\living\
events\EventTarget-impl.js:286:3)
    at HTMLUnknownElementImpl._dispatch (C:\Users\nwong\Documents\Projects\Group2SWE\SWEGroup2\node_modules\jsdom\lib\j
sdom\living\events\EventTarget-impl.js:233:9)
    at HTMLUnknownElementImpl.dispatchEvent (C:\Users\nwong\Documents\Projects\Group2SWE\SWEGroup2\node_modules\jsdom\l
ib\jsdom\living\events\EventTarget-impl.js:104:17)
    at HTMLUnknownElement.dispatchEvent (C:\Users\nwong\Documents\Projects\Group2SWE\SWEGroup2\node_modules\jsdom\lib\j
sdom\living\generated\EventTarget.js:241:34)
    at Object.invokeGuardedCallbackDev 
(C:\Users\nwong\Documents\Projects\Group2SWE\SWEGroup2\node_modules\react-dom\cjs\react-dom.development.js:4213:16)
    at invokeGuardedCallback 
(C:\Users\nwong\Documents\Projects\Group2SWE\SWEGroup2\node_modules\react-dom\cjs\react-dom.development.js:4277:31)
    at beginWork$1 
(C:\Users\nwong\Documents\Projects\Group2SWE\SWEGroup2\node_modules\react-dom\cjs\react-dom.development.js:27490:7)
    at performUnitOfWork 
(C:\Users\nwong\Documents\Projects\Group2SWE\SWEGroup2\node_modules\react-dom\cjs\react-dom.development.js:26599:12) 
Error: Element type is invalid: expected a string (for built-in components) or a class/function (for composite 
components) but got: undefined. You likely forgot to export your component from the file it's defined in, or you might 
have mixed up default and named imports.

Check the render method of `Header`.
    at createFiberFromTypeAndProps 
(C:\Users\nwong\Documents\Projects\Group2SWE\SWEGroup2\node_modules\react-dom\cjs\react-dom.development.js:28478:17)
    at createFiberFromElement 
(C:\Users\nwong\Documents\Projects\Group2SWE\SWEGroup2\node_modules\react-dom\cjs\react-dom.development.js:28504:15)
    at createChild 
(C:\Users\nwong\Documents\Projects\Group2SWE\SWEGroup2\node_modules\react-dom\cjs\react-dom.development.js:13345:28)
    at reconcileChildrenArray 
(C:\Users\nwong\Documents\Projects\Group2SWE\SWEGroup2\node_modules\react-dom\cjs\react-dom.development.js:13640:25)
    at reconcileChildFibers 
(C:\Users\nwong\Documents\Projects\Group2SWE\SWEGroup2\node_modules\react-dom\cjs\react-dom.development.js:14057:16)
    at reconcileChildren 
(C:\Users\nwong\Documents\Projects\Group2SWE\SWEGroup2\node_modules\react-dom\cjs\react-dom.development.js:19186:28)
    at updateHostComponent 
(C:\Users\nwong\Documents\Projects\Group2SWE\SWEGroup2\node_modules\react-dom\cjs\react-dom.development.js:19953:3)
    at beginWork 
(C:\Users\nwong\Documents\Projects\Group2SWE\SWEGroup2\node_modules\react-dom\cjs\react-dom.development.js:21657:14)
    at HTMLUnknownElement.callCallback 
(C:\Users\nwong\Documents\Projects\Group2SWE\SWEGroup2\node_modules\react-dom\cjs\react-dom.development.js:4164:14)
    at HTMLUnknownElement.callTheUserObjectsOperation (C:\Users\nwong\Documents\Projects\Group2SWE\SWEGroup2\node_modul
es\jsdom\lib\jsdom\living\generated\EventListener.js:26:30)
[90mstderr[2m | src/components/__tests__/Header.test.tsx[2m > [22m[2mHeader[2m > [22m[2mdisplays username when 
logged in
[22m[39mWarning: React.jsx: type is invalid -- expected a string (for built-in components) or a class/function (for 
composite components) but got: undefined. You likely forgot to export your component from the file it's defined in, or 
you might have mixed up default and named imports.

Check your code at Header.tsx:86.
    at Header (C:/Users/nwong/Documents/Projects/Group2SWE/SWEGroup2/src/components/Header.tsx:22:19)
Warning: React.jsx: type is invalid -- expected a string (for built-in components) or a class/function (for composite 
components) but got: undefined. You likely forgot to export your component from the file it's defined in, or you might 
have mixed up default and named imports.

Check your code at Header.tsx:87.
    at Header (C:/Users/nwong/Documents/Projects/Group2SWE/SWEGroup2/src/components/Header.tsx:22:19)
Warning: React.jsx: type is invalid -- expected a string (for built-in components) or a class/function (for composite 
components) but got: undefined. You likely forgot to export your component from the file it's defined in, or you might 
have mixed up default and named imports.

Check your code at Header.tsx:86.
    at Header (C:/Users/nwong/Documents/Projects/Group2SWE/SWEGroup2/src/components/Header.tsx:22:19)
Warning: React.jsx: type is invalid -- expected a string (for built-in components) or a class/function (for composite 
components) but got: undefined. You likely forgot to export your component from the file it's defined in, or you might 
have mixed up default and named imports.

Check your code at Header.tsx:87.
    at Header (C:/Users/nwong/Documents/Projects/Group2SWE/SWEGroup2/src/components/Header.tsx:22:19)
The above error occurred in the <div> component:

    at div
    at nav
    at header
    at Header (C:/Users/nwong/Documents/Projects/Group2SWE/SWEGroup2/src/components/Header.tsx:22:19)

Consider adding an error boundary to your tree to customize error handling behavior.
Visit https://reactjs.org/link/error-boundaries to learn more about error boundaries.

Error: Uncaught [Error: Element type is invalid: expected a string (for built-in components) or a class/function (for 
composite components) but got: undefined. You likely forgot to export your component from the file it's defined in, or 
you might have mixed up default and named imports.

Check the render method of `Header`.]
    at reportException (C:\Users\nwong\Documents\Projects\Group2SWE\SWEGroup2\node_modules\jsdom\lib\jsdom\living\helpe
rs\runtime-script-errors.js:66:24)
    at innerInvokeEventListeners (C:\Users\nwong\Documents\Projects\Group2SWE\SWEGroup2\node_modules\jsdom\lib\jsdom\li
ving\events\EventTarget-impl.js:353:9)
    at invokeEventListeners (C:\Users\nwong\Documents\Projects\Group2SWE\SWEGroup2\node_modules\jsdom\lib\jsdom\living\
events\EventTarget-impl.js:286:3)
    at HTMLUnknownElementImpl._dispatch (C:\Users\nwong\Documents\Projects\Group2SWE\SWEGroup2\node_modules\jsdom\lib\j
sdom\living\events\EventTarget-impl.js:233:9)
    at HTMLUnknownElementImpl.dispatchEvent (C:\Users\nwong\Documents\Projects\Group2SWE\SWEGroup2\node_modules\jsdom\l
ib\jsdom\living\events\EventTarget-impl.js:104:17)
    at HTMLUnknownElement.dispatchEvent (C:\Users\nwong\Documents\Projects\Group2SWE\SWEGroup2\node_modules\jsdom\lib\j
sdom\living\generated\EventTarget.js:241:34)
    at Object.invokeGuardedCallbackDev 
(C:\Users\nwong\Documents\Projects\Group2SWE\SWEGroup2\node_modules\react-dom\cjs\react-dom.development.js:4213:16)
    at invokeGuardedCallback 
(C:\Users\nwong\Documents\Projects\Group2SWE\SWEGroup2\node_modules\react-dom\cjs\react-dom.development.js:4277:31)
    at beginWork$1 
(C:\Users\nwong\Documents\Projects\Group2SWE\SWEGroup2\node_modules\react-dom\cjs\react-dom.development.js:27490:7)
    at performUnitOfWork 
(C:\Users\nwong\Documents\Projects\Group2SWE\SWEGroup2\node_modules\react-dom\cjs\react-dom.development.js:26599:12) 
Error: Element type is invalid: expected a string (for built-in components) or a class/function (for composite 
components) but got: undefined. You likely forgot to export your component from the file it's defined in, or you might 
have mixed up default and named imports.

Check the render method of `Header`.
    at createFiberFromTypeAndProps 
(C:\Users\nwong\Documents\Projects\Group2SWE\SWEGroup2\node_modules\react-dom\cjs\react-dom.development.js:28478:17)
    at createFiberFromElement 
(C:\Users\nwong\Documents\Projects\Group2SWE\SWEGroup2\node_modules\react-dom\cjs\react-dom.development.js:28504:15)
    at createChild 
(C:\Users\nwong\Documents\Projects\Group2SWE\SWEGroup2\node_modules\react-dom\cjs\react-dom.development.js:13345:28)
    at reconcileChildrenArray 
(C:\Users\nwong\Documents\Projects\Group2SWE\SWEGroup2\node_modules\react-dom\cjs\react-dom.development.js:13640:25)
    at reconcileChildFibers 
(C:\Users\nwong\Documents\Projects\Group2SWE\SWEGroup2\node_modules\react-dom\cjs\react-dom.development.js:14057:16)
    at reconcileChildren 
(C:\Users\nwong\Documents\Projects\Group2SWE\SWEGroup2\node_modules\react-dom\cjs\react-dom.development.js:19186:28)
    at updateHostComponent 
(C:\Users\nwong\Documents\Projects\Group2SWE\SWEGroup2\node_modules\react-dom\cjs\react-dom.development.js:19953:3)
    at beginWork 
(C:\Users\nwong\Documents\Projects\Group2SWE\SWEGroup2\node_modules\react-dom\cjs\react-dom.development.js:21657:14)
    at HTMLUnknownElement.callCallback 
(C:\Users\nwong\Documents\Projects\Group2SWE\SWEGroup2\node_modules\react-dom\cjs\react-dom.development.js:4164:14)
    at HTMLUnknownElement.callTheUserObjectsOperation (C:\Users\nwong\Documents\Projects\Group2SWE\SWEGroup2\node_modul
es\jsdom\lib\jsdom\living\generated\EventListener.js:26:30)
Error: Uncaught [Error: Element type is invalid: expected a string (for built-in components) or a class/function (for 
composite components) but got: undefined. You likely forgot to export your component from the file it's defined in, or 
you might have mixed up default and named imports.

Check the render method of `Header`.]
    at reportException (C:\Users\nwong\Documents\Projects\Group2SWE\SWEGroup2\node_modules\jsdom\lib\jsdom\living\helpe
rs\runtime-script-errors.js:66:24)
    at innerInvokeEventListeners (C:\Users\nwong\Documents\Projects\Group2SWE\SWEGroup2\node_modules\jsdom\lib\jsdom\li
ving\events\EventTarget-impl.js:353:9)
    at invokeEventListeners (C:\Users\nwong\Documents\Projects\Group2SWE\SWEGroup2\node_modules\jsdom\lib\jsdom\living\
events\EventTarget-impl.js:286:3)
    at HTMLUnknownElementImpl._dispatch (C:\Users\nwong\Documents\Projects\Group2SWE\SWEGroup2\node_modules\jsdom\lib\j
sdom\living\events\EventTarget-impl.js:233:9)
    at HTMLUnknownElementImpl.dispatchEvent (C:\Users\nwong\Documents\Projects\Group2SWE\SWEGroup2\node_modules\jsdom\l
ib\jsdom\living\events\EventTarget-impl.js:104:17)
    at HTMLUnknownElement.dispatchEvent (C:\Users\nwong\Documents\Projects\Group2SWE\SWEGroup2\node_modules\jsdom\lib\j
sdom\living\generated\EventTarget.js:241:34)
    at Object.invokeGuardedCallbackDev 
(C:\Users\nwong\Documents\Projects\Group2SWE\SWEGroup2\node_modules\react-dom\cjs\react-dom.development.js:4213:16)
    at invokeGuardedCallback 
(C:\Users\nwong\Documents\Projects\Group2SWE\SWEGroup2\node_modules\react-dom\cjs\react-dom.development.js:4277:31)
    at beginWork$1 
(C:\Users\nwong\Documents\Projects\Group2SWE\SWEGroup2\node_modules\react-dom\cjs\react-dom.development.js:27490:7)
    at performUnitOfWork 
(C:\Users\nwong\Documents\Projects\Group2SWE\SWEGroup2\node_modules\react-dom\cjs\react-dom.development.js:26599:12) 
Error: Element type is invalid: expected a string (for built-in components) or a class/function (for composite 
components) but got: undefined. You likely forgot to export your component from the file it's defined in, or you might 
have mixed up default and named imports.

Check the render method of `Header`.
    at createFiberFromTypeAndProps 
(C:\Users\nwong\Documents\Projects\Group2SWE\SWEGroup2\node_modules\react-dom\cjs\react-dom.development.js:28478:17)
    at createFiberFromElement 
(C:\Users\nwong\Documents\Projects\Group2SWE\SWEGroup2\node_modules\react-dom\cjs\react-dom.development.js:28504:15)
    at createChild 
(C:\Users\nwong\Documents\Projects\Group2SWE\SWEGroup2\node_modules\react-dom\cjs\react-dom.development.js:13345:28)
    at reconcileChildrenArray 
(C:\Users\nwong\Documents\Projects\Group2SWE\SWEGroup2\node_modules\react-dom\cjs\react-dom.development.js:13640:25)
    at reconcileChildFibers 
(C:\Users\nwong\Documents\Projects\Group2SWE\SWEGroup2\node_modules\react-dom\cjs\react-dom.development.js:14057:16)
    at reconcileChildren 
(C:\Users\nwong\Documents\Projects\Group2SWE\SWEGroup2\node_modules\react-dom\cjs\react-dom.development.js:19186:28)
    at updateHostComponent 
(C:\Users\nwong\Documents\Projects\Group2SWE\SWEGroup2\node_modules\react-dom\cjs\react-dom.development.js:19953:3)
    at beginWork 
(C:\Users\nwong\Documents\Projects\Group2SWE\SWEGroup2\node_modules\react-dom\cjs\react-dom.development.js:21657:14)
    at HTMLUnknownElement.callCallback 
(C:\Users\nwong\Documents\Projects\Group2SWE\SWEGroup2\node_modules\react-dom\cjs\react-dom.development.js:4164:14)
    at HTMLUnknownElement.callTheUserObjectsOperation (C:\Users\nwong\Documents\Projects\Group2SWE\SWEGroup2\node_modul
es\jsdom\lib\jsdom\living\generated\EventListener.js:26:30)
[90mstderr[2m | src/components/__tests__/Header.test.tsx[2m > [22m[2mHeader[2m > [22m[2mdoes not display 
username when not logged in
[22m[39mWarning: React.jsx: type is invalid -- expected a string (for built-in components) or a class/function (for 
composite components) but got: undefined. You likely forgot to export your component from the file it's defined in, or 
you might have mixed up default and named imports.

Check your code at Header.tsx:86.
    at Header (C:/Users/nwong/Documents/Projects/Group2SWE/SWEGroup2/src/components/Header.tsx:22:19)
Warning: React.jsx: type is invalid -- expected a string (for built-in components) or a class/function (for composite 
components) but got: undefined. You likely forgot to export your component from the file it's defined in, or you might 
have mixed up default and named imports.

Check your code at Header.tsx:87.
    at Header (C:/Users/nwong/Documents/Projects/Group2SWE/SWEGroup2/src/components/Header.tsx:22:19)
Warning: React.jsx: type is invalid -- expected a string (for built-in components) or a class/function (for composite 
components) but got: undefined. You likely forgot to export your component from the file it's defined in, or you might 
have mixed up default and named imports.

Check your code at Header.tsx:86.
    at Header (C:/Users/nwong/Documents/Projects/Group2SWE/SWEGroup2/src/components/Header.tsx:22:19)
Warning: React.jsx: type is invalid -- expected a string (for built-in components) or a class/function (for composite 
components) but got: undefined. You likely forgot to export your component from the file it's defined in, or you might 
have mixed up default and named imports.

Check your code at Header.tsx:87.
    at Header (C:/Users/nwong/Documents/Projects/Group2SWE/SWEGroup2/src/components/Header.tsx:22:19)
The above error occurred in the <div> component:

    at div
    at nav
    at header
    at Header (C:/Users/nwong/Documents/Projects/Group2SWE/SWEGroup2/src/components/Header.tsx:22:19)

Consider adding an error boundary to your tree to customize error handling behavior.
Visit https://reactjs.org/link/error-boundaries to learn more about error boundaries.

Error: Uncaught [Error: Element type is invalid: expected a string (for built-in components) or a class/function (for 
composite components) but got: undefined. You likely forgot to export your component from the file it's defined in, or 
you might have mixed up default and named imports.

Check the render method of `Header`.]
    at reportException (C:\Users\nwong\Documents\Projects\Group2SWE\SWEGroup2\node_modules\jsdom\lib\jsdom\living\helpe
rs\runtime-script-errors.js:66:24)
    at innerInvokeEventListeners (C:\Users\nwong\Documents\Projects\Group2SWE\SWEGroup2\node_modules\jsdom\lib\jsdom\li
ving\events\EventTarget-impl.js:353:9)
    at invokeEventListeners (C:\Users\nwong\Documents\Projects\Group2SWE\SWEGroup2\node_modules\jsdom\lib\jsdom\living\
events\EventTarget-impl.js:286:3)
    at HTMLUnknownElementImpl._dispatch (C:\Users\nwong\Documents\Projects\Group2SWE\SWEGroup2\node_modules\jsdom\lib\j
sdom\living\events\EventTarget-impl.js:233:9)
    at HTMLUnknownElementImpl.dispatchEvent (C:\Users\nwong\Documents\Projects\Group2SWE\SWEGroup2\node_modules\jsdom\l
ib\jsdom\living\events\EventTarget-impl.js:104:17)
    at HTMLUnknownElement.dispatchEvent (C:\Users\nwong\Documents\Projects\Group2SWE\SWEGroup2\node_modules\jsdom\lib\j
sdom\living\generated\EventTarget.js:241:34)
    at Object.invokeGuardedCallbackDev 
(C:\Users\nwong\Documents\Projects\Group2SWE\SWEGroup2\node_modules\react-dom\cjs\react-dom.development.js:4213:16)
    at invokeGuardedCallback 
(C:\Users\nwong\Documents\Projects\Group2SWE\SWEGroup2\node_modules\react-dom\cjs\react-dom.development.js:4277:31)
    at beginWork$1 
(C:\Users\nwong\Documents\Projects\Group2SWE\SWEGroup2\node_modules\react-dom\cjs\react-dom.development.js:27490:7)
    at performUnitOfWork 
(C:\Users\nwong\Documents\Projects\Group2SWE\SWEGroup2\node_modules\react-dom\cjs\react-dom.development.js:26599:12) 
Error: Element type is invalid: expected a string (for built-in components) or a class/function (for composite 
components) but got: undefined. You likely forgot to export your component from the file it's defined in, or you might 
have mixed up default and named imports.

Check the render method of `Header`.
    at createFiberFromTypeAndProps 
(C:\Users\nwong\Documents\Projects\Group2SWE\SWEGroup2\node_modules\react-dom\cjs\react-dom.development.js:28478:17)
    at createFiberFromElement 
(C:\Users\nwong\Documents\Projects\Group2SWE\SWEGroup2\node_modules\react-dom\cjs\react-dom.development.js:28504:15)
    at createChild 
(C:\Users\nwong\Documents\Projects\Group2SWE\SWEGroup2\node_modules\react-dom\cjs\react-dom.development.js:13345:28)
    at reconcileChildrenArray 
(C:\Users\nwong\Documents\Projects\Group2SWE\SWEGroup2\node_modules\react-dom\cjs\react-dom.development.js:13640:25)
    at reconcileChildFibers 
(C:\Users\nwong\Documents\Projects\Group2SWE\SWEGroup2\node_modules\react-dom\cjs\react-dom.development.js:14057:16)
    at reconcileChildren 
(C:\Users\nwong\Documents\Projects\Group2SWE\SWEGroup2\node_modules\react-dom\cjs\react-dom.development.js:19186:28)
    at updateHostComponent 
(C:\Users\nwong\Documents\Projects\Group2SWE\SWEGroup2\node_modules\react-dom\cjs\react-dom.development.js:19953:3)
    at beginWork 
(C:\Users\nwong\Documents\Projects\Group2SWE\SWEGroup2\node_modules\react-dom\cjs\react-dom.development.js:21657:14)
    at HTMLUnknownElement.callCallback 
(C:\Users\nwong\Documents\Projects\Group2SWE\SWEGroup2\node_modules\react-dom\cjs\react-dom.development.js:4164:14)
    at HTMLUnknownElement.callTheUserObjectsOperation (C:\Users\nwong\Documents\Projects\Group2SWE\SWEGroup2\node_modul
es\jsdom\lib\jsdom\living\generated\EventListener.js:26:30)
Error: Uncaught [Error: Element type is invalid: expected a string (for built-in components) or a class/function (for 
composite components) but got: undefined. You likely forgot to export your component from the file it's defined in, or 
you might have mixed up default and named imports.

Check the render method of `Header`.]
    at reportException (C:\Users\nwong\Documents\Projects\Group2SWE\SWEGroup2\node_modules\jsdom\lib\jsdom\living\helpe
rs\runtime-script-errors.js:66:24)
    at innerInvokeEventListeners (C:\Users\nwong\Documents\Projects\Group2SWE\SWEGroup2\node_modules\jsdom\lib\jsdom\li
ving\events\EventTarget-impl.js:353:9)
    at invokeEventListeners (C:\Users\nwong\Documents\Projects\Group2SWE\SWEGroup2\node_modules\jsdom\lib\jsdom\living\
events\EventTarget-impl.js:286:3)
    at HTMLUnknownElementImpl._dispatch (C:\Users\nwong\Documents\Projects\Group2SWE\SWEGroup2\node_modules\jsdom\lib\j
sdom\living\events\EventTarget-impl.js:233:9)
    at HTMLUnknownElementImpl.dispatchEvent (C:\Users\nwong\Documents\Projects\Group2SWE\SWEGroup2\node_modules\jsdom\l
ib\jsdom\living\events\EventTarget-impl.js:104:17)
    at HTMLUnknownElement.dispatchEvent (C:\Users\nwong\Documents\Projects\Group2SWE\SWEGroup2\node_modules\jsdom\lib\j
sdom\living\generated\EventTarget.js:241:34)
    at Object.invokeGuardedCallbackDev 
(C:\Users\nwong\Documents\Projects\Group2SWE\SWEGroup2\node_modules\react-dom\cjs\react-dom.development.js:4213:16)
    at invokeGuardedCallback 
(C:\Users\nwong\Documents\Projects\Group2SWE\SWEGroup2\node_modules\react-dom\cjs\react-dom.development.js:4277:31)
    at beginWork$1 
(C:\Users\nwong\Documents\Projects\Group2SWE\SWEGroup2\node_modules\react-dom\cjs\react-dom.development.js:27490:7)
    at performUnitOfWork 
(C:\Users\nwong\Documents\Projects\Group2SWE\SWEGroup2\node_modules\react-dom\cjs\react-dom.development.js:26599:12) 
Error: Element type is invalid: expected a string (for built-in components) or a class/function (for composite 
components) but got: undefined. You likely forgot to export your component from the file it's defined in, or you might 
have mixed up default and named imports.

Check the render method of `Header`.
    at createFiberFromTypeAndProps 
(C:\Users\nwong\Documents\Projects\Group2SWE\SWEGroup2\node_modules\react-dom\cjs\react-dom.development.js:28478:17)
    at createFiberFromElement 
(C:\Users\nwong\Documents\Projects\Group2SWE\SWEGroup2\node_modules\react-dom\cjs\react-dom.development.js:28504:15)
    at createChild 
(C:\Users\nwong\Documents\Projects\Group2SWE\SWEGroup2\node_modules\react-dom\cjs\react-dom.development.js:13345:28)
    at reconcileChildrenArray 
(C:\Users\nwong\Documents\Projects\Group2SWE\SWEGroup2\node_modules\react-dom\cjs\react-dom.development.js:13640:25)
    at reconcileChildFibers 
(C:\Users\nwong\Documents\Projects\Group2SWE\SWEGroup2\node_modules\react-dom\cjs\react-dom.development.js:14057:16)
    at reconcileChildren 
(C:\Users\nwong\Documents\Projects\Group2SWE\SWEGroup2\node_modules\react-dom\cjs\react-dom.development.js:19186:28)
    at updateHostComponent 
(C:\Users\nwong\Documents\Projects\Group2SWE\SWEGroup2\node_modules\react-dom\cjs\react-dom.development.js:19953:3)
    at beginWork 
(C:\Users\nwong\Documents\Projects\Group2SWE\SWEGroup2\node_modules\react-dom\cjs\react-dom.development.js:21657:14)
    at HTMLUnknownElement.callCallback 
(C:\Users\nwong\Documents\Projects\Group2SWE\SWEGroup2\node_modules\react-dom\cjs\react-dom.development.js:4164:14)
    at HTMLUnknownElement.callTheUserObjectsOperation (C:\Users\nwong\Documents\Projects\Group2SWE\SWEGroup2\node_modul
es\jsdom\lib\jsdom\living\generated\EventListener.js:26:30)
[90mstderr[2m | src/components/__tests__/Header.test.tsx[2m > [22m[2mHeader[2m > [22m[2mhighlights the current 
page nav item
[22m[39mWarning: React.jsx: type is invalid -- expected a string (for built-in components) or a class/function (for 
composite components) but got: undefined. You likely forgot to export your component from the file it's defined in, or 
you might have mixed up default and named imports.

Check your code at Header.tsx:86.
    at Header (C:/Users/nwong/Documents/Projects/Group2SWE/SWEGroup2/src/components/Header.tsx:22:19)
Warning: React.jsx: type is invalid -- expected a string (for built-in components) or a class/function (for composite 
components) but got: undefined. You likely forgot to export your component from the file it's defined in, or you might 
have mixed up default and named imports.

Check your code at Header.tsx:87.
    at Header (C:/Users/nwong/Documents/Projects/Group2SWE/SWEGroup2/src/components/Header.tsx:22:19)
Warning: React.jsx: type is invalid -- expected a string (for built-in components) or a class/function (for composite 
components) but got: undefined. You likely forgot to export your component from the file it's defined in, or you might 
have mixed up default and named imports.

Check your code at Header.tsx:86.
    at Header (C:/Users/nwong/Documents/Projects/Group2SWE/SWEGroup2/src/components/Header.tsx:22:19)
Warning: React.jsx: type is invalid -- expected a string (for built-in components) or a class/function (for composite 
components) but got: undefined. You likely forgot to export your component from the file it's defined in, or you might 
have mixed up default and named imports.

Check your code at Header.tsx:87.
    at Header (C:/Users/nwong/Documents/Projects/Group2SWE/SWEGroup2/src/components/Header.tsx:22:19)
The above error occurred in the <div> component:

    at div
    at nav
    at header
    at Header (C:/Users/nwong/Documents/Projects/Group2SWE/SWEGroup2/src/components/Header.tsx:22:19)

Consider adding an error boundary to your tree to customize error handling behavior.
Visit https://reactjs.org/link/error-boundaries to learn more about error boundaries.

Error: Uncaught [Error: Element type is invalid: expected a string (for built-in components) or a class/function (for 
composite components) but got: undefined. You likely forgot to export your component from the file it's defined in, or 
you might have mixed up default and named imports.

Check the render method of `Header`.]
    at reportException (C:\Users\nwong\Documents\Projects\Group2SWE\SWEGroup2\node_modules\jsdom\lib\jsdom\living\helpe
rs\runtime-script-errors.js:66:24)
    at innerInvokeEventListeners (C:\Users\nwong\Documents\Projects\Group2SWE\SWEGroup2\node_modules\jsdom\lib\jsdom\li
ving\events\EventTarget-impl.js:353:9)
    at invokeEventListeners (C:\Users\nwong\Documents\Projects\Group2SWE\SWEGroup2\node_modules\jsdom\lib\jsdom\living\
events\EventTarget-impl.js:286:3)
    at HTMLUnknownElementImpl._dispatch (C:\Users\nwong\Documents\Projects\Group2SWE\SWEGroup2\node_modules\jsdom\lib\j
sdom\living\events\EventTarget-impl.js:233:9)
    at HTMLUnknownElementImpl.dispatchEvent (C:\Users\nwong\Documents\Projects\Group2SWE\SWEGroup2\node_modules\jsdom\l
ib\jsdom\living\events\EventTarget-impl.js:104:17)
    at HTMLUnknownElement.dispatchEvent (C:\Users\nwong\Documents\Projects\Group2SWE\SWEGroup2\node_modules\jsdom\lib\j
sdom\living\generated\EventTarget.js:241:34)
    at Object.invokeGuardedCallbackDev 
(C:\Users\nwong\Documents\Projects\Group2SWE\SWEGroup2\node_modules\react-dom\cjs\react-dom.development.js:4213:16)
    at invokeGuardedCallback 
(C:\Users\nwong\Documents\Projects\Group2SWE\SWEGroup2\node_modules\react-dom\cjs\react-dom.development.js:4277:31)
    at beginWork$1 
(C:\Users\nwong\Documents\Projects\Group2SWE\SWEGroup2\node_modules\react-dom\cjs\react-dom.development.js:27490:7)
    at performUnitOfWork 
(C:\Users\nwong\Documents\Projects\Group2SWE\SWEGroup2\node_modules\react-dom\cjs\react-dom.development.js:26599:12) 
Error: Element type is invalid: expected a string (for built-in components) or a class/function (for composite 
components) but got: undefined. You likely forgot to export your component from the file it's defined in, or you might 
have mixed up default and named imports.

Check the render method of `Header`.
    at createFiberFromTypeAndProps 
(C:\Users\nwong\Documents\Projects\Group2SWE\SWEGroup2\node_modules\react-dom\cjs\react-dom.development.js:28478:17)
    at createFiberFromElement 
(C:\Users\nwong\Documents\Projects\Group2SWE\SWEGroup2\node_modules\react-dom\cjs\react-dom.development.js:28504:15)
    at createChild 
(C:\Users\nwong\Documents\Projects\Group2SWE\SWEGroup2\node_modules\react-dom\cjs\react-dom.development.js:13345:28)
    at reconcileChildrenArray 
(C:\Users\nwong\Documents\Projects\Group2SWE\SWEGroup2\node_modules\react-dom\cjs\react-dom.development.js:13640:25)
    at reconcileChildFibers 
(C:\Users\nwong\Documents\Projects\Group2SWE\SWEGroup2\node_modules\react-dom\cjs\react-dom.development.js:14057:16)
    at reconcileChildren 
(C:\Users\nwong\Documents\Projects\Group2SWE\SWEGroup2\node_modules\react-dom\cjs\react-dom.development.js:19186:28)
    at updateHostComponent 
(C:\Users\nwong\Documents\Projects\Group2SWE\SWEGroup2\node_modules\react-dom\cjs\react-dom.development.js:19953:3)
    at beginWork 
(C:\Users\nwong\Documents\Projects\Group2SWE\SWEGroup2\node_modules\react-dom\cjs\react-dom.development.js:21657:14)
    at HTMLUnknownElement.callCallback 
(C:\Users\nwong\Documents\Projects\Group2SWE\SWEGroup2\node_modules\react-dom\cjs\react-dom.development.js:4164:14)
    at HTMLUnknownElement.callTheUserObjectsOperation (C:\Users\nwong\Documents\Projects\Group2SWE\SWEGroup2\node_modul
es\jsdom\lib\jsdom\living\generated\EventListener.js:26:30)
Error: Uncaught [Error: Element type is invalid: expected a string (for built-in components) or a class/function (for 
composite components) but got: undefined. You likely forgot to export your component from the file it's defined in, or 
you might have mixed up default and named imports.

Check the render method of `Header`.]
    at reportException (C:\Users\nwong\Documents\Projects\Group2SWE\SWEGroup2\node_modules\jsdom\lib\jsdom\living\helpe
rs\runtime-script-errors.js:66:24)
    at innerInvokeEventListeners (C:\Users\nwong\Documents\Projects\Group2SWE\SWEGroup2\node_modules\jsdom\lib\jsdom\li
ving\events\EventTarget-impl.js:353:9)
    at invokeEventListeners (C:\Users\nwong\Documents\Projects\Group2SWE\SWEGroup2\node_modules\jsdom\lib\jsdom\living\
events\EventTarget-impl.js:286:3)
    at HTMLUnknownElementImpl._dispatch (C:\Users\nwong\Documents\Projects\Group2SWE\SWEGroup2\node_modules\jsdom\lib\j
sdom\living\events\EventTarget-impl.js:233:9)
    at HTMLUnknownElementImpl.dispatchEvent (C:\Users\nwong\Documents\Projects\Group2SWE\SWEGroup2\node_modules\jsdom\l
ib\jsdom\living\events\EventTarget-impl.js:104:17)
    at HTMLUnknownElement.dispatchEvent (C:\Users\nwong\Documents\Projects\Group2SWE\SWEGroup2\node_modules\jsdom\lib\j
sdom\living\generated\EventTarget.js:241:34)
    at Object.invokeGuardedCallbackDev 
(C:\Users\nwong\Documents\Projects\Group2SWE\SWEGroup2\node_modules\react-dom\cjs\react-dom.development.js:4213:16)
    at invokeGuardedCallback 
(C:\Users\nwong\Documents\Projects\Group2SWE\SWEGroup2\node_modules\react-dom\cjs\react-dom.development.js:4277:31)
    at beginWork$1 
(C:\Users\nwong\Documents\Projects\Group2SWE\SWEGroup2\node_modules\react-dom\cjs\react-dom.development.js:27490:7)
    at performUnitOfWork 
(C:\Users\nwong\Documents\Projects\Group2SWE\SWEGroup2\node_modules\react-dom\cjs\react-dom.development.js:26599:12) 
Error: Element type is invalid: expected a string (for built-in components) or a class/function (for composite 
components) but got: undefined. You likely forgot to export your component from the file it's defined in, or you might 
have mixed up default and named imports.

Check the render method of `Header`.
    at createFiberFromTypeAndProps 
(C:\Users\nwong\Documents\Projects\Group2SWE\SWEGroup2\node_modules\react-dom\cjs\react-dom.development.js:28478:17)
    at createFiberFromElement 
(C:\Users\nwong\Documents\Projects\Group2SWE\SWEGroup2\node_modules\react-dom\cjs\react-dom.development.js:28504:15)
    at createChild 
(C:\Users\nwong\Documents\Projects\Group2SWE\SWEGroup2\node_modules\react-dom\cjs\react-dom.development.js:13345:28)
    at reconcileChildrenArray 
(C:\Users\nwong\Documents\Projects\Group2SWE\SWEGroup2\node_modules\react-dom\cjs\react-dom.development.js:13640:25)
    at reconcileChildFibers 
(C:\Users\nwong\Documents\Projects\Group2SWE\SWEGroup2\node_modules\react-dom\cjs\react-dom.development.js:14057:16)
    at reconcileChildren 
(C:\Users\nwong\Documents\Projects\Group2SWE\SWEGroup2\node_modules\react-dom\cjs\react-dom.development.js:19186:28)
    at updateHostComponent 
(C:\Users\nwong\Documents\Projects\Group2SWE\SWEGroup2\node_modules\react-dom\cjs\react-dom.development.js:19953:3)
    at beginWork 
(C:\Users\nwong\Documents\Projects\Group2SWE\SWEGroup2\node_modules\react-dom\cjs\react-dom.development.js:21657:14)
    at HTMLUnknownElement.callCallback 
(C:\Users\nwong\Documents\Projects\Group2SWE\SWEGroup2\node_modules\react-dom\cjs\react-dom.development.js:4164:14)
    at HTMLUnknownElement.callTheUserObjectsOperation (C:\Users\nwong\Documents\Projects\Group2SWE\SWEGroup2\node_modul
es\jsdom\lib\jsdom\living\generated\EventListener.js:26:30)
[90mstderr[2m | src/components/__tests__/Header.test.tsx[2m > [22m[2mHeader[2m > [22m[2mnavigates and closes 
mobile menu when mobile item is clicked
[22m[39mWarning: React.jsx: type is invalid -- expected a string (for built-in components) or a class/function (for 
composite components) but got: undefined. You likely forgot to export your component from the file it's defined in, or 
you might have mixed up default and named imports.

Check your code at Header.tsx:86.
    at Header (C:/Users/nwong/Documents/Projects/Group2SWE/SWEGroup2/src/components/Header.tsx:22:19)
Warning: React.jsx: type is invalid -- expected a string (for built-in components) or a class/function (for composite 
components) but got: undefined. You likely forgot to export your component from the file it's defined in, or you might 
have mixed up default and named imports.

Check your code at Header.tsx:87.
    at Header (C:/Users/nwong/Documents/Projects/Group2SWE/SWEGroup2/src/components/Header.tsx:22:19)
Warning: React.jsx: type is invalid -- expected a string (for built-in components) or a class/function (for composite 
components) but got: undefined. You likely forgot to export your component from the file it's defined in, or you might 
have mixed up default and named imports.

Check your code at Header.tsx:86.
    at Header (C:/Users/nwong/Documents/Projects/Group2SWE/SWEGroup2/src/components/Header.tsx:22:19)
Warning: React.jsx: type is invalid -- expected a string (for built-in components) or a class/function (for composite 
components) but got: undefined. You likely forgot to export your component from the file it's defined in, or you might 
have mixed up default and named imports.

Check your code at Header.tsx:87.
    at Header (C:/Users/nwong/Documents/Projects/Group2SWE/SWEGroup2/src/components/Header.tsx:22:19)
The above error occurred in the <div> component:

    at div
    at nav
    at header
    at Header (C:/Users/nwong/Documents/Projects/Group2SWE/SWEGroup2/src/components/Header.tsx:22:19)

Consider adding an error boundary to your tree to customize error handling behavior.
Visit https://reactjs.org/link/error-boundaries to learn more about error boundaries.

Error: Uncaught [Error: Element type is invalid: expected a string (for built-in components) or a class/function (for 
composite components) but got: undefined. You likely forgot to export your component from the file it's defined in, or 
you might have mixed up default and named imports.

Check the render method of `Header`.]
    at reportException (C:\Users\nwong\Documents\Projects\Group2SWE\SWEGroup2\node_modules\jsdom\lib\jsdom\living\helpe
rs\runtime-script-errors.js:66:24)
    at innerInvokeEventListeners (C:\Users\nwong\Documents\Projects\Group2SWE\SWEGroup2\node_modules\jsdom\lib\jsdom\li
ving\events\EventTarget-impl.js:353:9)
    at invokeEventListeners (C:\Users\nwong\Documents\Projects\Group2SWE\SWEGroup2\node_modules\jsdom\lib\jsdom\living\
events\EventTarget-impl.js:286:3)
    at HTMLUnknownElementImpl._dispatch (C:\Users\nwong\Documents\Projects\Group2SWE\SWEGroup2\node_modules\jsdom\lib\j
sdom\living\events\EventTarget-impl.js:233:9)
    at HTMLUnknownElementImpl.dispatchEvent (C:\Users\nwong\Documents\Projects\Group2SWE\SWEGroup2\node_modules\jsdom\l
ib\jsdom\living\events\EventTarget-impl.js:104:17)
    at HTMLUnknownElement.dispatchEvent (C:\Users\nwong\Documents\Projects\Group2SWE\SWEGroup2\node_modules\jsdom\lib\j
sdom\living\generated\EventTarget.js:241:34)
    at Object.invokeGuardedCallbackDev 
(C:\Users\nwong\Documents\Projects\Group2SWE\SWEGroup2\node_modules\react-dom\cjs\react-dom.development.js:4213:16)
    at invokeGuardedCallback 
(C:\Users\nwong\Documents\Projects\Group2SWE\SWEGroup2\node_modules\react-dom\cjs\react-dom.development.js:4277:31)
    at beginWork$1 
(C:\Users\nwong\Documents\Projects\Group2SWE\SWEGroup2\node_modules\react-dom\cjs\react-dom.development.js:27490:7)
    at performUnitOfWork 
(C:\Users\nwong\Documents\Projects\Group2SWE\SWEGroup2\node_modules\react-dom\cjs\react-dom.development.js:26599:12) 
Error: Element type is invalid: expected a string (for built-in components) or a class/function (for composite 
components) but got: undefined. You likely forgot to export your component from the file it's defined in, or you might 
have mixed up default and named imports.

Check the render method of `Header`.
    at createFiberFromTypeAndProps 
(C:\Users\nwong\Documents\Projects\Group2SWE\SWEGroup2\node_modules\react-dom\cjs\react-dom.development.js:28478:17)
    at createFiberFromElement 
(C:\Users\nwong\Documents\Projects\Group2SWE\SWEGroup2\node_modules\react-dom\cjs\react-dom.development.js:28504:15)
    at createChild 
(C:\Users\nwong\Documents\Projects\Group2SWE\SWEGroup2\node_modules\react-dom\cjs\react-dom.development.js:13345:28)
    at reconcileChildrenArray 
(C:\Users\nwong\Documents\Projects\Group2SWE\SWEGroup2\node_modules\react-dom\cjs\react-dom.development.js:13640:25)
    at reconcileChildFibers 
(C:\Users\nwong\Documents\Projects\Group2SWE\SWEGroup2\node_modules\react-dom\cjs\react-dom.development.js:14057:16)
    at reconcileChildren 
(C:\Users\nwong\Documents\Projects\Group2SWE\SWEGroup2\node_modules\react-dom\cjs\react-dom.development.js:19186:28)
    at updateHostComponent 
(C:\Users\nwong\Documents\Projects\Group2SWE\SWEGroup2\node_modules\react-dom\cjs\react-dom.development.js:19953:3)
    at beginWork 
(C:\Users\nwong\Documents\Projects\Group2SWE\SWEGroup2\node_modules\react-dom\cjs\react-dom.development.js:21657:14)
    at HTMLUnknownElement.callCallback 
(C:\Users\nwong\Documents\Projects\Group2SWE\SWEGroup2\node_modules\react-dom\cjs\react-dom.development.js:4164:14)
    at HTMLUnknownElement.callTheUserObjectsOperation (C:\Users\nwong\Documents\Projects\Group2SWE\SWEGroup2\node_modul
es\jsdom\lib\jsdom\living\generated\EventListener.js:26:30)
[90mstdout[2m | src/components/__tests__/MachineModal.test.tsx[2m > [22m[2mMachineModal[2m > [22m[2mopens read-only exercise details when a listed exercise is clicked in non-edit mode
[22m[39mTile data changed, updating modal state: {
  id: [33m11[39m,
  equipmentTypeId: [33m7[39m,
  exerciseIds: [ [33m101[39m ],
  exerciseOptions: [
    { id: [33m101[39m, name: [32m'Lat Pulldown'[39m },
    { id: [33m102[39m, name: [32m'Seated Cable Row'[39m }
  ],
  outOfOrder: [33mfalse[39m,
  equipment: {
    name: [32m'Cable Station'[39m,
    description: [32m'Multi-purpose cable machine'[39m,
    benefits: [ [32m'Lat Pulldown'[39m ],
    musclesTargeted: [ [32m'Back'[39m, [32m'Biceps'[39m ]
  },
  xCoord: [33m120[39m,
  yCoord: [33m80[39m,
  width: [33m220[39m,
  height: [33m140[39m,
  rotation: [33m0[39m,
  colour: [32m'blue'[39m
}

Error: Uncaught [Error: Element type is invalid: expected a string (for built-in components) or a class/function (for 
composite components) but got: undefined. You likely forgot to export your component from the file it's defined in, or 
you might have mixed up default and named imports.

Check the render method of `Header`.]
    at reportException (C:\Users\nwong\Documents\Projects\Group2SWE\SWEGroup2\node_modules\jsdom\lib\jsdom\living\helpe
rs\runtime-script-errors.js:66:24)
    at innerInvokeEventListeners (C:\Users\nwong\Documents\Projects\Group2SWE\SWEGroup2\node_modules\jsdom\lib\jsdom\li
ving\events\EventTarget-impl.js:353:9)
    at invokeEventListeners (C:\Users\nwong\Documents\Projects\Group2SWE\SWEGroup2\node_modules\jsdom\lib\jsdom\living\
events\EventTarget-impl.js:286:3)
    at HTMLUnknownElementImpl._dispatch (C:\Users\nwong\Documents\Projects\Group2SWE\SWEGroup2\node_modules\jsdom\lib\j
sdom\living\events\EventTarget-impl.js:233:9)
    at HTMLUnknownElementImpl.dispatchEvent (C:\Users\nwong\Documents\Projects\Group2SWE\SWEGroup2\node_modules\jsdom\l
ib\jsdom\living\events\EventTarget-impl.js:104:17)
    at HTMLUnknownElement.dispatchEvent (C:\Users\nwong\Documents\Projects\Group2SWE\SWEGroup2\node_modules\jsdom\lib\j
sdom\living\generated\EventTarget.js:241:34)
    at Object.invokeGuardedCallbackDev 
(C:\Users\nwong\Documents\Projects\Group2SWE\SWEGroup2\node_modules\react-dom\cjs\react-dom.development.js:4213:16)
    at invokeGuardedCallback 
(C:\Users\nwong\Documents\Projects\Group2SWE\SWEGroup2\node_modules\react-dom\cjs\react-dom.development.js:4277:31)
    at beginWork$1 
(C:\Users\nwong\Documents\Projects\Group2SWE\SWEGroup2\node_modules\react-dom\cjs\react-dom.development.js:27490:7)
    at performUnitOfWork 
(C:\Users\nwong\Documents\Projects\Group2SWE\SWEGroup2\node_modules\react-dom\cjs\react-dom.development.js:26599:12) 
Error: Element type is invalid: expected a string (for built-in components) or a class/function (for composite 
components) but got: undefined. You likely forgot to export your component from the file it's defined in, or you might 
have mixed up default and named imports.

Check the render method of `Header`.
    at createFiberFromTypeAndProps 
(C:\Users\nwong\Documents\Projects\Group2SWE\SWEGroup2\node_modules\react-dom\cjs\react-dom.development.js:28478:17)
    at createFiberFromElement 
(C:\Users\nwong\Documents\Projects\Group2SWE\SWEGroup2\node_modules\react-dom\cjs\react-dom.development.js:28504:15)
    at createChild 
(C:\Users\nwong\Documents\Projects\Group2SWE\SWEGroup2\node_modules\react-dom\cjs\react-dom.development.js:13345:28)
    at reconcileChildrenArray 
(C:\Users\nwong\Documents\Projects\Group2SWE\SWEGroup2\node_modules\react-dom\cjs\react-dom.development.js:13640:25)
    at reconcileChildFibers 
(C:\Users\nwong\Documents\Projects\Group2SWE\SWEGroup2\node_modules\react-dom\cjs\react-dom.development.js:14057:16)
    at reconcileChildren 
(C:\Users\nwong\Documents\Projects\Group2SWE\SWEGroup2\node_modules\react-dom\cjs\react-dom.development.js:19186:28)
    at updateHostComponent 
(C:\Users\nwong\Documents\Projects\Group2SWE\SWEGroup2\node_modules\react-dom\cjs\react-dom.development.js:19953:3)
    at beginWork 
(C:\Users\nwong\Documents\Projects\Group2SWE\SWEGroup2\node_modules\react-dom\cjs\react-dom.development.js:21657:14)
    at HTMLUnknownElement.callCallback 
(C:\Users\nwong\Documents\Projects\Group2SWE\SWEGroup2\node_modules\react-dom\cjs\react-dom.development.js:4164:14)
    at HTMLUnknownElement.callTheUserObjectsOperation (C:\Users\nwong\Documents\Projects\Group2SWE\SWEGroup2\node_modul
es\jsdom\lib\jsdom\living\generated\EventListener.js:26:30)
[90mstderr[2m | src/components/__tests__/Header.test.tsx[2m > [22m[2mHeader[2m > [22m[2mplays sound on nav 
click when soundEnabled is true
[22m[39mWarning: React.jsx: type is invalid -- expected a string (for built-in components) or a class/function (for 
composite components) but got: undefined. You likely forgot to export your component from the file it's defined in, or 
you might have mixed up default and named imports.

Check your code at Header.tsx:86.
    at Header (C:/Users/nwong/Documents/Projects/Group2SWE/SWEGroup2/src/components/Header.tsx:22:19)
Warning: React.jsx: type is invalid -- expected a string (for built-in components) or a class/function (for composite 
components) but got: undefined. You likely forgot to export your component from the file it's defined in, or you might 
have mixed up default and named imports.

Check your code at Header.tsx:87.
    at Header (C:/Users/nwong/Documents/Projects/Group2SWE/SWEGroup2/src/components/Header.tsx:22:19)
Warning: React.jsx: type is invalid -- expected a string (for built-in components) or a class/function (for composite 
components) but got: undefined. You likely forgot to export your component from the file it's defined in, or you might 
have mixed up default and named imports.

Check your code at Header.tsx:86.
    at Header (C:/Users/nwong/Documents/Projects/Group2SWE/SWEGroup2/src/components/Header.tsx:22:19)
Warning: React.jsx: type is invalid -- expected a string (for built-in components) or a class/function (for composite 
components) but got: undefined. You likely forgot to export your component from the file it's defined in, or you might 
have mixed up default and named imports.

Check your code at Header.tsx:87.
    at Header (C:/Users/nwong/Documents/Projects/Group2SWE/SWEGroup2/src/components/Header.tsx:22:19)
The above error occurred in the <div> component:

    at div
    at nav
    at header
    at Header (C:/Users/nwong/Documents/Projects/Group2SWE/SWEGroup2/src/components/Header.tsx:22:19)

Consider adding an error boundary to your tree to customize error handling behavior.
Visit https://reactjs.org/link/error-boundaries to learn more about error boundaries.

Error: Uncaught [Error: Element type is invalid: expected a string (for built-in components) or a class/function (for 
composite components) but got: undefined. You likely forgot to export your component from the file it's defined in, or 
you might have mixed up default and named imports.

Check the render method of `Header`.]
    at reportException (C:\Users\nwong\Documents\Projects\Group2SWE\SWEGroup2\node_modules\jsdom\lib\jsdom\living\helpe
rs\runtime-script-errors.js:66:24)
    at innerInvokeEventListeners (C:\Users\nwong\Documents\Projects\Group2SWE\SWEGroup2\node_modules\jsdom\lib\jsdom\li
ving\events\EventTarget-impl.js:353:9)
    at invokeEventListeners (C:\Users\nwong\Documents\Projects\Group2SWE\SWEGroup2\node_modules\jsdom\lib\jsdom\living\
events\EventTarget-impl.js:286:3)
    at HTMLUnknownElementImpl._dispatch (C:\Users\nwong\Documents\Projects\Group2SWE\SWEGroup2\node_modules\jsdom\lib\j
sdom\living\events\EventTarget-impl.js:233:9)
    at HTMLUnknownElementImpl.dispatchEvent (C:\Users\nwong\Documents\Projects\Group2SWE\SWEGroup2\node_modules\jsdom\l
ib\jsdom\living\events\EventTarget-impl.js:104:17)
    at HTMLUnknownElement.dispatchEvent (C:\Users\nwong\Documents\Projects\Group2SWE\SWEGroup2\node_modules\jsdom\lib\j
sdom\living\generated\EventTarget.js:241:34)
    at Object.invokeGuardedCallbackDev 
(C:\Users\nwong\Documents\Projects\Group2SWE\SWEGroup2\node_modules\react-dom\cjs\react-dom.development.js:4213:16)
    at invokeGuardedCallback 
(C:\Users\nwong\Documents\Projects\Group2SWE\SWEGroup2\node_modules\react-dom\cjs\react-dom.development.js:4277:31)
    at beginWork$1 
(C:\Users\nwong\Documents\Projects\Group2SWE\SWEGroup2\node_modules\react-dom\cjs\react-dom.development.js:27490:7)
    at performUnitOfWork 
(C:\Users\nwong\Documents\Projects\Group2SWE\SWEGroup2\node_modules\react-dom\cjs\react-dom.development.js:26599:12) 
Error: Element type is invalid: expected a string (for built-in components) or a class/function (for composite 
components) but got: undefined. You likely forgot to export your component from the file it's defined in, or you might 
have mixed up default and named imports.

Check the render method of `Header`.
    at createFiberFromTypeAndProps 
(C:\Users\nwong\Documents\Projects\Group2SWE\SWEGroup2\node_modules\react-dom\cjs\react-dom.development.js:28478:17)
    at createFiberFromElement 
(C:\Users\nwong\Documents\Projects\Group2SWE\SWEGroup2\node_modules\react-dom\cjs\react-dom.development.js:28504:15)
    at createChild 
(C:\Users\nwong\Documents\Projects\Group2SWE\SWEGroup2\node_modules\react-dom\cjs\react-dom.development.js:13345:28)
    at reconcileChildrenArray 
(C:\Users\nwong\Documents\Projects\Group2SWE\SWEGroup2\node_modules\react-dom\cjs\react-dom.development.js:13640:25)
    at reconcileChildFibers 
(C:\Users\nwong\Documents\Projects\Group2SWE\SWEGroup2\node_modules\react-dom\cjs\react-dom.development.js:14057:16)
    at reconcileChildren 
(C:\Users\nwong\Documents\Projects\Group2SWE\SWEGroup2\node_modules\react-dom\cjs\react-dom.development.js:19186:28)
    at updateHostComponent 
(C:\Users\nwong\Documents\Projects\Group2SWE\SWEGroup2\node_modules\react-dom\cjs\react-dom.development.js:19953:3)
    at beginWork 
(C:\Users\nwong\Documents\Projects\Group2SWE\SWEGroup2\node_modules\react-dom\cjs\react-dom.development.js:21657:14)
    at HTMLUnknownElement.callCallback 
(C:\Users\nwong\Documents\Projects\Group2SWE\SWEGroup2\node_modules\react-dom\cjs\react-dom.development.js:4164:14)
    at HTMLUnknownElement.callTheUserObjectsOperation (C:\Users\nwong\Documents\Projects\Group2SWE\SWEGroup2\node_modul
es\jsdom\lib\jsdom\living\generated\EventListener.js:26:30)
Error: Uncaught [Error: Element type is invalid: expected a string (for built-in components) or a class/function (for 
composite components) but got: undefined. You likely forgot to export your component from the file it's defined in, or 
you might have mixed up default and named imports.

Check the render method of `Header`.]
    at reportException (C:\Users\nwong\Documents\Projects\Group2SWE\SWEGroup2\node_modules\jsdom\lib\jsdom\living\helpe
rs\runtime-script-errors.js:66:24)
    at innerInvokeEventListeners (C:\Users\nwong\Documents\Projects\Group2SWE\SWEGroup2\node_modules\jsdom\lib\jsdom\li
ving\events\EventTarget-impl.js:353:9)
    at invokeEventListeners (C:\Users\nwong\Documents\Projects\Group2SWE\SWEGroup2\node_modules\jsdom\lib\jsdom\living\
events\EventTarget-impl.js:286:3)
    at HTMLUnknownElementImpl._dispatch (C:\Users\nwong\Documents\Projects\Group2SWE\SWEGroup2\node_modules\jsdom\lib\j
sdom\living\events\EventTarget-impl.js:233:9)
    at HTMLUnknownElementImpl.dispatchEvent (C:\Users\nwong\Documents\Projects\Group2SWE\SWEGroup2\node_modules\jsdom\l
ib\jsdom\living\events\EventTarget-impl.js:104:17)
    at HTMLUnknownElement.dispatchEvent (C:\Users\nwong\Documents\Projects\Group2SWE\SWEGroup2\node_modules\jsdom\lib\j
sdom\living\generated\EventTarget.js:241:34)
    at Object.invokeGuardedCallbackDev 
(C:\Users\nwong\Documents\Projects\Group2SWE\SWEGroup2\node_modules\react-dom\cjs\react-dom.development.js:4213:16)
    at invokeGuardedCallback 
(C:\Users\nwong\Documents\Projects\Group2SWE\SWEGroup2\node_modules\react-dom\cjs\react-dom.development.js:4277:31)
    at beginWork$1 
(C:\Users\nwong\Documents\Projects\Group2SWE\SWEGroup2\node_modules\react-dom\cjs\react-dom.development.js:27490:7)
    at performUnitOfWork 
(C:\Users\nwong\Documents\Projects\Group2SWE\SWEGroup2\node_modules\react-dom\cjs\react-dom.development.js:26599:12) 
Error: Element type is invalid: expected a string (for built-in components) or a class/function (for composite 
components) but got: undefined. You likely forgot to export your component from the file it's defined in, or you might 
have mixed up default and named imports.

Check the render method of `Header`.
    at createFiberFromTypeAndProps 
(C:\Users\nwong\Documents\Projects\Group2SWE\SWEGroup2\node_modules\react-dom\cjs\react-dom.development.js:28478:17)
    at createFiberFromElement 
(C:\Users\nwong\Documents\Projects\Group2SWE\SWEGroup2\node_modules\react-dom\cjs\react-dom.development.js:28504:15)
    at createChild 
(C:\Users\nwong\Documents\Projects\Group2SWE\SWEGroup2\node_modules\react-dom\cjs\react-dom.development.js:13345:28)
    at reconcileChildrenArray 
(C:\Users\nwong\Documents\Projects\Group2SWE\SWEGroup2\node_modules\react-dom\cjs\react-dom.development.js:13640:25)
    at reconcileChildFibers 
(C:\Users\nwong\Documents\Projects\Group2SWE\SWEGroup2\node_modules\react-dom\cjs\react-dom.development.js:14057:16)
    at reconcileChildren 
(C:\Users\nwong\Documents\Projects\Group2SWE\SWEGroup2\node_modules\react-dom\cjs\react-dom.development.js:19186:28)
    at updateHostComponent 
(C:\Users\nwong\Documents\Projects\Group2SWE\SWEGroup2\node_modules\react-dom\cjs\react-dom.development.js:19953:3)
    at beginWork 
(C:\Users\nwong\Documents\Projects\Group2SWE\SWEGroup2\node_modules\react-dom\cjs\react-dom.development.js:21657:14)
    at HTMLUnknownElement.callCallback 
(C:\Users\nwong\Documents\Projects\Group2SWE\SWEGroup2\node_modules\react-dom\cjs\react-dom.development.js:4164:14)
    at HTMLUnknownElement.callTheUserObjectsOperation (C:\Users\nwong\Documents\Projects\Group2SWE\SWEGroup2\node_modul
es\jsdom\lib\jsdom\living\generated\EventListener.js:26:30)
[90mstderr[2m | src/components/__tests__/Header.test.tsx[2m > [22m[2mHeader[2m > [22m[2mdoes not crash when 
soundEnabled is false
[22m[39mWarning: React.jsx: type is invalid -- expected a string (for built-in components) or a class/function (for 
composite components) but got: undefined. You likely forgot to export your component from the file it's defined in, or 
you might have mixed up default and named imports.

Check your code at Header.tsx:86.
    at Header (C:/Users/nwong/Documents/Projects/Group2SWE/SWEGroup2/src/components/Header.tsx:22:19)
Warning: React.jsx: type is invalid -- expected a string (for built-in components) or a class/function (for composite 
components) but got: undefined. You likely forgot to export your component from the file it's defined in, or you might 
have mixed up default and named imports.

Check your code at Header.tsx:87.
    at Header (C:/Users/nwong/Documents/Projects/Group2SWE/SWEGroup2/src/components/Header.tsx:22:19)
Warning: React.jsx: type is invalid -- expected a string (for built-in components) or a class/function (for composite 
components) but got: undefined. You likely forgot to export your component from the file it's defined in, or you might 
have mixed up default and named imports.

Check your code at Header.tsx:86.
    at Header (C:/Users/nwong/Documents/Projects/Group2SWE/SWEGroup2/src/components/Header.tsx:22:19)
Warning: React.jsx: type is invalid -- expected a string (for built-in components) or a class/function (for composite 
components) but got: undefined. You likely forgot to export your component from the file it's defined in, or you might 
have mixed up default and named imports.

Check your code at Header.tsx:87.
    at Header (C:/Users/nwong/Documents/Projects/Group2SWE/SWEGroup2/src/components/Header.tsx:22:19)
The above error occurred in the <div> component:

    at div
    at nav
    at header
    at Header (C:/Users/nwong/Documents/Projects/Group2SWE/SWEGroup2/src/components/Header.tsx:22:19)

Consider adding an error boundary to your tree to customize error handling behavior.
Visit https://reactjs.org/link/error-boundaries to learn more about error boundaries.

Error: Uncaught [Error: Element type is invalid: expected a string (for built-in components) or a class/function (for 
composite components) but got: undefined. You likely forgot to export your component from the file it's defined in, or 
you might have mixed up default and named imports.

Check the render method of `Header`.]
    at reportException (C:\Users\nwong\Documents\Projects\Group2SWE\SWEGroup2\node_modules\jsdom\lib\jsdom\living\helpe
rs\runtime-script-errors.js:66:24)
    at innerInvokeEventListeners (C:\Users\nwong\Documents\Projects\Group2SWE\SWEGroup2\node_modules\jsdom\lib\jsdom\li
ving\events\EventTarget-impl.js:353:9)
    at invokeEventListeners (C:\Users\nwong\Documents\Projects\Group2SWE\SWEGroup2\node_modules\jsdom\lib\jsdom\living\
events\EventTarget-impl.js:286:3)
    at HTMLUnknownElementImpl._dispatch (C:\Users\nwong\Documents\Projects\Group2SWE\SWEGroup2\node_modules\jsdom\lib\j
sdom\living\events\EventTarget-impl.js:233:9)
    at HTMLUnknownElementImpl.dispatchEvent (C:\Users\nwong\Documents\Projects\Group2SWE\SWEGroup2\node_modules\jsdom\l
ib\jsdom\living\events\EventTarget-impl.js:104:17)
    at HTMLUnknownElement.dispatchEvent (C:\Users\nwong\Documents\Projects\Group2SWE\SWEGroup2\node_modules\jsdom\lib\j
sdom\living\generated\EventTarget.js:241:34)
    at Object.invokeGuardedCallbackDev 
(C:\Users\nwong\Documents\Projects\Group2SWE\SWEGroup2\node_modules\react-dom\cjs\react-dom.development.js:4213:16)
    at invokeGuardedCallback 
(C:\Users\nwong\Documents\Projects\Group2SWE\SWEGroup2\node_modules\react-dom\cjs\react-dom.development.js:4277:31)
    at beginWork$1 
(C:\Users\nwong\Documents\Projects\Group2SWE\SWEGroup2\node_modules\react-dom\cjs\react-dom.development.js:27490:7)
    at performUnitOfWork 
(C:\Users\nwong\Documents\Projects\Group2SWE\SWEGroup2\node_modules\react-dom\cjs\react-dom.development.js:26599:12) 
Error: Element type is invalid: expected a string (for built-in components) or a class/function (for composite 
components) but got: undefined. You likely forgot to export your component from the file it's defined in, or you might 
have mixed up default and named imports.

Check the render method of `Header`.
    at createFiberFromTypeAndProps 
(C:\Users\nwong\Documents\Projects\Group2SWE\SWEGroup2\node_modules\react-dom\cjs\react-dom.development.js:28478:17)
    at createFiberFromElement 
(C:\Users\nwong\Documents\Projects\Group2SWE\SWEGroup2\node_modules\react-dom\cjs\react-dom.development.js:28504:15)
    at createChild 
(C:\Users\nwong\Documents\Projects\Group2SWE\SWEGroup2\node_modules\react-dom\cjs\react-dom.development.js:13345:28)
    at reconcileChildrenArray 
(C:\Users\nwong\Documents\Projects\Group2SWE\SWEGroup2\node_modules\react-dom\cjs\react-dom.development.js:13640:25)
    at reconcileChildFibers 
(C:\Users\nwong\Documents\Projects\Group2SWE\SWEGroup2\node_modules\react-dom\cjs\react-dom.development.js:14057:16)
    at reconcileChildren 
(C:\Users\nwong\Documents\Projects\Group2SWE\SWEGroup2\node_modules\react-dom\cjs\react-dom.development.js:19186:28)
    at updateHostComponent 
(C:\Users\nwong\Documents\Projects\Group2SWE\SWEGroup2\node_modules\react-dom\cjs\react-dom.development.js:19953:3)
    at beginWork 
(C:\Users\nwong\Documents\Projects\Group2SWE\SWEGroup2\node_modules\react-dom\cjs\react-dom.development.js:21657:14)
    at HTMLUnknownElement.callCallback 
(C:\Users\nwong\Documents\Projects\Group2SWE\SWEGroup2\node_modules\react-dom\cjs\react-dom.development.js:4164:14)
    at HTMLUnknownElement.callTheUserObjectsOperation (C:\Users\nwong\Documents\Projects\Group2SWE\SWEGroup2\node_modul
es\jsdom\lib\jsdom\living\generated\EventListener.js:26:30)
Error: Uncaught [Error: Element type is invalid: expected a string (for built-in components) or a class/function (for 
composite components) but got: undefined. You likely forgot to export your component from the file it's defined in, or 
you might have mixed up default and named imports.

Check the render method of `Header`.]
    at reportException (C:\Users\nwong\Documents\Projects\Group2SWE\SWEGroup2\node_modules\jsdom\lib\jsdom\living\helpe
rs\runtime-script-errors.js:66:24)
    at innerInvokeEventListeners (C:\Users\nwong\Documents\Projects\Group2SWE\SWEGroup2\node_modules\jsdom\lib\jsdom\li
ving\events\EventTarget-impl.js:353:9)
    at invokeEventListeners (C:\Users\nwong\Documents\Projects\Group2SWE\SWEGroup2\node_modules\jsdom\lib\jsdom\living\
events\EventTarget-impl.js:286:3)
    at HTMLUnknownElementImpl._dispatch (C:\Users\nwong\Documents\Projects\Group2SWE\SWEGroup2\node_modules\jsdom\lib\j
sdom\living\events\EventTarget-impl.js:233:9)
    at HTMLUnknownElementImpl.dispatchEvent (C:\Users\nwong\Documents\Projects\Group2SWE\SWEGroup2\node_modules\jsdom\l
ib\jsdom\living\events\EventTarget-impl.js:104:17)
    at HTMLUnknownElement.dispatchEvent (C:\Users\nwong\Documents\Projects\Group2SWE\SWEGroup2\node_modules\jsdom\lib\j
sdom\living\generated\EventTarget.js:241:34)
    at Object.invokeGuardedCallbackDev 
(C:\Users\nwong\Documents\Projects\Group2SWE\SWEGroup2\node_modules\react-dom\cjs\react-dom.development.js:4213:16)
    at invokeGuardedCallback 
(C:\Users\nwong\Documents\Projects\Group2SWE\SWEGroup2\node_modules\react-dom\cjs\react-dom.development.js:4277:31)
    at beginWork$1 
(C:\Users\nwong\Documents\Projects\Group2SWE\SWEGroup2\node_modules\react-dom\cjs\react-dom.development.js:27490:7)
    at performUnitOfWork 
(C:\Users\nwong\Documents\Projects\Group2SWE\SWEGroup2\node_modules\react-dom\cjs\react-dom.development.js:26599:12) 
Error: Element type is invalid: expected a string (for built-in components) or a class/function (for composite 
components) but got: undefined. You likely forgot to export your component from the file it's defined in, or you might 
have mixed up default and named imports.

Check the render method of `Header`.
    at createFiberFromTypeAndProps 
(C:\Users\nwong\Documents\Projects\Group2SWE\SWEGroup2\node_modules\react-dom\cjs\react-dom.development.js:28478:17)
    at createFiberFromElement 
(C:\Users\nwong\Documents\Projects\Group2SWE\SWEGroup2\node_modules\react-dom\cjs\react-dom.development.js:28504:15)
    at createChild 
(C:\Users\nwong\Documents\Projects\Group2SWE\SWEGroup2\node_modules\react-dom\cjs\react-dom.development.js:13345:28)
    at reconcileChildrenArray 
(C:\Users\nwong\Documents\Projects\Group2SWE\SWEGroup2\node_modules\react-dom\cjs\react-dom.development.js:13640:25)
    at reconcileChildFibers 
(C:\Users\nwong\Documents\Projects\Group2SWE\SWEGroup2\node_modules\react-dom\cjs\react-dom.development.js:14057:16)
    at reconcileChildren 
(C:\Users\nwong\Documents\Projects\Group2SWE\SWEGroup2\node_modules\react-dom\cjs\react-dom.development.js:19186:28)
    at updateHostComponent 
(C:\Users\nwong\Documents\Projects\Group2SWE\SWEGroup2\node_modules\react-dom\cjs\react-dom.development.js:19953:3)
    at beginWork 
(C:\Users\nwong\Documents\Projects\Group2SWE\SWEGroup2\node_modules\react-dom\cjs\react-dom.development.js:21657:14)
    at HTMLUnknownElement.callCallback 
(C:\Users\nwong\Documents\Projects\Group2SWE\SWEGroup2\node_modules\react-dom\cjs\react-dom.development.js:4164:14)
    at HTMLUnknownElement.callTheUserObjectsOperation (C:\Users\nwong\Documents\Projects\Group2SWE\SWEGroup2\node_modul
es\jsdom\lib\jsdom\living\generated\EventListener.js:26:30)
[90mstderr[2m | src/components/__tests__/Header.test.tsx[2m > [22m[2mHeader[2m > [22m[2mrenders selected page 
icon for /map
[22m[39mWarning: React.jsx: type is invalid -- expected a string (for built-in components) or a class/function (for 
composite components) but got: undefined. You likely forgot to export your component from the file it's defined in, or 
you might have mixed up default and named imports.

Check your code at Header.tsx:86.
    at Header (C:/Users/nwong/Documents/Projects/Group2SWE/SWEGroup2/src/components/Header.tsx:22:19)
Warning: React.jsx: type is invalid -- expected a string (for built-in components) or a class/function (for composite 
components) but got: undefined. You likely forgot to export your component from the file it's defined in, or you might 
have mixed up default and named imports.

Check your code at Header.tsx:87.
    at Header (C:/Users/nwong/Documents/Projects/Group2SWE/SWEGroup2/src/components/Header.tsx:22:19)
Warning: React.jsx: type is invalid -- expected a string (for built-in components) or a class/function (for composite 
components) but got: undefined. You likely forgot to export your component from the file it's defined in, or you might 
have mixed up default and named imports.

Check your code at Header.tsx:86.
    at Header (C:/Users/nwong/Documents/Projects/Group2SWE/SWEGroup2/src/components/Header.tsx:22:19)
Warning: React.jsx: type is invalid -- expected a string (for built-in components) or a class/function (for composite 
components) but got: undefined. You likely forgot to export your component from the file it's defined in, or you might 
have mixed up default and named imports.

Check your code at Header.tsx:87.
    at Header (C:/Users/nwong/Documents/Projects/Group2SWE/SWEGroup2/src/components/Header.tsx:22:19)
The above error occurred in the <div> component:

    at div
    at nav
    at header
    at Header (C:/Users/nwong/Documents/Projects/Group2SWE/SWEGroup2/src/components/Header.tsx:22:19)

Consider adding an error boundary to your tree to customize error handling behavior.
Visit https://reactjs.org/link/error-boundaries to learn more about error boundaries.

Error: Uncaught [Error: Element type is invalid: expected a string (for built-in components) or a class/function (for 
composite components) but got: undefined. You likely forgot to export your component from the file it's defined in, or 
you might have mixed up default and named imports.

Check the render method of `Header`.]
    at reportException (C:\Users\nwong\Documents\Projects\Group2SWE\SWEGroup2\node_modules\jsdom\lib\jsdom\living\helpe
rs\runtime-script-errors.js:66:24)
    at innerInvokeEventListeners (C:\Users\nwong\Documents\Projects\Group2SWE\SWEGroup2\node_modules\jsdom\lib\jsdom\li
ving\events\EventTarget-impl.js:353:9)
    at invokeEventListeners (C:\Users\nwong\Documents\Projects\Group2SWE\SWEGroup2\node_modules\jsdom\lib\jsdom\living\
events\EventTarget-impl.js:286:3)
    at HTMLUnknownElementImpl._dispatch (C:\Users\nwong\Documents\Projects\Group2SWE\SWEGroup2\node_modules\jsdom\lib\j
sdom\living\events\EventTarget-impl.js:233:9)
    at HTMLUnknownElementImpl.dispatchEvent (C:\Users\nwong\Documents\Projects\Group2SWE\SWEGroup2\node_modules\jsdom\l
ib\jsdom\living\events\EventTarget-impl.js:104:17)
    at HTMLUnknownElement.dispatchEvent (C:\Users\nwong\Documents\Projects\Group2SWE\SWEGroup2\node_modules\jsdom\lib\j
sdom\living\generated\EventTarget.js:241:34)
    at Object.invokeGuardedCallbackDev 
(C:\Users\nwong\Documents\Projects\Group2SWE\SWEGroup2\node_modules\react-dom\cjs\react-dom.development.js:4213:16)
    at invokeGuardedCallback 
(C:\Users\nwong\Documents\Projects\Group2SWE\SWEGroup2\node_modules\react-dom\cjs\react-dom.development.js:4277:31)
    at beginWork$1 
(C:\Users\nwong\Documents\Projects\Group2SWE\SWEGroup2\node_modules\react-dom\cjs\react-dom.development.js:27490:7)
    at performUnitOfWork 
(C:\Users\nwong\Documents\Projects\Group2SWE\SWEGroup2\node_modules\react-dom\cjs\react-dom.development.js:26599:12) 
Error: Element type is invalid: expected a string (for built-in components) or a class/function (for composite 
components) but got: undefined. You likely forgot to export your component from the file it's defined in, or you might 
have mixed up default and named imports.

Check the render method of `Header`.
    at createFiberFromTypeAndProps 
(C:\Users\nwong\Documents\Projects\Group2SWE\SWEGroup2\node_modules\react-dom\cjs\react-dom.development.js:28478:17)
    at createFiberFromElement 
(C:\Users\nwong\Documents\Projects\Group2SWE\SWEGroup2\node_modules\react-dom\cjs\react-dom.development.js:28504:15)
    at createChild 
(C:\Users\nwong\Documents\Projects\Group2SWE\SWEGroup2\node_modules\react-dom\cjs\react-dom.development.js:13345:28)
    at reconcileChildrenArray 
(C:\Users\nwong\Documents\Projects\Group2SWE\SWEGroup2\node_modules\react-dom\cjs\react-dom.development.js:13640:25)
    at reconcileChildFibers 
(C:\Users\nwong\Documents\Projects\Group2SWE\SWEGroup2\node_modules\react-dom\cjs\react-dom.development.js:14057:16)
    at reconcileChildren 
(C:\Users\nwong\Documents\Projects\Group2SWE\SWEGroup2\node_modules\react-dom\cjs\react-dom.development.js:19186:28)
    at updateHostComponent 
(C:\Users\nwong\Documents\Projects\Group2SWE\SWEGroup2\node_modules\react-dom\cjs\react-dom.development.js:19953:3)
    at beginWork 
(C:\Users\nwong\Documents\Projects\Group2SWE\SWEGroup2\node_modules\react-dom\cjs\react-dom.development.js:21657:14)
    at HTMLUnknownElement.callCallback 
(C:\Users\nwong\Documents\Projects\Group2SWE\SWEGroup2\node_modules\react-dom\cjs\react-dom.development.js:4164:14)
    at HTMLUnknownElement.callTheUserObjectsOperation (C:\Users\nwong\Documents\Projects\Group2SWE\SWEGroup2\node_modul
es\jsdom\lib\jsdom\living\generated\EventListener.js:26:30)
Error: Uncaught [Error: Element type is invalid: expected a string (for built-in components) or a class/function (for 
composite components) but got: undefined. You likely forgot to export your component from the file it's defined in, or 
you might have mixed up default and named imports.

Check the render method of `Header`.]
    at reportException (C:\Users\nwong\Documents\Projects\Group2SWE\SWEGroup2\node_modules\jsdom\lib\jsdom\living\helpe
rs\runtime-script-errors.js:66:24)
    at innerInvokeEventListeners (C:\Users\nwong\Documents\Projects\Group2SWE\SWEGroup2\node_modules\jsdom\lib\jsdom\li
ving\events\EventTarget-impl.js:353:9)
    at invokeEventListeners (C:\Users\nwong\Documents\Projects\Group2SWE\SWEGroup2\node_modules\jsdom\lib\jsdom\living\
events\EventTarget-impl.js:286:3)
    at HTMLUnknownElementImpl._dispatch (C:\Users\nwong\Documents\Projects\Group2SWE\SWEGroup2\node_modules\jsdom\lib\j
sdom\living\events\EventTarget-impl.js:233:9)
    at HTMLUnknownElementImpl.dispatchEvent (C:\Users\nwong\Documents\Projects\Group2SWE\SWEGroup2\node_modules\jsdom\l
ib\jsdom\living\events\EventTarget-impl.js:104:17)
    at HTMLUnknownElement.dispatchEvent (C:\Users\nwong\Documents\Projects\Group2SWE\SWEGroup2\node_modules\jsdom\lib\j
sdom\living\generated\EventTarget.js:241:34)
    at Object.invokeGuardedCallbackDev 
(C:\Users\nwong\Documents\Projects\Group2SWE\SWEGroup2\node_modules\react-dom\cjs\react-dom.development.js:4213:16)
    at invokeGuardedCallback 
(C:\Users\nwong\Documents\Projects\Group2SWE\SWEGroup2\node_modules\react-dom\cjs\react-dom.development.js:4277:31)
    at beginWork$1 
(C:\Users\nwong\Documents\Projects\Group2SWE\SWEGroup2\node_modules\react-dom\cjs\react-dom.development.js:27490:7)
    at performUnitOfWork 
(C:\Users\nwong\Documents\Projects\Group2SWE\SWEGroup2\node_modules\react-dom\cjs\react-dom.development.js:26599:12) 
Error: Element type is invalid: expected a string (for built-in components) or a class/function (for composite 
components) but got: undefined. You likely forgot to export your component from the file it's defined in, or you might 
have mixed up default and named imports.

Check the render method of `Header`.
    at createFiberFromTypeAndProps 
(C:\Users\nwong\Documents\Projects\Group2SWE\SWEGroup2\node_modules\react-dom\cjs\react-dom.development.js:28478:17)
    at createFiberFromElement 
(C:\Users\nwong\Documents\Projects\Group2SWE\SWEGroup2\node_modules\react-dom\cjs\react-dom.development.js:28504:15)
    at createChild 
(C:\Users\nwong\Documents\Projects\Group2SWE\SWEGroup2\node_modules\react-dom\cjs\react-dom.development.js:13345:28)
    at reconcileChildrenArray 
(C:\Users\nwong\Documents\Projects\Group2SWE\SWEGroup2\node_modules\react-dom\cjs\react-dom.development.js:13640:25)
    at reconcileChildFibers 
(C:\Users\nwong\Documents\Projects\Group2SWE\SWEGroup2\node_modules\react-dom\cjs\react-dom.development.js:14057:16)
    at reconcileChildren 
(C:\Users\nwong\Documents\Projects\Group2SWE\SWEGroup2\node_modules\react-dom\cjs\react-dom.development.js:19186:28)
    at updateHostComponent 
(C:\Users\nwong\Documents\Projects\Group2SWE\SWEGroup2\node_modules\react-dom\cjs\react-dom.development.js:19953:3)
    at beginWork 
(C:\Users\nwong\Documents\Projects\Group2SWE\SWEGroup2\node_modules\react-dom\cjs\react-dom.development.js:21657:14)
    at HTMLUnknownElement.callCallback 
(C:\Users\nwong\Documents\Projects\Group2SWE\SWEGroup2\node_modules\react-dom\cjs\react-dom.development.js:4164:14)
    at HTMLUnknownElement.callTheUserObjectsOperation (C:\Users\nwong\Documents\Projects\Group2SWE\SWEGroup2\node_modul
es\jsdom\lib\jsdom\living\generated\EventListener.js:26:30)
[90mstderr[2m | src/components/__tests__/Header.test.tsx[2m > [22m[2mHeader[2m > [22m[2mrenders selected page 
icon for /settings
[22m[39mWarning: React.jsx: type is invalid -- expected a string (for built-in components) or a class/function (for 
composite components) but got: undefined. You likely forgot to export your component from the file it's defined in, or 
you might have mixed up default and named imports.

Check your code at Header.tsx:86.
    at Header (C:/Users/nwong/Documents/Projects/Group2SWE/SWEGroup2/src/components/Header.tsx:22:19)
Warning: React.jsx: type is invalid -- expected a string (for built-in components) or a class/function (for composite 
components) but got: undefined. You likely forgot to export your component from the file it's defined in, or you might 
have mixed up default and named imports.

Check your code at Header.tsx:87.
    at Header (C:/Users/nwong/Documents/Projects/Group2SWE/SWEGroup2/src/components/Header.tsx:22:19)
Warning: React.jsx: type is invalid -- expected a string (for built-in components) or a class/function (for composite 
components) but got: undefined. You likely forgot to export your component from the file it's defined in, or you might 
have mixed up default and named imports.

Check your code at Header.tsx:86.
    at Header (C:/Users/nwong/Documents/Projects/Group2SWE/SWEGroup2/src/components/Header.tsx:22:19)
Warning: React.jsx: type is invalid -- expected a string (for built-in components) or a class/function (for composite 
components) but got: undefined. You likely forgot to export your component from the file it's defined in, or you might 
have mixed up default and named imports.

Check your code at Header.tsx:87.
    at Header (C:/Users/nwong/Documents/Projects/Group2SWE/SWEGroup2/src/components/Header.tsx:22:19)
The above error occurred in the <div> component:

    at div
    at nav
    at header
    at Header (C:/Users/nwong/Documents/Projects/Group2SWE/SWEGroup2/src/components/Header.tsx:22:19)

Consider adding an error boundary to your tree to customize error handling behavior.
Visit https://reactjs.org/link/error-boundaries to learn more about error boundaries.

 [31mΓ¥»[39m src/components/__tests__/Header.test.tsx [2m([22m[2m18 tests[22m[2m | [22m[31m18 failed[39m[2m)[22m[33m 447[2mms[22m[39m
[31m     [31m├ù[31m renders the app name[39m[32m 84[2mms[22m[39m
[31m     [31m├ù[31m renders navigation items[39m[32m 27[2mms[22m[39m
[31m     [31m├ù[31m renders with banner role[39m[32m 20[2mms[22m[39m
[31m     [31m├ù[31m renders navigation with correct aria label[39m[32m 21[2mms[22m[39m
[31m     [31m├ù[31m renders ThemeToggle and ProfileButton[39m[32m 25[2mms[22m[39m
[31m     [31m├ù[31m navigates to home when app name is clicked[39m[32m 17[2mms[22m[39m
[31m     [31m├ù[31m navigates when nav items are clicked[39m[32m 17[2mms[22m[39m
[31m     [31m├ù[31m applies custom className[39m[32m 31[2mms[22m[39m
[31m     [31m├ù[31m shows mobile menu button[39m[32m 18[2mms[22m[39m
[31m     [31m├ù[31m toggles mobile menu on click[39m[32m 18[2mms[22m[39m
[31m     [31m├ù[31m displays username when logged in[39m[32m 30[2mms[22m[39m
[31m     [31m├ù[31m does not display username when not logged in[39m[32m 15[2mms[22m[39m
[31m     [31m├ù[31m highlights the current page nav item[39m[32m 18[2mms[22m[39m
[31m     [31m├ù[31m navigates and closes mobile menu when mobile item is clicked[39m[32m 22[2mms[22m[39m
[31m     [31m├ù[31m plays sound on nav click when soundEnabled is true[39m[32m 20[2mms[22m[39m
[31m     [31m├ù[31m does not crash when soundEnabled is false[39m[32m 30[2mms[22m[39m
[31m     [31m├ù[31m renders selected page icon for /map[39m[32m 13[2mms[22m[39m
[31m     [31m├ù[31m renders selected page icon for /settings[39m[32m 15[2mms[22m[39m
[90mstdout[2m | src/components/__tests__/MachineModal.test.tsx[2m > [22m[2mMachineModal[2m > [22m[2msaves exercise edits as override for preset exercises
[22m[39mTile data changed, updating modal state: {
  id: [33m11[39m,
  equipmentTypeId: [33m7[39m,
  exerciseIds: [ [33m101[39m ],
  exerciseOptions: [
    { id: [33m101[39m, name: [32m'Lat Pulldown'[39m },
    { id: [33m102[39m, name: [32m'Seated Cable Row'[39m }
  ],
  outOfOrder: [33mfalse[39m,
  equipment: {
    name: [32m'Cable Station'[39m,
    description: [32m'Multi-purpose cable machine'[39m,
    benefits: [ [32m'Lat Pulldown'[39m ],
    musclesTargeted: [ [32m'Back'[39m, [32m'Biceps'[39m ]
  },
  xCoord: [33m120[39m,
  yCoord: [33m80[39m,
  width: [33m220[39m,
  height: [33m140[39m,
  rotation: [33m0[39m,
  colour: [32m'blue'[39m
}

[90mstdout[2m | src/components/__tests__/MachineModal.test.tsx[2m > [22m[2mMachineModal[2m > [22m[2mupdates custom exercises directly when owned by manager
[22m[39mTile data changed, updating modal state: {
  id: [33m11[39m,
  equipmentTypeId: [33m7[39m,
  exerciseIds: [ [33m101[39m ],
  exerciseOptions: [
    { id: [33m101[39m, name: [32m'Lat Pulldown'[39m },
    { id: [33m102[39m, name: [32m'Seated Cable Row'[39m }
  ],
  outOfOrder: [33mfalse[39m,
  equipment: {
    name: [32m'Cable Station'[39m,
    description: [32m'Multi-purpose cable machine'[39m,
    benefits: [ [32m'Lat Pulldown'[39m ],
    musclesTargeted: [ [32m'Back'[39m, [32m'Biceps'[39m ]
  },
  xCoord: [33m120[39m,
  yCoord: [33m80[39m,
  width: [33m220[39m,
  height: [33m140[39m,
  rotation: [33m0[39m,
  colour: [32m'blue'[39m
}

[90mstdout[2m | src/components/__tests__/MachineModal.test.tsx[2m > [22m[2mMachineModal[2m > [22m[2mtoggles to preview mode in edit flow
[22m[39mTile data changed, updating modal state: {
  id: [33m11[39m,
  equipmentTypeId: [33m7[39m,
  exerciseIds: [ [33m101[39m ],
  exerciseOptions: [
    { id: [33m101[39m, name: [32m'Lat Pulldown'[39m },
    { id: [33m102[39m, name: [32m'Seated Cable Row'[39m }
  ],
  outOfOrder: [33mfalse[39m,
  equipment: {
    name: [32m'Cable Station'[39m,
    description: [32m'Multi-purpose cable machine'[39m,
    benefits: [ [32m'Lat Pulldown'[39m ],
    musclesTargeted: [ [32m'Back'[39m, [32m'Biceps'[39m ]
  },
  xCoord: [33m120[39m,
  yCoord: [33m80[39m,
  width: [33m220[39m,
  height: [33m140[39m,
  rotation: [33m0[39m,
  colour: [32m'blue'[39m
}

[90mstdout[2m | src/components/__tests__/MachineModal.test.tsx[2m > [22m[2mMachineModal[2m > [22m[2mdisables save button when saving
[22m[39mTile data changed, updating modal state: {
  id: [33m11[39m,
  equipmentTypeId: [33m7[39m,
  exerciseIds: [ [33m101[39m ],
  exerciseOptions: [
    { id: [33m101[39m, name: [32m'Lat Pulldown'[39m },
    { id: [33m102[39m, name: [32m'Seated Cable Row'[39m }
  ],
  outOfOrder: [33mfalse[39m,
  equipment: {
    name: [32m'Cable Station'[39m,
    description: [32m'Multi-purpose cable machine'[39m,
    benefits: [ [32m'Lat Pulldown'[39m ],
    musclesTargeted: [ [32m'Back'[39m, [32m'Biceps'[39m ]
  },
  xCoord: [33m120[39m,
  yCoord: [33m80[39m,
  width: [33m220[39m,
  height: [33m140[39m,
  rotation: [33m0[39m,
  colour: [32m'blue'[39m
}

Error: Uncaught [Error: Element type is invalid: expected a string (for built-in components) or a class/function (for 
composite components) but got: undefined. You likely forgot to export your component from the file it's defined in, or 
you might have mixed up default and named imports.

Check the render method of `MapPage`.]
    at reportException (C:\Users\nwong\Documents\Projects\Group2SWE\SWEGroup2\node_modules\jsdom\lib\jsdom\living\helpe
rs\runtime-script-errors.js:66:24)
    at innerInvokeEventListeners (C:\Users\nwong\Documents\Projects\Group2SWE\SWEGroup2\node_modules\jsdom\lib\jsdom\li
ving\events\EventTarget-impl.js:353:9)
    at invokeEventListeners (C:\Users\nwong\Documents\Projects\Group2SWE\SWEGroup2\node_modules\jsdom\lib\jsdom\living\
events\EventTarget-impl.js:286:3)
    at HTMLUnknownElementImpl._dispatch (C:\Users\nwong\Documents\Projects\Group2SWE\SWEGroup2\node_modules\jsdom\lib\j
sdom\living\events\EventTarget-impl.js:233:9)
    at HTMLUnknownElementImpl.dispatchEvent (C:\Users\nwong\Documents\Projects\Group2SWE\SWEGroup2\node_modules\jsdom\l
ib\jsdom\living\events\EventTarget-impl.js:104:17)
    at HTMLUnknownElement.dispatchEvent (C:\Users\nwong\Documents\Projects\Group2SWE\SWEGroup2\node_modules\jsdom\lib\j
sdom\living\generated\EventTarget.js:241:34)
    at Object.invokeGuardedCallbackDev 
(C:\Users\nwong\Documents\Projects\Group2SWE\SWEGroup2\node_modules\react-dom\cjs\react-dom.development.js:4213:16)
    at invokeGuardedCallback 
(C:\Users\nwong\Documents\Projects\Group2SWE\SWEGroup2\node_modules\react-dom\cjs\react-dom.development.js:4277:31)
    at beginWork$1 
(C:\Users\nwong\Documents\Projects\Group2SWE\SWEGroup2\node_modules\react-dom\cjs\react-dom.development.js:27490:7)
    at performUnitOfWork 
(C:\Users\nwong\Documents\Projects\Group2SWE\SWEGroup2\node_modules\react-dom\cjs\react-dom.development.js:26599:12) 
Error: Element type is invalid: expected a string (for built-in components) or a class/function (for composite 
components) but got: undefined. You likely forgot to export your component from the file it's defined in, or you might 
have mixed up default and named imports.

Check the render method of `MapPage`.
    at createFiberFromTypeAndProps 
(C:\Users\nwong\Documents\Projects\Group2SWE\SWEGroup2\node_modules\react-dom\cjs\react-dom.development.js:28478:17)
    at createFiberFromElement 
(C:\Users\nwong\Documents\Projects\Group2SWE\SWEGroup2\node_modules\react-dom\cjs\react-dom.development.js:28504:15)
    at reconcileSingleElement 
(C:\Users\nwong\Documents\Projects\Group2SWE\SWEGroup2\node_modules\react-dom\cjs\react-dom.development.js:13986:23)
    at reconcileChildFibers 
(C:\Users\nwong\Documents\Projects\Group2SWE\SWEGroup2\node_modules\react-dom\cjs\react-dom.development.js:14044:35)
    at reconcileChildren 
(C:\Users\nwong\Documents\Projects\Group2SWE\SWEGroup2\node_modules\react-dom\cjs\react-dom.development.js:19186:28)
    at updateHostComponent 
(C:\Users\nwong\Documents\Projects\Group2SWE\SWEGroup2\node_modules\react-dom\cjs\react-dom.development.js:19953:3)
    at beginWork 
(C:\Users\nwong\Documents\Projects\Group2SWE\SWEGroup2\node_modules\react-dom\cjs\react-dom.development.js:21657:14)
    at HTMLUnknownElement.callCallback 
(C:\Users\nwong\Documents\Projects\Group2SWE\SWEGroup2\node_modules\react-dom\cjs\react-dom.development.js:4164:14)
    at HTMLUnknownElement.callTheUserObjectsOperation (C:\Users\nwong\Documents\Projects\Group2SWE\SWEGroup2\node_modul
es\jsdom\lib\jsdom\living\generated\EventListener.js:26:30)
    at innerInvokeEventListeners (C:\Users\nwong\Documents\Projects\Group2SWE\SWEGroup2\node_modules\jsdom\lib\jsdom\li
ving\events\EventTarget-impl.js:350:25)
Error: Uncaught [Error: Element type is invalid: expected a string (for built-in components) or a class/function (for 
composite components) but got: undefined. You likely forgot to export your component from the file it's defined in, or 
you might have mixed up default and named imports.

Check the render method of `EditMapPage`.]
    at reportException (C:\Users\nwong\Documents\Projects\Group2SWE\SWEGroup2\node_modules\jsdom\lib\jsdom\living\helpe
rs\runtime-script-errors.js:66:24)
    at innerInvokeEventListeners (C:\Users\nwong\Documents\Projects\Group2SWE\SWEGroup2\node_modules\jsdom\lib\jsdom\li
ving\events\EventTarget-impl.js:353:9)
    at invokeEventListeners (C:\Users\nwong\Documents\Projects\Group2SWE\SWEGroup2\node_modules\jsdom\lib\jsdom\living\
events\EventTarget-impl.js:286:3)
    at HTMLUnknownElementImpl._dispatch (C:\Users\nwong\Documents\Projects\Group2SWE\SWEGroup2\node_modules\jsdom\lib\j
sdom\living\events\EventTarget-impl.js:233:9)
    at HTMLUnknownElementImpl.dispatchEvent (C:\Users\nwong\Documents\Projects\Group2SWE\SWEGroup2\node_modules\jsdom\l
ib\jsdom\living\events\EventTarget-impl.js:104:17)
    at HTMLUnknownElement.dispatchEvent (C:\Users\nwong\Documents\Projects\Group2SWE\SWEGroup2\node_modules\jsdom\lib\j
sdom\living\generated\EventTarget.js:241:34)
    at Object.invokeGuardedCallbackDev 
(C:\Users\nwong\Documents\Projects\Group2SWE\SWEGroup2\node_modules\react-dom\cjs\react-dom.development.js:4213:16)
    at invokeGuardedCallback 
(C:\Users\nwong\Documents\Projects\Group2SWE\SWEGroup2\node_modules\react-dom\cjs\react-dom.development.js:4277:31)
    at beginWork$1 
(C:\Users\nwong\Documents\Projects\Group2SWE\SWEGroup2\node_modules\react-dom\cjs\react-dom.development.js:27490:7)
    at performUnitOfWork 
(C:\Users\nwong\Documents\Projects\Group2SWE\SWEGroup2\node_modules\react-dom\cjs\react-dom.development.js:26599:12) 
Error: Element type is invalid: expected a string (for built-in components) or a class/function (for composite 
components) but got: undefined. You likely forgot to export your component from the file it's defined in, or you might 
have mixed up default and named imports.

Check the render method of `EditMapPage`.
    at createFiberFromTypeAndProps 
(C:\Users\nwong\Documents\Projects\Group2SWE\SWEGroup2\node_modules\react-dom\cjs\react-dom.development.js:28478:17)
    at createFiberFromElement 
(C:\Users\nwong\Documents\Projects\Group2SWE\SWEGroup2\node_modules\react-dom\cjs\react-dom.development.js:28504:15)
    at reconcileSingleElement 
(C:\Users\nwong\Documents\Projects\Group2SWE\SWEGroup2\node_modules\react-dom\cjs\react-dom.development.js:13986:23)
    at reconcileChildFibers 
(C:\Users\nwong\Documents\Projects\Group2SWE\SWEGroup2\node_modules\react-dom\cjs\react-dom.development.js:14044:35)
    at reconcileChildren 
(C:\Users\nwong\Documents\Projects\Group2SWE\SWEGroup2\node_modules\react-dom\cjs\react-dom.development.js:19186:28)
    at updateHostComponent 
(C:\Users\nwong\Documents\Projects\Group2SWE\SWEGroup2\node_modules\react-dom\cjs\react-dom.development.js:19953:3)
    at beginWork 
(C:\Users\nwong\Documents\Projects\Group2SWE\SWEGroup2\node_modules\react-dom\cjs\react-dom.development.js:21657:14)
    at HTMLUnknownElement.callCallback 
(C:\Users\nwong\Documents\Projects\Group2SWE\SWEGroup2\node_modules\react-dom\cjs\react-dom.development.js:4164:14)
    at HTMLUnknownElement.callTheUserObjectsOperation (C:\Users\nwong\Documents\Projects\Group2SWE\SWEGroup2\node_modul
es\jsdom\lib\jsdom\living\generated\EventListener.js:26:30)
    at innerInvokeEventListeners (C:\Users\nwong\Documents\Projects\Group2SWE\SWEGroup2\node_modules\jsdom\lib\jsdom\li
ving\events\EventTarget-impl.js:350:25)
Error: Uncaught [Error: Element type is invalid: expected a string (for built-in components) or a class/function (for 
composite components) but got: undefined. You likely forgot to export your component from the file it's defined in, or 
you might have mixed up default and named imports.

Check the render method of `MapPage`.]
    at reportException (C:\Users\nwong\Documents\Projects\Group2SWE\SWEGroup2\node_modules\jsdom\lib\jsdom\living\helpe
rs\runtime-script-errors.js:66:24)
    at innerInvokeEventListeners (C:\Users\nwong\Documents\Projects\Group2SWE\SWEGroup2\node_modules\jsdom\lib\jsdom\li
ving\events\EventTarget-impl.js:353:9)
    at invokeEventListeners (C:\Users\nwong\Documents\Projects\Group2SWE\SWEGroup2\node_modules\jsdom\lib\jsdom\living\
events\EventTarget-impl.js:286:3)
    at HTMLUnknownElementImpl._dispatch (C:\Users\nwong\Documents\Projects\Group2SWE\SWEGroup2\node_modules\jsdom\lib\j
sdom\living\events\EventTarget-impl.js:233:9)
    at HTMLUnknownElementImpl.dispatchEvent (C:\Users\nwong\Documents\Projects\Group2SWE\SWEGroup2\node_modules\jsdom\l
ib\jsdom\living\events\EventTarget-impl.js:104:17)
    at HTMLUnknownElement.dispatchEvent (C:\Users\nwong\Documents\Projects\Group2SWE\SWEGroup2\node_modules\jsdom\lib\j
sdom\living\generated\EventTarget.js:241:34)
    at Object.invokeGuardedCallbackDev 
(C:\Users\nwong\Documents\Projects\Group2SWE\SWEGroup2\node_modules\react-dom\cjs\react-dom.development.js:4213:16)
    at invokeGuardedCallback 
(C:\Users\nwong\Documents\Projects\Group2SWE\SWEGroup2\node_modules\react-dom\cjs\react-dom.development.js:4277:31)
    at beginWork$1 
(C:\Users\nwong\Documents\Projects\Group2SWE\SWEGroup2\node_modules\react-dom\cjs\react-dom.development.js:27490:7)
    at performUnitOfWork 
(C:\Users\nwong\Documents\Projects\Group2SWE\SWEGroup2\node_modules\react-dom\cjs\react-dom.development.js:26599:12) 
Error: Element type is invalid: expected a string (for built-in components) or a class/function (for composite 
components) but got: undefined. You likely forgot to export your component from the file it's defined in, or you might 
have mixed up default and named imports.

Check the render method of `MapPage`.
    at createFiberFromTypeAndProps 
(C:\Users\nwong\Documents\Projects\Group2SWE\SWEGroup2\node_modules\react-dom\cjs\react-dom.development.js:28478:17)
    at createFiberFromElement 
(C:\Users\nwong\Documents\Projects\Group2SWE\SWEGroup2\node_modules\react-dom\cjs\react-dom.development.js:28504:15)
    at reconcileSingleElement 
(C:\Users\nwong\Documents\Projects\Group2SWE\SWEGroup2\node_modules\react-dom\cjs\react-dom.development.js:13986:23)
    at reconcileChildFibers 
(C:\Users\nwong\Documents\Projects\Group2SWE\SWEGroup2\node_modules\react-dom\cjs\react-dom.development.js:14044:35)
    at reconcileChildren 
(C:\Users\nwong\Documents\Projects\Group2SWE\SWEGroup2\node_modules\react-dom\cjs\react-dom.development.js:19186:28)
    at updateHostComponent 
(C:\Users\nwong\Documents\Projects\Group2SWE\SWEGroup2\node_modules\react-dom\cjs\react-dom.development.js:19953:3)
    at beginWork 
(C:\Users\nwong\Documents\Projects\Group2SWE\SWEGroup2\node_modules\react-dom\cjs\react-dom.development.js:21657:14)
    at HTMLUnknownElement.callCallback 
(C:\Users\nwong\Documents\Projects\Group2SWE\SWEGroup2\node_modules\react-dom\cjs\react-dom.development.js:4164:14)
    at HTMLUnknownElement.callTheUserObjectsOperation (C:\Users\nwong\Documents\Projects\Group2SWE\SWEGroup2\node_modul
es\jsdom\lib\jsdom\living\generated\EventListener.js:26:30)
    at innerInvokeEventListeners (C:\Users\nwong\Documents\Projects\Group2SWE\SWEGroup2\node_modules\jsdom\lib\jsdom\li
ving\events\EventTarget-impl.js:350:25)
Error: Uncaught [Error: Element type is invalid: expected a string (for built-in components) or a class/function (for 
composite components) but got: undefined. You likely forgot to export your component from the file it's defined in, or 
you might have mixed up default and named imports.

Check the render method of `EditMapPage`.]
    at reportException (C:\Users\nwong\Documents\Projects\Group2SWE\SWEGroup2\node_modules\jsdom\lib\jsdom\living\helpe
rs\runtime-script-errors.js:66:24)
    at innerInvokeEventListeners (C:\Users\nwong\Documents\Projects\Group2SWE\SWEGroup2\node_modules\jsdom\lib\jsdom\li
ving\events\EventTarget-impl.js:353:9)
    at invokeEventListeners (C:\Users\nwong\Documents\Projects\Group2SWE\SWEGroup2\node_modules\jsdom\lib\jsdom\living\
events\EventTarget-impl.js:286:3)
    at HTMLUnknownElementImpl._dispatch (C:\Users\nwong\Documents\Projects\Group2SWE\SWEGroup2\node_modules\jsdom\lib\j
sdom\living\events\EventTarget-impl.js:233:9)
    at HTMLUnknownElementImpl.dispatchEvent (C:\Users\nwong\Documents\Projects\Group2SWE\SWEGroup2\node_modules\jsdom\l
ib\jsdom\living\events\EventTarget-impl.js:104:17)
    at HTMLUnknownElement.dispatchEvent (C:\Users\nwong\Documents\Projects\Group2SWE\SWEGroup2\node_modules\jsdom\lib\j
sdom\living\generated\EventTarget.js:241:34)
    at Object.invokeGuardedCallbackDev 
(C:\Users\nwong\Documents\Projects\Group2SWE\SWEGroup2\node_modules\react-dom\cjs\react-dom.development.js:4213:16)
    at invokeGuardedCallback 
(C:\Users\nwong\Documents\Projects\Group2SWE\SWEGroup2\node_modules\react-dom\cjs\react-dom.development.js:4277:31)
    at beginWork$1 
(C:\Users\nwong\Documents\Projects\Group2SWE\SWEGroup2\node_modules\react-dom\cjs\react-dom.development.js:27490:7)
    at performUnitOfWork 
(C:\Users\nwong\Documents\Projects\Group2SWE\SWEGroup2\node_modules\react-dom\cjs\react-dom.development.js:26599:12) 
Error: Element type is invalid: expected a string (for built-in components) or a class/function (for composite 
components) but got: undefined. You likely forgot to export your component from the file it's defined in, or you might 
have mixed up default and named imports.

Check the render method of `EditMapPage`.
    at createFiberFromTypeAndProps 
(C:\Users\nwong\Documents\Projects\Group2SWE\SWEGroup2\node_modules\react-dom\cjs\react-dom.development.js:28478:17)
    at createFiberFromElement 
(C:\Users\nwong\Documents\Projects\Group2SWE\SWEGroup2\node_modules\react-dom\cjs\react-dom.development.js:28504:15)
    at reconcileSingleElement 
(C:\Users\nwong\Documents\Projects\Group2SWE\SWEGroup2\node_modules\react-dom\cjs\react-dom.development.js:13986:23)
    at reconcileChildFibers 
(C:\Users\nwong\Documents\Projects\Group2SWE\SWEGroup2\node_modules\react-dom\cjs\react-dom.development.js:14044:35)
    at reconcileChildren 
(C:\Users\nwong\Documents\Projects\Group2SWE\SWEGroup2\node_modules\react-dom\cjs\react-dom.development.js:19186:28)
    at updateHostComponent 
(C:\Users\nwong\Documents\Projects\Group2SWE\SWEGroup2\node_modules\react-dom\cjs\react-dom.development.js:19953:3)
    at beginWork 
(C:\Users\nwong\Documents\Projects\Group2SWE\SWEGroup2\node_modules\react-dom\cjs\react-dom.development.js:21657:14)
    at HTMLUnknownElement.callCallback 
(C:\Users\nwong\Documents\Projects\Group2SWE\SWEGroup2\node_modules\react-dom\cjs\react-dom.development.js:4164:14)
    at HTMLUnknownElement.callTheUserObjectsOperation (C:\Users\nwong\Documents\Projects\Group2SWE\SWEGroup2\node_modul
es\jsdom\lib\jsdom\living\generated\EventListener.js:26:30)
    at innerInvokeEventListeners (C:\Users\nwong\Documents\Projects\Group2SWE\SWEGroup2\node_modules\jsdom\lib\jsdom\li
ving\events\EventTarget-impl.js:350:25)
[90mstderr[2m | src/pages/__tests__/MapPage.test.tsx[2m > [22m[2mMapPage[2m > [22m[2mrenders the interactive 
map
[22m[39mWarning: React.jsx: type is invalid -- expected a string (for built-in components) or a class/function (for 
composite components) but got: undefined. You likely forgot to export your component from the file it's defined in, or 
you might have mixed up default and named imports.

Check your code at MapPage.tsx:123.
    at MapPage (C:/Users/nwong/Documents/Projects/Group2SWE/SWEGroup2/src/pages/MapPage.tsx:25:67)
Warning: React.jsx: type is invalid -- expected a string (for built-in components) or a class/function (for composite 
components) but got: undefined. You likely forgot to export your component from the file it's defined in, or you might 
have mixed up default and named imports.

Check your code at MapPage.tsx:123.
    at MapPage (C:/Users/nwong/Documents/Projects/Group2SWE/SWEGroup2/src/pages/MapPage.tsx:25:67)
The above error occurred in the <div> component:

    at div
    at div
    at div
    at MapPage (C:/Users/nwong/Documents/Projects/Group2SWE/SWEGroup2/src/pages/MapPage.tsx:25:67)

Consider adding an error boundary to your tree to customize error handling behavior.
Visit https://reactjs.org/link/error-boundaries to learn more about error boundaries.

[90mstderr[2m | src/pages/__tests__/EditMapPage.test.tsx[2m > [22m[2mEditMapPage[2m > [22m[2mrenders the 
interactive map in edit mode
[22m[39mWarning: React.jsx: type is invalid -- expected a string (for built-in components) or a class/function (for 
composite components) but got: undefined. You likely forgot to export your component from the file it's defined in, or 
you might have mixed up default and named imports.

Check your code at EditMapPage.tsx:134.
    at EditMapPage (C:/Users/nwong/Documents/Projects/Group2SWE/SWEGroup2/src/pages/EditMapPage.tsx:27:38)
Warning: React.jsx: type is invalid -- expected a string (for built-in components) or a class/function (for composite 
components) but got: undefined. You likely forgot to export your component from the file it's defined in, or you might 
have mixed up default and named imports.

Check your code at EditMapPage.tsx:134.
    at EditMapPage (C:/Users/nwong/Documents/Projects/Group2SWE/SWEGroup2/src/pages/EditMapPage.tsx:27:38)
The above error occurred in the <div> component:

    at div
    at div
    at div
    at EditMapPage (C:/Users/nwong/Documents/Projects/Group2SWE/SWEGroup2/src/pages/EditMapPage.tsx:27:38)

Consider adding an error boundary to your tree to customize error handling behavior.
Visit https://reactjs.org/link/error-boundaries to learn more about error boundaries.

[90mstdout[2m | src/components/__tests__/MachineModal.test.tsx[2m > [22m[2mMachineModal[2m > [22m[2mcalls onCreateExercise with typed name
[22m[39mTile data changed, updating modal state: {
  id: [33m11[39m,
  equipmentTypeId: [33m7[39m,
  exerciseIds: [ [33m101[39m ],
  exerciseOptions: [
    { id: [33m101[39m, name: [32m'Lat Pulldown'[39m },
    { id: [33m102[39m, name: [32m'Seated Cable Row'[39m }
  ],
  outOfOrder: [33mfalse[39m,
  equipment: {
    name: [32m'Cable Station'[39m,
    description: [32m'Multi-purpose cable machine'[39m,
    benefits: [ [32m'Lat Pulldown'[39m ],
    musclesTargeted: [ [32m'Back'[39m, [32m'Biceps'[39m ]
  },
  xCoord: [33m120[39m,
  yCoord: [33m80[39m,
  width: [33m220[39m,
  height: [33m140[39m,
  rotation: [33m0[39m,
  colour: [32m'blue'[39m
}

[90mstdout[2m | src/components/__tests__/MachineModal.test.tsx[2m > [22m[2mMachineModal[2m > [22m[2mincludes selected muscle ids in create payload
[22m[39mTile data changed, updating modal state: {
  id: [33m11[39m,
  equipmentTypeId: [33m7[39m,
  exerciseIds: [ [33m101[39m ],
  exerciseOptions: [
    { id: [33m101[39m, name: [32m'Lat Pulldown'[39m },
    { id: [33m102[39m, name: [32m'Seated Cable Row'[39m }
  ],
  outOfOrder: [33mfalse[39m,
  equipment: {
    name: [32m'Cable Station'[39m,
    description: [32m'Multi-purpose cable machine'[39m,
    benefits: [ [32m'Lat Pulldown'[39m ],
    musclesTargeted: [ [32m'Back'[39m, [32m'Biceps'[39m ]
  },
  xCoord: [33m120[39m,
  yCoord: [33m80[39m,
  width: [33m220[39m,
  height: [33m140[39m,
  rotation: [33m0[39m,
  colour: [32m'blue'[39m
}

[90mstdout[2m | src/components/__tests__/MachineModal.test.tsx[2m > [22m[2mMachineModal[2m > [22m[2mshows loading state while muscle options are being fetched
[22m[39mTile data changed, updating modal state: {
  id: [33m11[39m,
  equipmentTypeId: [33m7[39m,
  exerciseIds: [ [33m101[39m ],
  exerciseOptions: [
    { id: [33m101[39m, name: [32m'Lat Pulldown'[39m },
    { id: [33m102[39m, name: [32m'Seated Cable Row'[39m }
  ],
  outOfOrder: [33mfalse[39m,
  equipment: {
    name: [32m'Cable Station'[39m,
    description: [32m'Multi-purpose cable machine'[39m,
    benefits: [ [32m'Lat Pulldown'[39m ],
    musclesTargeted: [ [32m'Back'[39m, [32m'Biceps'[39m ]
  },
  xCoord: [33m120[39m,
  yCoord: [33m80[39m,
  width: [33m220[39m,
  height: [33m140[39m,
  rotation: [33m0[39m,
  colour: [32m'blue'[39m
}

[90mstdout[2m | src/components/__tests__/MachineModal.test.tsx[2m > [22m[2mMachineModal[2m > [22m[2mdisables create modal opener while creating
[22m[39mTile data changed, updating modal state: {
  id: [33m11[39m,
  equipmentTypeId: [33m7[39m,
  exerciseIds: [ [33m101[39m ],
  exerciseOptions: [
    { id: [33m101[39m, name: [32m'Lat Pulldown'[39m },
    { id: [33m102[39m, name: [32m'Seated Cable Row'[39m }
  ],
  outOfOrder: [33mfalse[39m,
  equipment: {
    name: [32m'Cable Station'[39m,
    description: [32m'Multi-purpose cable machine'[39m,
    benefits: [ [32m'Lat Pulldown'[39m ],
    musclesTargeted: [ [32m'Back'[39m, [32m'Biceps'[39m ]
  },
  xCoord: [33m120[39m,
  yCoord: [33m80[39m,
  width: [33m220[39m,
  height: [33m140[39m,
  rotation: [33m0[39m,
  colour: [32m'blue'[39m
}

 [31mΓ¥»[39m src/components/__tests__/MachineModal.test.tsx [2m([22m[2m25 tests[22m[2m | [22m[31m3 failed[39m[2m)[22m[33m 2411[2mms[22m[39m
     [32mΓ£ô[39m renders the equipment name[32m 68[2mms[22m[39m
     [32mΓ£ô[39m renders the description[32m 17[2mms[22m[39m
     [32mΓ£ô[39m renders the muscles targeted[32m 17[2mms[22m[39m
     [32mΓ£ô[39m renders the benefits/exercises[32m 16[2mms[22m[39m
     [32mΓ£ô[39m calls onClose when backdrop is clicked[32m 26[2mms[22m[39m
     [32mΓ£ô[39m does not call onClose when modal content is clicked[32m 20[2mms[22m[39m
     [32mΓ£ô[39m calls onClose when close button is clicked[32m 20[2mms[22m[39m
     [32mΓ£ô[39m uses fixed position by default[32m 13[2mms[22m[39m
     [32mΓ£ô[39m uses absolute position in container mode[32m 43[2mms[22m[39m
[31m     [31m├ù[31m renders video preview placeholder when no videoUrl[39m[32m 42[2mms[22m[39m
[31m     [31m├ù[31m renders iframe when videoUrl is provided[39m[32m 18[2mms[22m[39m
[31m     [31m├ù[31m renders section headings[39m[32m 19[2mms[22m[39m
     [32mΓ£ô[39m renders an icon if the tile has one[32m 8[2mms[22m[39m
     [32mΓ£ô[39m adds a selected exercise from dropdown[32m 285[2mms[22m[39m
     [32mΓ£ô[39m renders already selected exercises in edit mode[32m 34[2mms[22m[39m
     [32mΓ£ô[39m opens editable exercise details when a listed exercise is clicked in edit mode[32m 235[2mms[22m[39m
     [32mΓ£ô[39m opens read-only exercise details when a listed exercise is clicked in non-edit mode[32m 112[2mms[22m[39m
     [32mΓ£ô[39m saves exercise edits as override for preset exercises[32m 293[2mms[22m[39m
     [32mΓ£ô[39m updates custom exercises directly when owned by manager[32m 232[2mms[22m[39m
     [32mΓ£ô[39m toggles to preview mode in edit flow[32m 90[2mms[22m[39m
     [32mΓ£ô[39m disables save button when saving[32m 89[2mms[22m[39m
     [32mΓ£ô[39m calls onCreateExercise with typed name[32m 200[2mms[22m[39m
     [32mΓ£ô[39m includes selected muscle ids in create payload[32m 258[2mms[22m[39m
     [32mΓ£ô[39m shows loading state while muscle options are being fetched[32m 172[2mms[22m[39m
     [32mΓ£ô[39m disables create modal opener while creating[32m 80[2mms[22m[39m
Error: Uncaught [Error: Element type is invalid: expected a string (for built-in components) or a class/function (for 
composite components) but got: undefined. You likely forgot to export your component from the file it's defined in, or 
you might have mixed up default and named imports.

Check the render method of `MapPage`.]
    at reportException (C:\Users\nwong\Documents\Projects\Group2SWE\SWEGroup2\node_modules\jsdom\lib\jsdom\living\helpe
rs\runtime-script-errors.js:66:24)
    at innerInvokeEventListeners (C:\Users\nwong\Documents\Projects\Group2SWE\SWEGroup2\node_modules\jsdom\lib\jsdom\li
ving\events\EventTarget-impl.js:353:9)
    at invokeEventListeners (C:\Users\nwong\Documents\Projects\Group2SWE\SWEGroup2\node_modules\jsdom\lib\jsdom\living\
events\EventTarget-impl.js:286:3)
    at HTMLUnknownElementImpl._dispatch (C:\Users\nwong\Documents\Projects\Group2SWE\SWEGroup2\node_modules\jsdom\lib\j
sdom\living\events\EventTarget-impl.js:233:9)
    at HTMLUnknownElementImpl.dispatchEvent (C:\Users\nwong\Documents\Projects\Group2SWE\SWEGroup2\node_modules\jsdom\l
ib\jsdom\living\events\EventTarget-impl.js:104:17)
    at HTMLUnknownElement.dispatchEvent (C:\Users\nwong\Documents\Projects\Group2SWE\SWEGroup2\node_modules\jsdom\lib\j
sdom\living\generated\EventTarget.js:241:34)
    at Object.invokeGuardedCallbackDev 
(C:\Users\nwong\Documents\Projects\Group2SWE\SWEGroup2\node_modules\react-dom\cjs\react-dom.development.js:4213:16)
    at invokeGuardedCallback 
(C:\Users\nwong\Documents\Projects\Group2SWE\SWEGroup2\node_modules\react-dom\cjs\react-dom.development.js:4277:31)
    at beginWork$1 
(C:\Users\nwong\Documents\Projects\Group2SWE\SWEGroup2\node_modules\react-dom\cjs\react-dom.development.js:27490:7)
    at performUnitOfWork 
(C:\Users\nwong\Documents\Projects\Group2SWE\SWEGroup2\node_modules\react-dom\cjs\react-dom.development.js:26599:12) 
Error: Element type is invalid: expected a string (for built-in components) or a class/function (for composite 
components) but got: undefined. You likely forgot to export your component from the file it's defined in, or you might 
have mixed up default and named imports.

Check the render method of `MapPage`.
    at createFiberFromTypeAndProps 
(C:\Users\nwong\Documents\Projects\Group2SWE\SWEGroup2\node_modules\react-dom\cjs\react-dom.development.js:28478:17)
    at createFiberFromElement 
(C:\Users\nwong\Documents\Projects\Group2SWE\SWEGroup2\node_modules\react-dom\cjs\react-dom.development.js:28504:15)
    at reconcileSingleElement 
(C:\Users\nwong\Documents\Projects\Group2SWE\SWEGroup2\node_modules\react-dom\cjs\react-dom.development.js:13986:23)
    at reconcileChildFibers 
(C:\Users\nwong\Documents\Projects\Group2SWE\SWEGroup2\node_modules\react-dom\cjs\react-dom.development.js:14044:35)
    at reconcileChildren 
(C:\Users\nwong\Documents\Projects\Group2SWE\SWEGroup2\node_modules\react-dom\cjs\react-dom.development.js:19186:28)
    at updateHostComponent 
(C:\Users\nwong\Documents\Projects\Group2SWE\SWEGroup2\node_modules\react-dom\cjs\react-dom.development.js:19953:3)
    at beginWork 
(C:\Users\nwong\Documents\Projects\Group2SWE\SWEGroup2\node_modules\react-dom\cjs\react-dom.development.js:21657:14)
    at HTMLUnknownElement.callCallback 
(C:\Users\nwong\Documents\Projects\Group2SWE\SWEGroup2\node_modules\react-dom\cjs\react-dom.development.js:4164:14)
    at HTMLUnknownElement.callTheUserObjectsOperation (C:\Users\nwong\Documents\Projects\Group2SWE\SWEGroup2\node_modul
es\jsdom\lib\jsdom\living\generated\EventListener.js:26:30)
    at innerInvokeEventListeners (C:\Users\nwong\Documents\Projects\Group2SWE\SWEGroup2\node_modules\jsdom\lib\jsdom\li
ving\events\EventTarget-impl.js:350:25)
Error: Uncaught [Error: Element type is invalid: expected a string (for built-in components) or a class/function (for 
composite components) but got: undefined. You likely forgot to export your component from the file it's defined in, or 
you might have mixed up default and named imports.

Check the render method of `MapPage`.]
    at reportException (C:\Users\nwong\Documents\Projects\Group2SWE\SWEGroup2\node_modules\jsdom\lib\jsdom\living\helpe
rs\runtime-script-errors.js:66:24)
    at innerInvokeEventListeners (C:\Users\nwong\Documents\Projects\Group2SWE\SWEGroup2\node_modules\jsdom\lib\jsdom\li
ving\events\EventTarget-impl.js:353:9)
    at invokeEventListeners (C:\Users\nwong\Documents\Projects\Group2SWE\SWEGroup2\node_modules\jsdom\lib\jsdom\living\
events\EventTarget-impl.js:286:3)
    at HTMLUnknownElementImpl._dispatch (C:\Users\nwong\Documents\Projects\Group2SWE\SWEGroup2\node_modules\jsdom\lib\j
sdom\living\events\EventTarget-impl.js:233:9)
    at HTMLUnknownElementImpl.dispatchEvent (C:\Users\nwong\Documents\Projects\Group2SWE\SWEGroup2\node_modules\jsdom\l
ib\jsdom\living\events\EventTarget-impl.js:104:17)
    at HTMLUnknownElement.dispatchEvent (C:\Users\nwong\Documents\Projects\Group2SWE\SWEGroup2\node_modules\jsdom\lib\j
sdom\living\generated\EventTarget.js:241:34)
    at Object.invokeGuardedCallbackDev 
(C:\Users\nwong\Documents\Projects\Group2SWE\SWEGroup2\node_modules\react-dom\cjs\react-dom.development.js:4213:16)
    at invokeGuardedCallback 
(C:\Users\nwong\Documents\Projects\Group2SWE\SWEGroup2\node_modules\react-dom\cjs\react-dom.development.js:4277:31)
    at beginWork$1 
(C:\Users\nwong\Documents\Projects\Group2SWE\SWEGroup2\node_modules\react-dom\cjs\react-dom.development.js:27490:7)
    at performUnitOfWork 
(C:\Users\nwong\Documents\Projects\Group2SWE\SWEGroup2\node_modules\react-dom\cjs\react-dom.development.js:26599:12) 
Error: Element type is invalid: expected a string (for built-in components) or a class/function (for composite 
components) but got: undefined. You likely forgot to export your component from the file it's defined in, or you might 
have mixed up default and named imports.

Check the render method of `MapPage`.
    at createFiberFromTypeAndProps 
(C:\Users\nwong\Documents\Projects\Group2SWE\SWEGroup2\node_modules\react-dom\cjs\react-dom.development.js:28478:17)
    at createFiberFromElement 
(C:\Users\nwong\Documents\Projects\Group2SWE\SWEGroup2\node_modules\react-dom\cjs\react-dom.development.js:28504:15)
    at reconcileSingleElement 
(C:\Users\nwong\Documents\Projects\Group2SWE\SWEGroup2\node_modules\react-dom\cjs\react-dom.development.js:13986:23)
    at reconcileChildFibers 
(C:\Users\nwong\Documents\Projects\Group2SWE\SWEGroup2\node_modules\react-dom\cjs\react-dom.development.js:14044:35)
    at reconcileChildren 
(C:\Users\nwong\Documents\Projects\Group2SWE\SWEGroup2\node_modules\react-dom\cjs\react-dom.development.js:19186:28)
    at updateHostComponent 
(C:\Users\nwong\Documents\Projects\Group2SWE\SWEGroup2\node_modules\react-dom\cjs\react-dom.development.js:19953:3)
    at beginWork 
(C:\Users\nwong\Documents\Projects\Group2SWE\SWEGroup2\node_modules\react-dom\cjs\react-dom.development.js:21657:14)
    at HTMLUnknownElement.callCallback 
(C:\Users\nwong\Documents\Projects\Group2SWE\SWEGroup2\node_modules\react-dom\cjs\react-dom.development.js:4164:14)
    at HTMLUnknownElement.callTheUserObjectsOperation (C:\Users\nwong\Documents\Projects\Group2SWE\SWEGroup2\node_modul
es\jsdom\lib\jsdom\living\generated\EventListener.js:26:30)
    at innerInvokeEventListeners (C:\Users\nwong\Documents\Projects\Group2SWE\SWEGroup2\node_modules\jsdom\lib\jsdom\li
ving\events\EventTarget-impl.js:350:25)
[90mstderr[2m | src/pages/__tests__/MapPage.test.tsx[2m > [22m[2mMapPage[2m > [22m[2mrenders the search bar
[22m[39mWarning: React.jsx: type is invalid -- expected a string (for built-in components) or a class/function (for 
composite components) but got: undefined. You likely forgot to export your component from the file it's defined in, or 
you might have mixed up default and named imports.

Check your code at MapPage.tsx:123.
    at MapPage (C:/Users/nwong/Documents/Projects/Group2SWE/SWEGroup2/src/pages/MapPage.tsx:25:67)
Warning: React.jsx: type is invalid -- expected a string (for built-in components) or a class/function (for composite 
components) but got: undefined. You likely forgot to export your component from the file it's defined in, or you might 
have mixed up default and named imports.

Check your code at MapPage.tsx:123.
    at MapPage (C:/Users/nwong/Documents/Projects/Group2SWE/SWEGroup2/src/pages/MapPage.tsx:25:67)
The above error occurred in the <div> component:

    at div
    at div
    at div
    at MapPage (C:/Users/nwong/Documents/Projects/Group2SWE/SWEGroup2/src/pages/MapPage.tsx:25:67)

Consider adding an error boundary to your tree to customize error handling behavior.
Visit https://reactjs.org/link/error-boundaries to learn more about error boundaries.

Error: Uncaught [Error: Element type is invalid: expected a string (for built-in components) or a class/function (for 
composite components) but got: undefined. You likely forgot to export your component from the file it's defined in, or 
you might have mixed up default and named imports.

Check the render method of `EditMapPage`.]
    at reportException (C:\Users\nwong\Documents\Projects\Group2SWE\SWEGroup2\node_modules\jsdom\lib\jsdom\living\helpe
rs\runtime-script-errors.js:66:24)
    at innerInvokeEventListeners (C:\Users\nwong\Documents\Projects\Group2SWE\SWEGroup2\node_modules\jsdom\lib\jsdom\li
ving\events\EventTarget-impl.js:353:9)
    at invokeEventListeners (C:\Users\nwong\Documents\Projects\Group2SWE\SWEGroup2\node_modules\jsdom\lib\jsdom\living\
events\EventTarget-impl.js:286:3)
    at HTMLUnknownElementImpl._dispatch (C:\Users\nwong\Documents\Projects\Group2SWE\SWEGroup2\node_modules\jsdom\lib\j
sdom\living\events\EventTarget-impl.js:233:9)
    at HTMLUnknownElementImpl.dispatchEvent (C:\Users\nwong\Documents\Projects\Group2SWE\SWEGroup2\node_modules\jsdom\l
ib\jsdom\living\events\EventTarget-impl.js:104:17)
    at HTMLUnknownElement.dispatchEvent (C:\Users\nwong\Documents\Projects\Group2SWE\SWEGroup2\node_modules\jsdom\lib\j
sdom\living\generated\EventTarget.js:241:34)
    at Object.invokeGuardedCallbackDev 
(C:\Users\nwong\Documents\Projects\Group2SWE\SWEGroup2\node_modules\react-dom\cjs\react-dom.development.js:4213:16)
    at invokeGuardedCallback 
(C:\Users\nwong\Documents\Projects\Group2SWE\SWEGroup2\node_modules\react-dom\cjs\react-dom.development.js:4277:31)
    at beginWork$1 
(C:\Users\nwong\Documents\Projects\Group2SWE\SWEGroup2\node_modules\react-dom\cjs\react-dom.development.js:27490:7)
    at performUnitOfWork 
(C:\Users\nwong\Documents\Projects\Group2SWE\SWEGroup2\node_modules\react-dom\cjs\react-dom.development.js:26599:12) 
Error: Element type is invalid: expected a string (for built-in components) or a class/function (for composite 
components) but got: undefined. You likely forgot to export your component from the file it's defined in, or you might 
have mixed up default and named imports.

Check the render method of `EditMapPage`.
    at createFiberFromTypeAndProps 
(C:\Users\nwong\Documents\Projects\Group2SWE\SWEGroup2\node_modules\react-dom\cjs\react-dom.development.js:28478:17)
    at createFiberFromElement 
(C:\Users\nwong\Documents\Projects\Group2SWE\SWEGroup2\node_modules\react-dom\cjs\react-dom.development.js:28504:15)
    at reconcileSingleElement 
(C:\Users\nwong\Documents\Projects\Group2SWE\SWEGroup2\node_modules\react-dom\cjs\react-dom.development.js:13986:23)
    at reconcileChildFibers 
(C:\Users\nwong\Documents\Projects\Group2SWE\SWEGroup2\node_modules\react-dom\cjs\react-dom.development.js:14044:35)
    at reconcileChildren 
(C:\Users\nwong\Documents\Projects\Group2SWE\SWEGroup2\node_modules\react-dom\cjs\react-dom.development.js:19186:28)
    at updateHostComponent 
(C:\Users\nwong\Documents\Projects\Group2SWE\SWEGroup2\node_modules\react-dom\cjs\react-dom.development.js:19953:3)
    at beginWork 
(C:\Users\nwong\Documents\Projects\Group2SWE\SWEGroup2\node_modules\react-dom\cjs\react-dom.development.js:21657:14)
    at HTMLUnknownElement.callCallback 
(C:\Users\nwong\Documents\Projects\Group2SWE\SWEGroup2\node_modules\react-dom\cjs\react-dom.development.js:4164:14)
    at HTMLUnknownElement.callTheUserObjectsOperation (C:\Users\nwong\Documents\Projects\Group2SWE\SWEGroup2\node_modul
es\jsdom\lib\jsdom\living\generated\EventListener.js:26:30)
    at innerInvokeEventListeners (C:\Users\nwong\Documents\Projects\Group2SWE\SWEGroup2\node_modules\jsdom\lib\jsdom\li
ving\events\EventTarget-impl.js:350:25)
Error: Uncaught [Error: Element type is invalid: expected a string (for built-in components) or a class/function (for 
composite components) but got: undefined. You likely forgot to export your component from the file it's defined in, or 
you might have mixed up default and named imports.

Check the render method of `EditMapPage`.]
    at reportException (C:\Users\nwong\Documents\Projects\Group2SWE\SWEGroup2\node_modules\jsdom\lib\jsdom\living\helpe
rs\runtime-script-errors.js:66:24)
    at innerInvokeEventListeners (C:\Users\nwong\Documents\Projects\Group2SWE\SWEGroup2\node_modules\jsdom\lib\jsdom\li
ving\events\EventTarget-impl.js:353:9)
    at invokeEventListeners (C:\Users\nwong\Documents\Projects\Group2SWE\SWEGroup2\node_modules\jsdom\lib\jsdom\living\
events\EventTarget-impl.js:286:3)
    at HTMLUnknownElementImpl._dispatch (C:\Users\nwong\Documents\Projects\Group2SWE\SWEGroup2\node_modules\jsdom\lib\j
sdom\living\events\EventTarget-impl.js:233:9)
    at HTMLUnknownElementImpl.dispatchEvent (C:\Users\nwong\Documents\Projects\Group2SWE\SWEGroup2\node_modules\jsdom\l
ib\jsdom\living\events\EventTarget-impl.js:104:17)
    at HTMLUnknownElement.dispatchEvent (C:\Users\nwong\Documents\Projects\Group2SWE\SWEGroup2\node_modules\jsdom\lib\j
sdom\living\generated\EventTarget.js:241:34)
    at Object.invokeGuardedCallbackDev 
(C:\Users\nwong\Documents\Projects\Group2SWE\SWEGroup2\node_modules\react-dom\cjs\react-dom.development.js:4213:16)
    at invokeGuardedCallback 
(C:\Users\nwong\Documents\Projects\Group2SWE\SWEGroup2\node_modules\react-dom\cjs\react-dom.development.js:4277:31)
    at beginWork$1 
(C:\Users\nwong\Documents\Projects\Group2SWE\SWEGroup2\node_modules\react-dom\cjs\react-dom.development.js:27490:7)
    at performUnitOfWork 
(C:\Users\nwong\Documents\Projects\Group2SWE\SWEGroup2\node_modules\react-dom\cjs\react-dom.development.js:26599:12) 
Error: Element type is invalid: expected a string (for built-in components) or a class/function (for composite 
components) but got: undefined. You likely forgot to export your component from the file it's defined in, or you might 
have mixed up default and named imports.

Check the render method of `EditMapPage`.
    at createFiberFromTypeAndProps 
(C:\Users\nwong\Documents\Projects\Group2SWE\SWEGroup2\node_modules\react-dom\cjs\react-dom.development.js:28478:17)
    at createFiberFromElement 
(C:\Users\nwong\Documents\Projects\Group2SWE\SWEGroup2\node_modules\react-dom\cjs\react-dom.development.js:28504:15)
    at reconcileSingleElement 
(C:\Users\nwong\Documents\Projects\Group2SWE\SWEGroup2\node_modules\react-dom\cjs\react-dom.development.js:13986:23)
    at reconcileChildFibers 
(C:\Users\nwong\Documents\Projects\Group2SWE\SWEGroup2\node_modules\react-dom\cjs\react-dom.development.js:14044:35)
    at reconcileChildren 
(C:\Users\nwong\Documents\Projects\Group2SWE\SWEGroup2\node_modules\react-dom\cjs\react-dom.development.js:19186:28)
    at updateHostComponent 
(C:\Users\nwong\Documents\Projects\Group2SWE\SWEGroup2\node_modules\react-dom\cjs\react-dom.development.js:19953:3)
    at beginWork 
(C:\Users\nwong\Documents\Projects\Group2SWE\SWEGroup2\node_modules\react-dom\cjs\react-dom.development.js:21657:14)
    at HTMLUnknownElement.callCallback 
(C:\Users\nwong\Documents\Projects\Group2SWE\SWEGroup2\node_modules\react-dom\cjs\react-dom.development.js:4164:14)
    at HTMLUnknownElement.callTheUserObjectsOperation (C:\Users\nwong\Documents\Projects\Group2SWE\SWEGroup2\node_modul
es\jsdom\lib\jsdom\living\generated\EventListener.js:26:30)
    at innerInvokeEventListeners (C:\Users\nwong\Documents\Projects\Group2SWE\SWEGroup2\node_modules\jsdom\lib\jsdom\li
ving\events\EventTarget-impl.js:350:25)
[90mstderr[2m | src/pages/__tests__/EditMapPage.test.tsx[2m > [22m[2mEditMapPage[2m > [22m[2mshows Edit Mode 
label
[22m[39mWarning: React.jsx: type is invalid -- expected a string (for built-in components) or a class/function (for 
composite components) but got: undefined. You likely forgot to export your component from the file it's defined in, or 
you might have mixed up default and named imports.

Check your code at EditMapPage.tsx:134.
    at EditMapPage (C:/Users/nwong/Documents/Projects/Group2SWE/SWEGroup2/src/pages/EditMapPage.tsx:27:38)
Warning: React.jsx: type is invalid -- expected a string (for built-in components) or a class/function (for composite 
components) but got: undefined. You likely forgot to export your component from the file it's defined in, or you might 
have mixed up default and named imports.

Check your code at EditMapPage.tsx:134.
    at EditMapPage (C:/Users/nwong/Documents/Projects/Group2SWE/SWEGroup2/src/pages/EditMapPage.tsx:27:38)
The above error occurred in the <div> component:

    at div
    at div
    at div
    at EditMapPage (C:/Users/nwong/Documents/Projects/Group2SWE/SWEGroup2/src/pages/EditMapPage.tsx:27:38)

Consider adding an error boundary to your tree to customize error handling behavior.
Visit https://reactjs.org/link/error-boundaries to learn more about error boundaries.

Error: Uncaught [Error: Element type is invalid: expected a string (for built-in components) or a class/function (for 
composite components) but got: undefined. You likely forgot to export your component from the file it's defined in, or 
you might have mixed up default and named imports.

Check the render method of `MapPage`.]
    at reportException (C:\Users\nwong\Documents\Projects\Group2SWE\SWEGroup2\node_modules\jsdom\lib\jsdom\living\helpe
rs\runtime-script-errors.js:66:24)
    at innerInvokeEventListeners (C:\Users\nwong\Documents\Projects\Group2SWE\SWEGroup2\node_modules\jsdom\lib\jsdom\li
ving\events\EventTarget-impl.js:353:9)
    at invokeEventListeners (C:\Users\nwong\Documents\Projects\Group2SWE\SWEGroup2\node_modules\jsdom\lib\jsdom\living\
events\EventTarget-impl.js:286:3)
    at HTMLUnknownElementImpl._dispatch (C:\Users\nwong\Documents\Projects\Group2SWE\SWEGroup2\node_modules\jsdom\lib\j
sdom\living\events\EventTarget-impl.js:233:9)
    at HTMLUnknownElementImpl.dispatchEvent (C:\Users\nwong\Documents\Projects\Group2SWE\SWEGroup2\node_modules\jsdom\l
ib\jsdom\living\events\EventTarget-impl.js:104:17)
    at HTMLUnknownElement.dispatchEvent (C:\Users\nwong\Documents\Projects\Group2SWE\SWEGroup2\node_modules\jsdom\lib\j
sdom\living\generated\EventTarget.js:241:34)
    at Object.invokeGuardedCallbackDev 
(C:\Users\nwong\Documents\Projects\Group2SWE\SWEGroup2\node_modules\react-dom\cjs\react-dom.development.js:4213:16)
    at invokeGuardedCallback 
(C:\Users\nwong\Documents\Projects\Group2SWE\SWEGroup2\node_modules\react-dom\cjs\react-dom.development.js:4277:31)
    at beginWork$1 
(C:\Users\nwong\Documents\Projects\Group2SWE\SWEGroup2\node_modules\react-dom\cjs\react-dom.development.js:27490:7)
    at performUnitOfWork 
(C:\Users\nwong\Documents\Projects\Group2SWE\SWEGroup2\node_modules\react-dom\cjs\react-dom.development.js:26599:12) 
Error: Element type is invalid: expected a string (for built-in components) or a class/function (for composite 
components) but got: undefined. You likely forgot to export your component from the file it's defined in, or you might 
have mixed up default and named imports.

Check the render method of `MapPage`.
    at createFiberFromTypeAndProps 
(C:\Users\nwong\Documents\Projects\Group2SWE\SWEGroup2\node_modules\react-dom\cjs\react-dom.development.js:28478:17)
    at createFiberFromElement 
(C:\Users\nwong\Documents\Projects\Group2SWE\SWEGroup2\node_modules\react-dom\cjs\react-dom.development.js:28504:15)
    at reconcileSingleElement 
(C:\Users\nwong\Documents\Projects\Group2SWE\SWEGroup2\node_modules\react-dom\cjs\react-dom.development.js:13986:23)
    at reconcileChildFibers 
(C:\Users\nwong\Documents\Projects\Group2SWE\SWEGroup2\node_modules\react-dom\cjs\react-dom.development.js:14044:35)
    at reconcileChildren 
(C:\Users\nwong\Documents\Projects\Group2SWE\SWEGroup2\node_modules\react-dom\cjs\react-dom.development.js:19186:28)
    at updateHostComponent 
(C:\Users\nwong\Documents\Projects\Group2SWE\SWEGroup2\node_modules\react-dom\cjs\react-dom.development.js:19953:3)
    at beginWork 
(C:\Users\nwong\Documents\Projects\Group2SWE\SWEGroup2\node_modules\react-dom\cjs\react-dom.development.js:21657:14)
    at HTMLUnknownElement.callCallback 
(C:\Users\nwong\Documents\Projects\Group2SWE\SWEGroup2\node_modules\react-dom\cjs\react-dom.development.js:4164:14)
    at HTMLUnknownElement.callTheUserObjectsOperation (C:\Users\nwong\Documents\Projects\Group2SWE\SWEGroup2\node_modul
es\jsdom\lib\jsdom\living\generated\EventListener.js:26:30)
    at innerInvokeEventListeners (C:\Users\nwong\Documents\Projects\Group2SWE\SWEGroup2\node_modules\jsdom\lib\jsdom\li
ving\events\EventTarget-impl.js:350:25)
Error: Uncaught [Error: Element type is invalid: expected a string (for built-in components) or a class/function (for 
composite components) but got: undefined. You likely forgot to export your component from the file it's defined in, or 
you might have mixed up default and named imports.

Check the render method of `MapPage`.]
    at reportException (C:\Users\nwong\Documents\Projects\Group2SWE\SWEGroup2\node_modules\jsdom\lib\jsdom\living\helpe
rs\runtime-script-errors.js:66:24)
    at innerInvokeEventListeners (C:\Users\nwong\Documents\Projects\Group2SWE\SWEGroup2\node_modules\jsdom\lib\jsdom\li
ving\events\EventTarget-impl.js:353:9)
    at invokeEventListeners (C:\Users\nwong\Documents\Projects\Group2SWE\SWEGroup2\node_modules\jsdom\lib\jsdom\living\
events\EventTarget-impl.js:286:3)
    at HTMLUnknownElementImpl._dispatch (C:\Users\nwong\Documents\Projects\Group2SWE\SWEGroup2\node_modules\jsdom\lib\j
sdom\living\events\EventTarget-impl.js:233:9)
    at HTMLUnknownElementImpl.dispatchEvent (C:\Users\nwong\Documents\Projects\Group2SWE\SWEGroup2\node_modules\jsdom\l
ib\jsdom\living\events\EventTarget-impl.js:104:17)
    at HTMLUnknownElement.dispatchEvent (C:\Users\nwong\Documents\Projects\Group2SWE\SWEGroup2\node_modules\jsdom\lib\j
sdom\living\generated\EventTarget.js:241:34)
    at Object.invokeGuardedCallbackDev 
(C:\Users\nwong\Documents\Projects\Group2SWE\SWEGroup2\node_modules\react-dom\cjs\react-dom.development.js:4213:16)
    at invokeGuardedCallback 
(C:\Users\nwong\Documents\Projects\Group2SWE\SWEGroup2\node_modules\react-dom\cjs\react-dom.development.js:4277:31)
    at beginWork$1 
(C:\Users\nwong\Documents\Projects\Group2SWE\SWEGroup2\node_modules\react-dom\cjs\react-dom.development.js:27490:7)
    at performUnitOfWork 
(C:\Users\nwong\Documents\Projects\Group2SWE\SWEGroup2\node_modules\react-dom\cjs\react-dom.development.js:26599:12) 
Error: Element type is invalid: expected a string (for built-in components) or a class/function (for composite 
components) but got: undefined. You likely forgot to export your component from the file it's defined in, or you might 
have mixed up default and named imports.

Check the render method of `MapPage`.
    at createFiberFromTypeAndProps 
(C:\Users\nwong\Documents\Projects\Group2SWE\SWEGroup2\node_modules\react-dom\cjs\react-dom.development.js:28478:17)
    at createFiberFromElement 
(C:\Users\nwong\Documents\Projects\Group2SWE\SWEGroup2\node_modules\react-dom\cjs\react-dom.development.js:28504:15)
    at reconcileSingleElement 
(C:\Users\nwong\Documents\Projects\Group2SWE\SWEGroup2\node_modules\react-dom\cjs\react-dom.development.js:13986:23)
    at reconcileChildFibers 
(C:\Users\nwong\Documents\Projects\Group2SWE\SWEGroup2\node_modules\react-dom\cjs\react-dom.development.js:14044:35)
    at reconcileChildren 
(C:\Users\nwong\Documents\Projects\Group2SWE\SWEGroup2\node_modules\react-dom\cjs\react-dom.development.js:19186:28)
    at updateHostComponent 
(C:\Users\nwong\Documents\Projects\Group2SWE\SWEGroup2\node_modules\react-dom\cjs\react-dom.development.js:19953:3)
    at beginWork 
(C:\Users\nwong\Documents\Projects\Group2SWE\SWEGroup2\node_modules\react-dom\cjs\react-dom.development.js:21657:14)
    at HTMLUnknownElement.callCallback 
(C:\Users\nwong\Documents\Projects\Group2SWE\SWEGroup2\node_modules\react-dom\cjs\react-dom.development.js:4164:14)
    at HTMLUnknownElement.callTheUserObjectsOperation (C:\Users\nwong\Documents\Projects\Group2SWE\SWEGroup2\node_modul
es\jsdom\lib\jsdom\living\generated\EventListener.js:26:30)
    at innerInvokeEventListeners (C:\Users\nwong\Documents\Projects\Group2SWE\SWEGroup2\node_modules\jsdom\lib\jsdom\li
ving\events\EventTarget-impl.js:350:25)
[90mstderr[2m | src/pages/__tests__/MapPage.test.tsx[2m > [22m[2mMapPage[2m > [22m[2mrenders floor navigation 
buttons
[22m[39mWarning: React.jsx: type is invalid -- expected a string (for built-in components) or a class/function (for 
composite components) but got: undefined. You likely forgot to export your component from the file it's defined in, or 
you might have mixed up default and named imports.

Check your code at MapPage.tsx:123.
    at MapPage (C:/Users/nwong/Documents/Projects/Group2SWE/SWEGroup2/src/pages/MapPage.tsx:25:67)
Warning: React.jsx: type is invalid -- expected a string (for built-in components) or a class/function (for composite 
components) but got: undefined. You likely forgot to export your component from the file it's defined in, or you might 
have mixed up default and named imports.

Check your code at MapPage.tsx:123.
    at MapPage (C:/Users/nwong/Documents/Projects/Group2SWE/SWEGroup2/src/pages/MapPage.tsx:25:67)
The above error occurred in the <div> component:

    at div
    at div
    at div
    at MapPage (C:/Users/nwong/Documents/Projects/Group2SWE/SWEGroup2/src/pages/MapPage.tsx:25:67)

Consider adding an error boundary to your tree to customize error handling behavior.
Visit https://reactjs.org/link/error-boundaries to learn more about error boundaries.

Error: Uncaught [Error: Element type is invalid: expected a string (for built-in components) or a class/function (for 
composite components) but got: undefined. You likely forgot to export your component from the file it's defined in, or 
you might have mixed up default and named imports.

Check the render method of `EditMapPage`.]
    at reportException (C:\Users\nwong\Documents\Projects\Group2SWE\SWEGroup2\node_modules\jsdom\lib\jsdom\living\helpe
rs\runtime-script-errors.js:66:24)
    at innerInvokeEventListeners (C:\Users\nwong\Documents\Projects\Group2SWE\SWEGroup2\node_modules\jsdom\lib\jsdom\li
ving\events\EventTarget-impl.js:353:9)
    at invokeEventListeners (C:\Users\nwong\Documents\Projects\Group2SWE\SWEGroup2\node_modules\jsdom\lib\jsdom\living\
events\EventTarget-impl.js:286:3)
    at HTMLUnknownElementImpl._dispatch (C:\Users\nwong\Documents\Projects\Group2SWE\SWEGroup2\node_modules\jsdom\lib\j
sdom\living\events\EventTarget-impl.js:233:9)
    at HTMLUnknownElementImpl.dispatchEvent (C:\Users\nwong\Documents\Projects\Group2SWE\SWEGroup2\node_modules\jsdom\l
ib\jsdom\living\events\EventTarget-impl.js:104:17)
    at HTMLUnknownElement.dispatchEvent (C:\Users\nwong\Documents\Projects\Group2SWE\SWEGroup2\node_modules\jsdom\lib\j
sdom\living\generated\EventTarget.js:241:34)
    at Object.invokeGuardedCallbackDev 
(C:\Users\nwong\Documents\Projects\Group2SWE\SWEGroup2\node_modules\react-dom\cjs\react-dom.development.js:4213:16)
    at invokeGuardedCallback 
(C:\Users\nwong\Documents\Projects\Group2SWE\SWEGroup2\node_modules\react-dom\cjs\react-dom.development.js:4277:31)
    at beginWork$1 
(C:\Users\nwong\Documents\Projects\Group2SWE\SWEGroup2\node_modules\react-dom\cjs\react-dom.development.js:27490:7)
    at performUnitOfWork 
(C:\Users\nwong\Documents\Projects\Group2SWE\SWEGroup2\node_modules\react-dom\cjs\react-dom.development.js:26599:12) 
Error: Element type is invalid: expected a string (for built-in components) or a class/function (for composite 
components) but got: undefined. You likely forgot to export your component from the file it's defined in, or you might 
have mixed up default and named imports.

Check the render method of `EditMapPage`.
    at createFiberFromTypeAndProps 
(C:\Users\nwong\Documents\Projects\Group2SWE\SWEGroup2\node_modules\react-dom\cjs\react-dom.development.js:28478:17)
    at createFiberFromElement 
(C:\Users\nwong\Documents\Projects\Group2SWE\SWEGroup2\node_modules\react-dom\cjs\react-dom.development.js:28504:15)
    at reconcileSingleElement 
(C:\Users\nwong\Documents\Projects\Group2SWE\SWEGroup2\node_modules\react-dom\cjs\react-dom.development.js:13986:23)
    at reconcileChildFibers 
(C:\Users\nwong\Documents\Projects\Group2SWE\SWEGroup2\node_modules\react-dom\cjs\react-dom.development.js:14044:35)
    at reconcileChildren 
(C:\Users\nwong\Documents\Projects\Group2SWE\SWEGroup2\node_modules\react-dom\cjs\react-dom.development.js:19186:28)
    at updateHostComponent 
(C:\Users\nwong\Documents\Projects\Group2SWE\SWEGroup2\node_modules\react-dom\cjs\react-dom.development.js:19953:3)
    at beginWork 
(C:\Users\nwong\Documents\Projects\Group2SWE\SWEGroup2\node_modules\react-dom\cjs\react-dom.development.js:21657:14)
    at HTMLUnknownElement.callCallback 
(C:\Users\nwong\Documents\Projects\Group2SWE\SWEGroup2\node_modules\react-dom\cjs\react-dom.development.js:4164:14)
    at HTMLUnknownElement.callTheUserObjectsOperation (C:\Users\nwong\Documents\Projects\Group2SWE\SWEGroup2\node_modul
es\jsdom\lib\jsdom\living\generated\EventListener.js:26:30)
    at innerInvokeEventListeners (C:\Users\nwong\Documents\Projects\Group2SWE\SWEGroup2\node_modules\jsdom\lib\jsdom\li
ving\events\EventTarget-impl.js:350:25)
Error: Uncaught [Error: Element type is invalid: expected a string (for built-in components) or a class/function (for 
composite components) but got: undefined. You likely forgot to export your component from the file it's defined in, or 
you might have mixed up default and named imports.

Check the render method of `EditMapPage`.]
    at reportException (C:\Users\nwong\Documents\Projects\Group2SWE\SWEGroup2\node_modules\jsdom\lib\jsdom\living\helpe
rs\runtime-script-errors.js:66:24)
    at innerInvokeEventListeners (C:\Users\nwong\Documents\Projects\Group2SWE\SWEGroup2\node_modules\jsdom\lib\jsdom\li
ving\events\EventTarget-impl.js:353:9)
    at invokeEventListeners (C:\Users\nwong\Documents\Projects\Group2SWE\SWEGroup2\node_modules\jsdom\lib\jsdom\living\
events\EventTarget-impl.js:286:3)
    at HTMLUnknownElementImpl._dispatch (C:\Users\nwong\Documents\Projects\Group2SWE\SWEGroup2\node_modules\jsdom\lib\j
sdom\living\events\EventTarget-impl.js:233:9)
    at HTMLUnknownElementImpl.dispatchEvent (C:\Users\nwong\Documents\Projects\Group2SWE\SWEGroup2\node_modules\jsdom\l
ib\jsdom\living\events\EventTarget-impl.js:104:17)
    at HTMLUnknownElement.dispatchEvent (C:\Users\nwong\Documents\Projects\Group2SWE\SWEGroup2\node_modules\jsdom\lib\j
sdom\living\generated\EventTarget.js:241:34)
    at Object.invokeGuardedCallbackDev 
(C:\Users\nwong\Documents\Projects\Group2SWE\SWEGroup2\node_modules\react-dom\cjs\react-dom.development.js:4213:16)
    at invokeGuardedCallback 
(C:\Users\nwong\Documents\Projects\Group2SWE\SWEGroup2\node_modules\react-dom\cjs\react-dom.development.js:4277:31)
    at beginWork$1 
(C:\Users\nwong\Documents\Projects\Group2SWE\SWEGroup2\node_modules\react-dom\cjs\react-dom.development.js:27490:7)
    at performUnitOfWork 
(C:\Users\nwong\Documents\Projects\Group2SWE\SWEGroup2\node_modules\react-dom\cjs\react-dom.development.js:26599:12) 
Error: Element type is invalid: expected a string (for built-in components) or a class/function (for composite 
components) but got: undefined. You likely forgot to export your component from the file it's defined in, or you might 
have mixed up default and named imports.

Check the render method of `EditMapPage`.
    at createFiberFromTypeAndProps 
(C:\Users\nwong\Documents\Projects\Group2SWE\SWEGroup2\node_modules\react-dom\cjs\react-dom.development.js:28478:17)
    at createFiberFromElement 
(C:\Users\nwong\Documents\Projects\Group2SWE\SWEGroup2\node_modules\react-dom\cjs\react-dom.development.js:28504:15)
    at reconcileSingleElement 
(C:\Users\nwong\Documents\Projects\Group2SWE\SWEGroup2\node_modules\react-dom\cjs\react-dom.development.js:13986:23)
    at reconcileChildFibers 
(C:\Users\nwong\Documents\Projects\Group2SWE\SWEGroup2\node_modules\react-dom\cjs\react-dom.development.js:14044:35)
    at reconcileChildren 
(C:\Users\nwong\Documents\Projects\Group2SWE\SWEGroup2\node_modules\react-dom\cjs\react-dom.development.js:19186:28)
    at updateHostComponent 
(C:\Users\nwong\Documents\Projects\Group2SWE\SWEGroup2\node_modules\react-dom\cjs\react-dom.development.js:19953:3)
    at beginWork 
(C:\Users\nwong\Documents\Projects\Group2SWE\SWEGroup2\node_modules\react-dom\cjs\react-dom.development.js:21657:14)
    at HTMLUnknownElement.callCallback 
(C:\Users\nwong\Documents\Projects\Group2SWE\SWEGroup2\node_modules\react-dom\cjs\react-dom.development.js:4164:14)
    at HTMLUnknownElement.callTheUserObjectsOperation (C:\Users\nwong\Documents\Projects\Group2SWE\SWEGroup2\node_modul
es\jsdom\lib\jsdom\living\generated\EventListener.js:26:30)
    at innerInvokeEventListeners (C:\Users\nwong\Documents\Projects\Group2SWE\SWEGroup2\node_modules\jsdom\lib\jsdom\li
ving\events\EventTarget-impl.js:350:25)
[90mstderr[2m | src/pages/__tests__/EditMapPage.test.tsx[2m > [22m[2mEditMapPage[2m > [22m[2mhas back to view 
link
[22m[39mWarning: React.jsx: type is invalid -- expected a string (for built-in components) or a class/function (for 
composite components) but got: undefined. You likely forgot to export your component from the file it's defined in, or 
you might have mixed up default and named imports.

Check your code at EditMapPage.tsx:134.
    at EditMapPage (C:/Users/nwong/Documents/Projects/Group2SWE/SWEGroup2/src/pages/EditMapPage.tsx:27:38)
Warning: React.jsx: type is invalid -- expected a string (for built-in components) or a class/function (for composite 
components) but got: undefined. You likely forgot to export your component from the file it's defined in, or you might 
have mixed up default and named imports.

Check your code at EditMapPage.tsx:134.
    at EditMapPage (C:/Users/nwong/Documents/Projects/Group2SWE/SWEGroup2/src/pages/EditMapPage.tsx:27:38)
The above error occurred in the <div> component:

    at div
    at div
    at div
    at EditMapPage (C:/Users/nwong/Documents/Projects/Group2SWE/SWEGroup2/src/pages/EditMapPage.tsx:27:38)

Consider adding an error boundary to your tree to customize error handling behavior.
Visit https://reactjs.org/link/error-boundaries to learn more about error boundaries.

[90mstderr[2m | src/components/__tests__/InteractiveMap.test.tsx[2m > [22m[2mInteractiveMap[2m > 
[22m[2mhandles drop event in edit mode
[22m[39mCannot add tile: layoutId or floorId is missing.

 [31mΓ¥»[39m src/components/__tests__/InteractiveMap.test.tsx [2m([22m[2m27 tests[22m[2m | [22m[31m3 failed[39m[2m)[22m[33m 2557[2mms[22m[39m
     [32mΓ£ô[39m renders without crashing[32m 78[2mms[22m[39m
     [32mΓ£ô[39m renders tiles from floorTiles prop[32m 44[2mms[22m[39m
     [32mΓ£ô[39m shows loading state when floorLoading is true[32m 22[2mms[22m[39m
     [32mΓ£ô[39m shows error message when floorLoadError is set[32m 17[2mms[22m[39m
     [32mΓ£ô[39m shows empty message when no tiles and not loading[32m 12[2mms[22m[39m
     [32mΓ£ô[39m renders zoom controls when not in preview mode[32m 9[2mms[22m[39m
     [32mΓ£ô[39m does not render zoom controls in preview mode[32m 19[2mms[22m[39m
[31m     [31m├ù[31m opens machine modal when tile is clicked in view mode[39m[33m 1044[2mms[22m[39m
[31m     [31m├ù[31m closes machine modal when close button is clicked[39m[33m 1038[2mms[22m[39m
     [32mΓ£ô[39m does not open modal in edit mode[32m 13[2mms[22m[39m
     [32mΓ£ô[39m handles zoom in button[32m 9[2mms[22m[39m
     [32mΓ£ô[39m handles zoom out button[32m 9[2mms[22m[39m
     [32mΓ£ô[39m handles reset zoom button[32m 10[2mms[22m[39m
     [32mΓ£ô[39m handles drag and drop in edit mode[32m 13[2mms[22m[39m
     [32mΓ£ô[39m uses preview dimensions in preview mode[32m 9[2mms[22m[39m
     [32mΓ£ô[39m respects highlightedTileId prop[32m 8[2mms[22m[39m
     [32mΓ£ô[39m disables gridSnap when snapToGrid is false[32m 17[2mms[22m[39m
     [32mΓ£ô[39m handles Control+Z keydown without crashing[32m 15[2mms[22m[39m
     [32mΓ£ô[39m handles zoom in/out/reset in sequence[32m 25[2mms[22m[39m
     [32mΓ£ô[39m renders internal map container structure[32m 15[2mms[22m[39m
     [32mΓ£ô[39m has dragover behavior in edit mode[32m 7[2mms[22m[39m
     [32mΓ£ô[39m does not open modal in preview mode[32m 9[2mms[22m[39m
     [32mΓ£ô[39m handles onTilesChange callback notification[32m 9[2mms[22m[39m
     [32mΓ£ô[39m calls updateTile when tile onUpdate fires in edit mode[32m 46[2mms[22m[39m
[31m     [31m├ù[31m calls deleteTile when tile onDelete fires in edit mode[39m[32m 19[2mms[22m[39m
     [32mΓ£ô[39m calls updateTile for preview mode tiles[32m 9[2mms[22m[39m
     [32mΓ£ô[39m handles drop event in edit mode[32m 25[2mms[22m[39m
[90mstderr[2m | src/context/__tests__/AuthContext.test.tsx[2m > [22m[2mAuthContext[2m > [22m[2mstarts with 
isLoading true
[22m[39mWarning: An update to AuthProvider inside a test was not wrapped in act(...).

When testing, code that causes React state updates should be wrapped into act(...):

act(() => {
  /* fire events that update state */
});
/* assert on the output */

This ensures that you're testing the behavior the user would see in the browser. Learn more at 
https://reactjs.org/link/wrap-tests-with-act
    at AuthProvider (C:/Users/nwong/Documents/Projects/Group2SWE/SWEGroup2/src/context/AuthContext.tsx:46:25)

Error: Uncaught [Error: Element type is invalid: expected a string (for built-in components) or a class/function (for 
composite components) but got: undefined. You likely forgot to export your component from the file it's defined in, or 
you might have mixed up default and named imports.

Check the render method of `MapPage`.]
    at reportException (C:\Users\nwong\Documents\Projects\Group2SWE\SWEGroup2\node_modules\jsdom\lib\jsdom\living\helpe
rs\runtime-script-errors.js:66:24)
    at innerInvokeEventListeners (C:\Users\nwong\Documents\Projects\Group2SWE\SWEGroup2\node_modules\jsdom\lib\jsdom\li
ving\events\EventTarget-impl.js:353:9)
    at invokeEventListeners (C:\Users\nwong\Documents\Projects\Group2SWE\SWEGroup2\node_modules\jsdom\lib\jsdom\living\
events\EventTarget-impl.js:286:3)
    at HTMLUnknownElementImpl._dispatch (C:\Users\nwong\Documents\Projects\Group2SWE\SWEGroup2\node_modules\jsdom\lib\j
sdom\living\events\EventTarget-impl.js:233:9)
    at HTMLUnknownElementImpl.dispatchEvent (C:\Users\nwong\Documents\Projects\Group2SWE\SWEGroup2\node_modules\jsdom\l
ib\jsdom\living\events\EventTarget-impl.js:104:17)
    at HTMLUnknownElement.dispatchEvent (C:\Users\nwong\Documents\Projects\Group2SWE\SWEGroup2\node_modules\jsdom\lib\j
sdom\living\generated\EventTarget.js:241:34)
    at Object.invokeGuardedCallbackDev 
(C:\Users\nwong\Documents\Projects\Group2SWE\SWEGroup2\node_modules\react-dom\cjs\react-dom.development.js:4213:16)
    at invokeGuardedCallback 
(C:\Users\nwong\Documents\Projects\Group2SWE\SWEGroup2\node_modules\react-dom\cjs\react-dom.development.js:4277:31)
    at beginWork$1 
(C:\Users\nwong\Documents\Projects\Group2SWE\SWEGroup2\node_modules\react-dom\cjs\react-dom.development.js:27490:7)
    at performUnitOfWork 
(C:\Users\nwong\Documents\Projects\Group2SWE\SWEGroup2\node_modules\react-dom\cjs\react-dom.development.js:26599:12) 
Error: Element type is invalid: expected a string (for built-in components) or a class/function (for composite 
components) but got: undefined. You likely forgot to export your component from the file it's defined in, or you might 
have mixed up default and named imports.

Check the render method of `MapPage`.
    at createFiberFromTypeAndProps 
(C:\Users\nwong\Documents\Projects\Group2SWE\SWEGroup2\node_modules\react-dom\cjs\react-dom.development.js:28478:17)
    at createFiberFromElement 
(C:\Users\nwong\Documents\Projects\Group2SWE\SWEGroup2\node_modules\react-dom\cjs\react-dom.development.js:28504:15)
    at reconcileSingleElement 
(C:\Users\nwong\Documents\Projects\Group2SWE\SWEGroup2\node_modules\react-dom\cjs\react-dom.development.js:13986:23)
    at reconcileChildFibers 
(C:\Users\nwong\Documents\Projects\Group2SWE\SWEGroup2\node_modules\react-dom\cjs\react-dom.development.js:14044:35)
    at reconcileChildren 
(C:\Users\nwong\Documents\Projects\Group2SWE\SWEGroup2\node_modules\react-dom\cjs\react-dom.development.js:19186:28)
    at updateHostComponent 
(C:\Users\nwong\Documents\Projects\Group2SWE\SWEGroup2\node_modules\react-dom\cjs\react-dom.development.js:19953:3)
    at beginWork 
(C:\Users\nwong\Documents\Projects\Group2SWE\SWEGroup2\node_modules\react-dom\cjs\react-dom.development.js:21657:14)
    at HTMLUnknownElement.callCallback 
(C:\Users\nwong\Documents\Projects\Group2SWE\SWEGroup2\node_modules\react-dom\cjs\react-dom.development.js:4164:14)
    at HTMLUnknownElement.callTheUserObjectsOperation (C:\Users\nwong\Documents\Projects\Group2SWE\SWEGroup2\node_modul
es\jsdom\lib\jsdom\living\generated\EventListener.js:26:30)
    at innerInvokeEventListeners (C:\Users\nwong\Documents\Projects\Group2SWE\SWEGroup2\node_modules\jsdom\lib\jsdom\li
ving\events\EventTarget-impl.js:350:25)
Error: Uncaught [Error: Element type is invalid: expected a string (for built-in components) or a class/function (for 
composite components) but got: undefined. You likely forgot to export your component from the file it's defined in, or 
you might have mixed up default and named imports.

Check the render method of `MapPage`.]
    at reportException (C:\Users\nwong\Documents\Projects\Group2SWE\SWEGroup2\node_modules\jsdom\lib\jsdom\living\helpe
rs\runtime-script-errors.js:66:24)
    at innerInvokeEventListeners (C:\Users\nwong\Documents\Projects\Group2SWE\SWEGroup2\node_modules\jsdom\lib\jsdom\li
ving\events\EventTarget-impl.js:353:9)
    at invokeEventListeners (C:\Users\nwong\Documents\Projects\Group2SWE\SWEGroup2\node_modules\jsdom\lib\jsdom\living\
events\EventTarget-impl.js:286:3)
    at HTMLUnknownElementImpl._dispatch (C:\Users\nwong\Documents\Projects\Group2SWE\SWEGroup2\node_modules\jsdom\lib\j
sdom\living\events\EventTarget-impl.js:233:9)
    at HTMLUnknownElementImpl.dispatchEvent (C:\Users\nwong\Documents\Projects\Group2SWE\SWEGroup2\node_modules\jsdom\l
ib\jsdom\living\events\EventTarget-impl.js:104:17)
    at HTMLUnknownElement.dispatchEvent (C:\Users\nwong\Documents\Projects\Group2SWE\SWEGroup2\node_modules\jsdom\lib\j
sdom\living\generated\EventTarget.js:241:34)
    at Object.invokeGuardedCallbackDev 
(C:\Users\nwong\Documents\Projects\Group2SWE\SWEGroup2\node_modules\react-dom\cjs\react-dom.development.js:4213:16)
    at invokeGuardedCallback 
(C:\Users\nwong\Documents\Projects\Group2SWE\SWEGroup2\node_modules\react-dom\cjs\react-dom.development.js:4277:31)
    at beginWork$1 
(C:\Users\nwong\Documents\Projects\Group2SWE\SWEGroup2\node_modules\react-dom\cjs\react-dom.development.js:27490:7)
    at performUnitOfWork 
(C:\Users\nwong\Documents\Projects\Group2SWE\SWEGroup2\node_modules\react-dom\cjs\react-dom.development.js:26599:12) 
Error: Element type is invalid: expected a string (for built-in components) or a class/function (for composite 
components) but got: undefined. You likely forgot to export your component from the file it's defined in, or you might 
have mixed up default and named imports.

Check the render method of `MapPage`.
    at createFiberFromTypeAndProps 
(C:\Users\nwong\Documents\Projects\Group2SWE\SWEGroup2\node_modules\react-dom\cjs\react-dom.development.js:28478:17)
    at createFiberFromElement 
(C:\Users\nwong\Documents\Projects\Group2SWE\SWEGroup2\node_modules\react-dom\cjs\react-dom.development.js:28504:15)
    at reconcileSingleElement 
(C:\Users\nwong\Documents\Projects\Group2SWE\SWEGroup2\node_modules\react-dom\cjs\react-dom.development.js:13986:23)
    at reconcileChildFibers 
(C:\Users\nwong\Documents\Projects\Group2SWE\SWEGroup2\node_modules\react-dom\cjs\react-dom.development.js:14044:35)
    at reconcileChildren 
(C:\Users\nwong\Documents\Projects\Group2SWE\SWEGroup2\node_modules\react-dom\cjs\react-dom.development.js:19186:28)
    at updateHostComponent 
(C:\Users\nwong\Documents\Projects\Group2SWE\SWEGroup2\node_modules\react-dom\cjs\react-dom.development.js:19953:3)
    at beginWork 
(C:\Users\nwong\Documents\Projects\Group2SWE\SWEGroup2\node_modules\react-dom\cjs\react-dom.development.js:21657:14)
    at HTMLUnknownElement.callCallback 
(C:\Users\nwong\Documents\Projects\Group2SWE\SWEGroup2\node_modules\react-dom\cjs\react-dom.development.js:4164:14)
    at HTMLUnknownElement.callTheUserObjectsOperation (C:\Users\nwong\Documents\Projects\Group2SWE\SWEGroup2\node_modul
es\jsdom\lib\jsdom\living\generated\EventListener.js:26:30)
    at innerInvokeEventListeners (C:\Users\nwong\Documents\Projects\Group2SWE\SWEGroup2\node_modules\jsdom\lib\jsdom\li
ving\events\EventTarget-impl.js:350:25)
Error: Uncaught [Error: Element type is invalid: expected a string (for built-in components) or a class/function (for 
composite components) but got: undefined. You likely forgot to export your component from the file it's defined in, or 
you might have mixed up default and named imports.

Check the render method of `EditMapPage`.]
    at reportException (C:\Users\nwong\Documents\Projects\Group2SWE\SWEGroup2\node_modules\jsdom\lib\jsdom\living\helpe
rs\runtime-script-errors.js:66:24)
    at innerInvokeEventListeners (C:\Users\nwong\Documents\Projects\Group2SWE\SWEGroup2\node_modules\jsdom\lib\jsdom\li
ving\events\EventTarget-impl.js:353:9)
    at invokeEventListeners (C:\Users\nwong\Documents\Projects\Group2SWE\SWEGroup2\node_modules\jsdom\lib\jsdom\living\
events\EventTarget-impl.js:286:3)
    at HTMLUnknownElementImpl._dispatch (C:\Users\nwong\Documents\Projects\Group2SWE\SWEGroup2\node_modules\jsdom\lib\j
sdom\living\events\EventTarget-impl.js:233:9)
    at HTMLUnknownElementImpl.dispatchEvent (C:\Users\nwong\Documents\Projects\Group2SWE\SWEGroup2\node_modules\jsdom\l
ib\jsdom\living\events\EventTarget-impl.js:104:17)
    at HTMLUnknownElement.dispatchEvent (C:\Users\nwong\Documents\Projects\Group2SWE\SWEGroup2\node_modules\jsdom\lib\j
sdom\living\generated\EventTarget.js:241:34)
    at Object.invokeGuardedCallbackDev 
(C:\Users\nwong\Documents\Projects\Group2SWE\SWEGroup2\node_modules\react-dom\cjs\react-dom.development.js:4213:16)
    at invokeGuardedCallback 
(C:\Users\nwong\Documents\Projects\Group2SWE\SWEGroup2\node_modules\react-dom\cjs\react-dom.development.js:4277:31)
    at beginWork$1 
(C:\Users\nwong\Documents\Projects\Group2SWE\SWEGroup2\node_modules\react-dom\cjs\react-dom.development.js:27490:7)
    at performUnitOfWork 
(C:\Users\nwong\Documents\Projects\Group2SWE\SWEGroup2\node_modules\react-dom\cjs\react-dom.development.js:26599:12) 
Error: Element type is invalid: expected a string (for built-in components) or a class/function (for composite 
components) but got: undefined. You likely forgot to export your component from the file it's defined in, or you might 
have mixed up default and named imports.

Check the render method of `EditMapPage`.
    at createFiberFromTypeAndProps 
(C:\Users\nwong\Documents\Projects\Group2SWE\SWEGroup2\node_modules\react-dom\cjs\react-dom.development.js:28478:17)
    at createFiberFromElement 
(C:\Users\nwong\Documents\Projects\Group2SWE\SWEGroup2\node_modules\react-dom\cjs\react-dom.development.js:28504:15)
    at reconcileSingleElement 
(C:\Users\nwong\Documents\Projects\Group2SWE\SWEGroup2\node_modules\react-dom\cjs\react-dom.development.js:13986:23)
    at reconcileChildFibers 
(C:\Users\nwong\Documents\Projects\Group2SWE\SWEGroup2\node_modules\react-dom\cjs\react-dom.development.js:14044:35)
    at reconcileChildren 
(C:\Users\nwong\Documents\Projects\Group2SWE\SWEGroup2\node_modules\react-dom\cjs\react-dom.development.js:19186:28)
    at updateHostComponent 
(C:\Users\nwong\Documents\Projects\Group2SWE\SWEGroup2\node_modules\react-dom\cjs\react-dom.development.js:19953:3)
    at beginWork 
(C:\Users\nwong\Documents\Projects\Group2SWE\SWEGroup2\node_modules\react-dom\cjs\react-dom.development.js:21657:14)
    at HTMLUnknownElement.callCallback 
(C:\Users\nwong\Documents\Projects\Group2SWE\SWEGroup2\node_modules\react-dom\cjs\react-dom.development.js:4164:14)
    at HTMLUnknownElement.callTheUserObjectsOperation (C:\Users\nwong\Documents\Projects\Group2SWE\SWEGroup2\node_modul
es\jsdom\lib\jsdom\living\generated\EventListener.js:26:30)
    at innerInvokeEventListeners (C:\Users\nwong\Documents\Projects\Group2SWE\SWEGroup2\node_modules\jsdom\lib\jsdom\li
ving\events\EventTarget-impl.js:350:25)
[90mstderr[2m | src/pages/__tests__/MapPage.test.tsx[2m > [22m[2mMapPage[2m > [22m[2mshows edit map button for 
admin users
[22m[39mWarning: React.jsx: type is invalid -- expected a string (for built-in components) or a class/function (for 
composite components) but got: undefined. You likely forgot to export your component from the file it's defined in, or 
you might have mixed up default and named imports.

Check your code at MapPage.tsx:123.
    at MapPage (C:/Users/nwong/Documents/Projects/Group2SWE/SWEGroup2/src/pages/MapPage.tsx:25:67)
Warning: React.jsx: type is invalid -- expected a string (for built-in components) or a class/function (for composite 
components) but got: undefined. You likely forgot to export your component from the file it's defined in, or you might 
have mixed up default and named imports.

Check your code at MapPage.tsx:123.
    at MapPage (C:/Users/nwong/Documents/Projects/Group2SWE/SWEGroup2/src/pages/MapPage.tsx:25:67)
The above error occurred in the <div> component:

    at div
    at div
    at div
    at MapPage (C:/Users/nwong/Documents/Projects/Group2SWE/SWEGroup2/src/pages/MapPage.tsx:25:67)

Consider adding an error boundary to your tree to customize error handling behavior.
Visit https://reactjs.org/link/error-boundaries to learn more about error boundaries.

Error: Uncaught [Error: Element type is invalid: expected a string (for built-in components) or a class/function (for 
composite components) but got: undefined. You likely forgot to export your component from the file it's defined in, or 
you might have mixed up default and named imports.

Check the render method of `EditMapPage`.]
    at reportException (C:\Users\nwong\Documents\Projects\Group2SWE\SWEGroup2\node_modules\jsdom\lib\jsdom\living\helpe
rs\runtime-script-errors.js:66:24)
    at innerInvokeEventListeners (C:\Users\nwong\Documents\Projects\Group2SWE\SWEGroup2\node_modules\jsdom\lib\jsdom\li
ving\events\EventTarget-impl.js:353:9)
    at invokeEventListeners (C:\Users\nwong\Documents\Projects\Group2SWE\SWEGroup2\node_modules\jsdom\lib\jsdom\living\
events\EventTarget-impl.js:286:3)
    at HTMLUnknownElementImpl._dispatch (C:\Users\nwong\Documents\Projects\Group2SWE\SWEGroup2\node_modules\jsdom\lib\j
sdom\living\events\EventTarget-impl.js:233:9)
    at HTMLUnknownElementImpl.dispatchEvent (C:\Users\nwong\Documents\Projects\Group2SWE\SWEGroup2\node_modules\jsdom\l
ib\jsdom\living\events\EventTarget-impl.js:104:17)
    at HTMLUnknownElement.dispatchEvent (C:\Users\nwong\Documents\Projects\Group2SWE\SWEGroup2\node_modules\jsdom\lib\j
sdom\living\generated\EventTarget.js:241:34)
    at Object.invokeGuardedCallbackDev 
(C:\Users\nwong\Documents\Projects\Group2SWE\SWEGroup2\node_modules\react-dom\cjs\react-dom.development.js:4213:16)
    at invokeGuardedCallback 
(C:\Users\nwong\Documents\Projects\Group2SWE\SWEGroup2\node_modules\react-dom\cjs\react-dom.development.js:4277:31)
    at beginWork$1 
(C:\Users\nwong\Documents\Projects\Group2SWE\SWEGroup2\node_modules\react-dom\cjs\react-dom.development.js:27490:7)
    at performUnitOfWork 
(C:\Users\nwong\Documents\Projects\Group2SWE\SWEGroup2\node_modules\react-dom\cjs\react-dom.development.js:26599:12) 
Error: Element type is invalid: expected a string (for built-in components) or a class/function (for composite 
components) but got: undefined. You likely forgot to export your component from the file it's defined in, or you might 
have mixed up default and named imports.

Check the render method of `EditMapPage`.
    at createFiberFromTypeAndProps 
(C:\Users\nwong\Documents\Projects\Group2SWE\SWEGroup2\node_modules\react-dom\cjs\react-dom.development.js:28478:17)
    at createFiberFromElement 
(C:\Users\nwong\Documents\Projects\Group2SWE\SWEGroup2\node_modules\react-dom\cjs\react-dom.development.js:28504:15)
    at reconcileSingleElement 
(C:\Users\nwong\Documents\Projects\Group2SWE\SWEGroup2\node_modules\react-dom\cjs\react-dom.development.js:13986:23)
    at reconcileChildFibers 
(C:\Users\nwong\Documents\Projects\Group2SWE\SWEGroup2\node_modules\react-dom\cjs\react-dom.development.js:14044:35)
    at reconcileChildren 
(C:\Users\nwong\Documents\Projects\Group2SWE\SWEGroup2\node_modules\react-dom\cjs\react-dom.development.js:19186:28)
    at updateHostComponent 
(C:\Users\nwong\Documents\Projects\Group2SWE\SWEGroup2\node_modules\react-dom\cjs\react-dom.development.js:19953:3)
    at beginWork 
(C:\Users\nwong\Documents\Projects\Group2SWE\SWEGroup2\node_modules\react-dom\cjs\react-dom.development.js:21657:14)
    at HTMLUnknownElement.callCallback 
(C:\Users\nwong\Documents\Projects\Group2SWE\SWEGroup2\node_modules\react-dom\cjs\react-dom.development.js:4164:14)
    at HTMLUnknownElement.callTheUserObjectsOperation (C:\Users\nwong\Documents\Projects\Group2SWE\SWEGroup2\node_modul
es\jsdom\lib\jsdom\living\generated\EventListener.js:26:30)
    at innerInvokeEventListeners (C:\Users\nwong\Documents\Projects\Group2SWE\SWEGroup2\node_modules\jsdom\lib\jsdom\li
ving\events\EventTarget-impl.js:350:25)
[90mstderr[2m | src/pages/__tests__/EditMapPage.test.tsx[2m > [22m[2mEditMapPage[2m > [22m[2mnavigates to /map 
when back to view is clicked
[22m[39mWarning: React.jsx: type is invalid -- expected a string (for built-in components) or a class/function (for 
composite components) but got: undefined. You likely forgot to export your component from the file it's defined in, or 
you might have mixed up default and named imports.

Check your code at EditMapPage.tsx:134.
    at EditMapPage (C:/Users/nwong/Documents/Projects/Group2SWE/SWEGroup2/src/pages/EditMapPage.tsx:27:38)
Warning: React.jsx: type is invalid -- expected a string (for built-in components) or a class/function (for composite 
components) but got: undefined. You likely forgot to export your component from the file it's defined in, or you might 
have mixed up default and named imports.

Check your code at EditMapPage.tsx:134.
    at EditMapPage (C:/Users/nwong/Documents/Projects/Group2SWE/SWEGroup2/src/pages/EditMapPage.tsx:27:38)
The above error occurred in the <div> component:

    at div
    at div
    at div
    at EditMapPage (C:/Users/nwong/Documents/Projects/Group2SWE/SWEGroup2/src/pages/EditMapPage.tsx:27:38)

Consider adding an error boundary to your tree to customize error handling behavior.
Visit https://reactjs.org/link/error-boundaries to learn more about error boundaries.

 [32mΓ£ô[39m src/components/__tests__/ZoomControls.test.tsx [2m([22m[2m6 tests[22m[2m)[22m[33m 427[2mms[22m[39m
Error: Uncaught [Error: useSettings must be used within SettingsProvider]
    at reportException (C:\Users\nwong\Documents\Projects\Group2SWE\SWEGroup2\node_modules\jsdom\lib\jsdom\living\helpe
rs\runtime-script-errors.js:66:24)
    at innerInvokeEventListeners (C:\Users\nwong\Documents\Projects\Group2SWE\SWEGroup2\node_modules\jsdom\lib\jsdom\li
ving\events\EventTarget-impl.js:353:9)
    at invokeEventListeners (C:\Users\nwong\Documents\Projects\Group2SWE\SWEGroup2\node_modules\jsdom\lib\jsdom\living\
events\EventTarget-impl.js:286:3)
    at HTMLUnknownElementImpl._dispatch (C:\Users\nwong\Documents\Projects\Group2SWE\SWEGroup2\node_modules\jsdom\lib\j
sdom\living\events\EventTarget-impl.js:233:9)
    at HTMLUnknownElementImpl.dispatchEvent (C:\Users\nwong\Documents\Projects\Group2SWE\SWEGroup2\node_modules\jsdom\l
ib\jsdom\living\events\EventTarget-impl.js:104:17)
    at HTMLUnknownElement.dispatchEvent (C:\Users\nwong\Documents\Projects\Group2SWE\SWEGroup2\node_modules\jsdom\lib\j
sdom\living\generated\EventTarget.js:241:34)
    at Object.invokeGuardedCallbackDev 
(C:\Users\nwong\Documents\Projects\Group2SWE\SWEGroup2\node_modules\react-dom\cjs\react-dom.development.js:4213:16)
    at invokeGuardedCallback 
(C:\Users\nwong\Documents\Projects\Group2SWE\SWEGroup2\node_modules\react-dom\cjs\react-dom.development.js:4277:31)
    at beginWork$1 
(C:\Users\nwong\Documents\Projects\Group2SWE\SWEGroup2\node_modules\react-dom\cjs\react-dom.development.js:27490:7)
    at performUnitOfWork 
(C:\Users\nwong\Documents\Projects\Group2SWE\SWEGroup2\node_modules\react-dom\cjs\react-dom.development.js:26599:12) 
Error: useSettings must be used within SettingsProvider
    at useSettings (C:/Users/nwong/Documents/Projects/Group2SWE/SWEGroup2/src/context/SettingsContext.tsx:54:23)
    at TestConsumer 
(C:/Users/nwong/Documents/Projects/Group2SWE/SWEGroup2/src/context/__tests__/SettingsContext.test.tsx:15:9)
    at renderWithHooks 
(C:\Users\nwong\Documents\Projects\Group2SWE\SWEGroup2\node_modules\react-dom\cjs\react-dom.development.js:15486:18)
    at mountIndeterminateComponent 
(C:\Users\nwong\Documents\Projects\Group2SWE\SWEGroup2\node_modules\react-dom\cjs\react-dom.development.js:20103:13)
    at beginWork 
(C:\Users\nwong\Documents\Projects\Group2SWE\SWEGroup2\node_modules\react-dom\cjs\react-dom.development.js:21626:16)
    at HTMLUnknownElement.callCallback 
(C:\Users\nwong\Documents\Projects\Group2SWE\SWEGroup2\node_modules\react-dom\cjs\react-dom.development.js:4164:14)
    at HTMLUnknownElement.callTheUserObjectsOperation (C:\Users\nwong\Documents\Projects\Group2SWE\SWEGroup2\node_modul
es\jsdom\lib\jsdom\living\generated\EventListener.js:26:30)
    at innerInvokeEventListeners (C:\Users\nwong\Documents\Projects\Group2SWE\SWEGroup2\node_modules\jsdom\lib\jsdom\li
ving\events\EventTarget-impl.js:350:25)
    at invokeEventListeners (C:\Users\nwong\Documents\Projects\Group2SWE\SWEGroup2\node_modules\jsdom\lib\jsdom\living\
events\EventTarget-impl.js:286:3)
    at HTMLUnknownElementImpl._dispatch (C:\Users\nwong\Documents\Projects\Group2SWE\SWEGroup2\node_modules\jsdom\lib\j
sdom\living\events\EventTarget-impl.js:233:9)
Error: Uncaught [Error: useSettings must be used within SettingsProvider]
    at reportException (C:\Users\nwong\Documents\Projects\Group2SWE\SWEGroup2\node_modules\jsdom\lib\jsdom\living\helpe
rs\runtime-script-errors.js:66:24)
    at innerInvokeEventListeners (C:\Users\nwong\Documents\Projects\Group2SWE\SWEGroup2\node_modules\jsdom\lib\jsdom\li
ving\events\EventTarget-impl.js:353:9)
    at invokeEventListeners (C:\Users\nwong\Documents\Projects\Group2SWE\SWEGroup2\node_modules\jsdom\lib\jsdom\living\
events\EventTarget-impl.js:286:3)
    at HTMLUnknownElementImpl._dispatch (C:\Users\nwong\Documents\Projects\Group2SWE\SWEGroup2\node_modules\jsdom\lib\j
sdom\living\events\EventTarget-impl.js:233:9)
    at HTMLUnknownElementImpl.dispatchEvent (C:\Users\nwong\Documents\Projects\Group2SWE\SWEGroup2\node_modules\jsdom\l
ib\jsdom\living\events\EventTarget-impl.js:104:17)
    at HTMLUnknownElement.dispatchEvent (C:\Users\nwong\Documents\Projects\Group2SWE\SWEGroup2\node_modules\jsdom\lib\j
sdom\living\generated\EventTarget.js:241:34)
    at Object.invokeGuardedCallbackDev 
(C:\Users\nwong\Documents\Projects\Group2SWE\SWEGroup2\node_modules\react-dom\cjs\react-dom.development.js:4213:16)
    at invokeGuardedCallback 
(C:\Users\nwong\Documents\Projects\Group2SWE\SWEGroup2\node_modules\react-dom\cjs\react-dom.development.js:4277:31)
    at beginWork$1 
(C:\Users\nwong\Documents\Projects\Group2SWE\SWEGroup2\node_modules\react-dom\cjs\react-dom.development.js:27490:7)
    at performUnitOfWork 
(C:\Users\nwong\Documents\Projects\Group2SWE\SWEGroup2\node_modules\react-dom\cjs\react-dom.development.js:26599:12) 
Error: useSettings must be used within SettingsProvider
    at useSettings (C:/Users/nwong/Documents/Projects/Group2SWE/SWEGroup2/src/context/SettingsContext.tsx:54:23)
    at TestConsumer 
(C:/Users/nwong/Documents/Projects/Group2SWE/SWEGroup2/src/context/__tests__/SettingsContext.test.tsx:15:9)
    at renderWithHooks 
(C:\Users\nwong\Documents\Projects\Group2SWE\SWEGroup2\node_modules\react-dom\cjs\react-dom.development.js:15486:18)
    at mountIndeterminateComponent 
(C:\Users\nwong\Documents\Projects\Group2SWE\SWEGroup2\node_modules\react-dom\cjs\react-dom.development.js:20103:13)
    at beginWork 
(C:\Users\nwong\Documents\Projects\Group2SWE\SWEGroup2\node_modules\react-dom\cjs\react-dom.development.js:21626:16)
    at HTMLUnknownElement.callCallback 
(C:\Users\nwong\Documents\Projects\Group2SWE\SWEGroup2\node_modules\react-dom\cjs\react-dom.development.js:4164:14)
    at HTMLUnknownElement.callTheUserObjectsOperation (C:\Users\nwong\Documents\Projects\Group2SWE\SWEGroup2\node_modul
es\jsdom\lib\jsdom\living\generated\EventListener.js:26:30)
    at innerInvokeEventListeners (C:\Users\nwong\Documents\Projects\Group2SWE\SWEGroup2\node_modules\jsdom\lib\jsdom\li
ving\events\EventTarget-impl.js:350:25)
    at invokeEventListeners (C:\Users\nwong\Documents\Projects\Group2SWE\SWEGroup2\node_modules\jsdom\lib\jsdom\living\
events\EventTarget-impl.js:286:3)
    at HTMLUnknownElementImpl._dispatch (C:\Users\nwong\Documents\Projects\Group2SWE\SWEGroup2\node_modules\jsdom\lib\j
sdom\living\events\EventTarget-impl.js:233:9)
 [32mΓ£ô[39m src/context/__tests__/SettingsContext.test.tsx [2m([22m[2m8 tests[22m[2m)[22m[32m 230[2mms[22m[39m
Error: Uncaught [Error: useAuth must be used within AuthProvider]
    at reportException (C:\Users\nwong\Documents\Projects\Group2SWE\SWEGroup2\node_modules\jsdom\lib\jsdom\living\helpe
rs\runtime-script-errors.js:66:24)
    at innerInvokeEventListeners (C:\Users\nwong\Documents\Projects\Group2SWE\SWEGroup2\node_modules\jsdom\lib\jsdom\li
ving\events\EventTarget-impl.js:353:9)
    at invokeEventListeners (C:\Users\nwong\Documents\Projects\Group2SWE\SWEGroup2\node_modules\jsdom\lib\jsdom\living\
events\EventTarget-impl.js:286:3)
    at HTMLUnknownElementImpl._dispatch (C:\Users\nwong\Documents\Projects\Group2SWE\SWEGroup2\node_modules\jsdom\lib\j
sdom\living\events\EventTarget-impl.js:233:9)
    at HTMLUnknownElementImpl.dispatchEvent (C:\Users\nwong\Documents\Projects\Group2SWE\SWEGroup2\node_modules\jsdom\l
ib\jsdom\living\events\EventTarget-impl.js:104:17)
    at HTMLUnknownElement.dispatchEvent (C:\Users\nwong\Documents\Projects\Group2SWE\SWEGroup2\node_modules\jsdom\lib\j
sdom\living\generated\EventTarget.js:241:34)
    at Object.invokeGuardedCallbackDev 
(C:\Users\nwong\Documents\Projects\Group2SWE\SWEGroup2\node_modules\react-dom\cjs\react-dom.development.js:4213:16)
    at invokeGuardedCallback 
(C:\Users\nwong\Documents\Projects\Group2SWE\SWEGroup2\node_modules\react-dom\cjs\react-dom.development.js:4277:31)
    at beginWork$1 
(C:\Users\nwong\Documents\Projects\Group2SWE\SWEGroup2\node_modules\react-dom\cjs\react-dom.development.js:27490:7)
    at performUnitOfWork 
(C:\Users\nwong\Documents\Projects\Group2SWE\SWEGroup2\node_modules\react-dom\cjs\react-dom.development.js:26599:12) 
Error: useAuth must be used within AuthProvider
    at Module.useAuth (C:/Users/nwong/Documents/Projects/Group2SWE/SWEGroup2/src/context/AuthContext.tsx:128:21)
    at TestConsumer 
(C:/Users/nwong/Documents/Projects/Group2SWE/SWEGroup2/src/context/__tests__/AuthContext.test.tsx:15:18)
    at renderWithHooks 
(C:\Users\nwong\Documents\Projects\Group2SWE\SWEGroup2\node_modules\react-dom\cjs\react-dom.development.js:15486:18)
    at mountIndeterminateComponent 
(C:\Users\nwong\Documents\Projects\Group2SWE\SWEGroup2\node_modules\react-dom\cjs\react-dom.development.js:20103:13)
    at beginWork 
(C:\Users\nwong\Documents\Projects\Group2SWE\SWEGroup2\node_modules\react-dom\cjs\react-dom.development.js:21626:16)
    at HTMLUnknownElement.callCallback 
(C:\Users\nwong\Documents\Projects\Group2SWE\SWEGroup2\node_modules\react-dom\cjs\react-dom.development.js:4164:14)
    at HTMLUnknownElement.callTheUserObjectsOperation (C:\Users\nwong\Documents\Projects\Group2SWE\SWEGroup2\node_modul
es\jsdom\lib\jsdom\living\generated\EventListener.js:26:30)
    at innerInvokeEventListeners (C:\Users\nwong\Documents\Projects\Group2SWE\SWEGroup2\node_modules\jsdom\lib\jsdom\li
ving\events\EventTarget-impl.js:350:25)
    at invokeEventListeners (C:\Users\nwong\Documents\Projects\Group2SWE\SWEGroup2\node_modules\jsdom\lib\jsdom\living\
events\EventTarget-impl.js:286:3)
    at HTMLUnknownElementImpl._dispatch (C:\Users\nwong\Documents\Projects\Group2SWE\SWEGroup2\node_modules\jsdom\lib\j
sdom\living\events\EventTarget-impl.js:233:9)
Error: Uncaught [Error: useAuth must be used within AuthProvider]
    at reportException (C:\Users\nwong\Documents\Projects\Group2SWE\SWEGroup2\node_modules\jsdom\lib\jsdom\living\helpe
rs\runtime-script-errors.js:66:24)
    at innerInvokeEventListeners (C:\Users\nwong\Documents\Projects\Group2SWE\SWEGroup2\node_modules\jsdom\lib\jsdom\li
ving\events\EventTarget-impl.js:353:9)
    at invokeEventListeners (C:\Users\nwong\Documents\Projects\Group2SWE\SWEGroup2\node_modules\jsdom\lib\jsdom\living\
events\EventTarget-impl.js:286:3)
    at HTMLUnknownElementImpl._dispatch (C:\Users\nwong\Documents\Projects\Group2SWE\SWEGroup2\node_modules\jsdom\lib\j
sdom\living\events\EventTarget-impl.js:233:9)
    at HTMLUnknownElementImpl.dispatchEvent (C:\Users\nwong\Documents\Projects\Group2SWE\SWEGroup2\node_modules\jsdom\l
ib\jsdom\living\events\EventTarget-impl.js:104:17)
    at HTMLUnknownElement.dispatchEvent (C:\Users\nwong\Documents\Projects\Group2SWE\SWEGroup2\node_modules\jsdom\lib\j
sdom\living\generated\EventTarget.js:241:34)
    at Object.invokeGuardedCallbackDev 
(C:\Users\nwong\Documents\Projects\Group2SWE\SWEGroup2\node_modules\react-dom\cjs\react-dom.development.js:4213:16)
    at invokeGuardedCallback 
(C:\Users\nwong\Documents\Projects\Group2SWE\SWEGroup2\node_modules\react-dom\cjs\react-dom.development.js:4277:31)
    at beginWork$1 
(C:\Users\nwong\Documents\Projects\Group2SWE\SWEGroup2\node_modules\react-dom\cjs\react-dom.development.js:27490:7)
    at performUnitOfWork 
(C:\Users\nwong\Documents\Projects\Group2SWE\SWEGroup2\node_modules\react-dom\cjs\react-dom.development.js:26599:12) 
Error: useAuth must be used within AuthProvider
    at Module.useAuth (C:/Users/nwong/Documents/Projects/Group2SWE/SWEGroup2/src/context/AuthContext.tsx:128:21)
    at TestConsumer 
(C:/Users/nwong/Documents/Projects/Group2SWE/SWEGroup2/src/context/__tests__/AuthContext.test.tsx:15:18)
    at renderWithHooks 
(C:\Users\nwong\Documents\Projects\Group2SWE\SWEGroup2\node_modules\react-dom\cjs\react-dom.development.js:15486:18)
    at mountIndeterminateComponent 
(C:\Users\nwong\Documents\Projects\Group2SWE\SWEGroup2\node_modules\react-dom\cjs\react-dom.development.js:20103:13)
    at beginWork 
(C:\Users\nwong\Documents\Projects\Group2SWE\SWEGroup2\node_modules\react-dom\cjs\react-dom.development.js:21626:16)
    at HTMLUnknownElement.callCallback 
(C:\Users\nwong\Documents\Projects\Group2SWE\SWEGroup2\node_modules\react-dom\cjs\react-dom.development.js:4164:14)
    at HTMLUnknownElement.callTheUserObjectsOperation (C:\Users\nwong\Documents\Projects\Group2SWE\SWEGroup2\node_modul
es\jsdom\lib\jsdom\living\generated\EventListener.js:26:30)
    at innerInvokeEventListeners (C:\Users\nwong\Documents\Projects\Group2SWE\SWEGroup2\node_modules\jsdom\lib\jsdom\li
ving\events\EventTarget-impl.js:350:25)
    at invokeEventListeners (C:\Users\nwong\Documents\Projects\Group2SWE\SWEGroup2\node_modules\jsdom\lib\jsdom\living\
events\EventTarget-impl.js:286:3)
    at HTMLUnknownElementImpl._dispatch (C:\Users\nwong\Documents\Projects\Group2SWE\SWEGroup2\node_modules\jsdom\lib\j
sdom\living\events\EventTarget-impl.js:233:9)
[90mstderr[2m | src/context/__tests__/AuthContext.test.tsx[2m > [22m[2mAuthContext[2m > [22m[2mRequireAuth[2m 
> [22m[2mrenders nothing while loading
[22m[39mWarning: An update to AuthProvider inside a test was not wrapped in act(...).

When testing, code that causes React state updates should be wrapped into act(...):

act(() => {
  /* fire events that update state */
});
/* assert on the output */

This ensures that you're testing the behavior the user would see in the browser. Learn more at 
https://reactjs.org/link/wrap-tests-with-act
    at AuthProvider (C:/Users/nwong/Documents/Projects/Group2SWE/SWEGroup2/src/context/AuthContext.tsx:46:25)

 [32mΓ£ô[39m src/components/__tests__/ToggleSwitch.test.tsx [2m([22m[2m11 tests[22m[2m)[22m[33m 355[2mms[22m[39m
 [32mΓ£ô[39m src/context/__tests__/AuthContext.test.tsx [2m([22m[2m13 tests[22m[2m)[22m[33m 355[2mms[22m[39m
Error: Uncaught [Error: useTheme must be used within ThemeProvider]
    at reportException (C:\Users\nwong\Documents\Projects\Group2SWE\SWEGroup2\node_modules\jsdom\lib\jsdom\living\helpe
rs\runtime-script-errors.js:66:24)
    at innerInvokeEventListeners (C:\Users\nwong\Documents\Projects\Group2SWE\SWEGroup2\node_modules\jsdom\lib\jsdom\li
ving\events\EventTarget-impl.js:353:9)
    at invokeEventListeners (C:\Users\nwong\Documents\Projects\Group2SWE\SWEGroup2\node_modules\jsdom\lib\jsdom\living\
events\EventTarget-impl.js:286:3)
    at HTMLUnknownElementImpl._dispatch (C:\Users\nwong\Documents\Projects\Group2SWE\SWEGroup2\node_modules\jsdom\lib\j
sdom\living\events\EventTarget-impl.js:233:9)
    at HTMLUnknownElementImpl.dispatchEvent (C:\Users\nwong\Documents\Projects\Group2SWE\SWEGroup2\node_modules\jsdom\l
ib\jsdom\living\events\EventTarget-impl.js:104:17)
    at HTMLUnknownElement.dispatchEvent (C:\Users\nwong\Documents\Projects\Group2SWE\SWEGroup2\node_modules\jsdom\lib\j
sdom\living\generated\EventTarget.js:241:34)
    at Object.invokeGuardedCallbackDev 
(C:\Users\nwong\Documents\Projects\Group2SWE\SWEGroup2\node_modules\react-dom\cjs\react-dom.development.js:4213:16)
    at invokeGuardedCallback 
(C:\Users\nwong\Documents\Projects\Group2SWE\SWEGroup2\node_modules\react-dom\cjs\react-dom.development.js:4277:31)
    at beginWork$1 
(C:\Users\nwong\Documents\Projects\Group2SWE\SWEGroup2\node_modules\react-dom\cjs\react-dom.development.js:27490:7)
    at performUnitOfWork 
(C:\Users\nwong\Documents\Projects\Group2SWE\SWEGroup2\node_modules\react-dom\cjs\react-dom.development.js:26599:12) 
Error: useTheme must be used within ThemeProvider
    at useTheme (C:/Users/nwong/Documents/Projects/Group2SWE/SWEGroup2/src/context/ThemeContext.tsx:45:11)
    at TestConsumer 
(C:/Users/nwong/Documents/Projects/Group2SWE/SWEGroup2/src/context/__tests__/ThemeContext.test.tsx:6:36)
    at renderWithHooks 
(C:\Users\nwong\Documents\Projects\Group2SWE\SWEGroup2\node_modules\react-dom\cjs\react-dom.development.js:15486:18)
    at mountIndeterminateComponent 
(C:\Users\nwong\Documents\Projects\Group2SWE\SWEGroup2\node_modules\react-dom\cjs\react-dom.development.js:20103:13)
    at beginWork 
(C:\Users\nwong\Documents\Projects\Group2SWE\SWEGroup2\node_modules\react-dom\cjs\react-dom.development.js:21626:16)
    at HTMLUnknownElement.callCallback 
(C:\Users\nwong\Documents\Projects\Group2SWE\SWEGroup2\node_modules\react-dom\cjs\react-dom.development.js:4164:14)
    at HTMLUnknownElement.callTheUserObjectsOperation (C:\Users\nwong\Documents\Projects\Group2SWE\SWEGroup2\node_modul
es\jsdom\lib\jsdom\living\generated\EventListener.js:26:30)
    at innerInvokeEventListeners (C:\Users\nwong\Documents\Projects\Group2SWE\SWEGroup2\node_modules\jsdom\lib\jsdom\li
ving\events\EventTarget-impl.js:350:25)
    at invokeEventListeners (C:\Users\nwong\Documents\Projects\Group2SWE\SWEGroup2\node_modules\jsdom\lib\jsdom\living\
events\EventTarget-impl.js:286:3)
    at HTMLUnknownElementImpl._dispatch (C:\Users\nwong\Documents\Projects\Group2SWE\SWEGroup2\node_modules\jsdom\lib\j
sdom\living\events\EventTarget-impl.js:233:9)
Error: Uncaught [Error: useTheme must be used within ThemeProvider]
    at reportException (C:\Users\nwong\Documents\Projects\Group2SWE\SWEGroup2\node_modules\jsdom\lib\jsdom\living\helpe
rs\runtime-script-errors.js:66:24)
    at innerInvokeEventListeners (C:\Users\nwong\Documents\Projects\Group2SWE\SWEGroup2\node_modules\jsdom\lib\jsdom\li
ving\events\EventTarget-impl.js:353:9)
    at invokeEventListeners (C:\Users\nwong\Documents\Projects\Group2SWE\SWEGroup2\node_modules\jsdom\lib\jsdom\living\
events\EventTarget-impl.js:286:3)
    at HTMLUnknownElementImpl._dispatch (C:\Users\nwong\Documents\Projects\Group2SWE\SWEGroup2\node_modules\jsdom\lib\j
sdom\living\events\EventTarget-impl.js:233:9)
    at HTMLUnknownElementImpl.dispatchEvent (C:\Users\nwong\Documents\Projects\Group2SWE\SWEGroup2\node_modules\jsdom\l
ib\jsdom\living\events\EventTarget-impl.js:104:17)
    at HTMLUnknownElement.dispatchEvent (C:\Users\nwong\Documents\Projects\Group2SWE\SWEGroup2\node_modules\jsdom\lib\j
sdom\living\generated\EventTarget.js:241:34)
    at Object.invokeGuardedCallbackDev 
(C:\Users\nwong\Documents\Projects\Group2SWE\SWEGroup2\node_modules\react-dom\cjs\react-dom.development.js:4213:16)
    at invokeGuardedCallback 
(C:\Users\nwong\Documents\Projects\Group2SWE\SWEGroup2\node_modules\react-dom\cjs\react-dom.development.js:4277:31)
    at beginWork$1 
(C:\Users\nwong\Documents\Projects\Group2SWE\SWEGroup2\node_modules\react-dom\cjs\react-dom.development.js:27490:7)
    at performUnitOfWork 
(C:\Users\nwong\Documents\Projects\Group2SWE\SWEGroup2\node_modules\react-dom\cjs\react-dom.development.js:26599:12) 
Error: useTheme must be used within ThemeProvider
    at useTheme (C:/Users/nwong/Documents/Projects/Group2SWE/SWEGroup2/src/context/ThemeContext.tsx:45:11)
    at TestConsumer 
(C:/Users/nwong/Documents/Projects/Group2SWE/SWEGroup2/src/context/__tests__/ThemeContext.test.tsx:6:36)
    at renderWithHooks 
(C:\Users\nwong\Documents\Projects\Group2SWE\SWEGroup2\node_modules\react-dom\cjs\react-dom.development.js:15486:18)
    at mountIndeterminateComponent 
(C:\Users\nwong\Documents\Projects\Group2SWE\SWEGroup2\node_modules\react-dom\cjs\react-dom.development.js:20103:13)
    at beginWork 
(C:\Users\nwong\Documents\Projects\Group2SWE\SWEGroup2\node_modules\react-dom\cjs\react-dom.development.js:21626:16)
    at HTMLUnknownElement.callCallback 
(C:\Users\nwong\Documents\Projects\Group2SWE\SWEGroup2\node_modules\react-dom\cjs\react-dom.development.js:4164:14)
    at HTMLUnknownElement.callTheUserObjectsOperation (C:\Users\nwong\Documents\Projects\Group2SWE\SWEGroup2\node_modul
es\jsdom\lib\jsdom\living\generated\EventListener.js:26:30)
    at innerInvokeEventListeners (C:\Users\nwong\Documents\Projects\Group2SWE\SWEGroup2\node_modules\jsdom\lib\jsdom\li
ving\events\EventTarget-impl.js:350:25)
    at invokeEventListeners (C:\Users\nwong\Documents\Projects\Group2SWE\SWEGroup2\node_modules\jsdom\lib\jsdom\living\
events\EventTarget-impl.js:286:3)
    at HTMLUnknownElementImpl._dispatch (C:\Users\nwong\Documents\Projects\Group2SWE\SWEGroup2\node_modules\jsdom\lib\j
sdom\living\events\EventTarget-impl.js:233:9)
 [32mΓ£ô[39m src/context/__tests__/ThemeContext.test.tsx [2m([22m[2m9 tests[22m[2m)[22m[32m 193[2mms[22m[39m
[90mstderr[2m | src/pages/__tests__/SignUpPage.test.tsx[2m > [22m[2mSignUpPage[2m > [22m[2mrenders the sign up 
form
[22m[39mWarning: React does not recognize the `whileHover` prop on a DOM element. If you intentionally want it to 
appear in the DOM as a custom attribute, spell it as lowercase `whilehover` instead. If you accidentally passed it 
from a parent component, remove it from the DOM element.
    at button
    at button (C:/Users/nwong/Documents/Projects/Group2SWE/SWEGroup2/src/pages/__tests__/SignUpPage.test.tsx:12:16)
    at form
    at div
    at div (C:/Users/nwong/Documents/Projects/Group2SWE/SWEGroup2/src/pages/__tests__/SignUpPage.test.tsx:7:13)
    at div
    at SignUpPage (C:/Users/nwong/Documents/Projects/Group2SWE/SWEGroup2/src/pages/SignUpPage.tsx:17:61)
Warning: React does not recognize the `whileTap` prop on a DOM element. If you intentionally want it to appear in the 
DOM as a custom attribute, spell it as lowercase `whiletap` instead. If you accidentally passed it from a parent 
component, remove it from the DOM element.
    at button
    at button (C:/Users/nwong/Documents/Projects/Group2SWE/SWEGroup2/src/pages/__tests__/SignUpPage.test.tsx:12:16)
    at form
    at div
    at div (C:/Users/nwong/Documents/Projects/Group2SWE/SWEGroup2/src/pages/__tests__/SignUpPage.test.tsx:7:13)
    at div
    at SignUpPage (C:/Users/nwong/Documents/Projects/Group2SWE/SWEGroup2/src/pages/SignUpPage.tsx:17:61)

[90mstderr[2m | src/pages/__tests__/LoginPage.test.tsx[2m > [22m[2mLoginPage[2m > [22m[2mrenders the login form
[22m[39mWarning: React does not recognize the `whileHover` prop on a DOM element. If you intentionally want it to 
appear in the DOM as a custom attribute, spell it as lowercase `whilehover` instead. If you accidentally passed it 
from a parent component, remove it from the DOM element.
    at button
    at button (C:/Users/nwong/Documents/Projects/Group2SWE/SWEGroup2/src/pages/__tests__/LoginPage.test.tsx:12:16)
    at form
    at div
    at div (C:/Users/nwong/Documents/Projects/Group2SWE/SWEGroup2/src/pages/__tests__/LoginPage.test.tsx:7:13)
    at div
    at LoginPage (C:/Users/nwong/Documents/Projects/Group2SWE/SWEGroup2/src/pages/LoginPage.tsx:17:83)
Warning: React does not recognize the `whileTap` prop on a DOM element. If you intentionally want it to appear in the 
DOM as a custom attribute, spell it as lowercase `whiletap` instead. If you accidentally passed it from a parent 
component, remove it from the DOM element.
    at button
    at button (C:/Users/nwong/Documents/Projects/Group2SWE/SWEGroup2/src/pages/__tests__/LoginPage.test.tsx:12:16)
    at form
    at div
    at div (C:/Users/nwong/Documents/Projects/Group2SWE/SWEGroup2/src/pages/__tests__/LoginPage.test.tsx:7:13)
    at div
    at LoginPage (C:/Users/nwong/Documents/Projects/Group2SWE/SWEGroup2/src/pages/LoginPage.tsx:17:83)

 [32mΓ£ô[39m src/pages/__tests__/NotFoundPage.test.tsx [2m([22m[2m4 tests[22m[2m)[22m[32m 122[2mms[22m[39m
 [32mΓ£ô[39m src/pages/__tests__/SettingsPage.test.tsx [2m([22m[2m13 tests[22m[2m)[22m[33m 532[2mms[22m[39m
 [32mΓ£ô[39m src/components/__tests__/ShinyText.test.tsx [2m([22m[2m7 tests[22m[2m)[22m[32m 114[2mms[22m[39m
[90mstderr[2m | src/pages/__tests__/LoginPage.test.tsx[2m > [22m[2mLoginPage[2m > [22m[2mshows error on login 
failure
[22m[39mLogin error: Error: Auth failed
    at C:/Users/nwong/Documents/Projects/Group2SWE/SWEGroup2/src/pages/__tests__/LoginPage.test.tsx:135:44
    at [90mfile:///C:/Users/nwong/Documents/Projects/Group2SWE/SWEGroup2/[39mnode_modules/[4m@vitest[24m/runner/dis
t/index.js:145:11
    at [90mfile:///C:/Users/nwong/Documents/Projects/Group2SWE/SWEGroup2/[39mnode_modules/[4m@vitest[24m/runner/dis
t/index.js:915:26
    at [90mfile:///C:/Users/nwong/Documents/Projects/Group2SWE/SWEGroup2/[39mnode_modules/[4m@vitest[24m/runner/dis
t/index.js:1240:20
    at new Promise (<anonymous>)
    at runWithTimeout [90m(file:///C:/Users/nwong/Documents/Projects/Group2SWE/SWEGroup2/[39mnode_modules/[4m@vitest
[24m/runner/dist/index.js:1206:10[90m)[39m
    at [90mfile:///C:/Users/nwong/Documents/Projects/Group2SWE/SWEGroup2/[39mnode_modules/[4m@vitest[24m/runner/dis
t/index.js:1650:37
    at Traces.$ [90m(file:///C:/Users/nwong/Documents/Projects/Group2SWE/SWEGroup2/[39mnode_modules/[4mvitest[24m/d
ist/chunks/traces.U4xDYhzZ.js:115:27[90m)[39m
    at trace [90m(file:///C:/Users/nwong/Documents/Projects/Group2SWE/SWEGroup2/[39mnode_modules/[4mvitest[24m/dist
/chunks/test.BT8LKgU9.js:239:21[90m)[39m
    at runTest [90m(file:///C:/Users/nwong/Documents/Projects/Group2SWE/SWEGroup2/[39mnode_modules/[4m@vitest[24m/r
unner/dist/index.js:1650:12[90m)[39m

[90mstderr[2m | src/pages/__tests__/LoginPage.test.tsx[2m > [22m[2mLoginPage[2m > [22m[2mshows generic error 
for non-Error rejection
[22m[39mLogin error: something

 [32mΓ£ô[39m src/pages/__tests__/LoginPage.test.tsx [2m([22m[2m11 tests[22m[2m)[22m[33m 621[2mms[22m[39m
 [32mΓ£ô[39m src/pages/__tests__/SignUpPage.test.tsx [2m([22m[2m12 tests[22m[2m)[22m[33m 865[2mms[22m[39m
Error: Uncaught [Error: Element type is invalid: expected a string (for built-in components) or a class/function (for 
composite components) but got: undefined. You likely forgot to export your component from the file it's defined in, or 
you might have mixed up default and named imports.

Check the render method of `MapPage`.]
    at reportException (C:\Users\nwong\Documents\Projects\Group2SWE\SWEGroup2\node_modules\jsdom\lib\jsdom\living\helpe
rs\runtime-script-errors.js:66:24)
    at innerInvokeEventListeners (C:\Users\nwong\Documents\Projects\Group2SWE\SWEGroup2\node_modules\jsdom\lib\jsdom\li
ving\events\EventTarget-impl.js:353:9)
    at invokeEventListeners (C:\Users\nwong\Documents\Projects\Group2SWE\SWEGroup2\node_modules\jsdom\lib\jsdom\living\
events\EventTarget-impl.js:286:3)
    at HTMLUnknownElementImpl._dispatch (C:\Users\nwong\Documents\Projects\Group2SWE\SWEGroup2\node_modules\jsdom\lib\j
sdom\living\events\EventTarget-impl.js:233:9)
    at HTMLUnknownElementImpl.dispatchEvent (C:\Users\nwong\Documents\Projects\Group2SWE\SWEGroup2\node_modules\jsdom\l
ib\jsdom\living\events\EventTarget-impl.js:104:17)
    at HTMLUnknownElement.dispatchEvent (C:\Users\nwong\Documents\Projects\Group2SWE\SWEGroup2\node_modules\jsdom\lib\j
sdom\living\generated\EventTarget.js:241:34)
    at Object.invokeGuardedCallbackDev 
(C:\Users\nwong\Documents\Projects\Group2SWE\SWEGroup2\node_modules\react-dom\cjs\react-dom.development.js:4213:16)
    at invokeGuardedCallback 
(C:\Users\nwong\Documents\Projects\Group2SWE\SWEGroup2\node_modules\react-dom\cjs\react-dom.development.js:4277:31)
    at beginWork$1 
(C:\Users\nwong\Documents\Projects\Group2SWE\SWEGroup2\node_modules\react-dom\cjs\react-dom.development.js:27490:7)
    at performUnitOfWork 
(C:\Users\nwong\Documents\Projects\Group2SWE\SWEGroup2\node_modules\react-dom\cjs\react-dom.development.js:26599:12) 
Error: Element type is invalid: expected a string (for built-in components) or a class/function (for composite 
components) but got: undefined. You likely forgot to export your component from the file it's defined in, or you might 
have mixed up default and named imports.

Check the render method of `MapPage`.
    at createFiberFromTypeAndProps 
(C:\Users\nwong\Documents\Projects\Group2SWE\SWEGroup2\node_modules\react-dom\cjs\react-dom.development.js:28478:17)
    at createFiberFromElement 
(C:\Users\nwong\Documents\Projects\Group2SWE\SWEGroup2\node_modules\react-dom\cjs\react-dom.development.js:28504:15)
    at reconcileSingleElement 
(C:\Users\nwong\Documents\Projects\Group2SWE\SWEGroup2\node_modules\react-dom\cjs\react-dom.development.js:13986:23)
    at reconcileChildFibers 
(C:\Users\nwong\Documents\Projects\Group2SWE\SWEGroup2\node_modules\react-dom\cjs\react-dom.development.js:14044:35)
    at reconcileChildren 
(C:\Users\nwong\Documents\Projects\Group2SWE\SWEGroup2\node_modules\react-dom\cjs\react-dom.development.js:19186:28)
    at updateHostComponent 
(C:\Users\nwong\Documents\Projects\Group2SWE\SWEGroup2\node_modules\react-dom\cjs\react-dom.development.js:19953:3)
    at beginWork 
(C:\Users\nwong\Documents\Projects\Group2SWE\SWEGroup2\node_modules\react-dom\cjs\react-dom.development.js:21657:14)
    at HTMLUnknownElement.callCallback 
(C:\Users\nwong\Documents\Projects\Group2SWE\SWEGroup2\node_modules\react-dom\cjs\react-dom.development.js:4164:14)
    at HTMLUnknownElement.callTheUserObjectsOperation (C:\Users\nwong\Documents\Projects\Group2SWE\SWEGroup2\node_modul
es\jsdom\lib\jsdom\living\generated\EventListener.js:26:30)
    at innerInvokeEventListeners (C:\Users\nwong\Documents\Projects\Group2SWE\SWEGroup2\node_modules\jsdom\lib\jsdom\li
ving\events\EventTarget-impl.js:350:25)
Error: Uncaught [Error: Element type is invalid: expected a string (for built-in components) or a class/function (for 
composite components) but got: undefined. You likely forgot to export your component from the file it's defined in, or 
you might have mixed up default and named imports.

Check the render method of `MapPage`.]
    at reportException (C:\Users\nwong\Documents\Projects\Group2SWE\SWEGroup2\node_modules\jsdom\lib\jsdom\living\helpe
rs\runtime-script-errors.js:66:24)
    at innerInvokeEventListeners (C:\Users\nwong\Documents\Projects\Group2SWE\SWEGroup2\node_modules\jsdom\lib\jsdom\li
ving\events\EventTarget-impl.js:353:9)
    at invokeEventListeners (C:\Users\nwong\Documents\Projects\Group2SWE\SWEGroup2\node_modules\jsdom\lib\jsdom\living\
events\EventTarget-impl.js:286:3)
    at HTMLUnknownElementImpl._dispatch (C:\Users\nwong\Documents\Projects\Group2SWE\SWEGroup2\node_modules\jsdom\lib\j
sdom\living\events\EventTarget-impl.js:233:9)
    at HTMLUnknownElementImpl.dispatchEvent (C:\Users\nwong\Documents\Projects\Group2SWE\SWEGroup2\node_modules\jsdom\l
ib\jsdom\living\events\EventTarget-impl.js:104:17)
    at HTMLUnknownElement.dispatchEvent (C:\Users\nwong\Documents\Projects\Group2SWE\SWEGroup2\node_modules\jsdom\lib\j
sdom\living\generated\EventTarget.js:241:34)
    at Object.invokeGuardedCallbackDev 
(C:\Users\nwong\Documents\Projects\Group2SWE\SWEGroup2\node_modules\react-dom\cjs\react-dom.development.js:4213:16)
    at invokeGuardedCallback 
(C:\Users\nwong\Documents\Projects\Group2SWE\SWEGroup2\node_modules\react-dom\cjs\react-dom.development.js:4277:31)
    at beginWork$1 
(C:\Users\nwong\Documents\Projects\Group2SWE\SWEGroup2\node_modules\react-dom\cjs\react-dom.development.js:27490:7)
    at performUnitOfWork 
(C:\Users\nwong\Documents\Projects\Group2SWE\SWEGroup2\node_modules\react-dom\cjs\react-dom.development.js:26599:12) 
Error: Element type is invalid: expected a string (for built-in components) or a class/function (for composite 
components) but got: undefined. You likely forgot to export your component from the file it's defined in, or you might 
have mixed up default and named imports.

Check the render method of `MapPage`.
    at createFiberFromTypeAndProps 
(C:\Users\nwong\Documents\Projects\Group2SWE\SWEGroup2\node_modules\react-dom\cjs\react-dom.development.js:28478:17)
    at createFiberFromElement 
(C:\Users\nwong\Documents\Projects\Group2SWE\SWEGroup2\node_modules\react-dom\cjs\react-dom.development.js:28504:15)
    at reconcileSingleElement 
(C:\Users\nwong\Documents\Projects\Group2SWE\SWEGroup2\node_modules\react-dom\cjs\react-dom.development.js:13986:23)
    at reconcileChildFibers 
(C:\Users\nwong\Documents\Projects\Group2SWE\SWEGroup2\node_modules\react-dom\cjs\react-dom.development.js:14044:35)
    at reconcileChildren 
(C:\Users\nwong\Documents\Projects\Group2SWE\SWEGroup2\node_modules\react-dom\cjs\react-dom.development.js:19186:28)
    at updateHostComponent 
(C:\Users\nwong\Documents\Projects\Group2SWE\SWEGroup2\node_modules\react-dom\cjs\react-dom.development.js:19953:3)
    at beginWork 
(C:\Users\nwong\Documents\Projects\Group2SWE\SWEGroup2\node_modules\react-dom\cjs\react-dom.development.js:21657:14)
    at HTMLUnknownElement.callCallback 
(C:\Users\nwong\Documents\Projects\Group2SWE\SWEGroup2\node_modules\react-dom\cjs\react-dom.development.js:4164:14)
    at HTMLUnknownElement.callTheUserObjectsOperation (C:\Users\nwong\Documents\Projects\Group2SWE\SWEGroup2\node_modul
es\jsdom\lib\jsdom\living\generated\EventListener.js:26:30)
    at innerInvokeEventListeners (C:\Users\nwong\Documents\Projects\Group2SWE\SWEGroup2\node_modules\jsdom\lib\jsdom\li
ving\events\EventTarget-impl.js:350:25)
[90mstderr[2m | src/pages/__tests__/MapPage.test.tsx[2m > [22m[2mMapPage[2m > [22m[2mnavigates to edit page 
when edit button is clicked
[22m[39mWarning: React.jsx: type is invalid -- expected a string (for built-in components) or a class/function (for 
composite components) but got: undefined. You likely forgot to export your component from the file it's defined in, or 
you might have mixed up default and named imports.

Check your code at MapPage.tsx:123.
    at MapPage (C:/Users/nwong/Documents/Projects/Group2SWE/SWEGroup2/src/pages/MapPage.tsx:25:67)
Warning: React.jsx: type is invalid -- expected a string (for built-in components) or a class/function (for composite 
components) but got: undefined. You likely forgot to export your component from the file it's defined in, or you might 
have mixed up default and named imports.

Check your code at MapPage.tsx:123.
    at MapPage (C:/Users/nwong/Documents/Projects/Group2SWE/SWEGroup2/src/pages/MapPage.tsx:25:67)
The above error occurred in the <div> component:

    at div
    at div
    at div
    at MapPage (C:/Users/nwong/Documents/Projects/Group2SWE/SWEGroup2/src/pages/MapPage.tsx:25:67)

Consider adding an error boundary to your tree to customize error handling behavior.
Visit https://reactjs.org/link/error-boundaries to learn more about error boundaries.

Error: Uncaught [Error: Element type is invalid: expected a string (for built-in components) or a class/function (for 
composite components) but got: undefined. You likely forgot to export your component from the file it's defined in, or 
you might have mixed up default and named imports.

Check the render method of `EditMapPage`.]
    at reportException (C:\Users\nwong\Documents\Projects\Group2SWE\SWEGroup2\node_modules\jsdom\lib\jsdom\living\helpe
rs\runtime-script-errors.js:66:24)
    at innerInvokeEventListeners (C:\Users\nwong\Documents\Projects\Group2SWE\SWEGroup2\node_modules\jsdom\lib\jsdom\li
ving\events\EventTarget-impl.js:353:9)
    at invokeEventListeners (C:\Users\nwong\Documents\Projects\Group2SWE\SWEGroup2\node_modules\jsdom\lib\jsdom\living\
events\EventTarget-impl.js:286:3)
    at HTMLUnknownElementImpl._dispatch (C:\Users\nwong\Documents\Projects\Group2SWE\SWEGroup2\node_modules\jsdom\lib\j
sdom\living\events\EventTarget-impl.js:233:9)
    at HTMLUnknownElementImpl.dispatchEvent (C:\Users\nwong\Documents\Projects\Group2SWE\SWEGroup2\node_modules\jsdom\l
ib\jsdom\living\events\EventTarget-impl.js:104:17)
    at HTMLUnknownElement.dispatchEvent (C:\Users\nwong\Documents\Projects\Group2SWE\SWEGroup2\node_modules\jsdom\lib\j
sdom\living\generated\EventTarget.js:241:34)
    at Object.invokeGuardedCallbackDev 
(C:\Users\nwong\Documents\Projects\Group2SWE\SWEGroup2\node_modules\react-dom\cjs\react-dom.development.js:4213:16)
    at invokeGuardedCallback 
(C:\Users\nwong\Documents\Projects\Group2SWE\SWEGroup2\node_modules\react-dom\cjs\react-dom.development.js:4277:31)
    at beginWork$1 
(C:\Users\nwong\Documents\Projects\Group2SWE\SWEGroup2\node_modules\react-dom\cjs\react-dom.development.js:27490:7)
    at performUnitOfWork 
(C:\Users\nwong\Documents\Projects\Group2SWE\SWEGroup2\node_modules\react-dom\cjs\react-dom.development.js:26599:12) 
Error: Element type is invalid: expected a string (for built-in components) or a class/function (for composite 
components) but got: undefined. You likely forgot to export your component from the file it's defined in, or you might 
have mixed up default and named imports.

Check the render method of `EditMapPage`.
    at createFiberFromTypeAndProps 
(C:\Users\nwong\Documents\Projects\Group2SWE\SWEGroup2\node_modules\react-dom\cjs\react-dom.development.js:28478:17)
    at createFiberFromElement 
(C:\Users\nwong\Documents\Projects\Group2SWE\SWEGroup2\node_modules\react-dom\cjs\react-dom.development.js:28504:15)
    at reconcileSingleElement 
(C:\Users\nwong\Documents\Projects\Group2SWE\SWEGroup2\node_modules\react-dom\cjs\react-dom.development.js:13986:23)
    at reconcileChildFibers 
(C:\Users\nwong\Documents\Projects\Group2SWE\SWEGroup2\node_modules\react-dom\cjs\react-dom.development.js:14044:35)
    at reconcileChildren 
(C:\Users\nwong\Documents\Projects\Group2SWE\SWEGroup2\node_modules\react-dom\cjs\react-dom.development.js:19186:28)
    at updateHostComponent 
(C:\Users\nwong\Documents\Projects\Group2SWE\SWEGroup2\node_modules\react-dom\cjs\react-dom.development.js:19953:3)
    at beginWork 
(C:\Users\nwong\Documents\Projects\Group2SWE\SWEGroup2\node_modules\react-dom\cjs\react-dom.development.js:21657:14)
    at HTMLUnknownElement.callCallback 
(C:\Users\nwong\Documents\Projects\Group2SWE\SWEGroup2\node_modules\react-dom\cjs\react-dom.development.js:4164:14)
    at HTMLUnknownElement.callTheUserObjectsOperation (C:\Users\nwong\Documents\Projects\Group2SWE\SWEGroup2\node_modul
es\jsdom\lib\jsdom\living\generated\EventListener.js:26:30)
    at innerInvokeEventListeners (C:\Users\nwong\Documents\Projects\Group2SWE\SWEGroup2\node_modules\jsdom\lib\jsdom\li
ving\events\EventTarget-impl.js:350:25)
Error: Uncaught [Error: Element type is invalid: expected a string (for built-in components) or a class/function (for 
composite components) but got: undefined. You likely forgot to export your component from the file it's defined in, or 
you might have mixed up default and named imports.

Check the render method of `EditMapPage`.]
    at reportException (C:\Users\nwong\Documents\Projects\Group2SWE\SWEGroup2\node_modules\jsdom\lib\jsdom\living\helpe
rs\runtime-script-errors.js:66:24)
    at innerInvokeEventListeners (C:\Users\nwong\Documents\Projects\Group2SWE\SWEGroup2\node_modules\jsdom\lib\jsdom\li
ving\events\EventTarget-impl.js:353:9)
    at invokeEventListeners (C:\Users\nwong\Documents\Projects\Group2SWE\SWEGroup2\node_modules\jsdom\lib\jsdom\living\
events\EventTarget-impl.js:286:3)
    at HTMLUnknownElementImpl._dispatch (C:\Users\nwong\Documents\Projects\Group2SWE\SWEGroup2\node_modules\jsdom\lib\j
sdom\living\events\EventTarget-impl.js:233:9)
    at HTMLUnknownElementImpl.dispatchEvent (C:\Users\nwong\Documents\Projects\Group2SWE\SWEGroup2\node_modules\jsdom\l
ib\jsdom\living\events\EventTarget-impl.js:104:17)
    at HTMLUnknownElement.dispatchEvent (C:\Users\nwong\Documents\Projects\Group2SWE\SWEGroup2\node_modules\jsdom\lib\j
sdom\living\generated\EventTarget.js:241:34)
    at Object.invokeGuardedCallbackDev 
(C:\Users\nwong\Documents\Projects\Group2SWE\SWEGroup2\node_modules\react-dom\cjs\react-dom.development.js:4213:16)
    at invokeGuardedCallback 
(C:\Users\nwong\Documents\Projects\Group2SWE\SWEGroup2\node_modules\react-dom\cjs\react-dom.development.js:4277:31)
    at beginWork$1 
(C:\Users\nwong\Documents\Projects\Group2SWE\SWEGroup2\node_modules\react-dom\cjs\react-dom.development.js:27490:7)
    at performUnitOfWork 
(C:\Users\nwong\Documents\Projects\Group2SWE\SWEGroup2\node_modules\react-dom\cjs\react-dom.development.js:26599:12) 
Error: Element type is invalid: expected a string (for built-in components) or a class/function (for composite 
components) but got: undefined. You likely forgot to export your component from the file it's defined in, or you might 
have mixed up default and named imports.

Check the render method of `EditMapPage`.
    at createFiberFromTypeAndProps 
(C:\Users\nwong\Documents\Projects\Group2SWE\SWEGroup2\node_modules\react-dom\cjs\react-dom.development.js:28478:17)
    at createFiberFromElement 
(C:\Users\nwong\Documents\Projects\Group2SWE\SWEGroup2\node_modules\react-dom\cjs\react-dom.development.js:28504:15)
    at reconcileSingleElement 
(C:\Users\nwong\Documents\Projects\Group2SWE\SWEGroup2\node_modules\react-dom\cjs\react-dom.development.js:13986:23)
    at reconcileChildFibers 
(C:\Users\nwong\Documents\Projects\Group2SWE\SWEGroup2\node_modules\react-dom\cjs\react-dom.development.js:14044:35)
    at reconcileChildren 
(C:\Users\nwong\Documents\Projects\Group2SWE\SWEGroup2\node_modules\react-dom\cjs\react-dom.development.js:19186:28)
    at updateHostComponent 
(C:\Users\nwong\Documents\Projects\Group2SWE\SWEGroup2\node_modules\react-dom\cjs\react-dom.development.js:19953:3)
    at beginWork 
(C:\Users\nwong\Documents\Projects\Group2SWE\SWEGroup2\node_modules\react-dom\cjs\react-dom.development.js:21657:14)
    at HTMLUnknownElement.callCallback 
(C:\Users\nwong\Documents\Projects\Group2SWE\SWEGroup2\node_modules\react-dom\cjs\react-dom.development.js:4164:14)
    at HTMLUnknownElement.callTheUserObjectsOperation (C:\Users\nwong\Documents\Projects\Group2SWE\SWEGroup2\node_modul
es\jsdom\lib\jsdom\living\generated\EventListener.js:26:30)
    at innerInvokeEventListeners (C:\Users\nwong\Documents\Projects\Group2SWE\SWEGroup2\node_modules\jsdom\lib\jsdom\li
ving\events\EventTarget-impl.js:350:25)
[90mstderr[2m | src/pages/__tests__/EditMapPage.test.tsx[2m > [22m[2mEditMapPage[2m > [22m[2mrenders snap to 
grid toggle
[22m[39mWarning: React.jsx: type is invalid -- expected a string (for built-in components) or a class/function (for 
composite components) but got: undefined. You likely forgot to export your component from the file it's defined in, or 
you might have mixed up default and named imports.

Check your code at EditMapPage.tsx:134.
    at EditMapPage (C:/Users/nwong/Documents/Projects/Group2SWE/SWEGroup2/src/pages/EditMapPage.tsx:27:38)
Warning: React.jsx: type is invalid -- expected a string (for built-in components) or a class/function (for composite 
components) but got: undefined. You likely forgot to export your component from the file it's defined in, or you might 
have mixed up default and named imports.

Check your code at EditMapPage.tsx:134.
    at EditMapPage (C:/Users/nwong/Documents/Projects/Group2SWE/SWEGroup2/src/pages/EditMapPage.tsx:27:38)
The above error occurred in the <div> component:

    at div
    at div
    at div
    at EditMapPage (C:/Users/nwong/Documents/Projects/Group2SWE/SWEGroup2/src/pages/EditMapPage.tsx:27:38)

Consider adding an error boundary to your tree to customize error handling behavior.
Visit https://reactjs.org/link/error-boundaries to learn more about error boundaries.

Error: Uncaught [Error: Element type is invalid: expected a string (for built-in components) or a class/function (for 
composite components) but got: undefined. You likely forgot to export your component from the file it's defined in, or 
you might have mixed up default and named imports.

Check the render method of `MapPage`.]
    at reportException (C:\Users\nwong\Documents\Projects\Group2SWE\SWEGroup2\node_modules\jsdom\lib\jsdom\living\helpe
rs\runtime-script-errors.js:66:24)
    at innerInvokeEventListeners (C:\Users\nwong\Documents\Projects\Group2SWE\SWEGroup2\node_modules\jsdom\lib\jsdom\li
ving\events\EventTarget-impl.js:353:9)
    at invokeEventListeners (C:\Users\nwong\Documents\Projects\Group2SWE\SWEGroup2\node_modules\jsdom\lib\jsdom\living\
events\EventTarget-impl.js:286:3)
    at HTMLUnknownElementImpl._dispatch (C:\Users\nwong\Documents\Projects\Group2SWE\SWEGroup2\node_modules\jsdom\lib\j
sdom\living\events\EventTarget-impl.js:233:9)
    at HTMLUnknownElementImpl.dispatchEvent (C:\Users\nwong\Documents\Projects\Group2SWE\SWEGroup2\node_modules\jsdom\l
ib\jsdom\living\events\EventTarget-impl.js:104:17)
    at HTMLUnknownElement.dispatchEvent (C:\Users\nwong\Documents\Projects\Group2SWE\SWEGroup2\node_modules\jsdom\lib\j
sdom\living\generated\EventTarget.js:241:34)
    at Object.invokeGuardedCallbackDev 
(C:\Users\nwong\Documents\Projects\Group2SWE\SWEGroup2\node_modules\react-dom\cjs\react-dom.development.js:4213:16)
    at invokeGuardedCallback 
(C:\Users\nwong\Documents\Projects\Group2SWE\SWEGroup2\node_modules\react-dom\cjs\react-dom.development.js:4277:31)
    at beginWork$1 
(C:\Users\nwong\Documents\Projects\Group2SWE\SWEGroup2\node_modules\react-dom\cjs\react-dom.development.js:27490:7)
    at performUnitOfWork 
(C:\Users\nwong\Documents\Projects\Group2SWE\SWEGroup2\node_modules\react-dom\cjs\react-dom.development.js:26599:12) 
Error: Element type is invalid: expected a string (for built-in components) or a class/function (for composite 
components) but got: undefined. You likely forgot to export your component from the file it's defined in, or you might 
have mixed up default and named imports.

Check the render method of `MapPage`.
    at createFiberFromTypeAndProps 
(C:\Users\nwong\Documents\Projects\Group2SWE\SWEGroup2\node_modules\react-dom\cjs\react-dom.development.js:28478:17)
    at createFiberFromElement 
(C:\Users\nwong\Documents\Projects\Group2SWE\SWEGroup2\node_modules\react-dom\cjs\react-dom.development.js:28504:15)
    at reconcileSingleElement 
(C:\Users\nwong\Documents\Projects\Group2SWE\SWEGroup2\node_modules\react-dom\cjs\react-dom.development.js:13986:23)
    at reconcileChildFibers 
(C:\Users\nwong\Documents\Projects\Group2SWE\SWEGroup2\node_modules\react-dom\cjs\react-dom.development.js:14044:35)
    at reconcileChildren 
(C:\Users\nwong\Documents\Projects\Group2SWE\SWEGroup2\node_modules\react-dom\cjs\react-dom.development.js:19186:28)
    at updateHostComponent 
(C:\Users\nwong\Documents\Projects\Group2SWE\SWEGroup2\node_modules\react-dom\cjs\react-dom.development.js:19953:3)
    at beginWork 
(C:\Users\nwong\Documents\Projects\Group2SWE\SWEGroup2\node_modules\react-dom\cjs\react-dom.development.js:21657:14)
    at HTMLUnknownElement.callCallback 
(C:\Users\nwong\Documents\Projects\Group2SWE\SWEGroup2\node_modules\react-dom\cjs\react-dom.development.js:4164:14)
    at HTMLUnknownElement.callTheUserObjectsOperation (C:\Users\nwong\Documents\Projects\Group2SWE\SWEGroup2\node_modul
es\jsdom\lib\jsdom\living\generated\EventListener.js:26:30)
    at innerInvokeEventListeners (C:\Users\nwong\Documents\Projects\Group2SWE\SWEGroup2\node_modules\jsdom\lib\jsdom\li
ving\events\EventTarget-impl.js:350:25)
Error: Uncaught [Error: Element type is invalid: expected a string (for built-in components) or a class/function (for 
composite components) but got: undefined. You likely forgot to export your component from the file it's defined in, or 
you might have mixed up default and named imports.

Check the render method of `MapPage`.]
    at reportException (C:\Users\nwong\Documents\Projects\Group2SWE\SWEGroup2\node_modules\jsdom\lib\jsdom\living\helpe
rs\runtime-script-errors.js:66:24)
    at innerInvokeEventListeners (C:\Users\nwong\Documents\Projects\Group2SWE\SWEGroup2\node_modules\jsdom\lib\jsdom\li
ving\events\EventTarget-impl.js:353:9)
    at invokeEventListeners (C:\Users\nwong\Documents\Projects\Group2SWE\SWEGroup2\node_modules\jsdom\lib\jsdom\living\
events\EventTarget-impl.js:286:3)
    at HTMLUnknownElementImpl._dispatch (C:\Users\nwong\Documents\Projects\Group2SWE\SWEGroup2\node_modules\jsdom\lib\j
sdom\living\events\EventTarget-impl.js:233:9)
    at HTMLUnknownElementImpl.dispatchEvent (C:\Users\nwong\Documents\Projects\Group2SWE\SWEGroup2\node_modules\jsdom\l
ib\jsdom\living\events\EventTarget-impl.js:104:17)
    at HTMLUnknownElement.dispatchEvent (C:\Users\nwong\Documents\Projects\Group2SWE\SWEGroup2\node_modules\jsdom\lib\j
sdom\living\generated\EventTarget.js:241:34)
    at Object.invokeGuardedCallbackDev 
(C:\Users\nwong\Documents\Projects\Group2SWE\SWEGroup2\node_modules\react-dom\cjs\react-dom.development.js:4213:16)
    at invokeGuardedCallback 
(C:\Users\nwong\Documents\Projects\Group2SWE\SWEGroup2\node_modules\react-dom\cjs\react-dom.development.js:4277:31)
    at beginWork$1 
(C:\Users\nwong\Documents\Projects\Group2SWE\SWEGroup2\node_modules\react-dom\cjs\react-dom.development.js:27490:7)
    at performUnitOfWork 
(C:\Users\nwong\Documents\Projects\Group2SWE\SWEGroup2\node_modules\react-dom\cjs\react-dom.development.js:26599:12) 
Error: Element type is invalid: expected a string (for built-in components) or a class/function (for composite 
components) but got: undefined. You likely forgot to export your component from the file it's defined in, or you might 
have mixed up default and named imports.

Check the render method of `MapPage`.
    at createFiberFromTypeAndProps 
(C:\Users\nwong\Documents\Projects\Group2SWE\SWEGroup2\node_modules\react-dom\cjs\react-dom.development.js:28478:17)
    at createFiberFromElement 
(C:\Users\nwong\Documents\Projects\Group2SWE\SWEGroup2\node_modules\react-dom\cjs\react-dom.development.js:28504:15)
    at reconcileSingleElement 
(C:\Users\nwong\Documents\Projects\Group2SWE\SWEGroup2\node_modules\react-dom\cjs\react-dom.development.js:13986:23)
    at reconcileChildFibers 
(C:\Users\nwong\Documents\Projects\Group2SWE\SWEGroup2\node_modules\react-dom\cjs\react-dom.development.js:14044:35)
    at reconcileChildren 
(C:\Users\nwong\Documents\Projects\Group2SWE\SWEGroup2\node_modules\react-dom\cjs\react-dom.development.js:19186:28)
    at updateHostComponent 
(C:\Users\nwong\Documents\Projects\Group2SWE\SWEGroup2\node_modules\react-dom\cjs\react-dom.development.js:19953:3)
    at beginWork 
(C:\Users\nwong\Documents\Projects\Group2SWE\SWEGroup2\node_modules\react-dom\cjs\react-dom.development.js:21657:14)
    at HTMLUnknownElement.callCallback 
(C:\Users\nwong\Documents\Projects\Group2SWE\SWEGroup2\node_modules\react-dom\cjs\react-dom.development.js:4164:14)
    at HTMLUnknownElement.callTheUserObjectsOperation (C:\Users\nwong\Documents\Projects\Group2SWE\SWEGroup2\node_modul
es\jsdom\lib\jsdom\living\generated\EventListener.js:26:30)
    at innerInvokeEventListeners (C:\Users\nwong\Documents\Projects\Group2SWE\SWEGroup2\node_modules\jsdom\lib\jsdom\li
ving\events\EventTarget-impl.js:350:25)
[90mstderr[2m | src/pages/__tests__/MapPage.test.tsx[2m > [22m[2mMapPage[2m > [22m[2mdisplays floor name
[22m[39mWarning: React.jsx: type is invalid -- expected a string (for built-in components) or a class/function (for 
composite components) but got: undefined. You likely forgot to export your component from the file it's defined in, or 
you might have mixed up default and named imports.

Check your code at MapPage.tsx:123.
    at MapPage (C:/Users/nwong/Documents/Projects/Group2SWE/SWEGroup2/src/pages/MapPage.tsx:25:67)
Warning: React.jsx: type is invalid -- expected a string (for built-in components) or a class/function (for composite 
components) but got: undefined. You likely forgot to export your component from the file it's defined in, or you might 
have mixed up default and named imports.

Check your code at MapPage.tsx:123.
    at MapPage (C:/Users/nwong/Documents/Projects/Group2SWE/SWEGroup2/src/pages/MapPage.tsx:25:67)
The above error occurred in the <div> component:

    at div
    at div
    at div
    at MapPage (C:/Users/nwong/Documents/Projects/Group2SWE/SWEGroup2/src/pages/MapPage.tsx:25:67)

Consider adding an error boundary to your tree to customize error handling behavior.
Visit https://reactjs.org/link/error-boundaries to learn more about error boundaries.

Error: Uncaught [Error: Element type is invalid: expected a string (for built-in components) or a class/function (for 
composite components) but got: undefined. You likely forgot to export your component from the file it's defined in, or 
you might have mixed up default and named imports.

Check the render method of `EditMapPage`.]
    at reportException (C:\Users\nwong\Documents\Projects\Group2SWE\SWEGroup2\node_modules\jsdom\lib\jsdom\living\helpe
rs\runtime-script-errors.js:66:24)
    at innerInvokeEventListeners (C:\Users\nwong\Documents\Projects\Group2SWE\SWEGroup2\node_modules\jsdom\lib\jsdom\li
ving\events\EventTarget-impl.js:353:9)
    at invokeEventListeners (C:\Users\nwong\Documents\Projects\Group2SWE\SWEGroup2\node_modules\jsdom\lib\jsdom\living\
events\EventTarget-impl.js:286:3)
    at HTMLUnknownElementImpl._dispatch (C:\Users\nwong\Documents\Projects\Group2SWE\SWEGroup2\node_modules\jsdom\lib\j
sdom\living\events\EventTarget-impl.js:233:9)
    at HTMLUnknownElementImpl.dispatchEvent (C:\Users\nwong\Documents\Projects\Group2SWE\SWEGroup2\node_modules\jsdom\l
ib\jsdom\living\events\EventTarget-impl.js:104:17)
    at HTMLUnknownElement.dispatchEvent (C:\Users\nwong\Documents\Projects\Group2SWE\SWEGroup2\node_modules\jsdom\lib\j
sdom\living\generated\EventTarget.js:241:34)
    at Object.invokeGuardedCallbackDev 
(C:\Users\nwong\Documents\Projects\Group2SWE\SWEGroup2\node_modules\react-dom\cjs\react-dom.development.js:4213:16)
    at invokeGuardedCallback 
(C:\Users\nwong\Documents\Projects\Group2SWE\SWEGroup2\node_modules\react-dom\cjs\react-dom.development.js:4277:31)
    at beginWork$1 
(C:\Users\nwong\Documents\Projects\Group2SWE\SWEGroup2\node_modules\react-dom\cjs\react-dom.development.js:27490:7)
    at performUnitOfWork 
(C:\Users\nwong\Documents\Projects\Group2SWE\SWEGroup2\node_modules\react-dom\cjs\react-dom.development.js:26599:12) 
Error: Element type is invalid: expected a string (for built-in components) or a class/function (for composite 
components) but got: undefined. You likely forgot to export your component from the file it's defined in, or you might 
have mixed up default and named imports.

Check the render method of `EditMapPage`.
    at createFiberFromTypeAndProps 
(C:\Users\nwong\Documents\Projects\Group2SWE\SWEGroup2\node_modules\react-dom\cjs\react-dom.development.js:28478:17)
    at createFiberFromElement 
(C:\Users\nwong\Documents\Projects\Group2SWE\SWEGroup2\node_modules\react-dom\cjs\react-dom.development.js:28504:15)
    at reconcileSingleElement 
(C:\Users\nwong\Documents\Projects\Group2SWE\SWEGroup2\node_modules\react-dom\cjs\react-dom.development.js:13986:23)
    at reconcileChildFibers 
(C:\Users\nwong\Documents\Projects\Group2SWE\SWEGroup2\node_modules\react-dom\cjs\react-dom.development.js:14044:35)
    at reconcileChildren 
(C:\Users\nwong\Documents\Projects\Group2SWE\SWEGroup2\node_modules\react-dom\cjs\react-dom.development.js:19186:28)
    at updateHostComponent 
(C:\Users\nwong\Documents\Projects\Group2SWE\SWEGroup2\node_modules\react-dom\cjs\react-dom.development.js:19953:3)
    at beginWork 
(C:\Users\nwong\Documents\Projects\Group2SWE\SWEGroup2\node_modules\react-dom\cjs\react-dom.development.js:21657:14)
    at HTMLUnknownElement.callCallback 
(C:\Users\nwong\Documents\Projects\Group2SWE\SWEGroup2\node_modules\react-dom\cjs\react-dom.development.js:4164:14)
    at HTMLUnknownElement.callTheUserObjectsOperation (C:\Users\nwong\Documents\Projects\Group2SWE\SWEGroup2\node_modul
es\jsdom\lib\jsdom\living\generated\EventListener.js:26:30)
    at innerInvokeEventListeners (C:\Users\nwong\Documents\Projects\Group2SWE\SWEGroup2\node_modules\jsdom\lib\jsdom\li
ving\events\EventTarget-impl.js:350:25)
Error: Uncaught [Error: Element type is invalid: expected a string (for built-in components) or a class/function (for 
composite components) but got: undefined. You likely forgot to export your component from the file it's defined in, or 
you might have mixed up default and named imports.

Check the render method of `EditMapPage`.]
    at reportException (C:\Users\nwong\Documents\Projects\Group2SWE\SWEGroup2\node_modules\jsdom\lib\jsdom\living\helpe
rs\runtime-script-errors.js:66:24)
    at innerInvokeEventListeners (C:\Users\nwong\Documents\Projects\Group2SWE\SWEGroup2\node_modules\jsdom\lib\jsdom\li
ving\events\EventTarget-impl.js:353:9)
    at invokeEventListeners (C:\Users\nwong\Documents\Projects\Group2SWE\SWEGroup2\node_modules\jsdom\lib\jsdom\living\
events\EventTarget-impl.js:286:3)
    at HTMLUnknownElementImpl._dispatch (C:\Users\nwong\Documents\Projects\Group2SWE\SWEGroup2\node_modules\jsdom\lib\j
sdom\living\events\EventTarget-impl.js:233:9)
    at HTMLUnknownElementImpl.dispatchEvent (C:\Users\nwong\Documents\Projects\Group2SWE\SWEGroup2\node_modules\jsdom\l
ib\jsdom\living\events\EventTarget-impl.js:104:17)
    at HTMLUnknownElement.dispatchEvent (C:\Users\nwong\Documents\Projects\Group2SWE\SWEGroup2\node_modules\jsdom\lib\j
sdom\living\generated\EventTarget.js:241:34)
    at Object.invokeGuardedCallbackDev 
(C:\Users\nwong\Documents\Projects\Group2SWE\SWEGroup2\node_modules\react-dom\cjs\react-dom.development.js:4213:16)
    at invokeGuardedCallback 
(C:\Users\nwong\Documents\Projects\Group2SWE\SWEGroup2\node_modules\react-dom\cjs\react-dom.development.js:4277:31)
    at beginWork$1 
(C:\Users\nwong\Documents\Projects\Group2SWE\SWEGroup2\node_modules\react-dom\cjs\react-dom.development.js:27490:7)
    at performUnitOfWork 
(C:\Users\nwong\Documents\Projects\Group2SWE\SWEGroup2\node_modules\react-dom\cjs\react-dom.development.js:26599:12) 
Error: Element type is invalid: expected a string (for built-in components) or a class/function (for composite 
components) but got: undefined. You likely forgot to export your component from the file it's defined in, or you might 
have mixed up default and named imports.

Check the render method of `EditMapPage`.
    at createFiberFromTypeAndProps 
(C:\Users\nwong\Documents\Projects\Group2SWE\SWEGroup2\node_modules\react-dom\cjs\react-dom.development.js:28478:17)
    at createFiberFromElement 
(C:\Users\nwong\Documents\Projects\Group2SWE\SWEGroup2\node_modules\react-dom\cjs\react-dom.development.js:28504:15)
    at reconcileSingleElement 
(C:\Users\nwong\Documents\Projects\Group2SWE\SWEGroup2\node_modules\react-dom\cjs\react-dom.development.js:13986:23)
    at reconcileChildFibers 
(C:\Users\nwong\Documents\Projects\Group2SWE\SWEGroup2\node_modules\react-dom\cjs\react-dom.development.js:14044:35)
    at reconcileChildren 
(C:\Users\nwong\Documents\Projects\Group2SWE\SWEGroup2\node_modules\react-dom\cjs\react-dom.development.js:19186:28)
    at updateHostComponent 
(C:\Users\nwong\Documents\Projects\Group2SWE\SWEGroup2\node_modules\react-dom\cjs\react-dom.development.js:19953:3)
    at beginWork 
(C:\Users\nwong\Documents\Projects\Group2SWE\SWEGroup2\node_modules\react-dom\cjs\react-dom.development.js:21657:14)
    at HTMLUnknownElement.callCallback 
(C:\Users\nwong\Documents\Projects\Group2SWE\SWEGroup2\node_modules\react-dom\cjs\react-dom.development.js:4164:14)
    at HTMLUnknownElement.callTheUserObjectsOperation (C:\Users\nwong\Documents\Projects\Group2SWE\SWEGroup2\node_modul
es\jsdom\lib\jsdom\living\generated\EventListener.js:26:30)
    at innerInvokeEventListeners (C:\Users\nwong\Documents\Projects\Group2SWE\SWEGroup2\node_modules\jsdom\lib\jsdom\li
ving\events\EventTarget-impl.js:350:25)
[90mstderr[2m | src/pages/__tests__/EditMapPage.test.tsx[2m > [22m[2mEditMapPage[2m > [22m[2mhas floor 
navigation buttons
[22m[39mWarning: React.jsx: type is invalid -- expected a string (for built-in components) or a class/function (for 
composite components) but got: undefined. You likely forgot to export your component from the file it's defined in, or 
you might have mixed up default and named imports.

Check your code at EditMapPage.tsx:134.
    at EditMapPage (C:/Users/nwong/Documents/Projects/Group2SWE/SWEGroup2/src/pages/EditMapPage.tsx:27:38)
Warning: React.jsx: type is invalid -- expected a string (for built-in components) or a class/function (for composite 
components) but got: undefined. You likely forgot to export your component from the file it's defined in, or you might 
have mixed up default and named imports.

Check your code at EditMapPage.tsx:134.
    at EditMapPage (C:/Users/nwong/Documents/Projects/Group2SWE/SWEGroup2/src/pages/EditMapPage.tsx:27:38)
The above error occurred in the <div> component:

    at div
    at div
    at div
    at EditMapPage (C:/Users/nwong/Documents/Projects/Group2SWE/SWEGroup2/src/pages/EditMapPage.tsx:27:38)

Consider adding an error boundary to your tree to customize error handling behavior.
Visit https://reactjs.org/link/error-boundaries to learn more about error boundaries.

 [32mΓ£ô[39m src/pages/__tests__/LoadingPage.test.tsx [2m([22m[2m3 tests[22m[2m)[22m[32m 95[2mms[22m[39m
Error: Uncaught [Error: Element type is invalid: expected a string (for built-in components) or a class/function (for 
composite components) but got: undefined. You likely forgot to export your component from the file it's defined in, or 
you might have mixed up default and named imports.

Check the render method of `MapPage`.]
    at reportException (C:\Users\nwong\Documents\Projects\Group2SWE\SWEGroup2\node_modules\jsdom\lib\jsdom\living\helpe
rs\runtime-script-errors.js:66:24)
    at innerInvokeEventListeners (C:\Users\nwong\Documents\Projects\Group2SWE\SWEGroup2\node_modules\jsdom\lib\jsdom\li
ving\events\EventTarget-impl.js:353:9)
    at invokeEventListeners (C:\Users\nwong\Documents\Projects\Group2SWE\SWEGroup2\node_modules\jsdom\lib\jsdom\living\
events\EventTarget-impl.js:286:3)
    at HTMLUnknownElementImpl._dispatch (C:\Users\nwong\Documents\Projects\Group2SWE\SWEGroup2\node_modules\jsdom\lib\j
sdom\living\events\EventTarget-impl.js:233:9)
    at HTMLUnknownElementImpl.dispatchEvent (C:\Users\nwong\Documents\Projects\Group2SWE\SWEGroup2\node_modules\jsdom\l
ib\jsdom\living\events\EventTarget-impl.js:104:17)
    at HTMLUnknownElement.dispatchEvent (C:\Users\nwong\Documents\Projects\Group2SWE\SWEGroup2\node_modules\jsdom\lib\j
sdom\living\generated\EventTarget.js:241:34)
    at Object.invokeGuardedCallbackDev 
(C:\Users\nwong\Documents\Projects\Group2SWE\SWEGroup2\node_modules\react-dom\cjs\react-dom.development.js:4213:16)
    at invokeGuardedCallback 
(C:\Users\nwong\Documents\Projects\Group2SWE\SWEGroup2\node_modules\react-dom\cjs\react-dom.development.js:4277:31)
    at beginWork$1 
(C:\Users\nwong\Documents\Projects\Group2SWE\SWEGroup2\node_modules\react-dom\cjs\react-dom.development.js:27490:7)
    at performUnitOfWork 
(C:\Users\nwong\Documents\Projects\Group2SWE\SWEGroup2\node_modules\react-dom\cjs\react-dom.development.js:26599:12) 
Error: Element type is invalid: expected a string (for built-in components) or a class/function (for composite 
components) but got: undefined. You likely forgot to export your component from the file it's defined in, or you might 
have mixed up default and named imports.

Check the render method of `MapPage`.
    at createFiberFromTypeAndProps 
(C:\Users\nwong\Documents\Projects\Group2SWE\SWEGroup2\node_modules\react-dom\cjs\react-dom.development.js:28478:17)
    at createFiberFromElement 
(C:\Users\nwong\Documents\Projects\Group2SWE\SWEGroup2\node_modules\react-dom\cjs\react-dom.development.js:28504:15)
    at reconcileSingleElement 
(C:\Users\nwong\Documents\Projects\Group2SWE\SWEGroup2\node_modules\react-dom\cjs\react-dom.development.js:13986:23)
    at reconcileChildFibers 
(C:\Users\nwong\Documents\Projects\Group2SWE\SWEGroup2\node_modules\react-dom\cjs\react-dom.development.js:14044:35)
    at reconcileChildren 
(C:\Users\nwong\Documents\Projects\Group2SWE\SWEGroup2\node_modules\react-dom\cjs\react-dom.development.js:19186:28)
    at updateHostComponent 
(C:\Users\nwong\Documents\Projects\Group2SWE\SWEGroup2\node_modules\react-dom\cjs\react-dom.development.js:19953:3)
    at beginWork 
(C:\Users\nwong\Documents\Projects\Group2SWE\SWEGroup2\node_modules\react-dom\cjs\react-dom.development.js:21657:14)
    at HTMLUnknownElement.callCallback 
(C:\Users\nwong\Documents\Projects\Group2SWE\SWEGroup2\node_modules\react-dom\cjs\react-dom.development.js:4164:14)
    at HTMLUnknownElement.callTheUserObjectsOperation (C:\Users\nwong\Documents\Projects\Group2SWE\SWEGroup2\node_modul
es\jsdom\lib\jsdom\living\generated\EventListener.js:26:30)
    at innerInvokeEventListeners (C:\Users\nwong\Documents\Projects\Group2SWE\SWEGroup2\node_modules\jsdom\lib\jsdom\li
ving\events\EventTarget-impl.js:350:25)
Error: Uncaught [Error: Element type is invalid: expected a string (for built-in components) or a class/function (for 
composite components) but got: undefined. You likely forgot to export your component from the file it's defined in, or 
you might have mixed up default and named imports.

Check the render method of `MapPage`.]
    at reportException (C:\Users\nwong\Documents\Projects\Group2SWE\SWEGroup2\node_modules\jsdom\lib\jsdom\living\helpe
rs\runtime-script-errors.js:66:24)
    at innerInvokeEventListeners (C:\Users\nwong\Documents\Projects\Group2SWE\SWEGroup2\node_modules\jsdom\lib\jsdom\li
ving\events\EventTarget-impl.js:353:9)
    at invokeEventListeners (C:\Users\nwong\Documents\Projects\Group2SWE\SWEGroup2\node_modules\jsdom\lib\jsdom\living\
events\EventTarget-impl.js:286:3)
    at HTMLUnknownElementImpl._dispatch (C:\Users\nwong\Documents\Projects\Group2SWE\SWEGroup2\node_modules\jsdom\lib\j
sdom\living\events\EventTarget-impl.js:233:9)
    at HTMLUnknownElementImpl.dispatchEvent (C:\Users\nwong\Documents\Projects\Group2SWE\SWEGroup2\node_modules\jsdom\l
ib\jsdom\living\events\EventTarget-impl.js:104:17)
    at HTMLUnknownElement.dispatchEvent (C:\Users\nwong\Documents\Projects\Group2SWE\SWEGroup2\node_modules\jsdom\lib\j
sdom\living\generated\EventTarget.js:241:34)
    at Object.invokeGuardedCallbackDev 
(C:\Users\nwong\Documents\Projects\Group2SWE\SWEGroup2\node_modules\react-dom\cjs\react-dom.development.js:4213:16)
    at invokeGuardedCallback 
(C:\Users\nwong\Documents\Projects\Group2SWE\SWEGroup2\node_modules\react-dom\cjs\react-dom.development.js:4277:31)
    at beginWork$1 
(C:\Users\nwong\Documents\Projects\Group2SWE\SWEGroup2\node_modules\react-dom\cjs\react-dom.development.js:27490:7)
    at performUnitOfWork 
(C:\Users\nwong\Documents\Projects\Group2SWE\SWEGroup2\node_modules\react-dom\cjs\react-dom.development.js:26599:12) 
Error: Element type is invalid: expected a string (for built-in components) or a class/function (for composite 
components) but got: undefined. You likely forgot to export your component from the file it's defined in, or you might 
have mixed up default and named imports.

Check the render method of `MapPage`.
    at createFiberFromTypeAndProps 
(C:\Users\nwong\Documents\Projects\Group2SWE\SWEGroup2\node_modules\react-dom\cjs\react-dom.development.js:28478:17)
    at createFiberFromElement 
(C:\Users\nwong\Documents\Projects\Group2SWE\SWEGroup2\node_modules\react-dom\cjs\react-dom.development.js:28504:15)
    at reconcileSingleElement 
(C:\Users\nwong\Documents\Projects\Group2SWE\SWEGroup2\node_modules\react-dom\cjs\react-dom.development.js:13986:23)
    at reconcileChildFibers 
(C:\Users\nwong\Documents\Projects\Group2SWE\SWEGroup2\node_modules\react-dom\cjs\react-dom.development.js:14044:35)
    at reconcileChildren 
(C:\Users\nwong\Documents\Projects\Group2SWE\SWEGroup2\node_modules\react-dom\cjs\react-dom.development.js:19186:28)
    at updateHostComponent 
(C:\Users\nwong\Documents\Projects\Group2SWE\SWEGroup2\node_modules\react-dom\cjs\react-dom.development.js:19953:3)
    at beginWork 
(C:\Users\nwong\Documents\Projects\Group2SWE\SWEGroup2\node_modules\react-dom\cjs\react-dom.development.js:21657:14)
    at HTMLUnknownElement.callCallback 
(C:\Users\nwong\Documents\Projects\Group2SWE\SWEGroup2\node_modules\react-dom\cjs\react-dom.development.js:4164:14)
    at HTMLUnknownElement.callTheUserObjectsOperation (C:\Users\nwong\Documents\Projects\Group2SWE\SWEGroup2\node_modul
es\jsdom\lib\jsdom\living\generated\EventListener.js:26:30)
    at innerInvokeEventListeners (C:\Users\nwong\Documents\Projects\Group2SWE\SWEGroup2\node_modules\jsdom\lib\jsdom\li
ving\events\EventTarget-impl.js:350:25)
[90mstderr[2m | src/pages/__tests__/MapPage.test.tsx[2m > [22m[2mMapPage[2m > [22m[2mcan navigate between 
floors
[22m[39mWarning: React.jsx: type is invalid -- expected a string (for built-in components) or a class/function (for 
composite components) but got: undefined. You likely forgot to export your component from the file it's defined in, or 
you might have mixed up default and named imports.

Check your code at MapPage.tsx:123.
    at MapPage (C:/Users/nwong/Documents/Projects/Group2SWE/SWEGroup2/src/pages/MapPage.tsx:25:67)
Warning: React.jsx: type is invalid -- expected a string (for built-in components) or a class/function (for composite 
components) but got: undefined. You likely forgot to export your component from the file it's defined in, or you might 
have mixed up default and named imports.

Check your code at MapPage.tsx:123.
    at MapPage (C:/Users/nwong/Documents/Projects/Group2SWE/SWEGroup2/src/pages/MapPage.tsx:25:67)
The above error occurred in the <div> component:

    at div
    at div
    at div
    at MapPage (C:/Users/nwong/Documents/Projects/Group2SWE/SWEGroup2/src/pages/MapPage.tsx:25:67)

Consider adding an error boundary to your tree to customize error handling behavior.
Visit https://reactjs.org/link/error-boundaries to learn more about error boundaries.

Error: Uncaught [Error: Element type is invalid: expected a string (for built-in components) or a class/function (for 
composite components) but got: undefined. You likely forgot to export your component from the file it's defined in, or 
you might have mixed up default and named imports.

Check the render method of `EditMapPage`.]
    at reportException (C:\Users\nwong\Documents\Projects\Group2SWE\SWEGroup2\node_modules\jsdom\lib\jsdom\living\helpe
rs\runtime-script-errors.js:66:24)
    at innerInvokeEventListeners (C:\Users\nwong\Documents\Projects\Group2SWE\SWEGroup2\node_modules\jsdom\lib\jsdom\li
ving\events\EventTarget-impl.js:353:9)
    at invokeEventListeners (C:\Users\nwong\Documents\Projects\Group2SWE\SWEGroup2\node_modules\jsdom\lib\jsdom\living\
events\EventTarget-impl.js:286:3)
    at HTMLUnknownElementImpl._dispatch (C:\Users\nwong\Documents\Projects\Group2SWE\SWEGroup2\node_modules\jsdom\lib\j
sdom\living\events\EventTarget-impl.js:233:9)
    at HTMLUnknownElementImpl.dispatchEvent (C:\Users\nwong\Documents\Projects\Group2SWE\SWEGroup2\node_modules\jsdom\l
ib\jsdom\living\events\EventTarget-impl.js:104:17)
    at HTMLUnknownElement.dispatchEvent (C:\Users\nwong\Documents\Projects\Group2SWE\SWEGroup2\node_modules\jsdom\lib\j
sdom\living\generated\EventTarget.js:241:34)
    at Object.invokeGuardedCallbackDev 
(C:\Users\nwong\Documents\Projects\Group2SWE\SWEGroup2\node_modules\react-dom\cjs\react-dom.development.js:4213:16)
    at invokeGuardedCallback 
(C:\Users\nwong\Documents\Projects\Group2SWE\SWEGroup2\node_modules\react-dom\cjs\react-dom.development.js:4277:31)
    at beginWork$1 
(C:\Users\nwong\Documents\Projects\Group2SWE\SWEGroup2\node_modules\react-dom\cjs\react-dom.development.js:27490:7)
    at performUnitOfWork 
(C:\Users\nwong\Documents\Projects\Group2SWE\SWEGroup2\node_modules\react-dom\cjs\react-dom.development.js:26599:12) 
Error: Element type is invalid: expected a string (for built-in components) or a class/function (for composite 
components) but got: undefined. You likely forgot to export your component from the file it's defined in, or you might 
have mixed up default and named imports.

Check the render method of `EditMapPage`.
    at createFiberFromTypeAndProps 
(C:\Users\nwong\Documents\Projects\Group2SWE\SWEGroup2\node_modules\react-dom\cjs\react-dom.development.js:28478:17)
    at createFiberFromElement 
(C:\Users\nwong\Documents\Projects\Group2SWE\SWEGroup2\node_modules\react-dom\cjs\react-dom.development.js:28504:15)
    at reconcileSingleElement 
(C:\Users\nwong\Documents\Projects\Group2SWE\SWEGroup2\node_modules\react-dom\cjs\react-dom.development.js:13986:23)
    at reconcileChildFibers 
(C:\Users\nwong\Documents\Projects\Group2SWE\SWEGroup2\node_modules\react-dom\cjs\react-dom.development.js:14044:35)
    at reconcileChildren 
(C:\Users\nwong\Documents\Projects\Group2SWE\SWEGroup2\node_modules\react-dom\cjs\react-dom.development.js:19186:28)
    at updateHostComponent 
(C:\Users\nwong\Documents\Projects\Group2SWE\SWEGroup2\node_modules\react-dom\cjs\react-dom.development.js:19953:3)
    at beginWork 
(C:\Users\nwong\Documents\Projects\Group2SWE\SWEGroup2\node_modules\react-dom\cjs\react-dom.development.js:21657:14)
    at HTMLUnknownElement.callCallback 
(C:\Users\nwong\Documents\Projects\Group2SWE\SWEGroup2\node_modules\react-dom\cjs\react-dom.development.js:4164:14)
    at HTMLUnknownElement.callTheUserObjectsOperation (C:\Users\nwong\Documents\Projects\Group2SWE\SWEGroup2\node_modul
es\jsdom\lib\jsdom\living\generated\EventListener.js:26:30)
    at innerInvokeEventListeners (C:\Users\nwong\Documents\Projects\Group2SWE\SWEGroup2\node_modules\jsdom\lib\jsdom\li
ving\events\EventTarget-impl.js:350:25)
Error: Uncaught [Error: Element type is invalid: expected a string (for built-in components) or a class/function (for 
composite components) but got: undefined. You likely forgot to export your component from the file it's defined in, or 
you might have mixed up default and named imports.

Check the render method of `EditMapPage`.]
    at reportException (C:\Users\nwong\Documents\Projects\Group2SWE\SWEGroup2\node_modules\jsdom\lib\jsdom\living\helpe
rs\runtime-script-errors.js:66:24)
    at innerInvokeEventListeners (C:\Users\nwong\Documents\Projects\Group2SWE\SWEGroup2\node_modules\jsdom\lib\jsdom\li
ving\events\EventTarget-impl.js:353:9)
    at invokeEventListeners (C:\Users\nwong\Documents\Projects\Group2SWE\SWEGroup2\node_modules\jsdom\lib\jsdom\living\
events\EventTarget-impl.js:286:3)
    at HTMLUnknownElementImpl._dispatch (C:\Users\nwong\Documents\Projects\Group2SWE\SWEGroup2\node_modules\jsdom\lib\j
sdom\living\events\EventTarget-impl.js:233:9)
    at HTMLUnknownElementImpl.dispatchEvent (C:\Users\nwong\Documents\Projects\Group2SWE\SWEGroup2\node_modules\jsdom\l
ib\jsdom\living\events\EventTarget-impl.js:104:17)
    at HTMLUnknownElement.dispatchEvent (C:\Users\nwong\Documents\Projects\Group2SWE\SWEGroup2\node_modules\jsdom\lib\j
sdom\living\generated\EventTarget.js:241:34)
    at Object.invokeGuardedCallbackDev 
(C:\Users\nwong\Documents\Projects\Group2SWE\SWEGroup2\node_modules\react-dom\cjs\react-dom.development.js:4213:16)
    at invokeGuardedCallback 
(C:\Users\nwong\Documents\Projects\Group2SWE\SWEGroup2\node_modules\react-dom\cjs\react-dom.development.js:4277:31)
    at beginWork$1 
(C:\Users\nwong\Documents\Projects\Group2SWE\SWEGroup2\node_modules\react-dom\cjs\react-dom.development.js:27490:7)
    at performUnitOfWork 
(C:\Users\nwong\Documents\Projects\Group2SWE\SWEGroup2\node_modules\react-dom\cjs\react-dom.development.js:26599:12) 
Error: Element type is invalid: expected a string (for built-in components) or a class/function (for composite 
components) but got: undefined. You likely forgot to export your component from the file it's defined in, or you might 
have mixed up default and named imports.

Check the render method of `EditMapPage`.
    at createFiberFromTypeAndProps 
(C:\Users\nwong\Documents\Projects\Group2SWE\SWEGroup2\node_modules\react-dom\cjs\react-dom.development.js:28478:17)
    at createFiberFromElement 
(C:\Users\nwong\Documents\Projects\Group2SWE\SWEGroup2\node_modules\react-dom\cjs\react-dom.development.js:28504:15)
    at reconcileSingleElement 
(C:\Users\nwong\Documents\Projects\Group2SWE\SWEGroup2\node_modules\react-dom\cjs\react-dom.development.js:13986:23)
    at reconcileChildFibers 
(C:\Users\nwong\Documents\Projects\Group2SWE\SWEGroup2\node_modules\react-dom\cjs\react-dom.development.js:14044:35)
    at reconcileChildren 
(C:\Users\nwong\Documents\Projects\Group2SWE\SWEGroup2\node_modules\react-dom\cjs\react-dom.development.js:19186:28)
    at updateHostComponent 
(C:\Users\nwong\Documents\Projects\Group2SWE\SWEGroup2\node_modules\react-dom\cjs\react-dom.development.js:19953:3)
    at beginWork 
(C:\Users\nwong\Documents\Projects\Group2SWE\SWEGroup2\node_modules\react-dom\cjs\react-dom.development.js:21657:14)
    at HTMLUnknownElement.callCallback 
(C:\Users\nwong\Documents\Projects\Group2SWE\SWEGroup2\node_modules\react-dom\cjs\react-dom.development.js:4164:14)
    at HTMLUnknownElement.callTheUserObjectsOperation (C:\Users\nwong\Documents\Projects\Group2SWE\SWEGroup2\node_modul
es\jsdom\lib\jsdom\living\generated\EventListener.js:26:30)
    at innerInvokeEventListeners (C:\Users\nwong\Documents\Projects\Group2SWE\SWEGroup2\node_modules\jsdom\lib\jsdom\li
ving\events\EventTarget-impl.js:350:25)
[90mstderr[2m | src/pages/__tests__/EditMapPage.test.tsx[2m > [22m[2mEditMapPage[2m > [22m[2mrenders the drag 
and drop menu
[22m[39mWarning: React.jsx: type is invalid -- expected a string (for built-in components) or a class/function (for 
composite components) but got: undefined. You likely forgot to export your component from the file it's defined in, or 
you might have mixed up default and named imports.

Check your code at EditMapPage.tsx:134.
    at EditMapPage (C:/Users/nwong/Documents/Projects/Group2SWE/SWEGroup2/src/pages/EditMapPage.tsx:27:38)
Warning: React.jsx: type is invalid -- expected a string (for built-in components) or a class/function (for composite 
components) but got: undefined. You likely forgot to export your component from the file it's defined in, or you might 
have mixed up default and named imports.

Check your code at EditMapPage.tsx:134.
    at EditMapPage (C:/Users/nwong/Documents/Projects/Group2SWE/SWEGroup2/src/pages/EditMapPage.tsx:27:38)
The above error occurred in the <div> component:

    at div
    at div
    at div
    at EditMapPage (C:/Users/nwong/Documents/Projects/Group2SWE/SWEGroup2/src/pages/EditMapPage.tsx:27:38)

Consider adding an error boundary to your tree to customize error handling behavior.
Visit https://reactjs.org/link/error-boundaries to learn more about error boundaries.

 [32mΓ£ô[39m src/hooks/__tests__/useAppSound.test.ts [2m([22m[2m6 tests[22m[2m)[22m[32m 65[2mms[22m[39m
[90mstdout[2m | src/services/__tests__/tileService.test.ts[2m > [22m[2mtileService[2m > [22m[2mgetFloorTiles[2m > [22m[2mreturns floors, selectedFloor and mapped tiles
[22m[39mMapped tiles: [
  {
    id: [33m1[39m,
    equipmentTypeId: [33m1[39m,
    exerciseIds: [],
    exerciseOptions: [],
    outOfOrder: [33mfalse[39m,
    additionalInfo: [90mundefined[39m,
    xCoord: [33m0[39m,
    yCoord: [33m0[39m,
    colour: [32m'3B82F6'[39m,
    width: [33m100[39m,
    height: [33m100[39m,
    rotation: [33m0[39m,
    equipment: {
      name: [32m'Bench'[39m,
      description: [32m'A bench'[39m,
      benefits: [],
      musclesTargeted: [90mundefined[39m,
      safetyInfo: [90mundefined[39m,
      imageUrl: [90mundefined[39m,
      brand: [90mundefined[39m
    }
  }
]

[90mstdout[2m | src/services/__tests__/tileService.test.ts[2m > [22m[2mtileService[2m > [22m[2mgetFloorTiles[2m > [22m[2mclamps floor index to valid range
[22m[39mMapped tiles: []

[90mstdout[2m | src/services/__tests__/tileService.test.ts[2m > [22m[2mtileService[2m > [22m[2mgetFloorTiles[2m > [22m[2msorts floors by levelOrder
[22m[39mMapped tiles: []

[90mstdout[2m | src/services/__tests__/tileService.test.ts[2m > [22m[2mtileService[2m > [22m[2mgetFloorTiles[2m > [22m[2monly includes tiles for the selected floor
[22m[39mMapped tiles: [
  {
    id: [33m1[39m,
    equipmentTypeId: [33m1[39m,
    exerciseIds: [],
    exerciseOptions: [],
    outOfOrder: [33mfalse[39m,
    additionalInfo: [90mundefined[39m,
    xCoord: [33m0[39m,
    yCoord: [33m0[39m,
    colour: [32m'3B82F6'[39m,
    width: [33m100[39m,
    height: [33m100[39m,
    rotation: [33m0[39m,
    equipment: {
      name: [32m'Equipment #1'[39m,
      description: [32m'No description provided.'[39m,
      benefits: [],
      musclesTargeted: [90mundefined[39m,
      safetyInfo: [90mundefined[39m,
      imageUrl: [90mundefined[39m,
      brand: [90mundefined[39m
    }
  }
]

 [32mΓ£ô[39m src/services/__tests__/tileService.test.ts [2m([22m[2m28 tests[22m[2m)[22m[32m 36[2mms[22m[39m
 [32mΓ£ô[39m src/services/__tests__/authService.test.ts [2m([22m[2m11 tests[22m[2m)[22m[32m 26[2mms[22m[39m
 [32mΓ£ô[39m src/services/__tests__/apiClient.test.ts [2m([22m[2m7 tests[22m[2m)[22m[32m 21[2mms[22m[39m
 [32mΓ£ô[39m src/services/__tests__/relationalServices.test.ts [2m([22m[2m5 tests[22m[2m)[22m[32m 11[2mms[22m[39m
 [32mΓ£ô[39m src/services/__tests__/componentService.test.ts [2m([22m[2m3 tests[22m[2m)[22m[32m 8[2mms[22m[39m
 [32mΓ£ô[39m src/services/__tests__/layoutService.test.ts [2m([22m[2m5 tests[22m[2m)[22m[32m 8[2mms[22m[39m
 [32mΓ£ô[39m src/constants/__tests__/colors.test.ts [2m([22m[2m6 tests[22m[2m)[22m[32m 8[2mms[22m[39m
 [32mΓ£ô[39m src/services/__tests__/floorService.test.ts [2m([22m[2m3 tests[22m[2m)[22m[32m 6[2mms[22m[39m
 [32mΓ£ô[39m src/services/__tests__/tempAuth.test.ts [2m([22m[2m7 tests[22m[2m)[22m[32m 5[2mms[22m[39m
 [32mΓ£ô[39m src/services/__tests__/isAdmin.test.ts [2m([22m[2m1 test[22m[2m)[22m[32m 3[2mms[22m[39m
Error: Uncaught [Error: Element type is invalid: expected a string (for built-in components) or a class/function (for 
composite components) but got: undefined. You likely forgot to export your component from the file it's defined in, or 
you might have mixed up default and named imports.

Check the render method of `MapPage`.]
    at reportException (C:\Users\nwong\Documents\Projects\Group2SWE\SWEGroup2\node_modules\jsdom\lib\jsdom\living\helpe
rs\runtime-script-errors.js:66:24)
    at innerInvokeEventListeners (C:\Users\nwong\Documents\Projects\Group2SWE\SWEGroup2\node_modules\jsdom\lib\jsdom\li
ving\events\EventTarget-impl.js:353:9)
    at invokeEventListeners (C:\Users\nwong\Documents\Projects\Group2SWE\SWEGroup2\node_modules\jsdom\lib\jsdom\living\
events\EventTarget-impl.js:286:3)
    at HTMLUnknownElementImpl._dispatch (C:\Users\nwong\Documents\Projects\Group2SWE\SWEGroup2\node_modules\jsdom\lib\j
sdom\living\events\EventTarget-impl.js:233:9)
    at HTMLUnknownElementImpl.dispatchEvent (C:\Users\nwong\Documents\Projects\Group2SWE\SWEGroup2\node_modules\jsdom\l
ib\jsdom\living\events\EventTarget-impl.js:104:17)
    at HTMLUnknownElement.dispatchEvent (C:\Users\nwong\Documents\Projects\Group2SWE\SWEGroup2\node_modules\jsdom\lib\j
sdom\living\generated\EventTarget.js:241:34)
    at Object.invokeGuardedCallbackDev 
(C:\Users\nwong\Documents\Projects\Group2SWE\SWEGroup2\node_modules\react-dom\cjs\react-dom.development.js:4213:16)
    at invokeGuardedCallback 
(C:\Users\nwong\Documents\Projects\Group2SWE\SWEGroup2\node_modules\react-dom\cjs\react-dom.development.js:4277:31)
    at beginWork$1 
(C:\Users\nwong\Documents\Projects\Group2SWE\SWEGroup2\node_modules\react-dom\cjs\react-dom.development.js:27490:7)
    at performUnitOfWork 
(C:\Users\nwong\Documents\Projects\Group2SWE\SWEGroup2\node_modules\react-dom\cjs\react-dom.development.js:26599:12) 
Error: Element type is invalid: expected a string (for built-in components) or a class/function (for composite 
components) but got: undefined. You likely forgot to export your component from the file it's defined in, or you might 
have mixed up default and named imports.

Check the render method of `MapPage`.
    at createFiberFromTypeAndProps 
(C:\Users\nwong\Documents\Projects\Group2SWE\SWEGroup2\node_modules\react-dom\cjs\react-dom.development.js:28478:17)
    at createFiberFromElement 
(C:\Users\nwong\Documents\Projects\Group2SWE\SWEGroup2\node_modules\react-dom\cjs\react-dom.development.js:28504:15)
    at reconcileSingleElement 
(C:\Users\nwong\Documents\Projects\Group2SWE\SWEGroup2\node_modules\react-dom\cjs\react-dom.development.js:13986:23)
    at reconcileChildFibers 
(C:\Users\nwong\Documents\Projects\Group2SWE\SWEGroup2\node_modules\react-dom\cjs\react-dom.development.js:14044:35)
    at reconcileChildren 
(C:\Users\nwong\Documents\Projects\Group2SWE\SWEGroup2\node_modules\react-dom\cjs\react-dom.development.js:19186:28)
    at updateHostComponent 
(C:\Users\nwong\Documents\Projects\Group2SWE\SWEGroup2\node_modules\react-dom\cjs\react-dom.development.js:19953:3)
    at beginWork 
(C:\Users\nwong\Documents\Projects\Group2SWE\SWEGroup2\node_modules\react-dom\cjs\react-dom.development.js:21657:14)
    at HTMLUnknownElement.callCallback 
(C:\Users\nwong\Documents\Projects\Group2SWE\SWEGroup2\node_modules\react-dom\cjs\react-dom.development.js:4164:14)
    at HTMLUnknownElement.callTheUserObjectsOperation (C:\Users\nwong\Documents\Projects\Group2SWE\SWEGroup2\node_modul
es\jsdom\lib\jsdom\living\generated\EventListener.js:26:30)
    at innerInvokeEventListeners (C:\Users\nwong\Documents\Projects\Group2SWE\SWEGroup2\node_modules\jsdom\lib\jsdom\li
ving\events\EventTarget-impl.js:350:25)
Error: Uncaught [Error: Element type is invalid: expected a string (for built-in components) or a class/function (for 
composite components) but got: undefined. You likely forgot to export your component from the file it's defined in, or 
you might have mixed up default and named imports.

Check the render method of `MapPage`.]
    at reportException (C:\Users\nwong\Documents\Projects\Group2SWE\SWEGroup2\node_modules\jsdom\lib\jsdom\living\helpe
rs\runtime-script-errors.js:66:24)
    at innerInvokeEventListeners (C:\Users\nwong\Documents\Projects\Group2SWE\SWEGroup2\node_modules\jsdom\lib\jsdom\li
ving\events\EventTarget-impl.js:353:9)
    at invokeEventListeners (C:\Users\nwong\Documents\Projects\Group2SWE\SWEGroup2\node_modules\jsdom\lib\jsdom\living\
events\EventTarget-impl.js:286:3)
    at HTMLUnknownElementImpl._dispatch (C:\Users\nwong\Documents\Projects\Group2SWE\SWEGroup2\node_modules\jsdom\lib\j
sdom\living\events\EventTarget-impl.js:233:9)
    at HTMLUnknownElementImpl.dispatchEvent (C:\Users\nwong\Documents\Projects\Group2SWE\SWEGroup2\node_modules\jsdom\l
ib\jsdom\living\events\EventTarget-impl.js:104:17)
    at HTMLUnknownElement.dispatchEvent (C:\Users\nwong\Documents\Projects\Group2SWE\SWEGroup2\node_modules\jsdom\lib\j
sdom\living\generated\EventTarget.js:241:34)
    at Object.invokeGuardedCallbackDev 
(C:\Users\nwong\Documents\Projects\Group2SWE\SWEGroup2\node_modules\react-dom\cjs\react-dom.development.js:4213:16)
    at invokeGuardedCallback 
(C:\Users\nwong\Documents\Projects\Group2SWE\SWEGroup2\node_modules\react-dom\cjs\react-dom.development.js:4277:31)
    at beginWork$1 
(C:\Users\nwong\Documents\Projects\Group2SWE\SWEGroup2\node_modules\react-dom\cjs\react-dom.development.js:27490:7)
    at performUnitOfWork 
(C:\Users\nwong\Documents\Projects\Group2SWE\SWEGroup2\node_modules\react-dom\cjs\react-dom.development.js:26599:12) 
Error: Element type is invalid: expected a string (for built-in components) or a class/function (for composite 
components) but got: undefined. You likely forgot to export your component from the file it's defined in, or you might 
have mixed up default and named imports.

Check the render method of `MapPage`.
    at createFiberFromTypeAndProps 
(C:\Users\nwong\Documents\Projects\Group2SWE\SWEGroup2\node_modules\react-dom\cjs\react-dom.development.js:28478:17)
    at createFiberFromElement 
(C:\Users\nwong\Documents\Projects\Group2SWE\SWEGroup2\node_modules\react-dom\cjs\react-dom.development.js:28504:15)
    at reconcileSingleElement 
(C:\Users\nwong\Documents\Projects\Group2SWE\SWEGroup2\node_modules\react-dom\cjs\react-dom.development.js:13986:23)
    at reconcileChildFibers 
(C:\Users\nwong\Documents\Projects\Group2SWE\SWEGroup2\node_modules\react-dom\cjs\react-dom.development.js:14044:35)
    at reconcileChildren 
(C:\Users\nwong\Documents\Projects\Group2SWE\SWEGroup2\node_modules\react-dom\cjs\react-dom.development.js:19186:28)
    at updateHostComponent 
(C:\Users\nwong\Documents\Projects\Group2SWE\SWEGroup2\node_modules\react-dom\cjs\react-dom.development.js:19953:3)
    at beginWork 
(C:\Users\nwong\Documents\Projects\Group2SWE\SWEGroup2\node_modules\react-dom\cjs\react-dom.development.js:21657:14)
    at HTMLUnknownElement.callCallback 
(C:\Users\nwong\Documents\Projects\Group2SWE\SWEGroup2\node_modules\react-dom\cjs\react-dom.development.js:4164:14)
    at HTMLUnknownElement.callTheUserObjectsOperation (C:\Users\nwong\Documents\Projects\Group2SWE\SWEGroup2\node_modul
es\jsdom\lib\jsdom\living\generated\EventListener.js:26:30)
    at innerInvokeEventListeners (C:\Users\nwong\Documents\Projects\Group2SWE\SWEGroup2\node_modules\jsdom\lib\jsdom\li
ving\events\EventTarget-impl.js:350:25)
[90mstderr[2m | src/pages/__tests__/MapPage.test.tsx[2m > [22m[2mMapPage[2m > [22m[2mdisables previous floor 
button on first floor
[22m[39mWarning: React.jsx: type is invalid -- expected a string (for built-in components) or a class/function (for 
composite components) but got: undefined. You likely forgot to export your component from the file it's defined in, or 
you might have mixed up default and named imports.

Check your code at MapPage.tsx:123.
    at MapPage (C:/Users/nwong/Documents/Projects/Group2SWE/SWEGroup2/src/pages/MapPage.tsx:25:67)
Warning: React.jsx: type is invalid -- expected a string (for built-in components) or a class/function (for composite 
components) but got: undefined. You likely forgot to export your component from the file it's defined in, or you might 
have mixed up default and named imports.

Check your code at MapPage.tsx:123.
    at MapPage (C:/Users/nwong/Documents/Projects/Group2SWE/SWEGroup2/src/pages/MapPage.tsx:25:67)
The above error occurred in the <div> component:

    at div
    at div
    at div
    at MapPage (C:/Users/nwong/Documents/Projects/Group2SWE/SWEGroup2/src/pages/MapPage.tsx:25:67)

Consider adding an error boundary to your tree to customize error handling behavior.
Visit https://reactjs.org/link/error-boundaries to learn more about error boundaries.

Error: Uncaught [Error: Element type is invalid: expected a string (for built-in components) or a class/function (for 
composite components) but got: undefined. You likely forgot to export your component from the file it's defined in, or 
you might have mixed up default and named imports.

Check the render method of `EditMapPage`.]
    at reportException (C:\Users\nwong\Documents\Projects\Group2SWE\SWEGroup2\node_modules\jsdom\lib\jsdom\living\helpe
rs\runtime-script-errors.js:66:24)
    at innerInvokeEventListeners (C:\Users\nwong\Documents\Projects\Group2SWE\SWEGroup2\node_modules\jsdom\lib\jsdom\li
ving\events\EventTarget-impl.js:353:9)
    at invokeEventListeners (C:\Users\nwong\Documents\Projects\Group2SWE\SWEGroup2\node_modules\jsdom\lib\jsdom\living\
events\EventTarget-impl.js:286:3)
    at HTMLUnknownElementImpl._dispatch (C:\Users\nwong\Documents\Projects\Group2SWE\SWEGroup2\node_modules\jsdom\lib\j
sdom\living\events\EventTarget-impl.js:233:9)
    at HTMLUnknownElementImpl.dispatchEvent (C:\Users\nwong\Documents\Projects\Group2SWE\SWEGroup2\node_modules\jsdom\l
ib\jsdom\living\events\EventTarget-impl.js:104:17)
    at HTMLUnknownElement.dispatchEvent (C:\Users\nwong\Documents\Projects\Group2SWE\SWEGroup2\node_modules\jsdom\lib\j
sdom\living\generated\EventTarget.js:241:34)
    at Object.invokeGuardedCallbackDev 
(C:\Users\nwong\Documents\Projects\Group2SWE\SWEGroup2\node_modules\react-dom\cjs\react-dom.development.js:4213:16)
    at invokeGuardedCallback 
(C:\Users\nwong\Documents\Projects\Group2SWE\SWEGroup2\node_modules\react-dom\cjs\react-dom.development.js:4277:31)
    at beginWork$1 
(C:\Users\nwong\Documents\Projects\Group2SWE\SWEGroup2\node_modules\react-dom\cjs\react-dom.development.js:27490:7)
    at performUnitOfWork 
(C:\Users\nwong\Documents\Projects\Group2SWE\SWEGroup2\node_modules\react-dom\cjs\react-dom.development.js:26599:12) 
Error: Element type is invalid: expected a string (for built-in components) or a class/function (for composite 
components) but got: undefined. You likely forgot to export your component from the file it's defined in, or you might 
have mixed up default and named imports.

Check the render method of `EditMapPage`.
    at createFiberFromTypeAndProps 
(C:\Users\nwong\Documents\Projects\Group2SWE\SWEGroup2\node_modules\react-dom\cjs\react-dom.development.js:28478:17)
    at createFiberFromElement 
(C:\Users\nwong\Documents\Projects\Group2SWE\SWEGroup2\node_modules\react-dom\cjs\react-dom.development.js:28504:15)
    at reconcileSingleElement 
(C:\Users\nwong\Documents\Projects\Group2SWE\SWEGroup2\node_modules\react-dom\cjs\react-dom.development.js:13986:23)
    at reconcileChildFibers 
(C:\Users\nwong\Documents\Projects\Group2SWE\SWEGroup2\node_modules\react-dom\cjs\react-dom.development.js:14044:35)
    at reconcileChildren 
(C:\Users\nwong\Documents\Projects\Group2SWE\SWEGroup2\node_modules\react-dom\cjs\react-dom.development.js:19186:28)
    at updateHostComponent 
(C:\Users\nwong\Documents\Projects\Group2SWE\SWEGroup2\node_modules\react-dom\cjs\react-dom.development.js:19953:3)
    at beginWork 
(C:\Users\nwong\Documents\Projects\Group2SWE\SWEGroup2\node_modules\react-dom\cjs\react-dom.development.js:21657:14)
    at HTMLUnknownElement.callCallback 
(C:\Users\nwong\Documents\Projects\Group2SWE\SWEGroup2\node_modules\react-dom\cjs\react-dom.development.js:4164:14)
    at HTMLUnknownElement.callTheUserObjectsOperation (C:\Users\nwong\Documents\Projects\Group2SWE\SWEGroup2\node_modul
es\jsdom\lib\jsdom\living\generated\EventListener.js:26:30)
    at innerInvokeEventListeners (C:\Users\nwong\Documents\Projects\Group2SWE\SWEGroup2\node_modules\jsdom\lib\jsdom\li
ving\events\EventTarget-impl.js:350:25)
Error: Uncaught [Error: Element type is invalid: expected a string (for built-in components) or a class/function (for 
composite components) but got: undefined. You likely forgot to export your component from the file it's defined in, or 
you might have mixed up default and named imports.

Check the render method of `EditMapPage`.]
    at reportException (C:\Users\nwong\Documents\Projects\Group2SWE\SWEGroup2\node_modules\jsdom\lib\jsdom\living\helpe
rs\runtime-script-errors.js:66:24)
    at innerInvokeEventListeners (C:\Users\nwong\Documents\Projects\Group2SWE\SWEGroup2\node_modules\jsdom\lib\jsdom\li
ving\events\EventTarget-impl.js:353:9)
    at invokeEventListeners (C:\Users\nwong\Documents\Projects\Group2SWE\SWEGroup2\node_modules\jsdom\lib\jsdom\living\
events\EventTarget-impl.js:286:3)
    at HTMLUnknownElementImpl._dispatch (C:\Users\nwong\Documents\Projects\Group2SWE\SWEGroup2\node_modules\jsdom\lib\j
sdom\living\events\EventTarget-impl.js:233:9)
    at HTMLUnknownElementImpl.dispatchEvent (C:\Users\nwong\Documents\Projects\Group2SWE\SWEGroup2\node_modules\jsdom\l
ib\jsdom\living\events\EventTarget-impl.js:104:17)
    at HTMLUnknownElement.dispatchEvent (C:\Users\nwong\Documents\Projects\Group2SWE\SWEGroup2\node_modules\jsdom\lib\j
sdom\living\generated\EventTarget.js:241:34)
    at Object.invokeGuardedCallbackDev 
(C:\Users\nwong\Documents\Projects\Group2SWE\SWEGroup2\node_modules\react-dom\cjs\react-dom.development.js:4213:16)
    at invokeGuardedCallback 
(C:\Users\nwong\Documents\Projects\Group2SWE\SWEGroup2\node_modules\react-dom\cjs\react-dom.development.js:4277:31)
    at beginWork$1 
(C:\Users\nwong\Documents\Projects\Group2SWE\SWEGroup2\node_modules\react-dom\cjs\react-dom.development.js:27490:7)
    at performUnitOfWork 
(C:\Users\nwong\Documents\Projects\Group2SWE\SWEGroup2\node_modules\react-dom\cjs\react-dom.development.js:26599:12) 
Error: Element type is invalid: expected a string (for built-in components) or a class/function (for composite 
components) but got: undefined. You likely forgot to export your component from the file it's defined in, or you might 
have mixed up default and named imports.

Check the render method of `EditMapPage`.
    at createFiberFromTypeAndProps 
(C:\Users\nwong\Documents\Projects\Group2SWE\SWEGroup2\node_modules\react-dom\cjs\react-dom.development.js:28478:17)
    at createFiberFromElement 
(C:\Users\nwong\Documents\Projects\Group2SWE\SWEGroup2\node_modules\react-dom\cjs\react-dom.development.js:28504:15)
    at reconcileSingleElement 
(C:\Users\nwong\Documents\Projects\Group2SWE\SWEGroup2\node_modules\react-dom\cjs\react-dom.development.js:13986:23)
    at reconcileChildFibers 
(C:\Users\nwong\Documents\Projects\Group2SWE\SWEGroup2\node_modules\react-dom\cjs\react-dom.development.js:14044:35)
    at reconcileChildren 
(C:\Users\nwong\Documents\Projects\Group2SWE\SWEGroup2\node_modules\react-dom\cjs\react-dom.development.js:19186:28)
    at updateHostComponent 
(C:\Users\nwong\Documents\Projects\Group2SWE\SWEGroup2\node_modules\react-dom\cjs\react-dom.development.js:19953:3)
    at beginWork 
(C:\Users\nwong\Documents\Projects\Group2SWE\SWEGroup2\node_modules\react-dom\cjs\react-dom.development.js:21657:14)
    at HTMLUnknownElement.callCallback 
(C:\Users\nwong\Documents\Projects\Group2SWE\SWEGroup2\node_modules\react-dom\cjs\react-dom.development.js:4164:14)
    at HTMLUnknownElement.callTheUserObjectsOperation (C:\Users\nwong\Documents\Projects\Group2SWE\SWEGroup2\node_modul
es\jsdom\lib\jsdom\living\generated\EventListener.js:26:30)
    at innerInvokeEventListeners (C:\Users\nwong\Documents\Projects\Group2SWE\SWEGroup2\node_modules\jsdom\lib\jsdom\li
ving\events\EventTarget-impl.js:350:25)
[90mstderr[2m | src/pages/__tests__/EditMapPage.test.tsx[2m > [22m[2mEditMapPage[2m > [22m[2mhas sidebar 
toggle button on mobile
[22m[39mWarning: React.jsx: type is invalid -- expected a string (for built-in components) or a class/function (for 
composite components) but got: undefined. You likely forgot to export your component from the file it's defined in, or 
you might have mixed up default and named imports.

Check your code at EditMapPage.tsx:134.
    at EditMapPage (C:/Users/nwong/Documents/Projects/Group2SWE/SWEGroup2/src/pages/EditMapPage.tsx:27:38)
Warning: React.jsx: type is invalid -- expected a string (for built-in components) or a class/function (for composite 
components) but got: undefined. You likely forgot to export your component from the file it's defined in, or you might 
have mixed up default and named imports.

Check your code at EditMapPage.tsx:134.
    at EditMapPage (C:/Users/nwong/Documents/Projects/Group2SWE/SWEGroup2/src/pages/EditMapPage.tsx:27:38)
The above error occurred in the <div> component:

    at div
    at div
    at div
    at EditMapPage (C:/Users/nwong/Documents/Projects/Group2SWE/SWEGroup2/src/pages/EditMapPage.tsx:27:38)

Consider adding an error boundary to your tree to customize error handling behavior.
Visit https://reactjs.org/link/error-boundaries to learn more about error boundaries.

Error: Uncaught [Error: Element type is invalid: expected a string (for built-in components) or a class/function (for 
composite components) but got: undefined. You likely forgot to export your component from the file it's defined in, or 
you might have mixed up default and named imports.

Check the render method of `MapPage`.]
    at reportException (C:\Users\nwong\Documents\Projects\Group2SWE\SWEGroup2\node_modules\jsdom\lib\jsdom\living\helpe
rs\runtime-script-errors.js:66:24)
    at innerInvokeEventListeners (C:\Users\nwong\Documents\Projects\Group2SWE\SWEGroup2\node_modules\jsdom\lib\jsdom\li
ving\events\EventTarget-impl.js:353:9)
    at invokeEventListeners (C:\Users\nwong\Documents\Projects\Group2SWE\SWEGroup2\node_modules\jsdom\lib\jsdom\living\
events\EventTarget-impl.js:286:3)
    at HTMLUnknownElementImpl._dispatch (C:\Users\nwong\Documents\Projects\Group2SWE\SWEGroup2\node_modules\jsdom\lib\j
sdom\living\events\EventTarget-impl.js:233:9)
    at HTMLUnknownElementImpl.dispatchEvent (C:\Users\nwong\Documents\Projects\Group2SWE\SWEGroup2\node_modules\jsdom\l
ib\jsdom\living\events\EventTarget-impl.js:104:17)
    at HTMLUnknownElement.dispatchEvent (C:\Users\nwong\Documents\Projects\Group2SWE\SWEGroup2\node_modules\jsdom\lib\j
sdom\living\generated\EventTarget.js:241:34)
    at Object.invokeGuardedCallbackDev 
(C:\Users\nwong\Documents\Projects\Group2SWE\SWEGroup2\node_modules\react-dom\cjs\react-dom.development.js:4213:16)
    at invokeGuardedCallback 
(C:\Users\nwong\Documents\Projects\Group2SWE\SWEGroup2\node_modules\react-dom\cjs\react-dom.development.js:4277:31)
    at beginWork$1 
(C:\Users\nwong\Documents\Projects\Group2SWE\SWEGroup2\node_modules\react-dom\cjs\react-dom.development.js:27490:7)
    at performUnitOfWork 
(C:\Users\nwong\Documents\Projects\Group2SWE\SWEGroup2\node_modules\react-dom\cjs\react-dom.development.js:26599:12) 
Error: Element type is invalid: expected a string (for built-in components) or a class/function (for composite 
components) but got: undefined. You likely forgot to export your component from the file it's defined in, or you might 
have mixed up default and named imports.

Check the render method of `MapPage`.
    at createFiberFromTypeAndProps 
(C:\Users\nwong\Documents\Projects\Group2SWE\SWEGroup2\node_modules\react-dom\cjs\react-dom.development.js:28478:17)
    at createFiberFromElement 
(C:\Users\nwong\Documents\Projects\Group2SWE\SWEGroup2\node_modules\react-dom\cjs\react-dom.development.js:28504:15)
    at reconcileSingleElement 
(C:\Users\nwong\Documents\Projects\Group2SWE\SWEGroup2\node_modules\react-dom\cjs\react-dom.development.js:13986:23)
    at reconcileChildFibers 
(C:\Users\nwong\Documents\Projects\Group2SWE\SWEGroup2\node_modules\react-dom\cjs\react-dom.development.js:14044:35)
    at reconcileChildren 
(C:\Users\nwong\Documents\Projects\Group2SWE\SWEGroup2\node_modules\react-dom\cjs\react-dom.development.js:19186:28)
    at updateHostComponent 
(C:\Users\nwong\Documents\Projects\Group2SWE\SWEGroup2\node_modules\react-dom\cjs\react-dom.development.js:19953:3)
    at beginWork 
(C:\Users\nwong\Documents\Projects\Group2SWE\SWEGroup2\node_modules\react-dom\cjs\react-dom.development.js:21657:14)
    at HTMLUnknownElement.callCallback 
(C:\Users\nwong\Documents\Projects\Group2SWE\SWEGroup2\node_modules\react-dom\cjs\react-dom.development.js:4164:14)
    at HTMLUnknownElement.callTheUserObjectsOperation (C:\Users\nwong\Documents\Projects\Group2SWE\SWEGroup2\node_modul
es\jsdom\lib\jsdom\living\generated\EventListener.js:26:30)
    at innerInvokeEventListeners (C:\Users\nwong\Documents\Projects\Group2SWE\SWEGroup2\node_modules\jsdom\lib\jsdom\li
ving\events\EventTarget-impl.js:350:25)
Error: Uncaught [Error: Element type is invalid: expected a string (for built-in components) or a class/function (for 
composite components) but got: undefined. You likely forgot to export your component from the file it's defined in, or 
you might have mixed up default and named imports.

Check the render method of `MapPage`.]
    at reportException (C:\Users\nwong\Documents\Projects\Group2SWE\SWEGroup2\node_modules\jsdom\lib\jsdom\living\helpe
rs\runtime-script-errors.js:66:24)
    at innerInvokeEventListeners (C:\Users\nwong\Documents\Projects\Group2SWE\SWEGroup2\node_modules\jsdom\lib\jsdom\li
ving\events\EventTarget-impl.js:353:9)
    at invokeEventListeners (C:\Users\nwong\Documents\Projects\Group2SWE\SWEGroup2\node_modules\jsdom\lib\jsdom\living\
events\EventTarget-impl.js:286:3)
    at HTMLUnknownElementImpl._dispatch (C:\Users\nwong\Documents\Projects\Group2SWE\SWEGroup2\node_modules\jsdom\lib\j
sdom\living\events\EventTarget-impl.js:233:9)
    at HTMLUnknownElementImpl.dispatchEvent (C:\Users\nwong\Documents\Projects\Group2SWE\SWEGroup2\node_modules\jsdom\l
ib\jsdom\living\events\EventTarget-impl.js:104:17)
    at HTMLUnknownElement.dispatchEvent (C:\Users\nwong\Documents\Projects\Group2SWE\SWEGroup2\node_modules\jsdom\lib\j
sdom\living\generated\EventTarget.js:241:34)
    at Object.invokeGuardedCallbackDev 
(C:\Users\nwong\Documents\Projects\Group2SWE\SWEGroup2\node_modules\react-dom\cjs\react-dom.development.js:4213:16)
    at invokeGuardedCallback 
(C:\Users\nwong\Documents\Projects\Group2SWE\SWEGroup2\node_modules\react-dom\cjs\react-dom.development.js:4277:31)
    at beginWork$1 
(C:\Users\nwong\Documents\Projects\Group2SWE\SWEGroup2\node_modules\react-dom\cjs\react-dom.development.js:27490:7)
    at performUnitOfWork 
(C:\Users\nwong\Documents\Projects\Group2SWE\SWEGroup2\node_modules\react-dom\cjs\react-dom.development.js:26599:12) 
Error: Element type is invalid: expected a string (for built-in components) or a class/function (for composite 
components) but got: undefined. You likely forgot to export your component from the file it's defined in, or you might 
have mixed up default and named imports.

Check the render method of `MapPage`.
    at createFiberFromTypeAndProps 
(C:\Users\nwong\Documents\Projects\Group2SWE\SWEGroup2\node_modules\react-dom\cjs\react-dom.development.js:28478:17)
    at createFiberFromElement 
(C:\Users\nwong\Documents\Projects\Group2SWE\SWEGroup2\node_modules\react-dom\cjs\react-dom.development.js:28504:15)
    at reconcileSingleElement 
(C:\Users\nwong\Documents\Projects\Group2SWE\SWEGroup2\node_modules\react-dom\cjs\react-dom.development.js:13986:23)
    at reconcileChildFibers 
(C:\Users\nwong\Documents\Projects\Group2SWE\SWEGroup2\node_modules\react-dom\cjs\react-dom.development.js:14044:35)
    at reconcileChildren 
(C:\Users\nwong\Documents\Projects\Group2SWE\SWEGroup2\node_modules\react-dom\cjs\react-dom.development.js:19186:28)
    at updateHostComponent 
(C:\Users\nwong\Documents\Projects\Group2SWE\SWEGroup2\node_modules\react-dom\cjs\react-dom.development.js:19953:3)
    at beginWork 
(C:\Users\nwong\Documents\Projects\Group2SWE\SWEGroup2\node_modules\react-dom\cjs\react-dom.development.js:21657:14)
    at HTMLUnknownElement.callCallback 
(C:\Users\nwong\Documents\Projects\Group2SWE\SWEGroup2\node_modules\react-dom\cjs\react-dom.development.js:4164:14)
    at HTMLUnknownElement.callTheUserObjectsOperation (C:\Users\nwong\Documents\Projects\Group2SWE\SWEGroup2\node_modul
es\jsdom\lib\jsdom\living\generated\EventListener.js:26:30)
    at innerInvokeEventListeners (C:\Users\nwong\Documents\Projects\Group2SWE\SWEGroup2\node_modules\jsdom\lib\jsdom\li
ving\events\EventTarget-impl.js:350:25)
[90mstderr[2m | src/pages/__tests__/MapPage.test.tsx[2m > [22m[2mMapPage[2m > [22m[2mdisables next floor 
button on last floor
[22m[39mWarning: React.jsx: type is invalid -- expected a string (for built-in components) or a class/function (for 
composite components) but got: undefined. You likely forgot to export your component from the file it's defined in, or 
you might have mixed up default and named imports.

Check your code at MapPage.tsx:123.
    at MapPage (C:/Users/nwong/Documents/Projects/Group2SWE/SWEGroup2/src/pages/MapPage.tsx:25:67)
Warning: React.jsx: type is invalid -- expected a string (for built-in components) or a class/function (for composite 
components) but got: undefined. You likely forgot to export your component from the file it's defined in, or you might 
have mixed up default and named imports.

Check your code at MapPage.tsx:123.
    at MapPage (C:/Users/nwong/Documents/Projects/Group2SWE/SWEGroup2/src/pages/MapPage.tsx:25:67)
The above error occurred in the <div> component:

    at div
    at div
    at div
    at MapPage (C:/Users/nwong/Documents/Projects/Group2SWE/SWEGroup2/src/pages/MapPage.tsx:25:67)

Consider adding an error boundary to your tree to customize error handling behavior.
Visit https://reactjs.org/link/error-boundaries to learn more about error boundaries.

Error: Uncaught [Error: Element type is invalid: expected a string (for built-in components) or a class/function (for 
composite components) but got: undefined. You likely forgot to export your component from the file it's defined in, or 
you might have mixed up default and named imports.

Check the render method of `EditMapPage`.]
    at reportException (C:\Users\nwong\Documents\Projects\Group2SWE\SWEGroup2\node_modules\jsdom\lib\jsdom\living\helpe
rs\runtime-script-errors.js:66:24)
    at innerInvokeEventListeners (C:\Users\nwong\Documents\Projects\Group2SWE\SWEGroup2\node_modules\jsdom\lib\jsdom\li
ving\events\EventTarget-impl.js:353:9)
    at invokeEventListeners (C:\Users\nwong\Documents\Projects\Group2SWE\SWEGroup2\node_modules\jsdom\lib\jsdom\living\
events\EventTarget-impl.js:286:3)
    at HTMLUnknownElementImpl._dispatch (C:\Users\nwong\Documents\Projects\Group2SWE\SWEGroup2\node_modules\jsdom\lib\j
sdom\living\events\EventTarget-impl.js:233:9)
    at HTMLUnknownElementImpl.dispatchEvent (C:\Users\nwong\Documents\Projects\Group2SWE\SWEGroup2\node_modules\jsdom\l
ib\jsdom\living\events\EventTarget-impl.js:104:17)
    at HTMLUnknownElement.dispatchEvent (C:\Users\nwong\Documents\Projects\Group2SWE\SWEGroup2\node_modules\jsdom\lib\j
sdom\living\generated\EventTarget.js:241:34)
    at Object.invokeGuardedCallbackDev 
(C:\Users\nwong\Documents\Projects\Group2SWE\SWEGroup2\node_modules\react-dom\cjs\react-dom.development.js:4213:16)
    at invokeGuardedCallback 
(C:\Users\nwong\Documents\Projects\Group2SWE\SWEGroup2\node_modules\react-dom\cjs\react-dom.development.js:4277:31)
    at beginWork$1 
(C:\Users\nwong\Documents\Projects\Group2SWE\SWEGroup2\node_modules\react-dom\cjs\react-dom.development.js:27490:7)
    at performUnitOfWork 
(C:\Users\nwong\Documents\Projects\Group2SWE\SWEGroup2\node_modules\react-dom\cjs\react-dom.development.js:26599:12) 
Error: Element type is invalid: expected a string (for built-in components) or a class/function (for composite 
components) but got: undefined. You likely forgot to export your component from the file it's defined in, or you might 
have mixed up default and named imports.

Check the render method of `EditMapPage`.
    at createFiberFromTypeAndProps 
(C:\Users\nwong\Documents\Projects\Group2SWE\SWEGroup2\node_modules\react-dom\cjs\react-dom.development.js:28478:17)
    at createFiberFromElement 
(C:\Users\nwong\Documents\Projects\Group2SWE\SWEGroup2\node_modules\react-dom\cjs\react-dom.development.js:28504:15)
    at reconcileSingleElement 
(C:\Users\nwong\Documents\Projects\Group2SWE\SWEGroup2\node_modules\react-dom\cjs\react-dom.development.js:13986:23)
    at reconcileChildFibers 
(C:\Users\nwong\Documents\Projects\Group2SWE\SWEGroup2\node_modules\react-dom\cjs\react-dom.development.js:14044:35)
    at reconcileChildren 
(C:\Users\nwong\Documents\Projects\Group2SWE\SWEGroup2\node_modules\react-dom\cjs\react-dom.development.js:19186:28)
    at updateHostComponent 
(C:\Users\nwong\Documents\Projects\Group2SWE\SWEGroup2\node_modules\react-dom\cjs\react-dom.development.js:19953:3)
    at beginWork 
(C:\Users\nwong\Documents\Projects\Group2SWE\SWEGroup2\node_modules\react-dom\cjs\react-dom.development.js:21657:14)
    at HTMLUnknownElement.callCallback 
(C:\Users\nwong\Documents\Projects\Group2SWE\SWEGroup2\node_modules\react-dom\cjs\react-dom.development.js:4164:14)
    at HTMLUnknownElement.callTheUserObjectsOperation (C:\Users\nwong\Documents\Projects\Group2SWE\SWEGroup2\node_modul
es\jsdom\lib\jsdom\living\generated\EventListener.js:26:30)
    at innerInvokeEventListeners (C:\Users\nwong\Documents\Projects\Group2SWE\SWEGroup2\node_modules\jsdom\lib\jsdom\li
ving\events\EventTarget-impl.js:350:25)
Error: Uncaught [Error: Element type is invalid: expected a string (for built-in components) or a class/function (for 
composite components) but got: undefined. You likely forgot to export your component from the file it's defined in, or 
you might have mixed up default and named imports.

Check the render method of `EditMapPage`.]
    at reportException (C:\Users\nwong\Documents\Projects\Group2SWE\SWEGroup2\node_modules\jsdom\lib\jsdom\living\helpe
rs\runtime-script-errors.js:66:24)
    at innerInvokeEventListeners (C:\Users\nwong\Documents\Projects\Group2SWE\SWEGroup2\node_modules\jsdom\lib\jsdom\li
ving\events\EventTarget-impl.js:353:9)
    at invokeEventListeners (C:\Users\nwong\Documents\Projects\Group2SWE\SWEGroup2\node_modules\jsdom\lib\jsdom\living\
events\EventTarget-impl.js:286:3)
    at HTMLUnknownElementImpl._dispatch (C:\Users\nwong\Documents\Projects\Group2SWE\SWEGroup2\node_modules\jsdom\lib\j
sdom\living\events\EventTarget-impl.js:233:9)
    at HTMLUnknownElementImpl.dispatchEvent (C:\Users\nwong\Documents\Projects\Group2SWE\SWEGroup2\node_modules\jsdom\l
ib\jsdom\living\events\EventTarget-impl.js:104:17)
    at HTMLUnknownElement.dispatchEvent (C:\Users\nwong\Documents\Projects\Group2SWE\SWEGroup2\node_modules\jsdom\lib\j
sdom\living\generated\EventTarget.js:241:34)
    at Object.invokeGuardedCallbackDev 
(C:\Users\nwong\Documents\Projects\Group2SWE\SWEGroup2\node_modules\react-dom\cjs\react-dom.development.js:4213:16)
    at invokeGuardedCallback 
(C:\Users\nwong\Documents\Projects\Group2SWE\SWEGroup2\node_modules\react-dom\cjs\react-dom.development.js:4277:31)
    at beginWork$1 
(C:\Users\nwong\Documents\Projects\Group2SWE\SWEGroup2\node_modules\react-dom\cjs\react-dom.development.js:27490:7)
    at performUnitOfWork 
(C:\Users\nwong\Documents\Projects\Group2SWE\SWEGroup2\node_modules\react-dom\cjs\react-dom.development.js:26599:12) 
Error: Element type is invalid: expected a string (for built-in components) or a class/function (for composite 
components) but got: undefined. You likely forgot to export your component from the file it's defined in, or you might 
have mixed up default and named imports.

Check the render method of `EditMapPage`.
    at createFiberFromTypeAndProps 
(C:\Users\nwong\Documents\Projects\Group2SWE\SWEGroup2\node_modules\react-dom\cjs\react-dom.development.js:28478:17)
    at createFiberFromElement 
(C:\Users\nwong\Documents\Projects\Group2SWE\SWEGroup2\node_modules\react-dom\cjs\react-dom.development.js:28504:15)
    at reconcileSingleElement 
(C:\Users\nwong\Documents\Projects\Group2SWE\SWEGroup2\node_modules\react-dom\cjs\react-dom.development.js:13986:23)
    at reconcileChildFibers 
(C:\Users\nwong\Documents\Projects\Group2SWE\SWEGroup2\node_modules\react-dom\cjs\react-dom.development.js:14044:35)
    at reconcileChildren 
(C:\Users\nwong\Documents\Projects\Group2SWE\SWEGroup2\node_modules\react-dom\cjs\react-dom.development.js:19186:28)
    at updateHostComponent 
(C:\Users\nwong\Documents\Projects\Group2SWE\SWEGroup2\node_modules\react-dom\cjs\react-dom.development.js:19953:3)
    at beginWork 
(C:\Users\nwong\Documents\Projects\Group2SWE\SWEGroup2\node_modules\react-dom\cjs\react-dom.development.js:21657:14)
    at HTMLUnknownElement.callCallback 
(C:\Users\nwong\Documents\Projects\Group2SWE\SWEGroup2\node_modules\react-dom\cjs\react-dom.development.js:4164:14)
    at HTMLUnknownElement.callTheUserObjectsOperation (C:\Users\nwong\Documents\Projects\Group2SWE\SWEGroup2\node_modul
es\jsdom\lib\jsdom\living\generated\EventListener.js:26:30)
    at innerInvokeEventListeners (C:\Users\nwong\Documents\Projects\Group2SWE\SWEGroup2\node_modules\jsdom\lib\jsdom\li
ving\events\EventTarget-impl.js:350:25)
[90mstderr[2m | src/pages/__tests__/EditMapPage.test.tsx[2m > [22m[2mEditMapPage[2m > [22m[2mtoggles sidebar 
open when equipment panel button is clicked
[22m[39mWarning: React.jsx: type is invalid -- expected a string (for built-in components) or a class/function (for 
composite components) but got: undefined. You likely forgot to export your component from the file it's defined in, or 
you might have mixed up default and named imports.

Check your code at EditMapPage.tsx:134.
    at EditMapPage (C:/Users/nwong/Documents/Projects/Group2SWE/SWEGroup2/src/pages/EditMapPage.tsx:27:38)
Warning: React.jsx: type is invalid -- expected a string (for built-in components) or a class/function (for composite 
components) but got: undefined. You likely forgot to export your component from the file it's defined in, or you might 
have mixed up default and named imports.

Check your code at EditMapPage.tsx:134.
    at EditMapPage (C:/Users/nwong/Documents/Projects/Group2SWE/SWEGroup2/src/pages/EditMapPage.tsx:27:38)
The above error occurred in the <div> component:

    at div
    at div
    at div
    at EditMapPage (C:/Users/nwong/Documents/Projects/Group2SWE/SWEGroup2/src/pages/EditMapPage.tsx:27:38)

Consider adding an error boundary to your tree to customize error handling behavior.
Visit https://reactjs.org/link/error-boundaries to learn more about error boundaries.

[vitest-pool]: Timeout terminating forks worker for test files 
C:/Users/nwong/Documents/Projects/Group2SWE/SWEGroup2/src/components/__tests__/Tile.test.tsx.
Error: Uncaught [Error: Element type is invalid: expected a string (for built-in components) or a class/function (for 
composite components) but got: undefined. You likely forgot to export your component from the file it's defined in, or 
you might have mixed up default and named imports.

Check the render method of `MapPage`.]
    at reportException (C:\Users\nwong\Documents\Projects\Group2SWE\SWEGroup2\node_modules\jsdom\lib\jsdom\living\helpe
rs\runtime-script-errors.js:66:24)
    at innerInvokeEventListeners (C:\Users\nwong\Documents\Projects\Group2SWE\SWEGroup2\node_modules\jsdom\lib\jsdom\li
ving\events\EventTarget-impl.js:353:9)
    at invokeEventListeners (C:\Users\nwong\Documents\Projects\Group2SWE\SWEGroup2\node_modules\jsdom\lib\jsdom\living\
events\EventTarget-impl.js:286:3)
    at HTMLUnknownElementImpl._dispatch (C:\Users\nwong\Documents\Projects\Group2SWE\SWEGroup2\node_modules\jsdom\lib\j
sdom\living\events\EventTarget-impl.js:233:9)
    at HTMLUnknownElementImpl.dispatchEvent (C:\Users\nwong\Documents\Projects\Group2SWE\SWEGroup2\node_modules\jsdom\l
ib\jsdom\living\events\EventTarget-impl.js:104:17)
    at HTMLUnknownElement.dispatchEvent (C:\Users\nwong\Documents\Projects\Group2SWE\SWEGroup2\node_modules\jsdom\lib\j
sdom\living\generated\EventTarget.js:241:34)
    at Object.invokeGuardedCallbackDev 
(C:\Users\nwong\Documents\Projects\Group2SWE\SWEGroup2\node_modules\react-dom\cjs\react-dom.development.js:4213:16)
    at invokeGuardedCallback 
(C:\Users\nwong\Documents\Projects\Group2SWE\SWEGroup2\node_modules\react-dom\cjs\react-dom.development.js:4277:31)
    at beginWork$1 
(C:\Users\nwong\Documents\Projects\Group2SWE\SWEGroup2\node_modules\react-dom\cjs\react-dom.development.js:27490:7)
    at performUnitOfWork 
(C:\Users\nwong\Documents\Projects\Group2SWE\SWEGroup2\node_modules\react-dom\cjs\react-dom.development.js:26599:12) 
Error: Element type is invalid: expected a string (for built-in components) or a class/function (for composite 
components) but got: undefined. You likely forgot to export your component from the file it's defined in, or you might 
have mixed up default and named imports.

Check the render method of `MapPage`.
    at createFiberFromTypeAndProps 
(C:\Users\nwong\Documents\Projects\Group2SWE\SWEGroup2\node_modules\react-dom\cjs\react-dom.development.js:28478:17)
    at createFiberFromElement 
(C:\Users\nwong\Documents\Projects\Group2SWE\SWEGroup2\node_modules\react-dom\cjs\react-dom.development.js:28504:15)
    at reconcileSingleElement 
(C:\Users\nwong\Documents\Projects\Group2SWE\SWEGroup2\node_modules\react-dom\cjs\react-dom.development.js:13986:23)
    at reconcileChildFibers 
(C:\Users\nwong\Documents\Projects\Group2SWE\SWEGroup2\node_modules\react-dom\cjs\react-dom.development.js:14044:35)
    at reconcileChildren 
(C:\Users\nwong\Documents\Projects\Group2SWE\SWEGroup2\node_modules\react-dom\cjs\react-dom.development.js:19186:28)
    at updateHostComponent 
(C:\Users\nwong\Documents\Projects\Group2SWE\SWEGroup2\node_modules\react-dom\cjs\react-dom.development.js:19953:3)
    at beginWork 
(C:\Users\nwong\Documents\Projects\Group2SWE\SWEGroup2\node_modules\react-dom\cjs\react-dom.development.js:21657:14)
    at HTMLUnknownElement.callCallback 
(C:\Users\nwong\Documents\Projects\Group2SWE\SWEGroup2\node_modules\react-dom\cjs\react-dom.development.js:4164:14)
    at HTMLUnknownElement.callTheUserObjectsOperation (C:\Users\nwong\Documents\Projects\Group2SWE\SWEGroup2\node_modul
es\jsdom\lib\jsdom\living\generated\EventListener.js:26:30)
    at innerInvokeEventListeners (C:\Users\nwong\Documents\Projects\Group2SWE\SWEGroup2\node_modules\jsdom\lib\jsdom\li
ving\events\EventTarget-impl.js:350:25)
Error: Uncaught [Error: Element type is invalid: expected a string (for built-in components) or a class/function (for 
composite components) but got: undefined. You likely forgot to export your component from the file it's defined in, or 
you might have mixed up default and named imports.

Check the render method of `MapPage`.]
    at reportException (C:\Users\nwong\Documents\Projects\Group2SWE\SWEGroup2\node_modules\jsdom\lib\jsdom\living\helpe
rs\runtime-script-errors.js:66:24)
    at innerInvokeEventListeners (C:\Users\nwong\Documents\Projects\Group2SWE\SWEGroup2\node_modules\jsdom\lib\jsdom\li
ving\events\EventTarget-impl.js:353:9)
    at invokeEventListeners (C:\Users\nwong\Documents\Projects\Group2SWE\SWEGroup2\node_modules\jsdom\lib\jsdom\living\
events\EventTarget-impl.js:286:3)
    at HTMLUnknownElementImpl._dispatch (C:\Users\nwong\Documents\Projects\Group2SWE\SWEGroup2\node_modules\jsdom\lib\j
sdom\living\events\EventTarget-impl.js:233:9)
    at HTMLUnknownElementImpl.dispatchEvent (C:\Users\nwong\Documents\Projects\Group2SWE\SWEGroup2\node_modules\jsdom\l
ib\jsdom\living\events\EventTarget-impl.js:104:17)
    at HTMLUnknownElement.dispatchEvent (C:\Users\nwong\Documents\Projects\Group2SWE\SWEGroup2\node_modules\jsdom\lib\j
sdom\living\generated\EventTarget.js:241:34)
    at Object.invokeGuardedCallbackDev 
(C:\Users\nwong\Documents\Projects\Group2SWE\SWEGroup2\node_modules\react-dom\cjs\react-dom.development.js:4213:16)
    at invokeGuardedCallback 
(C:\Users\nwong\Documents\Projects\Group2SWE\SWEGroup2\node_modules\react-dom\cjs\react-dom.development.js:4277:31)
    at beginWork$1 
(C:\Users\nwong\Documents\Projects\Group2SWE\SWEGroup2\node_modules\react-dom\cjs\react-dom.development.js:27490:7)
    at performUnitOfWork 
(C:\Users\nwong\Documents\Projects\Group2SWE\SWEGroup2\node_modules\react-dom\cjs\react-dom.development.js:26599:12) 
Error: Element type is invalid: expected a string (for built-in components) or a class/function (for composite 
components) but got: undefined. You likely forgot to export your component from the file it's defined in, or you might 
have mixed up default and named imports.

Check the render method of `MapPage`.
    at createFiberFromTypeAndProps 
(C:\Users\nwong\Documents\Projects\Group2SWE\SWEGroup2\node_modules\react-dom\cjs\react-dom.development.js:28478:17)
    at createFiberFromElement 
(C:\Users\nwong\Documents\Projects\Group2SWE\SWEGroup2\node_modules\react-dom\cjs\react-dom.development.js:28504:15)
    at reconcileSingleElement 
(C:\Users\nwong\Documents\Projects\Group2SWE\SWEGroup2\node_modules\react-dom\cjs\react-dom.development.js:13986:23)
    at reconcileChildFibers 
(C:\Users\nwong\Documents\Projects\Group2SWE\SWEGroup2\node_modules\react-dom\cjs\react-dom.development.js:14044:35)
    at reconcileChildren 
(C:\Users\nwong\Documents\Projects\Group2SWE\SWEGroup2\node_modules\react-dom\cjs\react-dom.development.js:19186:28)
    at updateHostComponent 
(C:\Users\nwong\Documents\Projects\Group2SWE\SWEGroup2\node_modules\react-dom\cjs\react-dom.development.js:19953:3)
    at beginWork 
(C:\Users\nwong\Documents\Projects\Group2SWE\SWEGroup2\node_modules\react-dom\cjs\react-dom.development.js:21657:14)
    at HTMLUnknownElement.callCallback 
(C:\Users\nwong\Documents\Projects\Group2SWE\SWEGroup2\node_modules\react-dom\cjs\react-dom.development.js:4164:14)
    at HTMLUnknownElement.callTheUserObjectsOperation (C:\Users\nwong\Documents\Projects\Group2SWE\SWEGroup2\node_modul
es\jsdom\lib\jsdom\living\generated\EventListener.js:26:30)
    at innerInvokeEventListeners (C:\Users\nwong\Documents\Projects\Group2SWE\SWEGroup2\node_modules\jsdom\lib\jsdom\li
ving\events\EventTarget-impl.js:350:25)
[90mstderr[2m | src/pages/__tests__/MapPage.test.tsx[2m > [22m[2mMapPage[2m > [22m[2mhandles search result 
selection
[22m[39mWarning: React.jsx: type is invalid -- expected a string (for built-in components) or a class/function (for 
composite components) but got: undefined. You likely forgot to export your component from the file it's defined in, or 
you might have mixed up default and named imports.

Check your code at MapPage.tsx:123.
    at MapPage (C:/Users/nwong/Documents/Projects/Group2SWE/SWEGroup2/src/pages/MapPage.tsx:25:67)
Warning: React.jsx: type is invalid -- expected a string (for built-in components) or a class/function (for composite 
components) but got: undefined. You likely forgot to export your component from the file it's defined in, or you might 
have mixed up default and named imports.

Check your code at MapPage.tsx:123.
    at MapPage (C:/Users/nwong/Documents/Projects/Group2SWE/SWEGroup2/src/pages/MapPage.tsx:25:67)
The above error occurred in the <div> component:

    at div
    at div
    at div
    at MapPage (C:/Users/nwong/Documents/Projects/Group2SWE/SWEGroup2/src/pages/MapPage.tsx:25:67)

Consider adding an error boundary to your tree to customize error handling behavior.
Visit https://reactjs.org/link/error-boundaries to learn more about error boundaries.

Error: Uncaught [Error: Element type is invalid: expected a string (for built-in components) or a class/function (for 
composite components) but got: undefined. You likely forgot to export your component from the file it's defined in, or 
you might have mixed up default and named imports.

Check the render method of `EditMapPage`.]
    at reportException (C:\Users\nwong\Documents\Projects\Group2SWE\SWEGroup2\node_modules\jsdom\lib\jsdom\living\helpe
rs\runtime-script-errors.js:66:24)
    at innerInvokeEventListeners (C:\Users\nwong\Documents\Projects\Group2SWE\SWEGroup2\node_modules\jsdom\lib\jsdom\li
ving\events\EventTarget-impl.js:353:9)
    at invokeEventListeners (C:\Users\nwong\Documents\Projects\Group2SWE\SWEGroup2\node_modules\jsdom\lib\jsdom\living\
events\EventTarget-impl.js:286:3)
    at HTMLUnknownElementImpl._dispatch (C:\Users\nwong\Documents\Projects\Group2SWE\SWEGroup2\node_modules\jsdom\lib\j
sdom\living\events\EventTarget-impl.js:233:9)
    at HTMLUnknownElementImpl.dispatchEvent (C:\Users\nwong\Documents\Projects\Group2SWE\SWEGroup2\node_modules\jsdom\l
ib\jsdom\living\events\EventTarget-impl.js:104:17)
    at HTMLUnknownElement.dispatchEvent (C:\Users\nwong\Documents\Projects\Group2SWE\SWEGroup2\node_modules\jsdom\lib\j
sdom\living\generated\EventTarget.js:241:34)
    at Object.invokeGuardedCallbackDev 
(C:\Users\nwong\Documents\Projects\Group2SWE\SWEGroup2\node_modules\react-dom\cjs\react-dom.development.js:4213:16)
    at invokeGuardedCallback 
(C:\Users\nwong\Documents\Projects\Group2SWE\SWEGroup2\node_modules\react-dom\cjs\react-dom.development.js:4277:31)
    at beginWork$1 
(C:\Users\nwong\Documents\Projects\Group2SWE\SWEGroup2\node_modules\react-dom\cjs\react-dom.development.js:27490:7)
    at performUnitOfWork 
(C:\Users\nwong\Documents\Projects\Group2SWE\SWEGroup2\node_modules\react-dom\cjs\react-dom.development.js:26599:12) 
Error: Element type is invalid: expected a string (for built-in components) or a class/function (for composite 
components) but got: undefined. You likely forgot to export your component from the file it's defined in, or you might 
have mixed up default and named imports.

Check the render method of `EditMapPage`.
    at createFiberFromTypeAndProps 
(C:\Users\nwong\Documents\Projects\Group2SWE\SWEGroup2\node_modules\react-dom\cjs\react-dom.development.js:28478:17)
    at createFiberFromElement 
(C:\Users\nwong\Documents\Projects\Group2SWE\SWEGroup2\node_modules\react-dom\cjs\react-dom.development.js:28504:15)
    at reconcileSingleElement 
(C:\Users\nwong\Documents\Projects\Group2SWE\SWEGroup2\node_modules\react-dom\cjs\react-dom.development.js:13986:23)
    at reconcileChildFibers 
(C:\Users\nwong\Documents\Projects\Group2SWE\SWEGroup2\node_modules\react-dom\cjs\react-dom.development.js:14044:35)
    at reconcileChildren 
(C:\Users\nwong\Documents\Projects\Group2SWE\SWEGroup2\node_modules\react-dom\cjs\react-dom.development.js:19186:28)
    at updateHostComponent 
(C:\Users\nwong\Documents\Projects\Group2SWE\SWEGroup2\node_modules\react-dom\cjs\react-dom.development.js:19953:3)
    at beginWork 
(C:\Users\nwong\Documents\Projects\Group2SWE\SWEGroup2\node_modules\react-dom\cjs\react-dom.development.js:21657:14)
    at HTMLUnknownElement.callCallback 
(C:\Users\nwong\Documents\Projects\Group2SWE\SWEGroup2\node_modules\react-dom\cjs\react-dom.development.js:4164:14)
    at HTMLUnknownElement.callTheUserObjectsOperation (C:\Users\nwong\Documents\Projects\Group2SWE\SWEGroup2\node_modul
es\jsdom\lib\jsdom\living\generated\EventListener.js:26:30)
    at innerInvokeEventListeners (C:\Users\nwong\Documents\Projects\Group2SWE\SWEGroup2\node_modules\jsdom\lib\jsdom\li
ving\events\EventTarget-impl.js:350:25)
Error: Uncaught [Error: Element type is invalid: expected a string (for built-in components) or a class/function (for 
composite components) but got: undefined. You likely forgot to export your component from the file it's defined in, or 
you might have mixed up default and named imports.

Check the render method of `EditMapPage`.]
    at reportException (C:\Users\nwong\Documents\Projects\Group2SWE\SWEGroup2\node_modules\jsdom\lib\jsdom\living\helpe
rs\runtime-script-errors.js:66:24)
    at innerInvokeEventListeners (C:\Users\nwong\Documents\Projects\Group2SWE\SWEGroup2\node_modules\jsdom\lib\jsdom\li
ving\events\EventTarget-impl.js:353:9)
    at invokeEventListeners (C:\Users\nwong\Documents\Projects\Group2SWE\SWEGroup2\node_modules\jsdom\lib\jsdom\living\
events\EventTarget-impl.js:286:3)
    at HTMLUnknownElementImpl._dispatch (C:\Users\nwong\Documents\Projects\Group2SWE\SWEGroup2\node_modules\jsdom\lib\j
sdom\living\events\EventTarget-impl.js:233:9)
    at HTMLUnknownElementImpl.dispatchEvent (C:\Users\nwong\Documents\Projects\Group2SWE\SWEGroup2\node_modules\jsdom\l
ib\jsdom\living\events\EventTarget-impl.js:104:17)
    at HTMLUnknownElement.dispatchEvent (C:\Users\nwong\Documents\Projects\Group2SWE\SWEGroup2\node_modules\jsdom\lib\j
sdom\living\generated\EventTarget.js:241:34)
    at Object.invokeGuardedCallbackDev 
(C:\Users\nwong\Documents\Projects\Group2SWE\SWEGroup2\node_modules\react-dom\cjs\react-dom.development.js:4213:16)
    at invokeGuardedCallback 
(C:\Users\nwong\Documents\Projects\Group2SWE\SWEGroup2\node_modules\react-dom\cjs\react-dom.development.js:4277:31)
    at beginWork$1 
(C:\Users\nwong\Documents\Projects\Group2SWE\SWEGroup2\node_modules\react-dom\cjs\react-dom.development.js:27490:7)
    at performUnitOfWork 
(C:\Users\nwong\Documents\Projects\Group2SWE\SWEGroup2\node_modules\react-dom\cjs\react-dom.development.js:26599:12) 
Error: Element type is invalid: expected a string (for built-in components) or a class/function (for composite 
components) but got: undefined. You likely forgot to export your component from the file it's defined in, or you might 
have mixed up default and named imports.

Check the render method of `EditMapPage`.
    at createFiberFromTypeAndProps 
(C:\Users\nwong\Documents\Projects\Group2SWE\SWEGroup2\node_modules\react-dom\cjs\react-dom.development.js:28478:17)
    at createFiberFromElement 
(C:\Users\nwong\Documents\Projects\Group2SWE\SWEGroup2\node_modules\react-dom\cjs\react-dom.development.js:28504:15)
    at reconcileSingleElement 
(C:\Users\nwong\Documents\Projects\Group2SWE\SWEGroup2\node_modules\react-dom\cjs\react-dom.development.js:13986:23)
    at reconcileChildFibers 
(C:\Users\nwong\Documents\Projects\Group2SWE\SWEGroup2\node_modules\react-dom\cjs\react-dom.development.js:14044:35)
    at reconcileChildren 
(C:\Users\nwong\Documents\Projects\Group2SWE\SWEGroup2\node_modules\react-dom\cjs\react-dom.development.js:19186:28)
    at updateHostComponent 
(C:\Users\nwong\Documents\Projects\Group2SWE\SWEGroup2\node_modules\react-dom\cjs\react-dom.development.js:19953:3)
    at beginWork 
(C:\Users\nwong\Documents\Projects\Group2SWE\SWEGroup2\node_modules\react-dom\cjs\react-dom.development.js:21657:14)
    at HTMLUnknownElement.callCallback 
(C:\Users\nwong\Documents\Projects\Group2SWE\SWEGroup2\node_modules\react-dom\cjs\react-dom.development.js:4164:14)
    at HTMLUnknownElement.callTheUserObjectsOperation (C:\Users\nwong\Documents\Projects\Group2SWE\SWEGroup2\node_modul
es\jsdom\lib\jsdom\living\generated\EventListener.js:26:30)
    at innerInvokeEventListeners (C:\Users\nwong\Documents\Projects\Group2SWE\SWEGroup2\node_modules\jsdom\lib\jsdom\li
ving\events\EventTarget-impl.js:350:25)
[90mstderr[2m | src/pages/__tests__/EditMapPage.test.tsx[2m > [22m[2mEditMapPage[2m > [22m[2mcloses sidebar 
when overlay is clicked
[22m[39mWarning: React.jsx: type is invalid -- expected a string (for built-in components) or a class/function (for 
composite components) but got: undefined. You likely forgot to export your component from the file it's defined in, or 
you might have mixed up default and named imports.

Check your code at EditMapPage.tsx:134.
    at EditMapPage (C:/Users/nwong/Documents/Projects/Group2SWE/SWEGroup2/src/pages/EditMapPage.tsx:27:38)
Warning: React.jsx: type is invalid -- expected a string (for built-in components) or a class/function (for composite 
components) but got: undefined. You likely forgot to export your component from the file it's defined in, or you might 
have mixed up default and named imports.

Check your code at EditMapPage.tsx:134.
    at EditMapPage (C:/Users/nwong/Documents/Projects/Group2SWE/SWEGroup2/src/pages/EditMapPage.tsx:27:38)
The above error occurred in the <div> component:

    at div
    at div
    at div
    at EditMapPage (C:/Users/nwong/Documents/Projects/Group2SWE/SWEGroup2/src/pages/EditMapPage.tsx:27:38)

Consider adding an error boundary to your tree to customize error handling behavior.
Visit https://reactjs.org/link/error-boundaries to learn more about error boundaries.

Error: Uncaught [Error: Element type is invalid: expected a string (for built-in components) or a class/function (for 
composite components) but got: undefined. You likely forgot to export your component from the file it's defined in, or 
you might have mixed up default and named imports.

Check the render method of `MapPage`.]
    at reportException (C:\Users\nwong\Documents\Projects\Group2SWE\SWEGroup2\node_modules\jsdom\lib\jsdom\living\helpe
rs\runtime-script-errors.js:66:24)
    at innerInvokeEventListeners (C:\Users\nwong\Documents\Projects\Group2SWE\SWEGroup2\node_modules\jsdom\lib\jsdom\li
ving\events\EventTarget-impl.js:353:9)
    at invokeEventListeners (C:\Users\nwong\Documents\Projects\Group2SWE\SWEGroup2\node_modules\jsdom\lib\jsdom\living\
events\EventTarget-impl.js:286:3)
    at HTMLUnknownElementImpl._dispatch (C:\Users\nwong\Documents\Projects\Group2SWE\SWEGroup2\node_modules\jsdom\lib\j
sdom\living\events\EventTarget-impl.js:233:9)
    at HTMLUnknownElementImpl.dispatchEvent (C:\Users\nwong\Documents\Projects\Group2SWE\SWEGroup2\node_modules\jsdom\l
ib\jsdom\living\events\EventTarget-impl.js:104:17)
    at HTMLUnknownElement.dispatchEvent (C:\Users\nwong\Documents\Projects\Group2SWE\SWEGroup2\node_modules\jsdom\lib\j
sdom\living\generated\EventTarget.js:241:34)
    at Object.invokeGuardedCallbackDev 
(C:\Users\nwong\Documents\Projects\Group2SWE\SWEGroup2\node_modules\react-dom\cjs\react-dom.development.js:4213:16)
    at invokeGuardedCallback 
(C:\Users\nwong\Documents\Projects\Group2SWE\SWEGroup2\node_modules\react-dom\cjs\react-dom.development.js:4277:31)
    at beginWork$1 
(C:\Users\nwong\Documents\Projects\Group2SWE\SWEGroup2\node_modules\react-dom\cjs\react-dom.development.js:27490:7)
    at performUnitOfWork 
(C:\Users\nwong\Documents\Projects\Group2SWE\SWEGroup2\node_modules\react-dom\cjs\react-dom.development.js:26599:12) 
Error: Element type is invalid: expected a string (for built-in components) or a class/function (for composite 
components) but got: undefined. You likely forgot to export your component from the file it's defined in, or you might 
have mixed up default and named imports.

Check the render method of `MapPage`.
    at createFiberFromTypeAndProps 
(C:\Users\nwong\Documents\Projects\Group2SWE\SWEGroup2\node_modules\react-dom\cjs\react-dom.development.js:28478:17)
    at createFiberFromElement 
(C:\Users\nwong\Documents\Projects\Group2SWE\SWEGroup2\node_modules\react-dom\cjs\react-dom.development.js:28504:15)
    at reconcileSingleElement 
(C:\Users\nwong\Documents\Projects\Group2SWE\SWEGroup2\node_modules\react-dom\cjs\react-dom.development.js:13986:23)
    at reconcileChildFibers 
(C:\Users\nwong\Documents\Projects\Group2SWE\SWEGroup2\node_modules\react-dom\cjs\react-dom.development.js:14044:35)
    at reconcileChildren 
(C:\Users\nwong\Documents\Projects\Group2SWE\SWEGroup2\node_modules\react-dom\cjs\react-dom.development.js:19186:28)
    at updateHostComponent 
(C:\Users\nwong\Documents\Projects\Group2SWE\SWEGroup2\node_modules\react-dom\cjs\react-dom.development.js:19953:3)
    at beginWork 
(C:\Users\nwong\Documents\Projects\Group2SWE\SWEGroup2\node_modules\react-dom\cjs\react-dom.development.js:21657:14)
    at HTMLUnknownElement.callCallback 
(C:\Users\nwong\Documents\Projects\Group2SWE\SWEGroup2\node_modules\react-dom\cjs\react-dom.development.js:4164:14)
    at HTMLUnknownElement.callTheUserObjectsOperation (C:\Users\nwong\Documents\Projects\Group2SWE\SWEGroup2\node_modul
es\jsdom\lib\jsdom\living\generated\EventListener.js:26:30)
    at innerInvokeEventListeners (C:\Users\nwong\Documents\Projects\Group2SWE\SWEGroup2\node_modules\jsdom\lib\jsdom\li
ving\events\EventTarget-impl.js:350:25)
Error: Uncaught [Error: Element type is invalid: expected a string (for built-in components) or a class/function (for 
composite components) but got: undefined. You likely forgot to export your component from the file it's defined in, or 
you might have mixed up default and named imports.

Check the render method of `MapPage`.]
    at reportException (C:\Users\nwong\Documents\Projects\Group2SWE\SWEGroup2\node_modules\jsdom\lib\jsdom\living\helpe
rs\runtime-script-errors.js:66:24)
    at innerInvokeEventListeners (C:\Users\nwong\Documents\Projects\Group2SWE\SWEGroup2\node_modules\jsdom\lib\jsdom\li
ving\events\EventTarget-impl.js:353:9)
    at invokeEventListeners (C:\Users\nwong\Documents\Projects\Group2SWE\SWEGroup2\node_modules\jsdom\lib\jsdom\living\
events\EventTarget-impl.js:286:3)
    at HTMLUnknownElementImpl._dispatch (C:\Users\nwong\Documents\Projects\Group2SWE\SWEGroup2\node_modules\jsdom\lib\j
sdom\living\events\EventTarget-impl.js:233:9)
    at HTMLUnknownElementImpl.dispatchEvent (C:\Users\nwong\Documents\Projects\Group2SWE\SWEGroup2\node_modules\jsdom\l
ib\jsdom\living\events\EventTarget-impl.js:104:17)
    at HTMLUnknownElement.dispatchEvent (C:\Users\nwong\Documents\Projects\Group2SWE\SWEGroup2\node_modules\jsdom\lib\j
sdom\living\generated\EventTarget.js:241:34)
    at Object.invokeGuardedCallbackDev 
(C:\Users\nwong\Documents\Projects\Group2SWE\SWEGroup2\node_modules\react-dom\cjs\react-dom.development.js:4213:16)
    at invokeGuardedCallback 
(C:\Users\nwong\Documents\Projects\Group2SWE\SWEGroup2\node_modules\react-dom\cjs\react-dom.development.js:4277:31)
    at beginWork$1 
(C:\Users\nwong\Documents\Projects\Group2SWE\SWEGroup2\node_modules\react-dom\cjs\react-dom.development.js:27490:7)
    at performUnitOfWork 
(C:\Users\nwong\Documents\Projects\Group2SWE\SWEGroup2\node_modules\react-dom\cjs\react-dom.development.js:26599:12) 
Error: Element type is invalid: expected a string (for built-in components) or a class/function (for composite 
components) but got: undefined. You likely forgot to export your component from the file it's defined in, or you might 
have mixed up default and named imports.

Check the render method of `MapPage`.
    at createFiberFromTypeAndProps 
(C:\Users\nwong\Documents\Projects\Group2SWE\SWEGroup2\node_modules\react-dom\cjs\react-dom.development.js:28478:17)
    at createFiberFromElement 
(C:\Users\nwong\Documents\Projects\Group2SWE\SWEGroup2\node_modules\react-dom\cjs\react-dom.development.js:28504:15)
    at reconcileSingleElement 
(C:\Users\nwong\Documents\Projects\Group2SWE\SWEGroup2\node_modules\react-dom\cjs\react-dom.development.js:13986:23)
    at reconcileChildFibers 
(C:\Users\nwong\Documents\Projects\Group2SWE\SWEGroup2\node_modules\react-dom\cjs\react-dom.development.js:14044:35)
    at reconcileChildren 
(C:\Users\nwong\Documents\Projects\Group2SWE\SWEGroup2\node_modules\react-dom\cjs\react-dom.development.js:19186:28)
    at updateHostComponent 
(C:\Users\nwong\Documents\Projects\Group2SWE\SWEGroup2\node_modules\react-dom\cjs\react-dom.development.js:19953:3)
    at beginWork 
(C:\Users\nwong\Documents\Projects\Group2SWE\SWEGroup2\node_modules\react-dom\cjs\react-dom.development.js:21657:14)
    at HTMLUnknownElement.callCallback 
(C:\Users\nwong\Documents\Projects\Group2SWE\SWEGroup2\node_modules\react-dom\cjs\react-dom.development.js:4164:14)
    at HTMLUnknownElement.callTheUserObjectsOperation (C:\Users\nwong\Documents\Projects\Group2SWE\SWEGroup2\node_modul
es\jsdom\lib\jsdom\living\generated\EventListener.js:26:30)
    at innerInvokeEventListeners (C:\Users\nwong\Documents\Projects\Group2SWE\SWEGroup2\node_modules\jsdom\lib\jsdom\li
ving\events\EventTarget-impl.js:350:25)
[90mstderr[2m | src/pages/__tests__/MapPage.test.tsx[2m > [22m[2mMapPage[2m > [22m[2mcan navigate back after 
going to second floor
[22m[39mWarning: React.jsx: type is invalid -- expected a string (for built-in components) or a class/function (for 
composite components) but got: undefined. You likely forgot to export your component from the file it's defined in, or 
you might have mixed up default and named imports.

Check your code at MapPage.tsx:123.
    at MapPage (C:/Users/nwong/Documents/Projects/Group2SWE/SWEGroup2/src/pages/MapPage.tsx:25:67)
Warning: React.jsx: type is invalid -- expected a string (for built-in components) or a class/function (for composite 
components) but got: undefined. You likely forgot to export your component from the file it's defined in, or you might 
have mixed up default and named imports.

Check your code at MapPage.tsx:123.
    at MapPage (C:/Users/nwong/Documents/Projects/Group2SWE/SWEGroup2/src/pages/MapPage.tsx:25:67)
The above error occurred in the <div> component:

    at div
    at div
    at div
    at MapPage (C:/Users/nwong/Documents/Projects/Group2SWE/SWEGroup2/src/pages/MapPage.tsx:25:67)

Consider adding an error boundary to your tree to customize error handling behavior.
Visit https://reactjs.org/link/error-boundaries to learn more about error boundaries.

Error: Uncaught [Error: Element type is invalid: expected a string (for built-in components) or a class/function (for 
composite components) but got: undefined. You likely forgot to export your component from the file it's defined in, or 
you might have mixed up default and named imports.

Check the render method of `EditMapPage`.]
    at reportException (C:\Users\nwong\Documents\Projects\Group2SWE\SWEGroup2\node_modules\jsdom\lib\jsdom\living\helpe
rs\runtime-script-errors.js:66:24)
    at innerInvokeEventListeners (C:\Users\nwong\Documents\Projects\Group2SWE\SWEGroup2\node_modules\jsdom\lib\jsdom\li
ving\events\EventTarget-impl.js:353:9)
    at invokeEventListeners (C:\Users\nwong\Documents\Projects\Group2SWE\SWEGroup2\node_modules\jsdom\lib\jsdom\living\
events\EventTarget-impl.js:286:3)
    at HTMLUnknownElementImpl._dispatch (C:\Users\nwong\Documents\Projects\Group2SWE\SWEGroup2\node_modules\jsdom\lib\j
sdom\living\events\EventTarget-impl.js:233:9)
    at HTMLUnknownElementImpl.dispatchEvent (C:\Users\nwong\Documents\Projects\Group2SWE\SWEGroup2\node_modules\jsdom\l
ib\jsdom\living\events\EventTarget-impl.js:104:17)
    at HTMLUnknownElement.dispatchEvent (C:\Users\nwong\Documents\Projects\Group2SWE\SWEGroup2\node_modules\jsdom\lib\j
sdom\living\generated\EventTarget.js:241:34)
    at Object.invokeGuardedCallbackDev 
(C:\Users\nwong\Documents\Projects\Group2SWE\SWEGroup2\node_modules\react-dom\cjs\react-dom.development.js:4213:16)
    at invokeGuardedCallback 
(C:\Users\nwong\Documents\Projects\Group2SWE\SWEGroup2\node_modules\react-dom\cjs\react-dom.development.js:4277:31)
    at beginWork$1 
(C:\Users\nwong\Documents\Projects\Group2SWE\SWEGroup2\node_modules\react-dom\cjs\react-dom.development.js:27490:7)
    at performUnitOfWork 
(C:\Users\nwong\Documents\Projects\Group2SWE\SWEGroup2\node_modules\react-dom\cjs\react-dom.development.js:26599:12) 
Error: Element type is invalid: expected a string (for built-in components) or a class/function (for composite 
components) but got: undefined. You likely forgot to export your component from the file it's defined in, or you might 
have mixed up default and named imports.

Check the render method of `EditMapPage`.
    at createFiberFromTypeAndProps 
(C:\Users\nwong\Documents\Projects\Group2SWE\SWEGroup2\node_modules\react-dom\cjs\react-dom.development.js:28478:17)
    at createFiberFromElement 
(C:\Users\nwong\Documents\Projects\Group2SWE\SWEGroup2\node_modules\react-dom\cjs\react-dom.development.js:28504:15)
    at reconcileSingleElement 
(C:\Users\nwong\Documents\Projects\Group2SWE\SWEGroup2\node_modules\react-dom\cjs\react-dom.development.js:13986:23)
    at reconcileChildFibers 
(C:\Users\nwong\Documents\Projects\Group2SWE\SWEGroup2\node_modules\react-dom\cjs\react-dom.development.js:14044:35)
    at reconcileChildren 
(C:\Users\nwong\Documents\Projects\Group2SWE\SWEGroup2\node_modules\react-dom\cjs\react-dom.development.js:19186:28)
    at updateHostComponent 
(C:\Users\nwong\Documents\Projects\Group2SWE\SWEGroup2\node_modules\react-dom\cjs\react-dom.development.js:19953:3)
    at beginWork 
(C:\Users\nwong\Documents\Projects\Group2SWE\SWEGroup2\node_modules\react-dom\cjs\react-dom.development.js:21657:14)
    at HTMLUnknownElement.callCallback 
(C:\Users\nwong\Documents\Projects\Group2SWE\SWEGroup2\node_modules\react-dom\cjs\react-dom.development.js:4164:14)
    at HTMLUnknownElement.callTheUserObjectsOperation (C:\Users\nwong\Documents\Projects\Group2SWE\SWEGroup2\node_modul
es\jsdom\lib\jsdom\living\generated\EventListener.js:26:30)
    at innerInvokeEventListeners (C:\Users\nwong\Documents\Projects\Group2SWE\SWEGroup2\node_modules\jsdom\lib\jsdom\li
ving\events\EventTarget-impl.js:350:25)
Error: Uncaught [Error: Element type is invalid: expected a string (for built-in components) or a class/function (for 
composite components) but got: undefined. You likely forgot to export your component from the file it's defined in, or 
you might have mixed up default and named imports.

Check the render method of `EditMapPage`.]
    at reportException (C:\Users\nwong\Documents\Projects\Group2SWE\SWEGroup2\node_modules\jsdom\lib\jsdom\living\helpe
rs\runtime-script-errors.js:66:24)
    at innerInvokeEventListeners (C:\Users\nwong\Documents\Projects\Group2SWE\SWEGroup2\node_modules\jsdom\lib\jsdom\li
ving\events\EventTarget-impl.js:353:9)
    at invokeEventListeners (C:\Users\nwong\Documents\Projects\Group2SWE\SWEGroup2\node_modules\jsdom\lib\jsdom\living\
events\EventTarget-impl.js:286:3)
    at HTMLUnknownElementImpl._dispatch (C:\Users\nwong\Documents\Projects\Group2SWE\SWEGroup2\node_modules\jsdom\lib\j
sdom\living\events\EventTarget-impl.js:233:9)
    at HTMLUnknownElementImpl.dispatchEvent (C:\Users\nwong\Documents\Projects\Group2SWE\SWEGroup2\node_modules\jsdom\l
ib\jsdom\living\events\EventTarget-impl.js:104:17)
    at HTMLUnknownElement.dispatchEvent (C:\Users\nwong\Documents\Projects\Group2SWE\SWEGroup2\node_modules\jsdom\lib\j
sdom\living\generated\EventTarget.js:241:34)
    at Object.invokeGuardedCallbackDev 
(C:\Users\nwong\Documents\Projects\Group2SWE\SWEGroup2\node_modules\react-dom\cjs\react-dom.development.js:4213:16)
    at invokeGuardedCallback 
(C:\Users\nwong\Documents\Projects\Group2SWE\SWEGroup2\node_modules\react-dom\cjs\react-dom.development.js:4277:31)
    at beginWork$1 
(C:\Users\nwong\Documents\Projects\Group2SWE\SWEGroup2\node_modules\react-dom\cjs\react-dom.development.js:27490:7)
    at performUnitOfWork 
(C:\Users\nwong\Documents\Projects\Group2SWE\SWEGroup2\node_modules\react-dom\cjs\react-dom.development.js:26599:12) 
Error: Element type is invalid: expected a string (for built-in components) or a class/function (for composite 
components) but got: undefined. You likely forgot to export your component from the file it's defined in, or you might 
have mixed up default and named imports.

Check the render method of `EditMapPage`.
    at createFiberFromTypeAndProps 
(C:\Users\nwong\Documents\Projects\Group2SWE\SWEGroup2\node_modules\react-dom\cjs\react-dom.development.js:28478:17)
    at createFiberFromElement 
(C:\Users\nwong\Documents\Projects\Group2SWE\SWEGroup2\node_modules\react-dom\cjs\react-dom.development.js:28504:15)
    at reconcileSingleElement 
(C:\Users\nwong\Documents\Projects\Group2SWE\SWEGroup2\node_modules\react-dom\cjs\react-dom.development.js:13986:23)
    at reconcileChildFibers 
(C:\Users\nwong\Documents\Projects\Group2SWE\SWEGroup2\node_modules\react-dom\cjs\react-dom.development.js:14044:35)
    at reconcileChildren 
(C:\Users\nwong\Documents\Projects\Group2SWE\SWEGroup2\node_modules\react-dom\cjs\react-dom.development.js:19186:28)
    at updateHostComponent 
(C:\Users\nwong\Documents\Projects\Group2SWE\SWEGroup2\node_modules\react-dom\cjs\react-dom.development.js:19953:3)
    at beginWork 
(C:\Users\nwong\Documents\Projects\Group2SWE\SWEGroup2\node_modules\react-dom\cjs\react-dom.development.js:21657:14)
    at HTMLUnknownElement.callCallback 
(C:\Users\nwong\Documents\Projects\Group2SWE\SWEGroup2\node_modules\react-dom\cjs\react-dom.development.js:4164:14)
    at HTMLUnknownElement.callTheUserObjectsOperation (C:\Users\nwong\Documents\Projects\Group2SWE\SWEGroup2\node_modul
es\jsdom\lib\jsdom\living\generated\EventListener.js:26:30)
    at innerInvokeEventListeners (C:\Users\nwong\Documents\Projects\Group2SWE\SWEGroup2\node_modules\jsdom\lib\jsdom\li
ving\events\EventTarget-impl.js:350:25)
[90mstderr[2m | src/pages/__tests__/EditMapPage.test.tsx[2m > [22m[2mEditMapPage[2m > [22m[2mtoggles snap to 
grid
[22m[39mWarning: React.jsx: type is invalid -- expected a string (for built-in components) or a class/function (for 
composite components) but got: undefined. You likely forgot to export your component from the file it's defined in, or 
you might have mixed up default and named imports.

Check your code at EditMapPage.tsx:134.
    at EditMapPage (C:/Users/nwong/Documents/Projects/Group2SWE/SWEGroup2/src/pages/EditMapPage.tsx:27:38)
Warning: React.jsx: type is invalid -- expected a string (for built-in components) or a class/function (for composite 
components) but got: undefined. You likely forgot to export your component from the file it's defined in, or you might 
have mixed up default and named imports.

Check your code at EditMapPage.tsx:134.
    at EditMapPage (C:/Users/nwong/Documents/Projects/Group2SWE/SWEGroup2/src/pages/EditMapPage.tsx:27:38)
The above error occurred in the <div> component:

    at div
    at div
    at div
    at EditMapPage (C:/Users/nwong/Documents/Projects/Group2SWE/SWEGroup2/src/pages/EditMapPage.tsx:27:38)

Consider adding an error boundary to your tree to customize error handling behavior.
Visit https://reactjs.org/link/error-boundaries to learn more about error boundaries.

 [31mΓ¥»[39m src/pages/__tests__/MapPage.test.tsx [2m([22m[2m12 tests[22m[2m | [22m[31m12 failed[39m[2m)[22m[33m 12225[2mms[22m[39m
[31m     [31m├ù[31m renders header after loading[39m[33m 1047[2mms[22m[39m
[31m     [31m├ù[31m renders the interactive map[39m[33m 1014[2mms[22m[39m
[31m     [31m├ù[31m renders the search bar[39m[33m 1007[2mms[22m[39m
[31m     [31m├ù[31m renders floor navigation buttons[39m[33m 1036[2mms[22m[39m
[31m     [31m├ù[31m shows edit map button for admin users[39m[33m 1036[2mms[22m[39m
[31m     [31m├ù[31m navigates to edit page when edit button is clicked[39m[33m 1016[2mms[22m[39m
[31m     [31m├ù[31m displays floor name[39m[33m 1011[2mms[22m[39m
[31m     [31m├ù[31m can navigate between floors[39m[33m 1007[2mms[22m[39m
[31m     [31m├ù[31m disables previous floor button on first floor[39m[33m 1009[2mms[22m[39m
[31m     [31m├ù[31m disables next floor button on last floor[39m[33m 1007[2mms[22m[39m
[31m     [31m├ù[31m handles search result selection[39m[33m 1014[2mms[22m[39m
[31m     [31m├ù[31m can navigate back after going to second floor[39m[33m 1017[2mms[22m[39m
Error: Uncaught [Error: Element type is invalid: expected a string (for built-in components) or a class/function (for 
composite components) but got: undefined. You likely forgot to export your component from the file it's defined in, or 
you might have mixed up default and named imports.

Check the render method of `EditMapPage`.]
    at reportException (C:\Users\nwong\Documents\Projects\Group2SWE\SWEGroup2\node_modules\jsdom\lib\jsdom\living\helpe
rs\runtime-script-errors.js:66:24)
    at innerInvokeEventListeners (C:\Users\nwong\Documents\Projects\Group2SWE\SWEGroup2\node_modules\jsdom\lib\jsdom\li
ving\events\EventTarget-impl.js:353:9)
    at invokeEventListeners (C:\Users\nwong\Documents\Projects\Group2SWE\SWEGroup2\node_modules\jsdom\lib\jsdom\living\
events\EventTarget-impl.js:286:3)
    at HTMLUnknownElementImpl._dispatch (C:\Users\nwong\Documents\Projects\Group2SWE\SWEGroup2\node_modules\jsdom\lib\j
sdom\living\events\EventTarget-impl.js:233:9)
    at HTMLUnknownElementImpl.dispatchEvent (C:\Users\nwong\Documents\Projects\Group2SWE\SWEGroup2\node_modules\jsdom\l
ib\jsdom\living\events\EventTarget-impl.js:104:17)
    at HTMLUnknownElement.dispatchEvent (C:\Users\nwong\Documents\Projects\Group2SWE\SWEGroup2\node_modules\jsdom\lib\j
sdom\living\generated\EventTarget.js:241:34)
    at Object.invokeGuardedCallbackDev 
(C:\Users\nwong\Documents\Projects\Group2SWE\SWEGroup2\node_modules\react-dom\cjs\react-dom.development.js:4213:16)
    at invokeGuardedCallback 
(C:\Users\nwong\Documents\Projects\Group2SWE\SWEGroup2\node_modules\react-dom\cjs\react-dom.development.js:4277:31)
    at beginWork$1 
(C:\Users\nwong\Documents\Projects\Group2SWE\SWEGroup2\node_modules\react-dom\cjs\react-dom.development.js:27490:7)
    at performUnitOfWork 
(C:\Users\nwong\Documents\Projects\Group2SWE\SWEGroup2\node_modules\react-dom\cjs\react-dom.development.js:26599:12) 
Error: Element type is invalid: expected a string (for built-in components) or a class/function (for composite 
components) but got: undefined. You likely forgot to export your component from the file it's defined in, or you might 
have mixed up default and named imports.

Check the render method of `EditMapPage`.
    at createFiberFromTypeAndProps 
(C:\Users\nwong\Documents\Projects\Group2SWE\SWEGroup2\node_modules\react-dom\cjs\react-dom.development.js:28478:17)
    at createFiberFromElement 
(C:\Users\nwong\Documents\Projects\Group2SWE\SWEGroup2\node_modules\react-dom\cjs\react-dom.development.js:28504:15)
    at reconcileSingleElement 
(C:\Users\nwong\Documents\Projects\Group2SWE\SWEGroup2\node_modules\react-dom\cjs\react-dom.development.js:13986:23)
    at reconcileChildFibers 
(C:\Users\nwong\Documents\Projects\Group2SWE\SWEGroup2\node_modules\react-dom\cjs\react-dom.development.js:14044:35)
    at reconcileChildren 
(C:\Users\nwong\Documents\Projects\Group2SWE\SWEGroup2\node_modules\react-dom\cjs\react-dom.development.js:19186:28)
    at updateHostComponent 
(C:\Users\nwong\Documents\Projects\Group2SWE\SWEGroup2\node_modules\react-dom\cjs\react-dom.development.js:19953:3)
    at beginWork 
(C:\Users\nwong\Documents\Projects\Group2SWE\SWEGroup2\node_modules\react-dom\cjs\react-dom.development.js:21657:14)
    at HTMLUnknownElement.callCallback 
(C:\Users\nwong\Documents\Projects\Group2SWE\SWEGroup2\node_modules\react-dom\cjs\react-dom.development.js:4164:14)
    at HTMLUnknownElement.callTheUserObjectsOperation (C:\Users\nwong\Documents\Projects\Group2SWE\SWEGroup2\node_modul
es\jsdom\lib\jsdom\living\generated\EventListener.js:26:30)
    at innerInvokeEventListeners (C:\Users\nwong\Documents\Projects\Group2SWE\SWEGroup2\node_modules\jsdom\lib\jsdom\li
ving\events\EventTarget-impl.js:350:25)
Error: Uncaught [Error: Element type is invalid: expected a string (for built-in components) or a class/function (for 
composite components) but got: undefined. You likely forgot to export your component from the file it's defined in, or 
you might have mixed up default and named imports.

Check the render method of `EditMapPage`.]
    at reportException (C:\Users\nwong\Documents\Projects\Group2SWE\SWEGroup2\node_modules\jsdom\lib\jsdom\living\helpe
rs\runtime-script-errors.js:66:24)
    at innerInvokeEventListeners (C:\Users\nwong\Documents\Projects\Group2SWE\SWEGroup2\node_modules\jsdom\lib\jsdom\li
ving\events\EventTarget-impl.js:353:9)
    at invokeEventListeners (C:\Users\nwong\Documents\Projects\Group2SWE\SWEGroup2\node_modules\jsdom\lib\jsdom\living\
events\EventTarget-impl.js:286:3)
    at HTMLUnknownElementImpl._dispatch (C:\Users\nwong\Documents\Projects\Group2SWE\SWEGroup2\node_modules\jsdom\lib\j
sdom\living\events\EventTarget-impl.js:233:9)
    at HTMLUnknownElementImpl.dispatchEvent (C:\Users\nwong\Documents\Projects\Group2SWE\SWEGroup2\node_modules\jsdom\l
ib\jsdom\living\events\EventTarget-impl.js:104:17)
    at HTMLUnknownElement.dispatchEvent (C:\Users\nwong\Documents\Projects\Group2SWE\SWEGroup2\node_modules\jsdom\lib\j
sdom\living\generated\EventTarget.js:241:34)
    at Object.invokeGuardedCallbackDev 
(C:\Users\nwong\Documents\Projects\Group2SWE\SWEGroup2\node_modules\react-dom\cjs\react-dom.development.js:4213:16)
    at invokeGuardedCallback 
(C:\Users\nwong\Documents\Projects\Group2SWE\SWEGroup2\node_modules\react-dom\cjs\react-dom.development.js:4277:31)
    at beginWork$1 
(C:\Users\nwong\Documents\Projects\Group2SWE\SWEGroup2\node_modules\react-dom\cjs\react-dom.development.js:27490:7)
    at performUnitOfWork 
(C:\Users\nwong\Documents\Projects\Group2SWE\SWEGroup2\node_modules\react-dom\cjs\react-dom.development.js:26599:12) 
Error: Element type is invalid: expected a string (for built-in components) or a class/function (for composite 
components) but got: undefined. You likely forgot to export your component from the file it's defined in, or you might 
have mixed up default and named imports.

Check the render method of `EditMapPage`.
    at createFiberFromTypeAndProps 
(C:\Users\nwong\Documents\Projects\Group2SWE\SWEGroup2\node_modules\react-dom\cjs\react-dom.development.js:28478:17)
    at createFiberFromElement 
(C:\Users\nwong\Documents\Projects\Group2SWE\SWEGroup2\node_modules\react-dom\cjs\react-dom.development.js:28504:15)
    at reconcileSingleElement 
(C:\Users\nwong\Documents\Projects\Group2SWE\SWEGroup2\node_modules\react-dom\cjs\react-dom.development.js:13986:23)
    at reconcileChildFibers 
(C:\Users\nwong\Documents\Projects\Group2SWE\SWEGroup2\node_modules\react-dom\cjs\react-dom.development.js:14044:35)
    at reconcileChildren 
(C:\Users\nwong\Documents\Projects\Group2SWE\SWEGroup2\node_modules\react-dom\cjs\react-dom.development.js:19186:28)
    at updateHostComponent 
(C:\Users\nwong\Documents\Projects\Group2SWE\SWEGroup2\node_modules\react-dom\cjs\react-dom.development.js:19953:3)
    at beginWork 
(C:\Users\nwong\Documents\Projects\Group2SWE\SWEGroup2\node_modules\react-dom\cjs\react-dom.development.js:21657:14)
    at HTMLUnknownElement.callCallback 
(C:\Users\nwong\Documents\Projects\Group2SWE\SWEGroup2\node_modules\react-dom\cjs\react-dom.development.js:4164:14)
    at HTMLUnknownElement.callTheUserObjectsOperation (C:\Users\nwong\Documents\Projects\Group2SWE\SWEGroup2\node_modul
es\jsdom\lib\jsdom\living\generated\EventListener.js:26:30)
    at innerInvokeEventListeners (C:\Users\nwong\Documents\Projects\Group2SWE\SWEGroup2\node_modules\jsdom\lib\jsdom\li
ving\events\EventTarget-impl.js:350:25)
[90mstderr[2m | src/pages/__tests__/EditMapPage.test.tsx[2m > [22m[2mEditMapPage[2m > [22m[2mdisplays floor 
name from layout
[22m[39mWarning: React.jsx: type is invalid -- expected a string (for built-in components) or a class/function (for 
composite components) but got: undefined. You likely forgot to export your component from the file it's defined in, or 
you might have mixed up default and named imports.

Check your code at EditMapPage.tsx:134.
    at EditMapPage (C:/Users/nwong/Documents/Projects/Group2SWE/SWEGroup2/src/pages/EditMapPage.tsx:27:38)
Warning: React.jsx: type is invalid -- expected a string (for built-in components) or a class/function (for composite 
components) but got: undefined. You likely forgot to export your component from the file it's defined in, or you might 
have mixed up default and named imports.

Check your code at EditMapPage.tsx:134.
    at EditMapPage (C:/Users/nwong/Documents/Projects/Group2SWE/SWEGroup2/src/pages/EditMapPage.tsx:27:38)
The above error occurred in the <div> component:

    at div
    at div
    at div
    at EditMapPage (C:/Users/nwong/Documents/Projects/Group2SWE/SWEGroup2/src/pages/EditMapPage.tsx:27:38)

Consider adding an error boundary to your tree to customize error handling behavior.
Visit https://reactjs.org/link/error-boundaries to learn more about error boundaries.

 [31mΓ¥»[39m src/pages/__tests__/EditMapPage.test.tsx [2m([22m[2m13 tests[22m[2m | [22m[31m13 failed[39m[2m)[22m[33m 13247[2mms[22m[39m
[31m     [31m├ù[31m renders header after loading[39m[33m 1052[2mms[22m[39m
[31m     [31m├ù[31m renders the interactive map in edit mode[39m[33m 1029[2mms[22m[39m
[31m     [31m├ù[31m shows Edit Mode label[39m[33m 1023[2mms[22m[39m
[31m     [31m├ù[31m has back to view link[39m[33m 1006[2mms[22m[39m
[31m     [31m├ù[31m navigates to /map when back to view is clicked[39m[33m 1052[2mms[22m[39m
[31m     [31m├ù[31m renders snap to grid toggle[39m[33m 1014[2mms[22m[39m
[31m     [31m├ù[31m has floor navigation buttons[39m[33m 1006[2mms[22m[39m
[31m     [31m├ù[31m renders the drag and drop menu[39m[33m 1009[2mms[22m[39m
[31m     [31m├ù[31m has sidebar toggle button on mobile[39m[33m 1009[2mms[22m[39m
[31m     [31m├ù[31m toggles sidebar open when equipment panel button is clicked[39m[33m 1007[2mms[22m[39m
[31m     [31m├ù[31m closes sidebar when overlay is clicked[39m[33m 1012[2mms[22m[39m
[31m     [31m├ù[31m toggles snap to grid[39m[33m 1019[2mms[22m[39m
[31m     [31m├ù[31m displays floor name from layout[39m[33m 1005[2mms[22m[39m

[31mΓÄ»ΓÄ»ΓÄ»ΓÄ»ΓÄ»ΓÄ»[39m[1m[41m Failed Suites 1 [49m[22m[31mΓÄ»ΓÄ»ΓÄ»ΓÄ»ΓÄ»ΓÄ»ΓÄ»[39m

[41m[1m FAIL [22m[49m src/components/__tests__/SearchBar.test.tsx[2m [ 
src/components/__tests__/SearchBar.test.tsx ][22m
[31m[1mError[22m: Failed to resolve import "../components/index" from 
"src/components/__tests__/SearchBar.test.tsx". Does the file exist?[39m
  Plugin: [35mvite:import-analysis[39m
  File: 
[36mC:/Users/nwong/Documents/Projects/Group2SWE/SWEGroup2/src/components/__tests__/SearchBar.test.tsx[39m:3:26
[33m  2  |  import { render, screen, fireEvent } from "@testing-library/react";
  3  |  import { describe, it, expect, vi, beforeEach } from "vitest";
  4  |  import { SearchBar } from "../components/index";
     |                             ^
  5  |  const mockSearchData = [
  6  |    { id: 1, name: "Treadmill", description: "A running machine", floorName: "Floor 1" },[39m
[90m [2mΓ¥»[22m TransformPluginContext._formatLog 
node_modules/vite/dist/node/chunks/config.js:[2m28992:43[22m[39m
[90m [2mΓ¥»[22m TransformPluginContext.error node_modules/vite/dist/node/chunks/config.js:[2m28989:14[22m[39m
[90m [2mΓ¥»[22m normalizeUrl node_modules/vite/dist/node/chunks/config.js:[2m27112:18[22m[39m
[90m [2mΓ¥»[22m node_modules/vite/dist/node/chunks/config.js:[2m27170:32[22m[39m
[90m [2mΓ¥»[22m TransformPluginContext.transform node_modules/vite/dist/node/chunks/config.js:[2m27138:4[22m[39m
[90m [2mΓ¥»[22m EnvironmentPluginContainer.transform 
node_modules/vite/dist/node/chunks/config.js:[2m28790:14[22m[39m
[90m [2mΓ¥»[22m loadAndTransform node_modules/vite/dist/node/chunks/config.js:[2m22660:26[22m[39m

[31m[2mΓÄ»ΓÄ»ΓÄ»ΓÄ»ΓÄ»ΓÄ»ΓÄ»ΓÄ»ΓÄ»ΓÄ»ΓÄ»ΓÄ»ΓÄ»ΓÄ»ΓÄ»ΓÄ»ΓÄ»ΓÄ»ΓÄ»ΓÄ»ΓÄ»ΓÄ»[1/112]ΓÄ»[22m[39m


[31mΓÄ»ΓÄ»ΓÄ»ΓÄ»ΓÄ»ΓÄ»[39m[1m[41m Failed Tests 111 [49m[22m[31mΓÄ»ΓÄ»ΓÄ»ΓÄ»ΓÄ»ΓÄ»[39m

[41m[1m FAIL [22m[49m src/components/__tests__/DragAndDropMenu.test.tsx[2m > [22mDragAndDropMenu[2m > 
[22mrenders all equipment compoenents
[31m[1mTestingLibraryElementError[22m: Unable to find an element with the text: Treadmill. This could be because 
the text is broken up by multiple elements. In this case, you can provide a function for your text matcher to make 
your matcher more flexible.

Ignored nodes: comments, script, style
[36m<body>[31m
  [36m<div>[31m
    [36m<div[31m
      [33mclass[31m=[32m"w-48 md:w-64 shrink-0 h-full flex flex-col gap-2 bg-bg-secondary rounded-2xl shadow-lg 
z-50 p-3 md:p-4 overflow-y-auto"[31m
    [36m>[31m
      [36m<h2[31m
        [33mclass[31m=[32m"text-text-primary text-xs md:text-sm font-semibold select-none mb-2"[31m
      [36m>[31m
        [0mDrag and drop[0m
      [36m</h2>[31m
      [36m<div[31m
        [33mclass[31m=[32m"flex flex-col gap-2"[31m
      [36m>[31m
        [36m<div[31m
          [33mclass[31m=[32m"h-12 rounded-lg bg-bg-primary animate-pulse"[31m
        [36m/>[31m
        [36m<div[31m
          [33mclass[31m=[32m"h-12 rounded-lg bg-bg-primary animate-pulse"[31m
        [36m/>[31m
        [36m<div[31m
          [33mclass[31m=[32m"h-12 rounded-lg bg-bg-primary animate-pulse"[31m
        [36m/>[31m
        [36m<div[31m
          [33mclass[31m=[32m"h-12 rounded-lg bg-bg-primary animate-pulse"[31m
        [36m/>[31m
        [36m<div[31m
          [33mclass[31m=[32m"h-12 rounded-lg bg-bg-primary animate-pulse"[31m
        [36m/>[31m
        [36m<div[31m
          [33mclass[31m=[32m"h-12 rounded-lg bg-bg-primary animate-pulse"[31m
        [36m/>[31m
        [36m<div[31m
          [33mclass[31m=[32m"h-12 rounded-lg bg-bg-primary animate-pulse"[31m
        [36m/>[31m
        [36m<div[31m
          [33mclass[31m=[32m"h-12 rounded-lg bg-bg-primary animate-pulse"[31m
        [36m/>[31m
        [36m<div[31m
          [33mclass[31m=[32m"h-12 rounded-lg bg-bg-primary animate-pulse"[31m
        [36m/>[31m
        [36m<div[31m
          [33mclass[31m=[32m"h-12 rounded-lg bg-bg-primary animate-pulse"[31m
        [36m/>[31m
      [36m</div>[31m
    [36m</div>[31m
  [36m</div>[31m
[36m</body>[31m[39m
[90m [2mΓ¥»[22m Object.getElementError node_modules/@testing-library/dom/dist/config.js:[2m37:19[22m[39m
[90m [2mΓ¥»[22m node_modules/@testing-library/dom/dist/query-helpers.js:[2m76:38[22m[39m
[90m [2mΓ¥»[22m node_modules/@testing-library/dom/dist/query-helpers.js:[2m52:17[22m[39m
[90m [2mΓ¥»[22m node_modules/@testing-library/dom/dist/query-helpers.js:[2m95:19[22m[39m
[36m [2mΓ¥»[22m src/components/__tests__/DragAndDropMenu.test.tsx:[2m23:23[22m[39m
    [90m 21| [39m    [34mit[39m([32m'renders all equipment compoenents'[39m[33m,[39m () [33m=>[39m {
    [90m 22| [39m        [34mrender[39m([33m<[39m[33mDragAndDropMenu[39m [33m/[39m[33m>[39m)[33m;[39m
    [90m 23| [39m        [34mexpect[39m(screen[33m.[39m[34mgetByText[39m([32m'Treadmill'[39m))[33m.[39m[34
mtoBeInTheDocument[39m()[33m;[39m
    [90m   | [39m                      [31m^[39m
    [90m 24| [39m        [34mexpect[39m(screen[33m.[39m[34mgetByText[39m([32m'Rowing 
Machine'[39m))[33m.[39m[34mtoBeInTheDocument[39m()[33m;[39m
    [90m 25| [39m        [34mexpect[39m(screen[33m.[39m[34mgetByText[39m([32m'Racks'[39m))[33m.[39m[34mtoB
eInTheDocument[39m()[33m;[39m

[31m[2mΓÄ»ΓÄ»ΓÄ»ΓÄ»ΓÄ»ΓÄ»ΓÄ»ΓÄ»ΓÄ»ΓÄ»ΓÄ»ΓÄ»ΓÄ»ΓÄ»ΓÄ»ΓÄ»ΓÄ»ΓÄ»ΓÄ»ΓÄ»ΓÄ»ΓÄ»[2/112]ΓÄ»[22m[39m

[41m[1m FAIL [22m[49m src/components/__tests__/DragAndDropMenu.test.tsx[2m > [22mDragAndDropMenu[2m > [22meach 
template item is draggable
[31m[1mTestingLibraryElementError[22m: Unable to find an element with the text: /Treadmill|Rowing 
Machine|Racks|Free Weights|Resistance Machine|Open Space/. This could be because the text is broken up by multiple 
elements. In this case, you can provide a function for your text matcher to make your matcher more flexible.

Ignored nodes: comments, script, style
[36m<body>[31m
  [36m<div>[31m
    [36m<div[31m
      [33mclass[31m=[32m"w-48 md:w-64 shrink-0 h-full flex flex-col gap-2 bg-bg-secondary rounded-2xl shadow-lg 
z-50 p-3 md:p-4 overflow-y-auto"[31m
    [36m>[31m
      [36m<h2[31m
        [33mclass[31m=[32m"text-text-primary text-xs md:text-sm font-semibold select-none mb-2"[31m
      [36m>[31m
        [0mDrag and drop[0m
      [36m</h2>[31m
      [36m<div[31m
        [33mclass[31m=[32m"flex flex-col gap-2"[31m
      [36m>[31m
        [36m<div[31m
          [33mclass[31m=[32m"h-12 rounded-lg bg-bg-primary animate-pulse"[31m
        [36m/>[31m
        [36m<div[31m
          [33mclass[31m=[32m"h-12 rounded-lg bg-bg-primary animate-pulse"[31m
        [36m/>[31m
        [36m<div[31m
          [33mclass[31m=[32m"h-12 rounded-lg bg-bg-primary animate-pulse"[31m
        [36m/>[31m
        [36m<div[31m
          [33mclass[31m=[32m"h-12 rounded-lg bg-bg-primary animate-pulse"[31m
        [36m/>[31m
        [36m<div[31m
          [33mclass[31m=[32m"h-12 rounded-lg bg-bg-primary animate-pulse"[31m
        [36m/>[31m
        [36m<div[31m
          [33mclass[31m=[32m"h-12 rounded-lg bg-bg-primary animate-pulse"[31m
        [36m/>[31m
        [36m<div[31m
          [33mclass[31m=[32m"h-12 rounded-lg bg-bg-primary animate-pulse"[31m
        [36m/>[31m
        [36m<div[31m
          [33mclass[31m=[32m"h-12 rounded-lg bg-bg-primary animate-pulse"[31m
        [36m/>[31m
        [36m<div[31m
          [33mclass[31m=[32m"h-12 rounded-lg bg-bg-primary animate-pulse"[31m
        [36m/>[31m
        [36m<div[31m
          [33mclass[31m=[32m"h-12 rounded-lg bg-bg-primary animate-pulse"[31m
        [36m/>[31m
      [36m</div>[31m
    [36m</div>[31m
  [36m</div>[31m
[36m</body>[31m[39m
[90m [2mΓ¥»[22m Object.getElementError node_modules/@testing-library/dom/dist/config.js:[2m37:19[22m[39m
[90m [2mΓ¥»[22m node_modules/@testing-library/dom/dist/query-helpers.js:[2m76:38[22m[39m
[90m [2mΓ¥»[22m node_modules/@testing-library/dom/dist/query-helpers.js:[2m109:15[22m[39m
[36m [2mΓ¥»[22m src/components/__tests__/DragAndDropMenu.test.tsx:[2m33:30[22m[39m
    [90m 31| [39m    [34mit[39m([32m'each template item is draggable'[39m[33m,[39m () [33m=>[39m {
    [90m 32| [39m        [34mrender[39m([33m<[39m[33mDragAndDropMenu[39m [33m/[39m[33m>[39m)[33m;[39m
    [90m 33| [39m        const items = screen.getAllByText(/Treadmill|Rowing Machine|RaΓÇª
    [90m   | [39m                             [31m^[39m
    [90m 34| [39m        items[33m.[39m[34mforEach[39m(item [33m=>[39m {
    [90m 35| [39m            [35mconst[39m draggableEl [33m=[39m 
item[33m.[39m[34mclosest[39m([32m'[draggable]'[39m)[33m;[39m

[31m[2mΓÄ»ΓÄ»ΓÄ»ΓÄ»ΓÄ»ΓÄ»ΓÄ»ΓÄ»ΓÄ»ΓÄ»ΓÄ»ΓÄ»ΓÄ»ΓÄ»ΓÄ»ΓÄ»ΓÄ»ΓÄ»ΓÄ»ΓÄ»ΓÄ»ΓÄ»[3/112]ΓÄ»[22m[39m

[41m[1m FAIL [22m[49m src/components/__tests__/DragAndDropMenu.test.tsx[2m > [22mDragAndDropMenu[2m > [22msets 
dataTransfer on drag start
[31m[1mTestingLibraryElementError[22m: Unable to find an element with the text: Treadmill. This could be because 
the text is broken up by multiple elements. In this case, you can provide a function for your text matcher to make 
your matcher more flexible.

Ignored nodes: comments, script, style
[36m<body>[31m
  [36m<div>[31m
    [36m<div[31m
      [33mclass[31m=[32m"w-48 md:w-64 shrink-0 h-full flex flex-col gap-2 bg-bg-secondary rounded-2xl shadow-lg 
z-50 p-3 md:p-4 overflow-y-auto"[31m
    [36m>[31m
      [36m<h2[31m
        [33mclass[31m=[32m"text-text-primary text-xs md:text-sm font-semibold select-none mb-2"[31m
      [36m>[31m
        [0mDrag and drop[0m
      [36m</h2>[31m
      [36m<div[31m
        [33mclass[31m=[32m"flex flex-col gap-2"[31m
      [36m>[31m
        [36m<div[31m
          [33mclass[31m=[32m"h-12 rounded-lg bg-bg-primary animate-pulse"[31m
        [36m/>[31m
        [36m<div[31m
          [33mclass[31m=[32m"h-12 rounded-lg bg-bg-primary animate-pulse"[31m
        [36m/>[31m
        [36m<div[31m
          [33mclass[31m=[32m"h-12 rounded-lg bg-bg-primary animate-pulse"[31m
        [36m/>[31m
        [36m<div[31m
          [33mclass[31m=[32m"h-12 rounded-lg bg-bg-primary animate-pulse"[31m
        [36m/>[31m
        [36m<div[31m
          [33mclass[31m=[32m"h-12 rounded-lg bg-bg-primary animate-pulse"[31m
        [36m/>[31m
        [36m<div[31m
          [33mclass[31m=[32m"h-12 rounded-lg bg-bg-primary animate-pulse"[31m
        [36m/>[31m
        [36m<div[31m
          [33mclass[31m=[32m"h-12 rounded-lg bg-bg-primary animate-pulse"[31m
        [36m/>[31m
        [36m<div[31m
          [33mclass[31m=[32m"h-12 rounded-lg bg-bg-primary animate-pulse"[31m
        [36m/>[31m
        [36m<div[31m
          [33mclass[31m=[32m"h-12 rounded-lg bg-bg-primary animate-pulse"[31m
        [36m/>[31m
        [36m<div[31m
          [33mclass[31m=[32m"h-12 rounded-lg bg-bg-primary animate-pulse"[31m
        [36m/>[31m
      [36m</div>[31m
    [36m</div>[31m
  [36m</div>[31m
[36m</body>[31m[39m
[90m [2mΓ¥»[22m Object.getElementError node_modules/@testing-library/dom/dist/config.js:[2m37:19[22m[39m
[90m [2mΓ¥»[22m node_modules/@testing-library/dom/dist/query-helpers.js:[2m76:38[22m[39m
[90m [2mΓ¥»[22m node_modules/@testing-library/dom/dist/query-helpers.js:[2m52:17[22m[39m
[90m [2mΓ¥»[22m node_modules/@testing-library/dom/dist/query-helpers.js:[2m95:19[22m[39m
[36m [2mΓ¥»[22m src/components/__tests__/DragAndDropMenu.test.tsx:[2m43:34[22m[39m
    [90m 41| [39m    [34mit[39m([32m'sets dataTransfer on drag start'[39m[33m,[39m () [33m=>[39m {
    [90m 42| [39m        [34mrender[39m([33m<[39m[33mDragAndDropMenu[39m [33m/[39m[33m>[39m)[33m;[39m
    [90m 43| [39m        const treadmill = screen.getByText('Treadmill').closest('[dragΓÇª
    [90m   | [39m                                 [31m^[39m
    [90m 44| [39m
    [90m 45| [39m        [35mconst[39m setData [33m=[39m vi[33m.[39m[34mfn[39m()[33m;[39m

[31m[2mΓÄ»ΓÄ»ΓÄ»ΓÄ»ΓÄ»ΓÄ»ΓÄ»ΓÄ»ΓÄ»ΓÄ»ΓÄ»ΓÄ»ΓÄ»ΓÄ»ΓÄ»ΓÄ»ΓÄ»ΓÄ»ΓÄ»ΓÄ»ΓÄ»ΓÄ»[4/112]ΓÄ»[22m[39m

[41m[1m FAIL [22m[49m src/components/__tests__/DragAndDropMenu.test.tsx[2m > [22mDragAndDropMenu[2m > [22msets 
correct data for each template
[31m[1mTestingLibraryElementError[22m: Unable to find an element with the text: Treadmill. This could be because 
the text is broken up by multiple elements. In this case, you can provide a function for your text matcher to make 
your matcher more flexible.

Ignored nodes: comments, script, style
[36m<body>[31m
  [36m<div>[31m
    [36m<div[31m
      [33mclass[31m=[32m"w-48 md:w-64 shrink-0 h-full flex flex-col gap-2 bg-bg-secondary rounded-2xl shadow-lg 
z-50 p-3 md:p-4 overflow-y-auto"[31m
    [36m>[31m
      [36m<h2[31m
        [33mclass[31m=[32m"text-text-primary text-xs md:text-sm font-semibold select-none mb-2"[31m
      [36m>[31m
        [0mDrag and drop[0m
      [36m</h2>[31m
      [36m<div[31m
        [33mclass[31m=[32m"flex flex-col gap-2"[31m
      [36m>[31m
        [36m<div[31m
          [33mclass[31m=[32m"h-12 rounded-lg bg-bg-primary animate-pulse"[31m
        [36m/>[31m
        [36m<div[31m
          [33mclass[31m=[32m"h-12 rounded-lg bg-bg-primary animate-pulse"[31m
        [36m/>[31m
        [36m<div[31m
          [33mclass[31m=[32m"h-12 rounded-lg bg-bg-primary animate-pulse"[31m
        [36m/>[31m
        [36m<div[31m
          [33mclass[31m=[32m"h-12 rounded-lg bg-bg-primary animate-pulse"[31m
        [36m/>[31m
        [36m<div[31m
          [33mclass[31m=[32m"h-12 rounded-lg bg-bg-primary animate-pulse"[31m
        [36m/>[31m
        [36m<div[31m
          [33mclass[31m=[32m"h-12 rounded-lg bg-bg-primary animate-pulse"[31m
        [36m/>[31m
        [36m<div[31m
          [33mclass[31m=[32m"h-12 rounded-lg bg-bg-primary animate-pulse"[31m
        [36m/>[31m
        [36m<div[31m
          [33mclass[31m=[32m"h-12 rounded-lg bg-bg-primary animate-pulse"[31m
        [36m/>[31m
        [36m<div[31m
          [33mclass[31m=[32m"h-12 rounded-lg bg-bg-primary animate-pulse"[31m
        [36m/>[31m
        [36m<div[31m
          [33mclass[31m=[32m"h-12 rounded-lg bg-bg-primary animate-pulse"[31m
        [36m/>[31m
      [36m</div>[31m
    [36m</div>[31m
  [36m</div>[31m
[36m</body>[31m[39m
[90m [2mΓ¥»[22m Object.getElementError node_modules/@testing-library/dom/dist/config.js:[2m37:19[22m[39m
[90m [2mΓ¥»[22m node_modules/@testing-library/dom/dist/query-helpers.js:[2m76:38[22m[39m
[90m [2mΓ¥»[22m node_modules/@testing-library/dom/dist/query-helpers.js:[2m52:17[22m[39m
[90m [2mΓ¥»[22m node_modules/@testing-library/dom/dist/query-helpers.js:[2m95:19[22m[39m
[36m [2mΓ¥»[22m src/components/__tests__/DragAndDropMenu.test.tsx:[2m75:31[22m[39m
    [90m 73| [39m
    [90m 74| [39m        expectedData[33m.[39m[34mforEach[39m(expected [33m=>[39m {
    [90m 75| [39m            const el = screen.getByText(expected.name).closest('[draggΓÇª
    [90m   | [39m                              [31m^[39m
    [90m 76| [39m            [35mconst[39m setData [33m=[39m vi[33m.[39m[34mfn[39m()[33m;[39m
    [90m 77| [39m            fireEvent.dragStart(el, { dataTransfer: { setData, effectAΓÇª
[90m [2mΓ¥»[22m src/components/__tests__/DragAndDropMenu.test.tsx:[2m74:22[22m[39m

[31m[2mΓÄ»ΓÄ»ΓÄ»ΓÄ»ΓÄ»ΓÄ»ΓÄ»ΓÄ»ΓÄ»ΓÄ»ΓÄ»ΓÄ»ΓÄ»ΓÄ»ΓÄ»ΓÄ»ΓÄ»ΓÄ»ΓÄ»ΓÄ»ΓÄ»ΓÄ»[5/112]ΓÄ»[22m[39m

[41m[1m FAIL [22m[49m src/components/__tests__/DragAndDropMenu.test.tsx[2m > [22mDragAndDropMenu[2m > 
[22mrenders icons for each template
[31m[1mTestingLibraryElementError[22m: Unable to find an element by: [data-testid="icon-treadmill"]

Ignored nodes: comments, script, style
[36m<body>[31m
  [36m<div>[31m
    [36m<div[31m
      [33mclass[31m=[32m"w-48 md:w-64 shrink-0 h-full flex flex-col gap-2 bg-bg-secondary rounded-2xl shadow-lg 
z-50 p-3 md:p-4 overflow-y-auto"[31m
    [36m>[31m
      [36m<h2[31m
        [33mclass[31m=[32m"text-text-primary text-xs md:text-sm font-semibold select-none mb-2"[31m
      [36m>[31m
        [0mDrag and drop[0m
      [36m</h2>[31m
      [36m<div[31m
        [33mclass[31m=[32m"flex flex-col gap-2"[31m
      [36m>[31m
        [36m<div[31m
          [33mclass[31m=[32m"h-12 rounded-lg bg-bg-primary animate-pulse"[31m
        [36m/>[31m
        [36m<div[31m
          [33mclass[31m=[32m"h-12 rounded-lg bg-bg-primary animate-pulse"[31m
        [36m/>[31m
        [36m<div[31m
          [33mclass[31m=[32m"h-12 rounded-lg bg-bg-primary animate-pulse"[31m
        [36m/>[31m
        [36m<div[31m
          [33mclass[31m=[32m"h-12 rounded-lg bg-bg-primary animate-pulse"[31m
        [36m/>[31m
        [36m<div[31m
          [33mclass[31m=[32m"h-12 rounded-lg bg-bg-primary animate-pulse"[31m
        [36m/>[31m
        [36m<div[31m
          [33mclass[31m=[32m"h-12 rounded-lg bg-bg-primary animate-pulse"[31m
        [36m/>[31m
        [36m<div[31m
          [33mclass[31m=[32m"h-12 rounded-lg bg-bg-primary animate-pulse"[31m
        [36m/>[31m
        [36m<div[31m
          [33mclass[31m=[32m"h-12 rounded-lg bg-bg-primary animate-pulse"[31m
        [36m/>[31m
        [36m<div[31m
          [33mclass[31m=[32m"h-12 rounded-lg bg-bg-primary animate-pulse"[31m
        [36m/>[31m
        [36m<div[31m
          [33mclass[31m=[32m"h-12 rounded-lg bg-bg-primary animate-pulse"[31m
        [36m/>[31m
      [36m</div>[31m
    [36m</div>[31m
  [36m</div>[31m
[36m</body>[31m[39m
[90m [2mΓ¥»[22m Object.getElementError node_modules/@testing-library/dom/dist/config.js:[2m37:19[22m[39m
[90m [2mΓ¥»[22m node_modules/@testing-library/dom/dist/query-helpers.js:[2m76:38[22m[39m
[90m [2mΓ¥»[22m node_modules/@testing-library/dom/dist/query-helpers.js:[2m52:17[22m[39m
[90m [2mΓ¥»[22m node_modules/@testing-library/dom/dist/query-helpers.js:[2m95:19[22m[39m
[36m [2mΓ¥»[22m src/components/__tests__/DragAndDropMenu.test.tsx:[2m88:23[22m[39m
    [90m 86| [39m    [34mit[39m([32m'renders icons for each template'[39m[33m,[39m () [33m=>[39m {
    [90m 87| [39m        [34mrender[39m([33m<[39m[33mDragAndDropMenu[39m [33m/[39m[33m>[39m)[33m;[39m
    [90m 88| [39m        expect(screen.getByTestId('icon-treadmill')).toBeInTheDocumentΓÇª
    [90m   | [39m                      [31m^[39m
    [90m 89| [39m        [34mexpect[39m(screen[33m.[39m[34mgetByTestId[39m([32m'icon-rowing'[39m))[33m.[39m
[34mtoBeInTheDocument[39m()[33m;[39m
    [90m 90| [39m        [34mexpect[39m(screen[33m.[39m[34mgetByTestId[39m([32m'icon-weight'[39m))[33m.[39m
[34mtoBeInTheDocument[39m()[33m;[39m

[31m[2mΓÄ»ΓÄ»ΓÄ»ΓÄ»ΓÄ»ΓÄ»ΓÄ»ΓÄ»ΓÄ»ΓÄ»ΓÄ»ΓÄ»ΓÄ»ΓÄ»ΓÄ»ΓÄ»ΓÄ»ΓÄ»ΓÄ»ΓÄ»ΓÄ»ΓÄ»[6/112]ΓÄ»[22m[39m

[41m[1m FAIL [22m[49m src/components/__tests__/DropDownMenu.test.tsx[2m > [22mDropDownMenu[2m > [22mrenders 
ProfileButton and ThemeToggle as menu items
[31m[1mTestingLibraryElementError[22m: Unable to find an element by: [data-testid="theme-toggle"]

Ignored nodes: comments, script, style
[36m<body>[31m
  [36m<div>[31m
    [36m<div[31m
      [33mclass[31m=[32m"fixed top-4 right-4 z-50"[31m
    [36m>[31m
      [36m<div[31m
        [33mclass[31m=[32m"p-2 rounded-lg transition-colors bg-bg-secondary hover:bg-bg-tertiary 
text-text-primary"[31m
      [36m>[31m
        [36m<div[31m
          [33manimate[31m=[32m"[object Object]"[31m
          [33mtransition[31m=[32m"[object Object]"[31m
        [36m>[31m
          [36m<span[31m
            [33mdata-testid[31m=[32m"io5-chevron-down-outline"[31m
            [33msize[31m=[32m"30"[31m
          [36m/>[31m
        [36m</div>[31m
      [36m</div>[31m
      [36m<div[31m
        [33manimate[31m=[32m"[object Object]"[31m
        [33mclass[31m=[32m"absolute right-0 pt-2 rounded-lg flex flex-col items-start gap-2"[31m
        [33minitial[31m=[32m"[object Object]"[31m
        [33mstyle[31m=[32m"pointer-events: none;"[31m
        [33mtransition[31m=[32m"[object Object]"[31m
      [36m>[31m
        [36m<button[31m
          [33manimate[31m=[32m"[object Object]"[31m
          [33minitial[31m=[32m"[object Object]"[31m
          [33mtransition[31m=[32m"[object Object]"[31m
        [36m>[31m
          [0mProfile[0m
        [36m</button>[31m
        [36m<button[31m
          [33manimate[31m=[32m"[object Object]"[31m
          [33minitial[31m=[32m"[object Object]"[31m
          [33mtransition[31m=[32m"[object Object]"[31m
        [36m>[31m
          [0mTheme[0m
        [36m</button>[31m
      [36m</div>[31m
    [36m</div>[31m
  [36m</div>[31m
[36m</body>[31m[39m
[90m [2mΓ¥»[22m Object.getElementError node_modules/@testing-library/dom/dist/config.js:[2m37:19[22m[39m
[90m [2mΓ¥»[22m node_modules/@testing-library/dom/dist/query-helpers.js:[2m76:38[22m[39m
[90m [2mΓ¥»[22m node_modules/@testing-library/dom/dist/query-helpers.js:[2m52:17[22m[39m
[90m [2mΓ¥»[22m node_modules/@testing-library/dom/dist/query-helpers.js:[2m95:19[22m[39m
[36m [2mΓ¥»[22m src/components/__tests__/DropDownMenu.test.tsx:[2m39:23[22m[39m
    [90m 37| [39m        [34mrender[39m([33m<[39m[33mDropDownMenu[39m [33m/[39m[33m>[39m)[33m;[39m
    [90m 38| [39m        // The components are always rendered (visibility controlled bΓÇª
    [90m 39| [39m        [34mexpect[39m(screen[33m.[39m[34mgetByTestId[39m([32m'theme-toggle'[39m))[33m.[39
m[34mtoBeInTheDocument[39m()[33m;[39m
    [90m   | [39m                      [31m^[39m
    [90m 40| [39m        expect(screen.getByTestId('profile-button')).toBeInTheDocumentΓÇª
    [90m 41| [39m    })[33m;[39m

[31m[2mΓÄ»ΓÄ»ΓÄ»ΓÄ»ΓÄ»ΓÄ»ΓÄ»ΓÄ»ΓÄ»ΓÄ»ΓÄ»ΓÄ»ΓÄ»ΓÄ»ΓÄ»ΓÄ»ΓÄ»ΓÄ»ΓÄ»ΓÄ»ΓÄ»ΓÄ»[7/112]ΓÄ»[22m[39m

[41m[1m FAIL [22m[49m src/components/__tests__/DropDownMenu.test.tsx[2m > [22mDropDownMenu[2m > [22mtoggles 
menu on click
[31m[1mTestingLibraryElementError[22m: Unable to find an element by: [data-testid="theme-toggle"]

Ignored nodes: comments, script, style
[36m<body>[31m
  [36m<div>[31m
    [36m<div[31m
      [33mclass[31m=[32m"fixed top-4 right-4 z-50"[31m
    [36m>[31m
      [36m<div[31m
        [33mclass[31m=[32m"p-2 rounded-lg transition-colors bg-bg-secondary hover:bg-bg-tertiary 
text-text-primary"[31m
      [36m>[31m
        [36m<div[31m
          [33manimate[31m=[32m"[object Object]"[31m
          [33mtransition[31m=[32m"[object Object]"[31m
        [36m>[31m
          [36m<span[31m
            [33mdata-testid[31m=[32m"io5-chevron-down-outline"[31m
            [33msize[31m=[32m"30"[31m
          [36m/>[31m
        [36m</div>[31m
      [36m</div>[31m
      [36m<div[31m
        [33manimate[31m=[32m"[object Object]"[31m
        [33mclass[31m=[32m"absolute right-0 pt-2 rounded-lg flex flex-col items-start gap-2"[31m
        [33minitial[31m=[32m"[object Object]"[31m
        [33mstyle[31m=[32m"pointer-events: auto;"[31m
        [33mtransition[31m=[32m"[object Object]"[31m
      [36m>[31m
        [36m<button[31m
          [33manimate[31m=[32m"[object Object]"[31m
          [33minitial[31m=[32m"[object Object]"[31m
          [33mtransition[31m=[32m"[object Object]"[31m
        [36m>[31m
          [0mProfile[0m
        [36m</button>[31m
        [36m<button[31m
          [33manimate[31m=[32m"[object Object]"[31m
          [33minitial[31m=[32m"[object Object]"[31m
          [33mtransition[31m=[32m"[object Object]"[31m
        [36m>[31m
          [0mTheme[0m
        [36m</button>[31m
      [36m</div>[31m
    [36m</div>[31m
  [36m</div>[31m
[36m</body>[31m[39m
[90m [2mΓ¥»[22m Object.getElementError node_modules/@testing-library/dom/dist/config.js:[2m37:19[22m[39m
[90m [2mΓ¥»[22m node_modules/@testing-library/dom/dist/query-helpers.js:[2m76:38[22m[39m
[90m [2mΓ¥»[22m node_modules/@testing-library/dom/dist/query-helpers.js:[2m52:17[22m[39m
[90m [2mΓ¥»[22m node_modules/@testing-library/dom/dist/query-helpers.js:[2m95:19[22m[39m
[36m [2mΓ¥»[22m src/components/__tests__/DropDownMenu.test.tsx:[2m48:23[22m[39m
    [90m 46| [39m        fireEvent[33m.[39m[34mclick[39m(chevron)[33m;[39m
    [90m 47| [39m        // Menu should be toggled - we check that the component doesn'ΓÇª
    [90m 48| [39m        [34mexpect[39m(screen[33m.[39m[34mgetByTestId[39m([32m'theme-toggle'[39m))[33m.[39
m[34mtoBeInTheDocument[39m()[33m;[39m
    [90m   | [39m                      [31m^[39m
    [90m 49| [39m    })[33m;[39m
    [90m 50| [39m

[31m[2mΓÄ»ΓÄ»ΓÄ»ΓÄ»ΓÄ»ΓÄ»ΓÄ»ΓÄ»ΓÄ»ΓÄ»ΓÄ»ΓÄ»ΓÄ»ΓÄ»ΓÄ»ΓÄ»ΓÄ»ΓÄ»ΓÄ»ΓÄ»ΓÄ»ΓÄ»[8/112]ΓÄ»[22m[39m

[41m[1m FAIL [22m[49m src/components/__tests__/DropDownMenu.test.tsx[2m > [22mDropDownMenu[2m > [22mopens menu 
on mouse enter and closes on mouse leave
[31m[1mTestingLibraryElementError[22m: Unable to find an element by: [data-testid="profile-button"]

Ignored nodes: comments, script, style
[36m<body>[31m
  [36m<div>[31m
    [36m<div[31m
      [33mclass[31m=[32m"fixed top-4 right-4 z-50"[31m
    [36m>[31m
      [36m<div[31m
        [33mclass[31m=[32m"p-2 rounded-lg transition-colors bg-bg-secondary hover:bg-bg-tertiary 
text-text-primary"[31m
      [36m>[31m
        [36m<div[31m
          [33manimate[31m=[32m"[object Object]"[31m
          [33mtransition[31m=[32m"[object Object]"[31m
        [36m>[31m
          [36m<span[31m
            [33mdata-testid[31m=[32m"io5-chevron-down-outline"[31m
            [33msize[31m=[32m"30"[31m
          [36m/>[31m
        [36m</div>[31m
      [36m</div>[31m
      [36m<div[31m
        [33manimate[31m=[32m"[object Object]"[31m
        [33mclass[31m=[32m"absolute right-0 pt-2 rounded-lg flex flex-col items-start gap-2"[31m
        [33minitial[31m=[32m"[object Object]"[31m
        [33mstyle[31m=[32m"pointer-events: auto;"[31m
        [33mtransition[31m=[32m"[object Object]"[31m
      [36m>[31m
        [36m<button[31m
          [33manimate[31m=[32m"[object Object]"[31m
          [33minitial[31m=[32m"[object Object]"[31m
          [33mtransition[31m=[32m"[object Object]"[31m
        [36m>[31m
          [0mProfile[0m
        [36m</button>[31m
        [36m<button[31m
          [33manimate[31m=[32m"[object Object]"[31m
          [33minitial[31m=[32m"[object Object]"[31m
          [33mtransition[31m=[32m"[object Object]"[31m
        [36m>[31m
          [0mTheme[0m
        [36m</button>[31m
      [36m</div>[31m
    [36m</div>[31m
  [36m</div>[31m
[36m</body>[31m[39m
[90m [2mΓ¥»[22m Object.getElementError node_modules/@testing-library/dom/dist/config.js:[2m37:19[22m[39m
[90m [2mΓ¥»[22m node_modules/@testing-library/dom/dist/query-helpers.js:[2m76:38[22m[39m
[90m [2mΓ¥»[22m node_modules/@testing-library/dom/dist/query-helpers.js:[2m52:17[22m[39m
[90m [2mΓ¥»[22m node_modules/@testing-library/dom/dist/query-helpers.js:[2m95:19[22m[39m
[36m [2mΓ¥»[22m src/components/__tests__/DropDownMenu.test.tsx:[2m56:23[22m[39m
    [90m 54| [39m
    [90m 55| [39m        fireEvent[33m.[39m[34mmouseEnter[39m(wrapper)[33m;[39m
    [90m 56| [39m        expect(screen.getByTestId('profile-button')).toBeInTheDocumentΓÇª
    [90m   | [39m                      [31m^[39m
    [90m 57| [39m
    [90m 58| [39m        fireEvent[33m.[39m[34mmouseLeave[39m(wrapper)[33m;[39m

[31m[2mΓÄ»ΓÄ»ΓÄ»ΓÄ»ΓÄ»ΓÄ»ΓÄ»ΓÄ»ΓÄ»ΓÄ»ΓÄ»ΓÄ»ΓÄ»ΓÄ»ΓÄ»ΓÄ»ΓÄ»ΓÄ»ΓÄ»ΓÄ»ΓÄ»ΓÄ»[9/112]ΓÄ»[22m[39m

[41m[1m FAIL [22m[49m src/components/__tests__/Header.test.tsx[2m > [22mHeader[2m > [22mrenders the app name
[41m[1m FAIL [22m[49m src/components/__tests__/Header.test.tsx[2m > [22mHeader[2m > [22mrenders navigation 
items
[41m[1m FAIL [22m[49m src/components/__tests__/Header.test.tsx[2m > [22mHeader[2m > [22mrenders with banner 
role
[41m[1m FAIL [22m[49m src/components/__tests__/Header.test.tsx[2m > [22mHeader[2m > [22mrenders navigation 
with correct aria label
[41m[1m FAIL [22m[49m src/components/__tests__/Header.test.tsx[2m > [22mHeader[2m > [22mrenders ThemeToggle 
and ProfileButton
[41m[1m FAIL [22m[49m src/components/__tests__/Header.test.tsx[2m > [22mHeader[2m > [22mnavigates to home when 
app name is clicked
[41m[1m FAIL [22m[49m src/components/__tests__/Header.test.tsx[2m > [22mHeader[2m > [22mnavigates when nav 
items are clicked
[41m[1m FAIL [22m[49m src/components/__tests__/Header.test.tsx[2m > [22mHeader[2m > [22mapplies custom 
className
[41m[1m FAIL [22m[49m src/components/__tests__/Header.test.tsx[2m > [22mHeader[2m > [22mshows mobile menu 
button
[41m[1m FAIL [22m[49m src/components/__tests__/Header.test.tsx[2m > [22mHeader[2m > [22mtoggles mobile menu on 
click
[41m[1m FAIL [22m[49m src/components/__tests__/Header.test.tsx[2m > [22mHeader[2m > [22mdisplays username when 
logged in
[41m[1m FAIL [22m[49m src/components/__tests__/Header.test.tsx[2m > [22mHeader[2m > [22mdoes not display 
username when not logged in
[41m[1m FAIL [22m[49m src/components/__tests__/Header.test.tsx[2m > [22mHeader[2m > [22mhighlights the current 
page nav item
[41m[1m FAIL [22m[49m src/components/__tests__/Header.test.tsx[2m > [22mHeader[2m > [22mnavigates and closes 
mobile menu when mobile item is clicked
[41m[1m FAIL [22m[49m src/components/__tests__/Header.test.tsx[2m > [22mHeader[2m > [22mplays sound on nav 
click when soundEnabled is true
[41m[1m FAIL [22m[49m src/components/__tests__/Header.test.tsx[2m > [22mHeader[2m > [22mdoes not crash when 
soundEnabled is false
[41m[1m FAIL [22m[49m src/components/__tests__/Header.test.tsx[2m > [22mHeader[2m > [22mrenders selected page 
icon for /map
[41m[1m FAIL [22m[49m src/components/__tests__/Header.test.tsx[2m > [22mHeader[2m > [22mrenders selected page 
icon for /settings
[31m[1mError[22m: Element type is invalid: expected a string (for built-in components) or a class/function (for 
composite components) but got: undefined. You likely forgot to export your component from the file it's defined in, or 
you might have mixed up default and named imports.

Check the render method of `Header`.[39m
[90m [2mΓ¥»[22m createFiberFromTypeAndProps 
node_modules/react-dom/cjs/react-dom.development.js:[2m28478:17[22m[39m
[90m [2mΓ¥»[22m createFiberFromElement node_modules/react-dom/cjs/react-dom.development.js:[2m28504:15[22m[39m
[90m [2mΓ¥»[22m createChild node_modules/react-dom/cjs/react-dom.development.js:[2m13345:28[22m[39m
[90m [2mΓ¥»[22m reconcileChildrenArray node_modules/react-dom/cjs/react-dom.development.js:[2m13640:25[22m[39m
[90m [2mΓ¥»[22m reconcileChildFibers node_modules/react-dom/cjs/react-dom.development.js:[2m14057:16[22m[39m
[90m [2mΓ¥»[22m reconcileChildren node_modules/react-dom/cjs/react-dom.development.js:[2m19186:28[22m[39m
[90m [2mΓ¥»[22m updateHostComponent node_modules/react-dom/cjs/react-dom.development.js:[2m19953:3[22m[39m
[90m [2mΓ¥»[22m beginWork node_modules/react-dom/cjs/react-dom.development.js:[2m21657:14[22m[39m
[90m [2mΓ¥»[22m beginWork$1 node_modules/react-dom/cjs/react-dom.development.js:[2m27465:14[22m[39m
[90m [2mΓ¥»[22m performUnitOfWork node_modules/react-dom/cjs/react-dom.development.js:[2m26599:12[22m[39m

[31m[2mΓÄ»ΓÄ»ΓÄ»ΓÄ»ΓÄ»ΓÄ»ΓÄ»ΓÄ»ΓÄ»ΓÄ»ΓÄ»ΓÄ»ΓÄ»ΓÄ»ΓÄ»ΓÄ»ΓÄ»ΓÄ»ΓÄ»ΓÄ»ΓÄ»[10/112]ΓÄ»[22m[39m

[41m[1m FAIL [22m[49m src/components/__tests__/InteractiveMap.test.tsx[2m > [22mInteractiveMap[2m > [22mopens 
machine modal when tile is clicked in view mode
[31m[1mTestingLibraryElementError[22m: Unable to find an element by: [data-testid="machine-modal"]

Ignored nodes: comments, script, style
[36m<body>[31m
  [36m<div>[31m
    [36m<div[31m
      [33mclass[31m=[32m"relative overflow-visible w-full h-full justify-center items-center flex pt-1 sm:pt-2"[31m
    [36m>[31m
      [36m<div[31m
        [33mstyle[31m=[32m"position: absolute; background-color: transparent;"[31m
      [36m>[31m
        [36m<div[31m
          [33mdata-testid[31m=[32m"zoom-controls"[31m
        [36m>[31m
          [36m<button>[31m
            [0mZoom In[0m
          [36m</button>[31m
          [36m<button>[31m
            [0mZoom Out[0m
          [36m</button>[31m
          [36m<button>[31m
            [0mReset[0m
          [36m</button>[31m
        [36m</div>[31m
      [36m</div>[31m
      [36m<div[31m
        [33mclass[31m=[32m"relative bg-bg-secondary rounded-xl sm:rounded-2xl overflow-auto shadow-lg 
transition-colors duration-500 touch-pan-x touch-pan-y"[31m
        [33mstyle[31m=[32m"width: 1600px; height: 800px; max-width: 100%; max-height: 100%; scrollbar-color: 
#808080 transparent; scrollbar-width: thin;"[31m
      [36m>[31m
        [36m<div[31m
          [33mstyle[31m=[32m"transform: scale(0); transform-origin: top left; width: 1600px; height: 800px; 
background-size: 20px 20px; background-position: 4px 4px; position: absolute; top: 0px; left: 0px; border-radius: 
16px;"[31m
        [36m>[31m
          [36m<div[31m
            [33mstyle[31m=[32m"box-sizing: border-box; border-radius: 16px; height: 100%; width: 100%; position: 
relative;"[31m
          [36m>[31m
            [36m<div[31m
              [33maria-label[31m=[32m"Treadmill"[31m
              [33mdata-testid[31m=[32m"tile-1"[31m
            [36m>[31m
              [0mTreadmill[0m
            [36m</div>[31m
            [36m<div[31m
              [33maria-label[31m=[32m"Bench Press"[31m
              [33mdata-testid[31m=[32m"tile-2"[31m
            [36m>[31m
              [0mBench Press[0m
            [36m</div>[31m
          [36m</div>[31m
        [36m</div>[31m
      [36m</div>[31m
    [36m</div>[31m
  [36m</div>[31m
[36m</body>[31m

Ignored nodes: comments, script, style
[36m<html>[31m
  [36m<head />[31m
  [36m<body>[31m
    [36m<div>[31m
      [36m<div[31m
        [33mclass[31m=[32m"relative overflow-visible w-full h-full justify-center items-center flex pt-1 
sm:pt-2"[31m
      [36m>[31m
        [36m<div[31m
          [33mstyle[31m=[32m"position: absolute; background-color: transparent;"[31m
        [36m>[31m
          [36m<div[31m
            [33mdata-testid[31m=[32m"zoom-controls"[31m
          [36m>[31m
            [36m<button>[31m
              [0mZoom In[0m
            [36m</button>[31m
            [36m<button>[31m
              [0mZoom Out[0m
            [36m</button>[31m
            [36m<button>[31m
              [0mReset[0m
            [36m</button>[31m
          [36m</div>[31m
        [36m</div>[31m
        [36m<div[31m
          [33mclass[31m=[32m"relative bg-bg-secondary rounded-xl sm:rounded-2xl overflow-auto shadow-lg 
transition-colors duration-500 touch-pan-x touch-pan-y"[31m
          [33mstyle[31m=[32m"width: 1600px; height: 800px; max-width: 100%; max-height: 100%; scrollbar-color: 
#808080 transparent; scrollbar-width: thin;"[31m
        [36m>[31m
          [36m<div[31m
            [33mstyle[31m=[32m"transform: scale(0); transform-origin: top left; width: 1600px; height: 800px; 
background-size: 20px 20px; background-position: 4px 4px; position: absolute; top: 0px; left: 0px; border-radius: 
16px;"[31m
          [36m>[31m
            [36m<div[31m
              [33mstyle[31m=[32m"box-sizing: border-box; border-radius: 16px; height: 100%; width: 100%; position: 
relative;"[31m
            [36m>[31m
              [36m<div[31m
                [33maria-label[31m=[32m"Treadmill"[31m
                [33mdata-testid[31m=[32m"tile-1"[31m
              [36m>[31m
                [0mTreadmill[0m
              [36m</div>[31m
              [36m<div[31m
                [33maria-label[31m=[32m"Bench Press"[31m
                [33mdata-testid[31m=[32m"tile-2"[31m
              [36m>[31m
                [0mBench Press[0m
              [36m</div>[31m
            [36m</div>[31m
          [36m</div>[31m
        [36m</div>[31m
      [36m</div>[31m
    [36m</div>[31m
  [36m</body>[31m
[36m</html>[31m[39m
[90m [2mΓ¥»[22m Proxy.waitForWrapper node_modules/@testing-library/dom/dist/wait-for.js:[2m163:27[22m[39m
[36m [2mΓ¥»[22m src/components/__tests__/InteractiveMap.test.tsx:[2m143:15[22m[39m
    [90m141| [39m        [34mrender[39m([33m<[39m[33mInteractiveMap[39m 
[33mfloorTiles[39m[33m=[39m[33m{[39mmockTiles[33m}[39m [33m/[39m[33m>[39m)[33m;[39m
    [90m142| [39m        
fireEvent[33m.[39m[34mclick[39m(screen[33m.[39m[34mgetByTestId[39m([32m'tile-1'[39m))[33m;[39m
    [90m143| [39m        [35mawait[39m [34mwaitFor[39m(() [33m=>[39m {
    [90m   | [39m              [31m^[39m
    [90m144| [39m            [34mexpect[39m(screen[33m.[39m[34mgetByTestId[39m([32m'machine-modal'[39m))[33m
.[39m[34mtoBeTruthy[39m()[33m;[39m
    [90m145| [39m        })[33m;[39m

[31m[2mΓÄ»ΓÄ»ΓÄ»ΓÄ»ΓÄ»ΓÄ»ΓÄ»ΓÄ»ΓÄ»ΓÄ»ΓÄ»ΓÄ»ΓÄ»ΓÄ»ΓÄ»ΓÄ»ΓÄ»ΓÄ»ΓÄ»ΓÄ»ΓÄ»[11/112]ΓÄ»[22m[39m

[41m[1m FAIL [22m[49m src/components/__tests__/InteractiveMap.test.tsx[2m > [22mInteractiveMap[2m > [22mcloses 
machine modal when close button is clicked
[31m[1mTestingLibraryElementError[22m: Unable to find an element by: [data-testid="machine-modal"]

Ignored nodes: comments, script, style
[36m<body>[31m
  [36m<div>[31m
    [36m<div[31m
      [33mclass[31m=[32m"relative overflow-visible w-full h-full justify-center items-center flex pt-1 sm:pt-2"[31m
    [36m>[31m
      [36m<div[31m
        [33mstyle[31m=[32m"position: absolute; background-color: transparent;"[31m
      [36m>[31m
        [36m<div[31m
          [33mdata-testid[31m=[32m"zoom-controls"[31m
        [36m>[31m
          [36m<button>[31m
            [0mZoom In[0m
          [36m</button>[31m
          [36m<button>[31m
            [0mZoom Out[0m
          [36m</button>[31m
          [36m<button>[31m
            [0mReset[0m
          [36m</button>[31m
        [36m</div>[31m
      [36m</div>[31m
      [36m<div[31m
        [33mclass[31m=[32m"relative bg-bg-secondary rounded-xl sm:rounded-2xl overflow-auto shadow-lg 
transition-colors duration-500 touch-pan-x touch-pan-y"[31m
        [33mstyle[31m=[32m"width: 1600px; height: 800px; max-width: 100%; max-height: 100%; scrollbar-color: 
#808080 transparent; scrollbar-width: thin;"[31m
      [36m>[31m
        [36m<div[31m
          [33mstyle[31m=[32m"transform: scale(0); transform-origin: top left; width: 1600px; height: 800px; 
background-size: 20px 20px; background-position: 4px 4px; position: absolute; top: 0px; left: 0px; border-radius: 
16px;"[31m
        [36m>[31m
          [36m<div[31m
            [33mstyle[31m=[32m"box-sizing: border-box; border-radius: 16px; height: 100%; width: 100%; position: 
relative;"[31m
          [36m>[31m
            [36m<div[31m
              [33maria-label[31m=[32m"Treadmill"[31m
              [33mdata-testid[31m=[32m"tile-1"[31m
            [36m>[31m
              [0mTreadmill[0m
            [36m</div>[31m
            [36m<div[31m
              [33maria-label[31m=[32m"Bench Press"[31m
              [33mdata-testid[31m=[32m"tile-2"[31m
            [36m>[31m
              [0mBench Press[0m
            [36m</div>[31m
          [36m</div>[31m
        [36m</div>[31m
      [36m</div>[31m
    [36m</div>[31m
  [36m</div>[31m
[36m</body>[31m

Ignored nodes: comments, script, style
[36m<html>[31m
  [36m<head />[31m
  [36m<body>[31m
    [36m<div>[31m
      [36m<div[31m
        [33mclass[31m=[32m"relative overflow-visible w-full h-full justify-center items-center flex pt-1 
sm:pt-2"[31m
      [36m>[31m
        [36m<div[31m
          [33mstyle[31m=[32m"position: absolute; background-color: transparent;"[31m
        [36m>[31m
          [36m<div[31m
            [33mdata-testid[31m=[32m"zoom-controls"[31m
          [36m>[31m
            [36m<button>[31m
              [0mZoom In[0m
            [36m</button>[31m
            [36m<button>[31m
              [0mZoom Out[0m
            [36m</button>[31m
            [36m<button>[31m
              [0mReset[0m
            [36m</button>[31m
          [36m</div>[31m
        [36m</div>[31m
        [36m<div[31m
          [33mclass[31m=[32m"relative bg-bg-secondary rounded-xl sm:rounded-2xl overflow-auto shadow-lg 
transition-colors duration-500 touch-pan-x touch-pan-y"[31m
          [33mstyle[31m=[32m"width: 1600px; height: 800px; max-width: 100%; max-height: 100%; scrollbar-color: 
#808080 transparent; scrollbar-width: thin;"[31m
        [36m>[31m
          [36m<div[31m
            [33mstyle[31m=[32m"transform: scale(0); transform-origin: top left; width: 1600px; height: 800px; 
background-size: 20px 20px; background-position: 4px 4px; position: absolute; top: 0px; left: 0px; border-radius: 
16px;"[31m
          [36m>[31m
            [36m<div[31m
              [33mstyle[31m=[32m"box-sizing: border-box; border-radius: 16px; height: 100%; width: 100%; position: 
relative;"[31m
            [36m>[31m
              [36m<div[31m
                [33maria-label[31m=[32m"Treadmill"[31m
                [33mdata-testid[31m=[32m"tile-1"[31m
              [36m>[31m
                [0mTreadmill[0m
              [36m</div>[31m
              [36m<div[31m
                [33maria-label[31m=[32m"Bench Press"[31m
                [33mdata-testid[31m=[32m"tile-2"[31m
              [36m>[31m
                [0mBench Press[0m
              [36m</div>[31m
            [36m</div>[31m
          [36m</div>[31m
        [36m</div>[31m
      [36m</div>[31m
    [36m</div>[31m
  [36m</body>[31m
[36m</html>[31m[39m
[90m [2mΓ¥»[22m Proxy.waitForWrapper node_modules/@testing-library/dom/dist/wait-for.js:[2m163:27[22m[39m
[36m [2mΓ¥»[22m src/components/__tests__/InteractiveMap.test.tsx:[2m151:15[22m[39m
    [90m149| [39m        [34mrender[39m([33m<[39m[33mInteractiveMap[39m 
[33mfloorTiles[39m[33m=[39m[33m{[39mmockTiles[33m}[39m [33m/[39m[33m>[39m)[33m;[39m
    [90m150| [39m        
fireEvent[33m.[39m[34mclick[39m(screen[33m.[39m[34mgetByTestId[39m([32m'tile-1'[39m))[33m;[39m
    [90m151| [39m        [35mawait[39m [34mwaitFor[39m(() [33m=>[39m {
    [90m   | [39m              [31m^[39m
    [90m152| [39m            [34mexpect[39m(screen[33m.[39m[34mgetByTestId[39m([32m'machine-modal'[39m))[33m
.[39m[34mtoBeTruthy[39m()[33m;[39m
    [90m153| [39m        })[33m;[39m

[31m[2mΓÄ»ΓÄ»ΓÄ»ΓÄ»ΓÄ»ΓÄ»ΓÄ»ΓÄ»ΓÄ»ΓÄ»ΓÄ»ΓÄ»ΓÄ»ΓÄ»ΓÄ»ΓÄ»ΓÄ»ΓÄ»ΓÄ»ΓÄ»ΓÄ»[12/112]ΓÄ»[22m[39m

[41m[1m FAIL [22m[49m src/components/__tests__/InteractiveMap.test.tsx[2m > [22mInteractiveMap[2m > [22mcalls 
deleteTile when tile onDelete fires in edit mode
[31m[1mTestingLibraryElementError[22m: Unable to find an element by: [data-testid="delete-tile-1"]

Ignored nodes: comments, script, style
[36m<body>[31m
  [36m<div>[31m
    [36m<div[31m
      [33mclass[31m=[32m"relative overflow-visible w-full h-full justify-center items-center flex pt-1 sm:pt-2"[31m
    [36m>[31m
      [36m<div[31m
        [33mstyle[31m=[32m"position: absolute; background-color: transparent;"[31m
      [36m>[31m
        [36m<div[31m
          [33mdata-testid[31m=[32m"zoom-controls"[31m
        [36m>[31m
          [36m<button>[31m
            [0mZoom In[0m
          [36m</button>[31m
          [36m<button>[31m
            [0mZoom Out[0m
          [36m</button>[31m
          [36m<button>[31m
            [0mReset[0m
          [36m</button>[31m
        [36m</div>[31m
      [36m</div>[31m
      [36m<div[31m
        [33mclass[31m=[32m"relative bg-bg-secondary rounded-xl sm:rounded-2xl overflow-auto shadow-lg 
transition-colors duration-500 touch-pan-x touch-pan-y"[31m
        [33mstyle[31m=[32m"width: 1600px; height: 800px; max-width: 100%; max-height: 100%; scrollbar-color: 
#808080 transparent; scrollbar-width: thin;"[31m
      [36m>[31m
        [36m<div[31m
          [33mstyle[31m=[32m"transform: scale(0); transform-origin: top left; width: 1600px; height: 800px; 
background-size: 20px 20px; background-position: 4px 4px; position: absolute; top: 0px; left: 0px; border-radius: 
16px;"[31m
        [36m>[31m
          [36m<div[31m
            [33mstyle[31m=[32m"box-sizing: border-box; border-radius: 16px; height: 100%; width: 100%; position: 
relative;"[31m
          [36m>[31m
            [36m<div[31m
              [33maria-label[31m=[32m"Treadmill"[31m
              [33mdata-testid[31m=[32m"tile-1"[31m
            [36m>[31m
              [0mTreadmill[0m
              [36m<button[31m
                [33mdata-testid[31m=[32m"update-tile-1"[31m
              [36m>[31m
                [0mUpdate[0m
              [36m</button>[31m
            [36m</div>[31m
            [36m<div[31m
              [33maria-label[31m=[32m"Bench Press"[31m
              [33mdata-testid[31m=[32m"tile-2"[31m
            [36m>[31m
              [0mBench Press[0m
              [36m<button[31m
                [33mdata-testid[31m=[32m"update-tile-2"[31m
              [36m>[31m
                [0mUpdate[0m
              [36m</button>[31m
            [36m</div>[31m
          [36m</div>[31m
        [36m</div>[31m
      [36m</div>[31m
    [36m</div>[31m
  [36m</div>[31m
[36m</body>[31m[39m
[90m [2mΓ¥»[22m Object.getElementError node_modules/@testing-library/dom/dist/config.js:[2m37:19[22m[39m
[90m [2mΓ¥»[22m node_modules/@testing-library/dom/dist/query-helpers.js:[2m76:38[22m[39m
[90m [2mΓ¥»[22m node_modules/@testing-library/dom/dist/query-helpers.js:[2m52:17[22m[39m
[90m [2mΓ¥»[22m node_modules/@testing-library/dom/dist/query-helpers.js:[2m95:19[22m[39m
[36m [2mΓ¥»[22m src/components/__tests__/InteractiveMap.test.tsx:[2m286:34[22m[39m
    [90m284| [39m            [33m/[39m[33m>[39m
    [90m285| [39m        )[33m;[39m
    [90m286| [39m        [35mconst[39m deleteBtn [33m=[39m 
screen[33m.[39m[34mgetByTestId[39m([32m'delete-tile-1'[39m)[33m;[39m
    [90m   | [39m                                 [31m^[39m
    [90m287| [39m        fireEvent[33m.[39m[34mclick[39m(deleteBtn)[33m;[39m
    [90m288| [39m        [35mawait[39m [34mwaitFor[39m(() [33m=>[39m {

[31m[2mΓÄ»ΓÄ»ΓÄ»ΓÄ»ΓÄ»ΓÄ»ΓÄ»ΓÄ»ΓÄ»ΓÄ»ΓÄ»ΓÄ»ΓÄ»ΓÄ»ΓÄ»ΓÄ»ΓÄ»ΓÄ»ΓÄ»ΓÄ»ΓÄ»[13/112]ΓÄ»[22m[39m

[41m[1m FAIL [22m[49m src/components/__tests__/LogOutButton.test.tsx[2m > [22mLogoutButton[2m > [22mrenders 
logout button when logged in
[41m[1m FAIL [22m[49m src/components/__tests__/LogOutButton.test.tsx[2m > [22mLogoutButton[2m > [22mrenders 
logout icon
[41m[1m FAIL [22m[49m src/components/__tests__/LogOutButton.test.tsx[2m > [22mLogoutButton[2m > [22mcalls 
logout and navigates to /login on click
[41m[1m FAIL [22m[49m src/components/__tests__/LogOutButton.test.tsx[2m > [22mLogoutButton[2m > [22mreturns 
null when loading
[41m[1m FAIL [22m[49m src/components/__tests__/LogOutButton.test.tsx[2m > [22mLogoutButton[2m > [22mreturns 
null when not logged in
[41m[1m FAIL [22m[49m src/components/__tests__/LogOutButton.test.tsx[2m > [22mLogoutButton[2m > [22mrenders 
header variant when header prop is true
[41m[1m FAIL [22m[49m src/components/__tests__/LogOutButton.test.tsx[2m > [22mLogoutButton[2m > [22mrenders 
default variant when header prop is false
[41m[1m FAIL [22m[49m src/components/__tests__/LogOutButton.test.tsx[2m > [22mLogoutButton[2m > [22mhas 
correct aria-label
[41m[1m FAIL [22m[49m src/components/__tests__/ProfileButton.test.tsx[2m > [22mProfileButton[2m > [22mrenders 
the profile button
[41m[1m FAIL [22m[49m src/components/__tests__/ProfileButton.test.tsx[2m > [22mProfileButton[2m > [22mrenders 
the profile icon
[41m[1m FAIL [22m[49m src/components/__tests__/ProfileButton.test.tsx[2m > [22mProfileButton[2m > 
[22mnavigates to /login when not logged in
[41m[1m FAIL [22m[49m src/components/__tests__/ProfileButton.test.tsx[2m > [22mProfileButton[2m > 
[22mnavigates to /profile when logged in
[41m[1m FAIL [22m[49m src/components/__tests__/ProfileButton.test.tsx[2m > [22mProfileButton[2m > [22mrenders 
header variant when header prop is true
[41m[1m FAIL [22m[49m src/components/__tests__/ProfileButton.test.tsx[2m > [22mProfileButton[2m > [22mrenders 
default variant when header prop is false
[41m[1m FAIL [22m[49m src/components/__tests__/ProfileButton.test.tsx[2m > [22mProfileButton[2m > [22mhas 
correct aria-label
[41m[1m FAIL [22m[49m src/components/__tests__/ThemeToggle.test.tsx[2m > [22mThemeToggle[2m > [22mrenders a 
button
[41m[1m FAIL [22m[49m src/components/__tests__/ThemeToggle.test.tsx[2m > [22mThemeToggle[2m > [22mshows moon 
icon when theme is light
[41m[1m FAIL [22m[49m src/components/__tests__/ThemeToggle.test.tsx[2m > [22mThemeToggle[2m > [22mshows sun 
icon when theme is dark
[41m[1m FAIL [22m[49m src/components/__tests__/ThemeToggle.test.tsx[2m > [22mThemeToggle[2m > [22mcalls 
toggleTheme when button is clicked
[41m[1m FAIL [22m[49m src/components/__tests__/ThemeToggle.test.tsx[2m > [22mThemeToggle[2m > [22mhas correct 
aria-label for accessibility
[41m[1m FAIL [22m[49m src/components/__tests__/ThemeToggle.test.tsx[2m > [22mThemeToggle[2m > [22mhas z-50 
position styles
[41m[1m FAIL [22m[49m src/components/__tests__/ThemeToggle.test.tsx[2m > [22mThemeToggle[2m > [22mrenders 
header variant with header=true
[41m[1m FAIL [22m[49m src/components/__tests__/ThemeToggle.test.tsx[2m > [22mThemeToggle[2m > [22mcalls 
toggleTheme in header variant when clicked
[41m[1m FAIL [22m[49m src/components/__tests__/ThemeToggle.test.tsx[2m > [22mThemeToggle[2m > [22mshows moon 
icon in header variant for light theme
[41m[1m FAIL [22m[49m src/components/__tests__/ThemeToggle.test.tsx[2m > [22mThemeToggle[2m > [22mshows sun 
icon in header variant for dark theme
[41m[1m FAIL [22m[49m src/components/__tests__/TileInfoCard.test.tsx[2m > [22mTileInfoCard[2m > [22mrenders 
the equipment name
[41m[1m FAIL [22m[49m src/components/__tests__/TileInfoCard.test.tsx[2m > [22mTileInfoCard[2m > [22mrenders 
the description
[41m[1m FAIL [22m[49m src/components/__tests__/TileInfoCard.test.tsx[2m > [22mTileInfoCard[2m > [22mrenders up 
to 3 benefits
[41m[1m FAIL [22m[49m src/components/__tests__/TileInfoCard.test.tsx[2m > [22mTileInfoCard[2m > [22mcalls 
onClose when close button is clicked
[41m[1m FAIL [22m[49m src/components/__tests__/TileInfoCard.test.tsx[2m > [22mTileInfoCard[2m > [22mpositions 
the card to the right of the tile
[41m[1m FAIL [22m[49m src/components/__tests__/TileInfoCard.test.tsx[2m > [22mTileInfoCard[2m > [22mclamps 
position to not exceed map bounds
[41m[1m FAIL [22m[49m src/components/__tests__/TileInfoCard.test.tsx[2m > [22mTileInfoCard[2m > [22mdoes not 
render description when not provided
[41m[1m FAIL [22m[49m src/components/__tests__/TileInfoCard.test.tsx[2m > [22mTileInfoCard[2m > [22mdoes not 
render benefits when not provided
[41m[1m FAIL [22m[49m src/components/__tests__/TileInfoCard.test.tsx[2m > [22mTileInfoCard[2m > [22mrenders 
the close button with aria-label
[31m[1mError[22m: Element type is invalid: expected a string (for built-in components) or a class/function (for 
composite components) but got: undefined. You likely forgot to export your component from the file it's defined in, or 
you might have mixed up default and named imports.[39m
[90m [2mΓ¥»[22m createFiberFromTypeAndProps 
node_modules/react-dom/cjs/react-dom.development.js:[2m28478:17[22m[39m
[90m [2mΓ¥»[22m createFiberFromElement node_modules/react-dom/cjs/react-dom.development.js:[2m28504:15[22m[39m
[90m [2mΓ¥»[22m reconcileSingleElement node_modules/react-dom/cjs/react-dom.development.js:[2m13986:23[22m[39m
[90m [2mΓ¥»[22m reconcileChildFibers node_modules/react-dom/cjs/react-dom.development.js:[2m14044:35[22m[39m
[90m [2mΓ¥»[22m reconcileChildren node_modules/react-dom/cjs/react-dom.development.js:[2m19193:28[22m[39m
[90m [2mΓ¥»[22m updateHostRoot node_modules/react-dom/cjs/react-dom.development.js:[2m19912:5[22m[39m
[90m [2mΓ¥»[22m beginWork node_modules/react-dom/cjs/react-dom.development.js:[2m21654:14[22m[39m
[90m [2mΓ¥»[22m beginWork$1 node_modules/react-dom/cjs/react-dom.development.js:[2m27465:14[22m[39m
[90m [2mΓ¥»[22m performUnitOfWork node_modules/react-dom/cjs/react-dom.development.js:[2m26599:12[22m[39m
[90m [2mΓ¥»[22m workLoopSync node_modules/react-dom/cjs/react-dom.development.js:[2m26505:5[22m[39m

[31m[2mΓÄ»ΓÄ»ΓÄ»ΓÄ»ΓÄ»ΓÄ»ΓÄ»ΓÄ»ΓÄ»ΓÄ»ΓÄ»ΓÄ»ΓÄ»ΓÄ»ΓÄ»ΓÄ»ΓÄ»ΓÄ»ΓÄ»ΓÄ»ΓÄ»[14/112]ΓÄ»[22m[39m

[41m[1m FAIL [22m[49m src/components/__tests__/MachineModal.test.tsx[2m > [22mMachineModal[2m > [22mrenders 
video preview placeholder when no videoUrl
[31m[1mTestingLibraryElementError[22m[39m: Unable to find an element with the text: Video preview. This could be 
because the text is broken up by multiple elements. In this case, you can provide a function for your text matcher to 
make your matcher more flexible.

Ignored nodes: comments, script, style
[36m<body>[39m
  [36m<div>[39m
    [36m<div[39m
      [33mclass[39m=[32m"fixed inset-0 flex items-center justify-center z-40 cursor-pointer select-none"[39m
    [36m>[39m
      [36m<div[39m
        [33mclass[39m=[32m"absolute inset-0 bg-black/60 backdrop-blur-md select-none"[39m
      [36m/>[39m
      [36m<div[39m
        [33mclass[39m=[32m"relative z-50 bg-gradient-to-br from-white/10 to-white/5 backdrop-blur-2xl border 
border-white/20 p-4 sm:p-6 md:p-8 rounded-3xl shadow-2xl w-[95%] sm:w-11/12 md:w-4/5 lg:w-3/4 max-w-5xl h-[90%] 
sm:h-[85%] cursor-auto overflow-hidden flex flex-col"[39m
      [36m>[39m
        [36m<button[39m
          [33mclass[39m=[32m"absolute top-3 right-3 sm:top-5 sm:right-5 text-white/70 hover:text-red-400 
transition-colors duration-200 z-10"[39m
        [36m>[39m
          [36m<span[39m
            [33mclass[39m=[32m"w-6 h-6 sm:w-8 sm:h-8"[39m
            [33mdata-testid[39m=[32m"close-icon"[39m
          [36m/>[39m
        [36m</button>[39m
        [36m<div[39m
          [33mclass[39m=[32m"flex items-center gap-3 sm:gap-4 flex-shrink-0 pr-12"[39m
        [36m>[39m
          [36m<div[39m
            [33mclass[39m=[32m"flex-1 min-w-0 flex-row"[39m
          [36m>[39m
            [36m<h1[39m
              [33mclass[39m=[32m"text-xl sm:text-2xl md:text-3xl font-bold text-white truncate"[39m
            [36m>[39m
              [0mTest Machine[0m
            [36m</h1>[39m
          [36m</div>[39m
        [36m</div>[39m
        [36m<div[39m
          [33mclass[39m=[32m"h-px bg-white/10 my-4 flex-shrink-0"[39m
        [36m/>[39m
        [36m<div[39m
          [33mclass[39m=[32m"grid grid-cols-1 md:grid-cols-3 gap-4 sm:gap-5 flex-1 min-h-0 overflow-y-auto pr-1 
scrollbar-thumb-only"[39m
        [36m>[39m
          [36m<div[39m
            [33mclass[39m=[32m"md:col-span-1 flex flex-col gap-4 min-h-0"[39m
          [36m>[39m
            [36m<div[39m
              [33mclass[39m=[32m"rounded-xl p-4 text-white bg-white/5 border border-white/10"[39m
            [36m>[39m
              [36m<h3[39m
                [33mclass[39m=[32m"text-sm font-semibold uppercase tracking-wider text-white/60 mb-2"[39m
              [36m>[39m
                [0mDescription[0m
              [36m</h3>[39m
              [36m<p[39m
                [33mclass[39m=[32m"text-sm text-white/80 leading-relaxed"[39m
              [36m>[39m
                [0mTest description[0m
              [36m</p>[39m
            [36m</div>[39m
            [36m<div[39m
              [33mclass[39m=[32m"rounded-xl p-4 text-white bg-white/5 border border-white/10"[39m
            [36m>[39m
              [36m<h3[39m
                [33mclass[39m=[32m"text-sm font-semibold uppercase tracking-wider text-white/60 mb-2"[39m
              [36m>[39m
                [0mMuscles trained[0m
              [36m</h3>[39m
              [36m<div[39m
                [33mclass[39m=[32m"flex flex-wrap gap-2"[39m
              [36m>[39m
                [36m<span[39m
                  [33mclass[39m=[32m"inline-block px-3 py-1 rounded-full text-xs font-medium bg-accent-primary/20 
text-accent-primary border border-accent-primary/30"[39m
                [36m>[39m
                  [0mChest[0m
                [36m</span>[39m
                [36m<span[39m
                  [33mclass[39m=[32m"inline-block px-3 py-1 rounded-full text-xs font-medium bg-accent-primary/20 
text-accent-primary border border-accent-primary/30"[39m
                [36m>[39m
                  [0mBack[0m
                [36m</span>[39m
              [36m</div>[39m
            [36m</div>[39m
            [36m<div[39m
              [33mclass[39m=[32m"rounded-xl p-4 text-white bg-white/5 border border-white/10 flex flex-col"[39m
            [36m>[39m
              [36m<h3[39m
                [33mclass[39m=[32m"text-sm font-semibold uppercase tracking-wider text-white/60 mb-3 
flex-shrink-0"[39m
              [36m>[39m
                [0mList of exercises:[0m
              [36m</h3>[39m
              [36m<div[39m
                [33mclass[39m=[32m"flex flex-col"[39m
              [36m>[39m
                [36m<ul[39m
                  [33mclass[39m=[32m"space-y-1.5 overflow-y-auto min-h-0 flex-1 pr-1 scrollbar-thumb-only"[39m
                [36m>[39m
                  [36m<li>[39m
                    [36m<button[39m
                      [33mclass[39m=[32m"w-full rounded-lg border border-white/10 bg-white/5 px-3 py-2 text-left 
text-sm text-white transition-all hover:bg-white/10 hover:border-white/20 focus:outline-none focus:ring-2 
focus:ring-accent-primary"[39m
                      [33mtype[39m=[32m"button"[39m
                    [36m>[39m
                      [0mExercise A[0m
                    [36m</button>[39m
                  [36m</li>[39m
                  [36m<li>[39m
                    [36m<button[39m
                      [33mclass[39m=[32m"w-full rounded-lg border border-white/10 bg-white/5 px-3 py-2 text-left 
text-sm text-white transition-all hover:bg-white/10 hover:border-white/20 focus:outline-none focus:ring-2 
focus:ring-accent-primary"[39m
                      [33mtype[39m=[32m"button"[39m
                    [36m>[39m
                      [0mExercise B[0m
                    [36m</button>[39m
                  [36m</li>[39m
                [36m</ul>[39m
              [36m</div>[39m
            [36m</div>[39m
            [36m<div[39m
              [33mclass[39m=[32m"rounded-xl p-4 text-white bg-white/5 border border-white/10"[39m
            [36m>[39m
              [36m<h3[39m
                [33mclass[39m=[32m"text-sm font-semibold uppercase tracking-wider text-white/60 mb-2"[39m
              [36m>[39m
                [0mSafety Info[0m
              [36m</h3>[39m
              [36m<p[39m
                [33mclass[39m=[32m"text-sm text-white/80 leading-relaxed"[39m
              [36m>[39m
                [0mNo safety information available.[0m
              [36m</p>[39m
            [36m</div>[39m
          [36m</div>[39m
          [36m<div[39m
            [33mclass[39m=[32m"md:col-span-2 rounded-xl p-4 text-white bg-white/5 border border-white/10 flex 
flex-col"[39m
          [36m>[39m
            [36m<h3[39m
              [33mclass[39m=[32m"text-sm font-semibold uppercase tracking-wider text-white/60 mb-3 
flex-shrink-0"[39m
            [36m>[39m
              [0mImage[0m
            [36m</h3>[39m
            [36m<div[39m
              [33mclass[39m=[32m"w-full bg-black/30 rounded-xl text-white aspect-video flex items-center 
justify-center overflow-hidden border border-white/10"[39m
            [36m>[39m
              [36m<div[39m
                [33mclass[39m=[32m"flex flex-col items-center gap-2 text-white/40"[39m
              [36m>[39m
                [36m<svg[39m
                  [33mclass[39m=[32m"w-10 h-10"[39m
                  [33mfill[39m=[32m"none"[39m
                  [33mstroke[39m=[32m"currentColor"[39m
                  [33mstroke-width[39m=[32m"1.5"[39m
                  [33mviewBox[39m=[32m"0 0 24 24"[39m
                [36m>[39m
                  [36m<path[39m
                    [33md[39m=[32m"m15.75 10.5 4.72-4.72a.75.75 0 0 1 1.28.53v11.38a.75.75 0 0 
1-1.28.53l-4.72-4.72M4.5 18.75h9a2.25 2.25 0 0 0 2.25-2.25v-9a2.25 2.25 0 0 0-2.25-2.25h-9A2.25 2.25 0 0 0 2.25 
7.5v9a2.25 2.25 0 0 0 2.25 2.25Z"[39m
                    [33mstroke-linecap[39m=[32m"round"[39m
                    [33mstroke-linejoin[39m=[32m"round"[39m
                  [36m/>[39m
                [36m</svg>[39m
                [36m<span[39m
                  [33mclass[39m=[32m"text-sm"[39m
                [36m>[39m
                  [0mImage preview[0m
                [36m</span>[39m
              [36m</div>[39m
            [36m</div>[39m
          [36m</div>[39m
        [36m</div>[39m
      [36m</div>[39m
    [36m</div>[39m
  [36m</div>[39m
[36m</body>[39m
[90m [2mΓ¥»[22m Object.getElementError node_modules/@testing-library/dom/dist/config.js:[2m37:19[22m[39m
[90m [2mΓ¥»[22m node_modules/@testing-library/dom/dist/query-helpers.js:[2m76:38[22m[39m
[90m [2mΓ¥»[22m node_modules/@testing-library/dom/dist/query-helpers.js:[2m52:17[22m[39m
[90m [2mΓ¥»[22m node_modules/@testing-library/dom/dist/query-helpers.js:[2m95:19[22m[39m
[36m [2mΓ¥»[22m src/components/__tests__/MachineModal.test.tsx:[2m123:23[22m[39m
    [90m121| [39m    [34mit[39m([32m'renders video preview placeholder when no videoUrl'[39m[33m,[39m () 
[33m=>[39m {
    [90m122| [39m        [34mrender[39m([33m<[39m[33mMachineModal[39m 
[33mtile[39m[33m=[39m[33m{[39mdefaultTile[33m}[39m 
[33monClose[39m[33m=[39m[33m{[39mvi[33m.[39m[34mfn[39m()[33m}[39m [33m/[39m[33m>[39m)[33m;[39m
    [90m123| [39m        [34mexpect[39m(screen[33m.[39m[34mgetByText[39m([32m'Video 
preview'[39m))[33m.[39m[34mtoBeInTheDocument[39m()[33m;[39m
    [90m   | [39m                      [31m^[39m
    [90m124| [39m    })[33m;[39m
    [90m125| [39m

[31m[2mΓÄ»ΓÄ»ΓÄ»ΓÄ»ΓÄ»ΓÄ»ΓÄ»ΓÄ»ΓÄ»ΓÄ»ΓÄ»ΓÄ»ΓÄ»ΓÄ»ΓÄ»ΓÄ»ΓÄ»ΓÄ»ΓÄ»ΓÄ»ΓÄ»[15/112]ΓÄ»[22m[39m

[41m[1m FAIL [22m[49m src/components/__tests__/MachineModal.test.tsx[2m > [22mMachineModal[2m > [22mrenders 
iframe when videoUrl is provided
[31m[1mAssertionError[22m: expected null to be truthy[39m

[32m- Expected:[39m 
true

[31m+ Received:[39m 
null

[36m [2mΓ¥»[22m src/components/__tests__/MachineModal.test.tsx:[2m135:24[22m[39m
    [90m133| [39m        render(<MachineModal tile={tileWithVideo} onClose={vi.fn()} />ΓÇª
    [90m134| [39m        [35mconst[39m iframe [33m=[39m 
document[33m.[39m[34mquerySelector[39m([32m'iframe'[39m)[33m;[39m
    [90m135| [39m        [34mexpect[39m(iframe)[33m.[39m[34mtoBeTruthy[39m()[33m;[39m
    [90m   | [39m                       [31m^[39m
    [90m136| [39m        expect(iframe?.getAttribute('src')).toBe('https://example.com/ΓÇª
    [90m137| [39m    })[33m;[39m

[31m[2mΓÄ»ΓÄ»ΓÄ»ΓÄ»ΓÄ»ΓÄ»ΓÄ»ΓÄ»ΓÄ»ΓÄ»ΓÄ»ΓÄ»ΓÄ»ΓÄ»ΓÄ»ΓÄ»ΓÄ»ΓÄ»ΓÄ»ΓÄ»ΓÄ»[16/112]ΓÄ»[22m[39m

[41m[1m FAIL [22m[49m src/components/__tests__/MachineModal.test.tsx[2m > [22mMachineModal[2m > [22mrenders 
section headings
[31m[1mTestingLibraryElementError[22m[39m: Unable to find an element with the text: Video. This could be because 
the text is broken up by multiple elements. In this case, you can provide a function for your text matcher to make 
your matcher more flexible.

Ignored nodes: comments, script, style
[36m<body>[39m
  [36m<div>[39m
    [36m<div[39m
      [33mclass[39m=[32m"fixed inset-0 flex items-center justify-center z-40 cursor-pointer select-none"[39m
    [36m>[39m
      [36m<div[39m
        [33mclass[39m=[32m"absolute inset-0 bg-black/60 backdrop-blur-md select-none"[39m
      [36m/>[39m
      [36m<div[39m
        [33mclass[39m=[32m"relative z-50 bg-gradient-to-br from-white/10 to-white/5 backdrop-blur-2xl border 
border-white/20 p-4 sm:p-6 md:p-8 rounded-3xl shadow-2xl w-[95%] sm:w-11/12 md:w-4/5 lg:w-3/4 max-w-5xl h-[90%] 
sm:h-[85%] cursor-auto overflow-hidden flex flex-col"[39m
      [36m>[39m
        [36m<button[39m
          [33mclass[39m=[32m"absolute top-3 right-3 sm:top-5 sm:right-5 text-white/70 hover:text-red-400 
transition-colors duration-200 z-10"[39m
        [36m>[39m
          [36m<span[39m
            [33mclass[39m=[32m"w-6 h-6 sm:w-8 sm:h-8"[39m
            [33mdata-testid[39m=[32m"close-icon"[39m
          [36m/>[39m
        [36m</button>[39m
        [36m<div[39m
          [33mclass[39m=[32m"flex items-center gap-3 sm:gap-4 flex-shrink-0 pr-12"[39m
        [36m>[39m
          [36m<div[39m
            [33mclass[39m=[32m"flex-1 min-w-0 flex-row"[39m
          [36m>[39m
            [36m<h1[39m
              [33mclass[39m=[32m"text-xl sm:text-2xl md:text-3xl font-bold text-white truncate"[39m
            [36m>[39m
              [0mTest Machine[0m
            [36m</h1>[39m
          [36m</div>[39m
        [36m</div>[39m
        [36m<div[39m
          [33mclass[39m=[32m"h-px bg-white/10 my-4 flex-shrink-0"[39m
        [36m/>[39m
        [36m<div[39m
          [33mclass[39m=[32m"grid grid-cols-1 md:grid-cols-3 gap-4 sm:gap-5 flex-1 min-h-0 overflow-y-auto pr-1 
scrollbar-thumb-only"[39m
        [36m>[39m
          [36m<div[39m
            [33mclass[39m=[32m"md:col-span-1 flex flex-col gap-4 min-h-0"[39m
          [36m>[39m
            [36m<div[39m
              [33mclass[39m=[32m"rounded-xl p-4 text-white bg-white/5 border border-white/10"[39m
            [36m>[39m
              [36m<h3[39m
                [33mclass[39m=[32m"text-sm font-semibold uppercase tracking-wider text-white/60 mb-2"[39m
              [36m>[39m
                [0mDescription[0m
              [36m</h3>[39m
              [36m<p[39m
                [33mclass[39m=[32m"text-sm text-white/80 leading-relaxed"[39m
              [36m>[39m
                [0mTest description[0m
              [36m</p>[39m
            [36m</div>[39m
            [36m<div[39m
              [33mclass[39m=[32m"rounded-xl p-4 text-white bg-white/5 border border-white/10"[39m
            [36m>[39m
              [36m<h3[39m
                [33mclass[39m=[32m"text-sm font-semibold uppercase tracking-wider text-white/60 mb-2"[39m
              [36m>[39m
                [0mMuscles trained[0m
              [36m</h3>[39m
              [36m<div[39m
                [33mclass[39m=[32m"flex flex-wrap gap-2"[39m
              [36m>[39m
                [36m<span[39m
                  [33mclass[39m=[32m"inline-block px-3 py-1 rounded-full text-xs font-medium bg-accent-primary/20 
text-accent-primary border border-accent-primary/30"[39m
                [36m>[39m
                  [0mChest[0m
                [36m</span>[39m
                [36m<span[39m
                  [33mclass[39m=[32m"inline-block px-3 py-1 rounded-full text-xs font-medium bg-accent-primary/20 
text-accent-primary border border-accent-primary/30"[39m
                [36m>[39m
                  [0mBack[0m
                [36m</span>[39m
              [36m</div>[39m
            [36m</div>[39m
            [36m<div[39m
              [33mclass[39m=[32m"rounded-xl p-4 text-white bg-white/5 border border-white/10 flex flex-col"[39m
            [36m>[39m
              [36m<h3[39m
                [33mclass[39m=[32m"text-sm font-semibold uppercase tracking-wider text-white/60 mb-3 
flex-shrink-0"[39m
              [36m>[39m
                [0mList of exercises:[0m
              [36m</h3>[39m
              [36m<div[39m
                [33mclass[39m=[32m"flex flex-col"[39m
              [36m>[39m
                [36m<ul[39m
                  [33mclass[39m=[32m"space-y-1.5 overflow-y-auto min-h-0 flex-1 pr-1 scrollbar-thumb-only"[39m
                [36m>[39m
                  [36m<li>[39m
                    [36m<button[39m
                      [33mclass[39m=[32m"w-full rounded-lg border border-white/10 bg-white/5 px-3 py-2 text-left 
text-sm text-white transition-all hover:bg-white/10 hover:border-white/20 focus:outline-none focus:ring-2 
focus:ring-accent-primary"[39m
                      [33mtype[39m=[32m"button"[39m
                    [36m>[39m
                      [0mExercise A[0m
                    [36m</button>[39m
                  [36m</li>[39m
                  [36m<li>[39m
                    [36m<button[39m
                      [33mclass[39m=[32m"w-full rounded-lg border border-white/10 bg-white/5 px-3 py-2 text-left 
text-sm text-white transition-all hover:bg-white/10 hover:border-white/20 focus:outline-none focus:ring-2 
focus:ring-accent-primary"[39m
                      [33mtype[39m=[32m"button"[39m
                    [36m>[39m
                      [0mExercise B[0m
                    [36m</button>[39m
                  [36m</li>[39m
                [36m</ul>[39m
              [36m</div>[39m
            [36m</div>[39m
            [36m<div[39m
              [33mclass[39m=[32m"rounded-xl p-4 text-white bg-white/5 border border-white/10"[39m
            [36m>[39m
              [36m<h3[39m
                [33mclass[39m=[32m"text-sm font-semibold uppercase tracking-wider text-white/60 mb-2"[39m
              [36m>[39m
                [0mSafety Info[0m
              [36m</h3>[39m
              [36m<p[39m
                [33mclass[39m=[32m"text-sm text-white/80 leading-relaxed"[39m
              [36m>[39m
                [0mNo safety information available.[0m
              [36m</p>[39m
            [36m</div>[39m
          [36m</div>[39m
          [36m<div[39m
            [33mclass[39m=[32m"md:col-span-2 rounded-xl p-4 text-white bg-white/5 border border-white/10 flex 
flex-col"[39m
          [36m>[39m
            [36m<h3[39m
              [33mclass[39m=[32m"text-sm font-semibold uppercase tracking-wider text-white/60 mb-3 
flex-shrink-0"[39m
            [36m>[39m
              [0mImage[0m
            [36m</h3>[39m
            [36m<div[39m
              [33mclass[39m=[32m"w-full bg-black/30 rounded-xl text-white aspect-video flex items-center 
justify-center overflow-hidden border border-white/10"[39m
            [36m>[39m
              [36m<div[39m
                [33mclass[39m=[32m"flex flex-col items-center gap-2 text-white/40"[39m
              [36m>[39m
                [36m<svg[39m
                  [33mclass[39m=[32m"w-10 h-10"[39m
                  [33mfill[39m=[32m"none"[39m
                  [33mstroke[39m=[32m"currentColor"[39m
                  [33mstroke-width[39m=[32m"1.5"[39m
                  [33mviewBox[39m=[32m"0 0 24 24"[39m
                [36m>[39m
                  [36m<path[39m
                    [33md[39m=[32m"m15.75 10.5 4.72-4.72a.75.75 0 0 1 1.28.53v11.38a.75.75 0 0 
1-1.28.53l-4.72-4.72M4.5 18.75h9a2.25 2.25 0 0 0 2.25-2.25v-9a2.25 2.25 0 0 0-2.25-2.25h-9A2.25 2.25 0 0 0 2.25 
7.5v9a2.25 2.25 0 0 0 2.25 2.25Z"[39m
                    [33mstroke-linecap[39m=[32m"round"[39m
                    [33mstroke-linejoin[39m=[32m"round"[39m
                  [36m/>[39m
                [36m</svg>[39m
                [36m<span[39m
                  [33mclass[39m=[32m"text-sm"[39m
                [36m>[39m
                  [0mImage preview[0m
                [36m</span>[39m
              [36m</div>[39m
            [36m</div>[39m
          [36m</div>[39m
        [36m</div>[39m
      [36m</div>[39m
    [36m</div>[39m
  [36m</div>[39m
[36m</body>[39m
[90m [2mΓ¥»[22m Object.getElementError node_modules/@testing-library/dom/dist/config.js:[2m37:19[22m[39m
[90m [2mΓ¥»[22m node_modules/@testing-library/dom/dist/query-helpers.js:[2m76:38[22m[39m
[90m [2mΓ¥»[22m node_modules/@testing-library/dom/dist/query-helpers.js:[2m52:17[22m[39m
[90m [2mΓ¥»[22m node_modules/@testing-library/dom/dist/query-helpers.js:[2m95:19[22m[39m
[36m [2mΓ¥»[22m src/components/__tests__/MachineModal.test.tsx:[2m144:23[22m[39m
    [90m142| [39m        expect(screen.getByText('Muscles trained')).toBeInTheDocument(ΓÇª
    [90m143| [39m        expect(screen.getByText('List of exercises:')).toBeInTheDocumeΓÇª
    [90m144| [39m        [34mexpect[39m(screen[33m.[39m[34mgetByText[39m([32m'Video'[39m))[33m.[39m[34mtoB
eInTheDocument[39m()[33m;[39m
    [90m   | [39m                      [31m^[39m
    [90m145| [39m    })[33m;[39m
    [90m146| [39m

[31m[2mΓÄ»ΓÄ»ΓÄ»ΓÄ»ΓÄ»ΓÄ»ΓÄ»ΓÄ»ΓÄ»ΓÄ»ΓÄ»ΓÄ»ΓÄ»ΓÄ»ΓÄ»ΓÄ»ΓÄ»ΓÄ»ΓÄ»ΓÄ»ΓÄ»[17/112]ΓÄ»[22m[39m

[41m[1m FAIL [22m[49m src/components/__tests__/Tile.test.tsx[2m > [22mTile[2m > [22mcalls onClick when tile is 
clicked and in non-edit mode
[31m[1mAssertionError[22m: expected "vi.fn()" to be called at least once[39m
[36m [2mΓ¥»[22m src/components/__tests__/Tile.test.tsx:[2m53:29[22m[39m
    [90m 51| [39m        [34mexpect[39m(tileElement)[33m.[39m[34mtoBeTruthy[39m()[33m;[39m
    [90m 52| [39m        tileElement[33m![39m[33m.[39m[34mclick[39m()[33m;[39m
    [90m 53| [39m        [34mexpect[39m(mockOnClick)[33m.[39m[34mtoHaveBeenCalled[39m()[33m;[39m
    [90m   | [39m                            [31m^[39m
    [90m 54| [39m    })[33m;[39m
    [90m 55| [39m

[31m[2mΓÄ»ΓÄ»ΓÄ»ΓÄ»ΓÄ»ΓÄ»ΓÄ»ΓÄ»ΓÄ»ΓÄ»ΓÄ»ΓÄ»ΓÄ»ΓÄ»ΓÄ»ΓÄ»ΓÄ»ΓÄ»ΓÄ»ΓÄ»ΓÄ»[18/112]ΓÄ»[22m[39m

[41m[1m FAIL [22m[49m src/components/__tests__/Tile.test.tsx[2m > [22mTile[2m > [22mapplies fallback color for 
unknown colour
[31m[1mAssertionError[22m: expected '\n                p-4\n              ΓÇª' to contain 'bg-gray-600'[39m

[32m- Expected[39m
[31m+ Received[39m

[32m- [7mbg-gra[27my-[7m6[27m00[39m
[31m+[39m
[31m+                 p-4[39m
[31m+                 rounded-md[39m
[31m+                 flex[39m
[31m+                 items-center[39m
[31m+                 text-center[39m
[31m+                 justify-center[39m
[31m+                 absolute[39m
[31m+                 select-none[39m
[31m+                 [39m
[31m+                 cursor-pointer hover:brightness-110 hover:border-2 border-text-primary[39m
[31m+                 [39m
[31m+ [7m                opacit[27my-[7m1[27m00[39m
[31m+             [39m

[36m [2mΓ¥»[22m src/components/__tests__/Tile.test.tsx:[2m136:36[22m[39m
    [90m134| [39m        [35mconst[39m mainDiv [33m=[39m container[33m.[39mfirstChild [35mas[39m 
[33mHTMLElement[39m[33m;[39m
    [90m135| [39m        [90m// dark theme fallback[39m
    [90m136| [39m        
[34mexpect[39m(mainDiv[33m?.[39mclassName)[33m.[39m[34mtoContain[39m([32m'bg-gray-600'[39m)[33m;[39m
    [90m   | [39m                                   [31m^[39m
    [90m137| [39m    })[33m;[39m
    [90m138| [39m

[31m[2mΓÄ»ΓÄ»ΓÄ»ΓÄ»ΓÄ»ΓÄ»ΓÄ»ΓÄ»ΓÄ»ΓÄ»ΓÄ»ΓÄ»ΓÄ»ΓÄ»ΓÄ»ΓÄ»ΓÄ»ΓÄ»ΓÄ»ΓÄ»ΓÄ»[19/112]ΓÄ»[22m[39m

[41m[1m FAIL [22m[49m src/components/__tests__/Tile.test.tsx[2m > [22mTile[2m > [22mshows delete and rotate 
buttons in edit mode with onUpdate
[31m[1mAssertionError[22m: expected 0 to be greater than or equal to 2[39m
[36m [2mΓ¥»[22m src/components/__tests__/Tile.test.tsx:[2m145:29[22m[39m
    [90m143| [39m        [90m// delete icon and rotate icon should be present[39m
    [90m144| [39m        [35mconst[39m svgs [33m=[39m 
container[33m.[39m[34mquerySelectorAll[39m([32m'svg'[39m)[33m;[39m
    [90m145| [39m        
[34mexpect[39m(svgs[33m.[39mlength)[33m.[39m[34mtoBeGreaterThanOrEqual[39m([34m2[39m)[33m;[39m
    [90m   | [39m                            [31m^[39m
    [90m146| [39m    })[33m;[39m
    [90m147| [39m

[31m[2mΓÄ»ΓÄ»ΓÄ»ΓÄ»ΓÄ»ΓÄ»ΓÄ»ΓÄ»ΓÄ»ΓÄ»ΓÄ»ΓÄ»ΓÄ»ΓÄ»ΓÄ»ΓÄ»ΓÄ»ΓÄ»ΓÄ»ΓÄ»ΓÄ»[20/112]ΓÄ»[22m[39m

[41m[1m FAIL [22m[49m src/components/__tests__/Tile.test.tsx[2m > [22mTile[2m > [22mcalls onDelete when delete 
button is clicked
[31m[1mAssertionError[22m: expected null to be truthy[39m

[32m- Expected:[39m 
true

[31m+ Received:[39m 
null

[36m [2mΓ¥»[22m src/components/__tests__/Tile.test.tsx:[2m171:31[22m[39m
    [90m169| [39m        [90m// The delete button is the first icon wrapper[39m
    [90m170| [39m        const deleteWrapper = container.querySelector('.absolute.top-2ΓÇª
    [90m171| [39m        [34mexpect[39m(deleteWrapper)[33m.[39m[34mtoBeTruthy[39m()[33m;[39m
    [90m   | [39m                              [31m^[39m
    [90m172| [39m        fireEvent[33m.[39m[34mclick[39m(deleteWrapper[33m![39m)[33m;[39m
    [90m173| [39m        [34mexpect[39m(onDelete)[33m.[39m[34mtoHaveBeenCalled[39m()[33m;[39m

[31m[2mΓÄ»ΓÄ»ΓÄ»ΓÄ»ΓÄ»ΓÄ»ΓÄ»ΓÄ»ΓÄ»ΓÄ»ΓÄ»ΓÄ»ΓÄ»ΓÄ»ΓÄ»ΓÄ»ΓÄ»ΓÄ»ΓÄ»ΓÄ»ΓÄ»[21/112]ΓÄ»[22m[39m

[41m[1m FAIL [22m[49m src/components/__tests__/Tile.test.tsx[2m > [22mTile[2m > [22mcalls onUpdate with 
swapped dimensions when rotate button is mousedown
[31m[1mAssertionError[22m: expected null to be truthy[39m

[32m- Expected:[39m 
true

[31m+ Received:[39m 
null

[36m [2mΓ¥»[22m src/components/__tests__/Tile.test.tsx:[2m188:31[22m[39m
    [90m186| [39m        [90m// The rotate button is the second icon wrapper (top-2 right-2)[39m
    [90m187| [39m        const rotateWrapper = container.querySelector('.absolute.top-2ΓÇª
    [90m188| [39m        [34mexpect[39m(rotateWrapper)[33m.[39m[34mtoBeTruthy[39m()[33m;[39m
    [90m   | [39m                              [31m^[39m
    [90m189| [39m        fireEvent[33m.[39m[34mmouseDown[39m(rotateWrapper[33m![39m)[33m;[39m
    [90m190| [39m        expect(onUpdate).toHaveBeenCalledWith({ width: 100, height: 24ΓÇª

[31m[2mΓÄ»ΓÄ»ΓÄ»ΓÄ»ΓÄ»ΓÄ»ΓÄ»ΓÄ»ΓÄ»ΓÄ»ΓÄ»ΓÄ»ΓÄ»ΓÄ»ΓÄ»ΓÄ»ΓÄ»ΓÄ»ΓÄ»ΓÄ»ΓÄ»[22/112]ΓÄ»[22m[39m

[41m[1m FAIL [22m[49m src/components/__tests__/Tile.test.tsx[2m > [22mTile[2m > [22mapplies known colour 
classes for each colour
[31m[1mAssertionError[22m: expected '\n                p-4\n              ΓÇª' to match /bg-/[39m

[32m- Expected:[39m 
/bg-/

[31m+ Received:[39m 
"
                p-4
                rounded-md
                flex
                items-center
                text-center
                justify-center
                absolute
                select-none
                
                cursor-pointer hover:brightness-110 hover:border-2 border-text-primary
                
                opacity-100
            "

[36m [2mΓ¥»[22m src/components/__tests__/Tile.test.tsx:[2m447:40[22m[39m
    [90m445| [39m            [35mconst[39m mainDiv [33m=[39m container[33m.[39mfirstChild [35mas[39m 
[33mHTMLElement[39m[33m;[39m
    [90m446| [39m            [90m// dark theme: bg-{colour}-500 (or bg-{colour}-300 etc)[39m
    [90m447| [39m            
[34mexpect[39m(mainDiv[33m?.[39mclassName)[33m.[39m[34mtoMatch[39m([36m/bg-/[39m)[33m;[39m
    [90m   | [39m                                       [31m^[39m
    [90m448| [39m            [34munmount[39m()[33m;[39m
    [90m449| [39m        }

[31m[2mΓÄ»ΓÄ»ΓÄ»ΓÄ»ΓÄ»ΓÄ»ΓÄ»ΓÄ»ΓÄ»ΓÄ»ΓÄ»ΓÄ»ΓÄ»ΓÄ»ΓÄ»ΓÄ»ΓÄ»ΓÄ»ΓÄ»ΓÄ»ΓÄ»[23/112]ΓÄ»[22m[39m

[41m[1m FAIL [22m[49m src/components/__tests__/TileInfoCard.test.tsx[2m > [22mTileInfoCard[2m > [22mstops 
propagation on click
[31m[1mError[22m: Element type is invalid: expected a string (for built-in components) or a class/function (for 
composite components) but got: undefined. You likely forgot to export your component from the file it's defined in, or 
you might have mixed up default and named imports.[39m
[90m [2mΓ¥»[22m createFiberFromTypeAndProps 
node_modules/react-dom/cjs/react-dom.development.js:[2m28478:17[22m[39m
[90m [2mΓ¥»[22m createFiberFromElement node_modules/react-dom/cjs/react-dom.development.js:[2m28504:15[22m[39m
[90m [2mΓ¥»[22m reconcileSingleElement node_modules/react-dom/cjs/react-dom.development.js:[2m13986:23[22m[39m
[90m [2mΓ¥»[22m reconcileChildFibers node_modules/react-dom/cjs/react-dom.development.js:[2m14044:35[22m[39m
[90m [2mΓ¥»[22m reconcileChildren node_modules/react-dom/cjs/react-dom.development.js:[2m19186:28[22m[39m
[90m [2mΓ¥»[22m updateHostComponent node_modules/react-dom/cjs/react-dom.development.js:[2m19953:3[22m[39m
[90m [2mΓ¥»[22m beginWork node_modules/react-dom/cjs/react-dom.development.js:[2m21657:14[22m[39m
[90m [2mΓ¥»[22m beginWork$1 node_modules/react-dom/cjs/react-dom.development.js:[2m27465:14[22m[39m
[90m [2mΓ¥»[22m performUnitOfWork node_modules/react-dom/cjs/react-dom.development.js:[2m26599:12[22m[39m
[90m [2mΓ¥»[22m workLoopSync node_modules/react-dom/cjs/react-dom.development.js:[2m26505:5[22m[39m

[31m[2mΓÄ»ΓÄ»ΓÄ»ΓÄ»ΓÄ»ΓÄ»ΓÄ»ΓÄ»ΓÄ»ΓÄ»ΓÄ»ΓÄ»ΓÄ»ΓÄ»ΓÄ»ΓÄ»ΓÄ»ΓÄ»ΓÄ»ΓÄ»ΓÄ»[24/112]ΓÄ»[22m[39m

[41m[1m FAIL [22m[49m src/pages/__tests__/App.test.tsx[2m > [22mApp[2m > [22mrenders HomePage at /
[41m[1m FAIL [22m[49m src/pages/__tests__/App.test.tsx[2m > [22mApp[2m > [22mrenders MapPage at /map
[41m[1m FAIL [22m[49m src/pages/__tests__/App.test.tsx[2m > [22mApp[2m > [22mrenders EditMapPage at /map/edit
[41m[1m FAIL [22m[49m src/pages/__tests__/App.test.tsx[2m > [22mApp[2m > [22mrenders SettingsPage at /settings
[41m[1m FAIL [22m[49m src/pages/__tests__/App.test.tsx[2m > [22mApp[2m > [22mrenders LoginPage at /login
[41m[1m FAIL [22m[49m src/pages/__tests__/App.test.tsx[2m > [22mApp[2m > [22mrenders SignUpPage at /signup
[41m[1m FAIL [22m[49m src/pages/__tests__/App.test.tsx[2m > [22mApp[2m > [22mrenders ProfilePage at /profile
[41m[1m FAIL [22m[49m src/pages/__tests__/App.test.tsx[2m > [22mApp[2m > [22mrenders NotFoundPage for unknown 
routes
[31m[1mError[22m: [vitest] No "SearchMapPage" export is defined on the "../../pages" mock. Did you forget to return 
it from "vi.mock"?
If you need to partially mock a module, you can use "importOriginal" helper inside:
[39m
vi.mock(import("../../pages"), async (importOriginal) => {
  const actual = await importOriginal()
  return {
    ...actual,
    // your mocked methods
  }
})

[36m [2mΓ¥»[22m App src/App.tsx:[2m32:43[22m[39m
    [90m 30| [39m      [33m<[39m[33mRoute[39m [33mpath[39m[33m=[39m[32m"/profile"[39m 
[33melement[39m[33m=[39m[33m{[39m[33m<[39m[33mProfilePage[39m [33m/[39m[33m>[39m[33m}[39m 
[33m/[39m[33m>[39m
    [90m 31| [39m      [33m<[39m[33mRoute[39m [33mpath[39m[33m=[39m[32m"/map/edit/:id"[39m 
[33melement[39m[33m=[39m[33m{[39m[33m<[39m[33mEditMapPage[39m [33m/[39m[33m>[39m[33m}[39m 
[33m/[39m[33m>[39m
    [90m 32| [39m      [33m<[39m[33mRoute[39m [33mpath[39m[33m=[39m[32m"/map/search"[39m 
[33melement[39m[33m=[39m[33m{[39m[33m<[39m[33mSearchMapPage[39m [33m/[39m[33m>[39m[33m}[39m 
[33m/[39m[33m>[39m
    [90m   | [39m                                          [31m^[39m
    [90m 33| [39m      [33m<[39m[33mRoute[39m [33mpath[39m[33m=[39m[32m"/map/:id"[39m 
[33melement[39m[33m=[39m[33m{[39m[33m<[39m[33mMap[39m [33m/[39m[33m>[39m[33m}[39m 
[33m/[39m[33m>[39m
    [90m 34| [39m      [33m<[39m[33mRoute[39m [33mpath[39m[33m=[39m[32m"*"[39m 
[33melement[39m[33m=[39m[33m{[39m[33m<[39m[33mNotFoundPage[39m [33m/[39m[33m>[39m[33m}[39m 
[33m/[39m[33m>[39m
[90m [2mΓ¥»[22m renderWithHooks node_modules/react-dom/cjs/react-dom.development.js:[2m15486:18[22m[39m
[90m [2mΓ¥»[22m mountIndeterminateComponent 
node_modules/react-dom/cjs/react-dom.development.js:[2m20103:13[22m[39m
[90m [2mΓ¥»[22m beginWork node_modules/react-dom/cjs/react-dom.development.js:[2m21626:16[22m[39m
[90m [2mΓ¥»[22m beginWork$1 node_modules/react-dom/cjs/react-dom.development.js:[2m27465:14[22m[39m
[90m [2mΓ¥»[22m performUnitOfWork node_modules/react-dom/cjs/react-dom.development.js:[2m26599:12[22m[39m
[90m [2mΓ¥»[22m workLoopSync node_modules/react-dom/cjs/react-dom.development.js:[2m26505:5[22m[39m
[90m [2mΓ¥»[22m renderRootSync node_modules/react-dom/cjs/react-dom.development.js:[2m26473:7[22m[39m

[31m[2mΓÄ»ΓÄ»ΓÄ»ΓÄ»ΓÄ»ΓÄ»ΓÄ»ΓÄ»ΓÄ»ΓÄ»ΓÄ»ΓÄ»ΓÄ»ΓÄ»ΓÄ»ΓÄ»ΓÄ»ΓÄ»ΓÄ»ΓÄ»ΓÄ»[25/112]ΓÄ»[22m[39m

[41m[1m FAIL [22m[49m src/pages/__tests__/EditMapPage.test.tsx[2m > [22mEditMapPage[2m > [22mrenders header 
after loading
[31m[1mTestingLibraryElementError[22m: Unable to find an element by: [data-testid="header"]

Ignored nodes: comments, script, style
[36m<body>[31m
  [36m<div />[31m
[36m</body>[31m

Ignored nodes: comments, script, style
[36m<html>[31m
  [36m<head />[31m
  [36m<body>[31m
    [36m<div />[31m
  [36m</body>[31m
[36m</html>[31m[39m
[90m [2mΓ¥»[22m Proxy.waitForWrapper node_modules/@testing-library/dom/dist/wait-for.js:[2m163:27[22m[39m
[36m [2mΓ¥»[22m src/pages/__tests__/EditMapPage.test.tsx:[2m129:15[22m[39m
    [90m127| [39m    [34mit[39m([32m'renders header after loading'[39m[33m,[39m [35masync[39m () 
[33m=>[39m {
    [90m128| [39m        [34mrender[39m([33m<[39m[33mEditMapPage[39m [33m/[39m[33m>[39m)[33m;[39m
    [90m129| [39m        [35mawait[39m [34mwaitFor[39m(() [33m=>[39m {
    [90m   | [39m              [31m^[39m
    [90m130| [39m            [34mexpect[39m(screen[33m.[39m[34mgetByTestId[39m([32m'header'[39m))[33m.[39m
[34mtoBeTruthy[39m()[33m;[39m
    [90m131| [39m        })[33m;[39m

[31m[2mΓÄ»ΓÄ»ΓÄ»ΓÄ»ΓÄ»ΓÄ»ΓÄ»ΓÄ»ΓÄ»ΓÄ»ΓÄ»ΓÄ»ΓÄ»ΓÄ»ΓÄ»ΓÄ»ΓÄ»ΓÄ»ΓÄ»ΓÄ»ΓÄ»[26/112]ΓÄ»[22m[39m

[41m[1m FAIL [22m[49m src/pages/__tests__/EditMapPage.test.tsx[2m > [22mEditMapPage[2m > [22mrenders the 
interactive map in edit mode
[31m[1mTestingLibraryElementError[22m: Unable to find an element by: [data-testid="interactive-map"]

Ignored nodes: comments, script, style
[36m<body>[31m
  [36m<div />[31m
[36m</body>[31m

Ignored nodes: comments, script, style
[36m<html>[31m
  [36m<head />[31m
  [36m<body>[31m
    [36m<div />[31m
  [36m</body>[31m
[36m</html>[31m[39m
[90m [2mΓ¥»[22m Proxy.waitForWrapper node_modules/@testing-library/dom/dist/wait-for.js:[2m163:27[22m[39m
[36m [2mΓ¥»[22m src/pages/__tests__/EditMapPage.test.tsx:[2m136:15[22m[39m
    [90m134| [39m    [34mit[39m([32m'renders the interactive map in edit mode'[39m[33m,[39m [35masync[39m () 
[33m=>[39m {
    [90m135| [39m        [34mrender[39m([33m<[39m[33mEditMapPage[39m [33m/[39m[33m>[39m)[33m;[39m
    [90m136| [39m        [35mawait[39m [34mwaitFor[39m(() [33m=>[39m {
    [90m   | [39m              [31m^[39m
    [90m137| [39m            [35mconst[39m map [33m=[39m 
screen[33m.[39m[34mgetByTestId[39m([32m'interactive-map'[39m)[33m;[39m
    [90m138| [39m            [34mexpect[39m(map)[33m.[39m[34mtoBeTruthy[39m()[33m;[39m

[31m[2mΓÄ»ΓÄ»ΓÄ»ΓÄ»ΓÄ»ΓÄ»ΓÄ»ΓÄ»ΓÄ»ΓÄ»ΓÄ»ΓÄ»ΓÄ»ΓÄ»ΓÄ»ΓÄ»ΓÄ»ΓÄ»ΓÄ»ΓÄ»ΓÄ»[27/112]ΓÄ»[22m[39m

[41m[1m FAIL [22m[49m src/pages/__tests__/EditMapPage.test.tsx[2m > [22mEditMapPage[2m > [22mshows Edit Mode 
label
[31m[1mTestingLibraryElementError[22m: Unable to find an element with the text: Edit Mode. This could be because 
the text is broken up by multiple elements. In this case, you can provide a function for your text matcher to make 
your matcher more flexible.

Ignored nodes: comments, script, style
[36m<body>[31m
  [36m<div />[31m
[36m</body>[31m

Ignored nodes: comments, script, style
[36m<html>[31m
  [36m<head />[31m
  [36m<body>[31m
    [36m<div />[31m
  [36m</body>[31m
[36m</html>[31m[39m
[90m [2mΓ¥»[22m Proxy.waitForWrapper node_modules/@testing-library/dom/dist/wait-for.js:[2m163:27[22m[39m
[36m [2mΓ¥»[22m src/pages/__tests__/EditMapPage.test.tsx:[2m145:15[22m[39m
    [90m143| [39m    [34mit[39m([32m'shows Edit Mode label'[39m[33m,[39m [35masync[39m () [33m=>[39m {
    [90m144| [39m        [34mrender[39m([33m<[39m[33mEditMapPage[39m [33m/[39m[33m>[39m)[33m;[39m
    [90m145| [39m        [35mawait[39m [34mwaitFor[39m(() [33m=>[39m {
    [90m   | [39m              [31m^[39m
    [90m146| [39m            [34mexpect[39m(screen[33m.[39m[34mgetByText[39m([32m'Edit 
Mode'[39m))[33m.[39m[34mtoBeTruthy[39m()[33m;[39m
    [90m147| [39m        })[33m;[39m

[31m[2mΓÄ»ΓÄ»ΓÄ»ΓÄ»ΓÄ»ΓÄ»ΓÄ»ΓÄ»ΓÄ»ΓÄ»ΓÄ»ΓÄ»ΓÄ»ΓÄ»ΓÄ»ΓÄ»ΓÄ»ΓÄ»ΓÄ»ΓÄ»ΓÄ»[28/112]ΓÄ»[22m[39m

[41m[1m FAIL [22m[49m src/pages/__tests__/EditMapPage.test.tsx[2m > [22mEditMapPage[2m > [22mhas back to view 
link
[31m[1mTestingLibraryElementError[22m: Unable to find an element with the text: Back to View. This could be because 
the text is broken up by multiple elements. In this case, you can provide a function for your text matcher to make 
your matcher more flexible.

Ignored nodes: comments, script, style
[36m<body>[31m
  [36m<div />[31m
[36m</body>[31m

Ignored nodes: comments, script, style
[36m<html>[31m
  [36m<head />[31m
  [36m<body>[31m
    [36m<div />[31m
  [36m</body>[31m
[36m</html>[31m[39m
[90m [2mΓ¥»[22m Proxy.waitForWrapper node_modules/@testing-library/dom/dist/wait-for.js:[2m163:27[22m[39m
[36m [2mΓ¥»[22m src/pages/__tests__/EditMapPage.test.tsx:[2m152:15[22m[39m
    [90m150| [39m    [34mit[39m([32m'has back to view link'[39m[33m,[39m [35masync[39m () [33m=>[39m {
    [90m151| [39m        [34mrender[39m([33m<[39m[33mEditMapPage[39m [33m/[39m[33m>[39m)[33m;[39m
    [90m152| [39m        [35mawait[39m [34mwaitFor[39m(() [33m=>[39m {
    [90m   | [39m              [31m^[39m
    [90m153| [39m            [34mexpect[39m(screen[33m.[39m[34mgetByText[39m([32m'Back to 
View'[39m))[33m.[39m[34mtoBeTruthy[39m()[33m;[39m
    [90m154| [39m        })[33m;[39m

[31m[2mΓÄ»ΓÄ»ΓÄ»ΓÄ»ΓÄ»ΓÄ»ΓÄ»ΓÄ»ΓÄ»ΓÄ»ΓÄ»ΓÄ»ΓÄ»ΓÄ»ΓÄ»ΓÄ»ΓÄ»ΓÄ»ΓÄ»ΓÄ»ΓÄ»[29/112]ΓÄ»[22m[39m

[41m[1m FAIL [22m[49m src/pages/__tests__/EditMapPage.test.tsx[2m > [22mEditMapPage[2m > [22mnavigates to /map 
when back to view is clicked
[31m[1mTestingLibraryElementError[22m: Unable to find an element with the text: Back to View. This could be because 
the text is broken up by multiple elements. In this case, you can provide a function for your text matcher to make 
your matcher more flexible.

Ignored nodes: comments, script, style
[36m<body>[31m
  [36m<div />[31m
[36m</body>[31m

Ignored nodes: comments, script, style
[36m<html>[31m
  [36m<head />[31m
  [36m<body>[31m
    [36m<div />[31m
  [36m</body>[31m
[36m</html>[31m[39m
[90m [2mΓ¥»[22m Proxy.waitForWrapper node_modules/@testing-library/dom/dist/wait-for.js:[2m163:27[22m[39m
[36m [2mΓ¥»[22m src/pages/__tests__/EditMapPage.test.tsx:[2m159:15[22m[39m
    [90m157| [39m    [34mit[39m([32m'navigates to /map when back to view is clicked'[39m[33m,[39m 
[35masync[39m () [33m=>[39m {
    [90m158| [39m        [34mrender[39m([33m<[39m[33mEditMapPage[39m [33m/[39m[33m>[39m)[33m;[39m
    [90m159| [39m        [35mawait[39m [34mwaitFor[39m(() [33m=>[39m {
    [90m   | [39m              [31m^[39m
    [90m160| [39m            [34mexpect[39m(screen[33m.[39m[34mgetByText[39m([32m'Back to 
View'[39m))[33m.[39m[34mtoBeTruthy[39m()[33m;[39m
    [90m161| [39m        })[33m;[39m

[31m[2mΓÄ»ΓÄ»ΓÄ»ΓÄ»ΓÄ»ΓÄ»ΓÄ»ΓÄ»ΓÄ»ΓÄ»ΓÄ»ΓÄ»ΓÄ»ΓÄ»ΓÄ»ΓÄ»ΓÄ»ΓÄ»ΓÄ»ΓÄ»ΓÄ»[30/112]ΓÄ»[22m[39m

[41m[1m FAIL [22m[49m src/pages/__tests__/EditMapPage.test.tsx[2m > [22mEditMapPage[2m > [22mrenders snap to 
grid toggle
[31m[1mTestingLibraryElementError[22m: Unable to find an element with the text: Snap to grid. This could be because 
the text is broken up by multiple elements. In this case, you can provide a function for your text matcher to make 
your matcher more flexible.

Ignored nodes: comments, script, style
[36m<body>[31m
  [36m<div />[31m
[36m</body>[31m

Ignored nodes: comments, script, style
[36m<html>[31m
  [36m<head />[31m
  [36m<body>[31m
    [36m<div />[31m
  [36m</body>[31m
[36m</html>[31m[39m
[90m [2mΓ¥»[22m Proxy.waitForWrapper node_modules/@testing-library/dom/dist/wait-for.js:[2m163:27[22m[39m
[36m [2mΓ¥»[22m src/pages/__tests__/EditMapPage.test.tsx:[2m168:15[22m[39m
    [90m166| [39m    [34mit[39m([32m'renders snap to grid toggle'[39m[33m,[39m [35masync[39m () [33m=>[39m 
{
    [90m167| [39m        [34mrender[39m([33m<[39m[33mEditMapPage[39m [33m/[39m[33m>[39m)[33m;[39m
    [90m168| [39m        [35mawait[39m [34mwaitFor[39m(() [33m=>[39m {
    [90m   | [39m              [31m^[39m
    [90m169| [39m            [34mexpect[39m(screen[33m.[39m[34mgetByText[39m([32m'Snap to 
grid'[39m))[33m.[39m[34mtoBeTruthy[39m()[33m;[39m
    [90m170| [39m        })[33m;[39m

[31m[2mΓÄ»ΓÄ»ΓÄ»ΓÄ»ΓÄ»ΓÄ»ΓÄ»ΓÄ»ΓÄ»ΓÄ»ΓÄ»ΓÄ»ΓÄ»ΓÄ»ΓÄ»ΓÄ»ΓÄ»ΓÄ»ΓÄ»ΓÄ»ΓÄ»[31/112]ΓÄ»[22m[39m

[41m[1m FAIL [22m[49m src/pages/__tests__/EditMapPage.test.tsx[2m > [22mEditMapPage[2m > [22mhas floor 
navigation buttons
[31m[1mTestingLibraryElementError[22m: Unable to find a label with the text of: Previous floor

Ignored nodes: comments, script, style
[36m<body>[31m
  [36m<div />[31m
[36m</body>[31m

Ignored nodes: comments, script, style
[36m<html>[31m
  [36m<head />[31m
  [36m<body>[31m
    [36m<div />[31m
  [36m</body>[31m
[36m</html>[31m[39m
[90m [2mΓ¥»[22m Proxy.waitForWrapper node_modules/@testing-library/dom/dist/wait-for.js:[2m163:27[22m[39m
[36m [2mΓ¥»[22m src/pages/__tests__/EditMapPage.test.tsx:[2m175:15[22m[39m
    [90m173| [39m    [34mit[39m([32m'has floor navigation buttons'[39m[33m,[39m [35masync[39m () 
[33m=>[39m {
    [90m174| [39m        [34mrender[39m([33m<[39m[33mEditMapPage[39m [33m/[39m[33m>[39m)[33m;[39m
    [90m175| [39m        [35mawait[39m [34mwaitFor[39m(() [33m=>[39m {
    [90m   | [39m              [31m^[39m
    [90m176| [39m            expect(screen.getByLabelText('Previous floor')).toBeTruthyΓÇª
    [90m177| [39m            [34mexpect[39m(screen[33m.[39m[34mgetByLabelText[39m([32m'Next 
floor'[39m))[33m.[39m[34mtoBeTruthy[39m()[33m;[39m

[31m[2mΓÄ»ΓÄ»ΓÄ»ΓÄ»ΓÄ»ΓÄ»ΓÄ»ΓÄ»ΓÄ»ΓÄ»ΓÄ»ΓÄ»ΓÄ»ΓÄ»ΓÄ»ΓÄ»ΓÄ»ΓÄ»ΓÄ»ΓÄ»ΓÄ»[32/112]ΓÄ»[22m[39m

[41m[1m FAIL [22m[49m src/pages/__tests__/EditMapPage.test.tsx[2m > [22mEditMapPage[2m > [22mrenders the drag 
and drop menu
[31m[1mTestingLibraryElementError[22m: Unable to find an element by: [data-testid="drag-drop-menu"]

Ignored nodes: comments, script, style
[36m<body>[31m
  [36m<div />[31m
[36m</body>[31m

Ignored nodes: comments, script, style
[36m<html>[31m
  [36m<head />[31m
  [36m<body>[31m
    [36m<div />[31m
  [36m</body>[31m
[36m</html>[31m[39m
[90m [2mΓ¥»[22m Proxy.waitForWrapper node_modules/@testing-library/dom/dist/wait-for.js:[2m163:27[22m[39m
[36m [2mΓ¥»[22m src/pages/__tests__/EditMapPage.test.tsx:[2m183:15[22m[39m
    [90m181| [39m    [34mit[39m([32m'renders the drag and drop menu'[39m[33m,[39m [35masync[39m () 
[33m=>[39m {
    [90m182| [39m        [34mrender[39m([33m<[39m[33mEditMapPage[39m [33m/[39m[33m>[39m)[33m;[39m
    [90m183| [39m        [35mawait[39m [34mwaitFor[39m(() [33m=>[39m {
    [90m   | [39m              [31m^[39m
    [90m184| [39m            [34mexpect[39m(screen[33m.[39m[34mgetByTestId[39m([32m'drag-drop-menu'[39m))[33
m.[39m[34mtoBeTruthy[39m()[33m;[39m
    [90m185| [39m        })[33m;[39m

[31m[2mΓÄ»ΓÄ»ΓÄ»ΓÄ»ΓÄ»ΓÄ»ΓÄ»ΓÄ»ΓÄ»ΓÄ»ΓÄ»ΓÄ»ΓÄ»ΓÄ»ΓÄ»ΓÄ»ΓÄ»ΓÄ»ΓÄ»ΓÄ»ΓÄ»[33/112]ΓÄ»[22m[39m

[41m[1m FAIL [22m[49m src/pages/__tests__/EditMapPage.test.tsx[2m > [22mEditMapPage[2m > [22mhas sidebar 
toggle button on mobile
[31m[1mTestingLibraryElementError[22m: Unable to find a label with the text of: /equipment panel/i

Ignored nodes: comments, script, style
[36m<body>[31m
  [36m<div />[31m
[36m</body>[31m

Ignored nodes: comments, script, style
[36m<html>[31m
  [36m<head />[31m
  [36m<body>[31m
    [36m<div />[31m
  [36m</body>[31m
[36m</html>[31m[39m
[90m [2mΓ¥»[22m Proxy.waitForWrapper node_modules/@testing-library/dom/dist/wait-for.js:[2m163:27[22m[39m
[36m [2mΓ¥»[22m src/pages/__tests__/EditMapPage.test.tsx:[2m190:15[22m[39m
    [90m188| [39m    [34mit[39m([32m'has sidebar toggle button on mobile'[39m[33m,[39m [35masync[39m () 
[33m=>[39m {
    [90m189| [39m        [34mrender[39m([33m<[39m[33mEditMapPage[39m [33m/[39m[33m>[39m)[33m;[39m
    [90m190| [39m        [35mawait[39m [34mwaitFor[39m(() [33m=>[39m {
    [90m   | [39m              [31m^[39m
    [90m191| [39m            const toggleBtn = screen.getByLabelText(/equipment panel/iΓÇª
    [90m192| [39m            [34mexpect[39m(toggleBtn)[33m.[39m[34mtoBeTruthy[39m()[33m;[39m

[31m[2mΓÄ»ΓÄ»ΓÄ»ΓÄ»ΓÄ»ΓÄ»ΓÄ»ΓÄ»ΓÄ»ΓÄ»ΓÄ»ΓÄ»ΓÄ»ΓÄ»ΓÄ»ΓÄ»ΓÄ»ΓÄ»ΓÄ»ΓÄ»ΓÄ»[34/112]ΓÄ»[22m[39m

[41m[1m FAIL [22m[49m src/pages/__tests__/EditMapPage.test.tsx[2m > [22mEditMapPage[2m > [22mtoggles sidebar 
open when equipment panel button is clicked
[31m[1mTestingLibraryElementError[22m: Unable to find a label with the text of: /Open equipment panel/i

Ignored nodes: comments, script, style
[36m<body>[31m
  [36m<div />[31m
[36m</body>[31m

Ignored nodes: comments, script, style
[36m<html>[31m
  [36m<head />[31m
  [36m<body>[31m
    [36m<div />[31m
  [36m</body>[31m
[36m</html>[31m[39m
[90m [2mΓ¥»[22m Proxy.waitForWrapper node_modules/@testing-library/dom/dist/wait-for.js:[2m163:27[22m[39m
[36m [2mΓ¥»[22m src/pages/__tests__/EditMapPage.test.tsx:[2m200:15[22m[39m
    [90m198| [39m    it('toggles sidebar open when equipment panel button is clicked', ΓÇª
    [90m199| [39m        [34mrender[39m([33m<[39m[33mEditMapPage[39m [33m/[39m[33m>[39m)[33m;[39m
    [90m200| [39m        [35mawait[39m [34mwaitFor[39m(() [33m=>[39m {
    [90m   | [39m              [31m^[39m
    [90m201| [39m            expect(screen.getByLabelText(/Open equipment panel/i)).toBΓÇª
    [90m202| [39m        })[33m;[39m

[31m[2mΓÄ»ΓÄ»ΓÄ»ΓÄ»ΓÄ»ΓÄ»ΓÄ»ΓÄ»ΓÄ»ΓÄ»ΓÄ»ΓÄ»ΓÄ»ΓÄ»ΓÄ»ΓÄ»ΓÄ»ΓÄ»ΓÄ»ΓÄ»ΓÄ»[35/112]ΓÄ»[22m[39m

[41m[1m FAIL [22m[49m src/pages/__tests__/EditMapPage.test.tsx[2m > [22mEditMapPage[2m > [22mcloses sidebar 
when overlay is clicked
[31m[1mTestingLibraryElementError[22m: Unable to find a label with the text of: /Open equipment panel/i

Ignored nodes: comments, script, style
[36m<body>[31m
  [36m<div />[31m
[36m</body>[31m

Ignored nodes: comments, script, style
[36m<html>[31m
  [36m<head />[31m
  [36m<body>[31m
    [36m<div />[31m
  [36m</body>[31m
[36m</html>[31m[39m
[90m [2mΓ¥»[22m Proxy.waitForWrapper node_modules/@testing-library/dom/dist/wait-for.js:[2m163:27[22m[39m
[36m [2mΓ¥»[22m src/pages/__tests__/EditMapPage.test.tsx:[2m210:15[22m[39m
    [90m208| [39m    [34mit[39m([32m'closes sidebar when overlay is clicked'[39m[33m,[39m [35masync[39m () 
[33m=>[39m {
    [90m209| [39m        [34mrender[39m([33m<[39m[33mEditMapPage[39m [33m/[39m[33m>[39m)[33m;[39m
    [90m210| [39m        [35mawait[39m [34mwaitFor[39m(() [33m=>[39m {
    [90m   | [39m              [31m^[39m
    [90m211| [39m            expect(screen.getByLabelText(/Open equipment panel/i)).toBΓÇª
    [90m212| [39m        })[33m;[39m

[31m[2mΓÄ»ΓÄ»ΓÄ»ΓÄ»ΓÄ»ΓÄ»ΓÄ»ΓÄ»ΓÄ»ΓÄ»ΓÄ»ΓÄ»ΓÄ»ΓÄ»ΓÄ»ΓÄ»ΓÄ»ΓÄ»ΓÄ»ΓÄ»ΓÄ»[36/112]ΓÄ»[22m[39m

[41m[1m FAIL [22m[49m src/pages/__tests__/EditMapPage.test.tsx[2m > [22mEditMapPage[2m > [22mtoggles snap to 
grid
[31m[1mTestingLibraryElementError[22m: Unable to find an element by: [data-testid="snap-toggle"]

Ignored nodes: comments, script, style
[36m<body>[31m
  [36m<div />[31m
[36m</body>[31m

Ignored nodes: comments, script, style
[36m<html>[31m
  [36m<head />[31m
  [36m<body>[31m
    [36m<div />[31m
  [36m</body>[31m
[36m</html>[31m[39m
[90m [2mΓ¥»[22m Proxy.waitForWrapper node_modules/@testing-library/dom/dist/wait-for.js:[2m163:27[22m[39m
[36m [2mΓ¥»[22m src/pages/__tests__/EditMapPage.test.tsx:[2m228:15[22m[39m
    [90m226| [39m    [34mit[39m([32m'toggles snap to grid'[39m[33m,[39m [35masync[39m () [33m=>[39m {
    [90m227| [39m        [34mrender[39m([33m<[39m[33mEditMapPage[39m [33m/[39m[33m>[39m)[33m;[39m
    [90m228| [39m        [35mawait[39m [34mwaitFor[39m(() [33m=>[39m {
    [90m   | [39m              [31m^[39m
    [90m229| [39m            [34mexpect[39m(screen[33m.[39m[34mgetByTestId[39m([32m'snap-toggle'[39m))[33m.
[39m[34mtoBeTruthy[39m()[33m;[39m
    [90m230| [39m        })[33m;[39m

[31m[2mΓÄ»ΓÄ»ΓÄ»ΓÄ»ΓÄ»ΓÄ»ΓÄ»ΓÄ»ΓÄ»ΓÄ»ΓÄ»ΓÄ»ΓÄ»ΓÄ»ΓÄ»ΓÄ»ΓÄ»ΓÄ»ΓÄ»ΓÄ»ΓÄ»[37/112]ΓÄ»[22m[39m

[41m[1m FAIL [22m[49m src/pages/__tests__/EditMapPage.test.tsx[2m > [22mEditMapPage[2m > [22mdisplays floor 
name from layout
[31m[1mTestingLibraryElementError[22m: Unable to find an element with the text: Ground. This could be because the 
text is broken up by multiple elements. In this case, you can provide a function for your text matcher to make your 
matcher more flexible.

Ignored nodes: comments, script, style
[36m<body>[31m
  [36m<div />[31m
[36m</body>[31m

Ignored nodes: comments, script, style
[36m<html>[31m
  [36m<head />[31m
  [36m<body>[31m
    [36m<div />[31m
  [36m</body>[31m
[36m</html>[31m[39m
[90m [2mΓ¥»[22m Proxy.waitForWrapper node_modules/@testing-library/dom/dist/wait-for.js:[2m163:27[22m[39m
[36m [2mΓ¥»[22m src/pages/__tests__/EditMapPage.test.tsx:[2m239:15[22m[39m
    [90m237| [39m    [34mit[39m([32m'displays floor name from layout'[39m[33m,[39m [35masync[39m () 
[33m=>[39m {
    [90m238| [39m        [34mrender[39m([33m<[39m[33mEditMapPage[39m [33m/[39m[33m>[39m)[33m;[39m
    [90m239| [39m        [35mawait[39m [34mwaitFor[39m(() [33m=>[39m {
    [90m   | [39m              [31m^[39m
    [90m240| [39m            
[34mexpect[39m(screen[33m.[39m[34mgetByText[39m([32m'Ground'[39m))[33m.[39m[34mtoBeTruthy[39m()[33m;[39m
    [90m241| [39m        })[33m;[39m

[31m[2mΓÄ»ΓÄ»ΓÄ»ΓÄ»ΓÄ»ΓÄ»ΓÄ»ΓÄ»ΓÄ»ΓÄ»ΓÄ»ΓÄ»ΓÄ»ΓÄ»ΓÄ»ΓÄ»ΓÄ»ΓÄ»ΓÄ»ΓÄ»ΓÄ»[38/112]ΓÄ»[22m[39m

[41m[1m FAIL [22m[49m src/pages/__tests__/HomePage.test.tsx[2m > [22mHomePage[2m > [22mrenders the Open Gym 
Map button
[31m[1mTestingLibraryElementError[22m: Unable to find an element with the text: Open Gym Map. This could be because 
the text is broken up by multiple elements. In this case, you can provide a function for your text matcher to make 
your matcher more flexible.

Ignored nodes: comments, script, style
[36m<body>[31m
  [36m<div>[31m
    [36m<div[31m
      [33mclass[31m=[32m"min-h-screen text-text-primary transition-colors duration-300 select-none"[31m
      [33mstyle[31m=[32m"cursor: url(data:image/svg+xml,%3csvg%20xmlns='http://www.w3.org/2000/svg'%20width='48'%20h
eight='48'%20viewBox='0%200%2024%2024'%3e%3cpath%20fill='%23FFF'%20stroke='%23000'%20stroke-width='2'%20d='M5.5%203.21V
20.8c0%20.45.54.67.85.35l4.86-4.86a.5.5%200%200%201%20.35-.15h6.87a.5.5%200%200%200%20.35-.85L6.35%202.85a.5.5%200%200%
200-.85.35Z'%3e%3c/path%3e%3c/svg%3e) 12 12, auto;"[31m
    [36m>[31m
      [36m<div[31m
        [33mdata-testid[31m=[32m"header"[31m
      [36m>[31m
        [0mHeader[0m
      [36m</div>[31m
      [36m<div[31m
        [33mclass[31m=[32m"absolute w-full h-full top-0 left-0 overflow-hidden -z-10"[31m
      [36m>[31m
        [36m<div[31m
          [33mdata-testid[31m=[32m"silk"[31m
        [36m>[31m
          [0mSilk[0m
        [36m</div>[31m
        [36m<div[31m
          [33mclass[31m=[32m"absolute inset-0 bg-bg-primary opacity-40"[31m
        [36m/>[31m
      [36m</div>[31m
      [36m<div[31m
        [33mclass[31m=[32m"relative flex flex-col lg:flex-row items-center justify-center min-h-screen w-full px-4 
sm:px-6 pt-20 pb-10 lg:pt-14 lg:pb-0 gap-8 lg:gap-0"[31m
      [36m>[31m
        [36m<div[31m
          [33mclass[31m=[32m"max-w-4xl mx-auto text-center"[31m
        [36m>[31m
          [36m<div[31m
            [33manimate[31m=[32m"[object Object]"[31m
            [33minitial[31m=[32m"[object Object]"[31m
            [33mtransition[31m=[32m"[object Object]"[31m
          [36m>[31m
            [36m<h1[31m
              [33mclass[31m=[32m"text-4xl sm:text-5xl md:text-6xl font-bold mb-4"[31m
            [36m>[31m
              [0mGYAT[0m
            [36m</h1>[31m
            [36m<p[31m
              [33mclass[31m=[32m"text-lg sm:text-xl md:text-2xl text-text-primary font-medium mb-2"[31m
            [36m>[31m
              [0mThe Gym App & Tracker[0m
            [36m</p>[31m
            [36m<p[31m
              [33mclass[31m=[32m"text-sm sm:text-base text-text-primary max-w-xl mx-auto mt-4"[31m
            [36m>[31m
              [0mNavigate your gym smarter. Find equipment, track availability, and optimise your workout 
experience.[0m
            [36m</p>[31m
          [36m</div>[31m
          [36m<div[31m
            [33manimate[31m=[32m"[object Object]"[31m
            [33mclass[31m=[32m"mt-8 sm:mt-10"[31m
            [33minitial[31m=[32m"[object Object]"[31m
            [33mtransition[31m=[32m"[object Object]"[31m
          [36m>[31m
            [36m<button[31m
              [33mclass[31m=[32m"px-6 sm:px-8 py-3 sm:py-4 bg-accent-primary text-white font-semibold rounded-xl 
hover:bg-accent-hover transition-colors duration-200 shadow-lg hover:shadow-xl text-sm sm:text-base"[31m
            [36m>[31m
              [0mSearch for a gym[0m
            [36m</button>[31m
          [36m</div>[31m
        [36m</div>[31m
        [36m<div[31m
          [33mclass[31m=[32m"px-2 sm:px-6 w-full lg:w-auto"[31m
        [36m>[31m
          [36m<div[31m
            [33mclass[31m=[32m"mx-auto w-full max-w-6xl px-2 sm:px-4"[31m
          [36m>[31m
            [36m<div[31m
              [33mclass[31m=[32m"w-full aspect-[3/2] max-w-4xl mx-auto relative overflow-hidden"[31m
            [36m>[31m
              [36m<div[31m
                [33mdata-testid[31m=[32m"interactive-map"[31m
              [36m>[31m
                [0mMap[0m
              [36m</div>[31m
            [36m</div>[31m
          [36m</div>[31m
        [36m</div>[31m
      [36m</div>[31m
    [36m</div>[31m
  [36m</div>[31m
[36m</body>[31m[39m
[90m [2mΓ¥»[22m Object.getElementError node_modules/@testing-library/dom/dist/config.js:[2m37:19[22m[39m
[90m [2mΓ¥»[22m node_modules/@testing-library/dom/dist/query-helpers.js:[2m76:38[22m[39m
[90m [2mΓ¥»[22m node_modules/@testing-library/dom/dist/query-helpers.js:[2m52:17[22m[39m
[90m [2mΓ¥»[22m node_modules/@testing-library/dom/dist/query-helpers.js:[2m95:19[22m[39m
[36m [2mΓ¥»[22m src/pages/__tests__/HomePage.test.tsx:[2m93:23[22m[39m
    [90m 91| [39m    [34mit[39m([32m'renders the Open Gym Map button'[39m[33m,[39m () [33m=>[39m {
    [90m 92| [39m        [34mrender[39m([33m<[39m[33mHomePage[39m [33m/[39m[33m>[39m)[33m;[39m
    [90m 93| [39m        [34mexpect[39m(screen[33m.[39m[34mgetByText[39m([32m'Open Gym 
Map'[39m))[33m.[39m[34mtoBeTruthy[39m()[33m;[39m
    [90m   | [39m                      [31m^[39m
    [90m 94| [39m    })[33m;[39m
    [90m 95| [39m

[31m[2mΓÄ»ΓÄ»ΓÄ»ΓÄ»ΓÄ»ΓÄ»ΓÄ»ΓÄ»ΓÄ»ΓÄ»ΓÄ»ΓÄ»ΓÄ»ΓÄ»ΓÄ»ΓÄ»ΓÄ»ΓÄ»ΓÄ»ΓÄ»ΓÄ»[39/112]ΓÄ»[22m[39m

[41m[1m FAIL [22m[49m src/pages/__tests__/HomePage.test.tsx[2m > [22mHomePage[2m > [22mnavigates to /map when 
button is clicked
[31m[1mTestingLibraryElementError[22m: Unable to find an element with the text: Open Gym Map. This could be because 
the text is broken up by multiple elements. In this case, you can provide a function for your text matcher to make 
your matcher more flexible.

Ignored nodes: comments, script, style
[36m<body>[31m
  [36m<div>[31m
    [36m<div[31m
      [33mclass[31m=[32m"min-h-screen text-text-primary transition-colors duration-300 select-none"[31m
      [33mstyle[31m=[32m"cursor: url(data:image/svg+xml,%3csvg%20xmlns='http://www.w3.org/2000/svg'%20width='48'%20h
eight='48'%20viewBox='0%200%2024%2024'%3e%3cpath%20fill='%23FFF'%20stroke='%23000'%20stroke-width='2'%20d='M5.5%203.21V
20.8c0%20.45.54.67.85.35l4.86-4.86a.5.5%200%200%201%20.35-.15h6.87a.5.5%200%200%200%20.35-.85L6.35%202.85a.5.5%200%200%
200-.85.35Z'%3e%3c/path%3e%3c/svg%3e) 12 12, auto;"[31m
    [36m>[31m
      [36m<div[31m
        [33mdata-testid[31m=[32m"header"[31m
      [36m>[31m
        [0mHeader[0m
      [36m</div>[31m
      [36m<div[31m
        [33mclass[31m=[32m"absolute w-full h-full top-0 left-0 overflow-hidden -z-10"[31m
      [36m>[31m
        [36m<div[31m
          [33mdata-testid[31m=[32m"silk"[31m
        [36m>[31m
          [0mSilk[0m
        [36m</div>[31m
        [36m<div[31m
          [33mclass[31m=[32m"absolute inset-0 bg-bg-primary opacity-40"[31m
        [36m/>[31m
      [36m</div>[31m
      [36m<div[31m
        [33mclass[31m=[32m"relative flex flex-col lg:flex-row items-center justify-center min-h-screen w-full px-4 
sm:px-6 pt-20 pb-10 lg:pt-14 lg:pb-0 gap-8 lg:gap-0"[31m
      [36m>[31m
        [36m<div[31m
          [33mclass[31m=[32m"max-w-4xl mx-auto text-center"[31m
        [36m>[31m
          [36m<div[31m
            [33manimate[31m=[32m"[object Object]"[31m
            [33minitial[31m=[32m"[object Object]"[31m
            [33mtransition[31m=[32m"[object Object]"[31m
          [36m>[31m
            [36m<h1[31m
              [33mclass[31m=[32m"text-4xl sm:text-5xl md:text-6xl font-bold mb-4"[31m
            [36m>[31m
              [0mGYAT[0m
            [36m</h1>[31m
            [36m<p[31m
              [33mclass[31m=[32m"text-lg sm:text-xl md:text-2xl text-text-primary font-medium mb-2"[31m
            [36m>[31m
              [0mThe Gym App & Tracker[0m
            [36m</p>[31m
            [36m<p[31m
              [33mclass[31m=[32m"text-sm sm:text-base text-text-primary max-w-xl mx-auto mt-4"[31m
            [36m>[31m
              [0mNavigate your gym smarter. Find equipment, track availability, and optimise your workout 
experience.[0m
            [36m</p>[31m
          [36m</div>[31m
          [36m<div[31m
            [33manimate[31m=[32m"[object Object]"[31m
            [33mclass[31m=[32m"mt-8 sm:mt-10"[31m
            [33minitial[31m=[32m"[object Object]"[31m
            [33mtransition[31m=[32m"[object Object]"[31m
          [36m>[31m
            [36m<button[31m
              [33mclass[31m=[32m"px-6 sm:px-8 py-3 sm:py-4 bg-accent-primary text-white font-semibold rounded-xl 
hover:bg-accent-hover transition-colors duration-200 shadow-lg hover:shadow-xl text-sm sm:text-base"[31m
            [36m>[31m
              [0mSearch for a gym[0m
            [36m</button>[31m
          [36m</div>[31m
        [36m</div>[31m
        [36m<div[31m
          [33mclass[31m=[32m"px-2 sm:px-6 w-full lg:w-auto"[31m
        [36m>[31m
          [36m<div[31m
            [33mclass[31m=[32m"mx-auto w-full max-w-6xl px-2 sm:px-4"[31m
          [36m>[31m
            [36m<div[31m
              [33mclass[31m=[32m"w-full aspect-[3/2] max-w-4xl mx-auto relative overflow-hidden"[31m
            [36m>[31m
              [36m<div[31m
                [33mdata-testid[31m=[32m"interactive-map"[31m
              [36m>[31m
                [0mMap[0m
              [36m</div>[31m
            [36m</div>[31m
          [36m</div>[31m
        [36m</div>[31m
      [36m</div>[31m
    [36m</div>[31m
  [36m</div>[31m
[36m</body>[31m[39m
[90m [2mΓ¥»[22m Object.getElementError node_modules/@testing-library/dom/dist/config.js:[2m37:19[22m[39m
[90m [2mΓ¥»[22m node_modules/@testing-library/dom/dist/query-helpers.js:[2m76:38[22m[39m
[90m [2mΓ¥»[22m node_modules/@testing-library/dom/dist/query-helpers.js:[2m52:17[22m[39m
[90m [2mΓ¥»[22m node_modules/@testing-library/dom/dist/query-helpers.js:[2m95:19[22m[39m
[36m [2mΓ¥»[22m src/pages/__tests__/HomePage.test.tsx:[2m98:16[22m[39m
    [90m 96| [39m    [34mit[39m([32m'navigates to /map when button is clicked'[39m[33m,[39m () [33m=>[39m {
    [90m 97| [39m        [34mrender[39m([33m<[39m[33mHomePage[39m [33m/[39m[33m>[39m)[33m;[39m
    [90m 98| [39m        screen[33m.[39m[34mgetByText[39m([32m'Open Gym 
Map'[39m)[33m.[39m[34mclick[39m()[33m;[39m
    [90m   | [39m               [31m^[39m
    [90m 99| [39m        
[34mexpect[39m(mockNavigate)[33m.[39m[34mtoHaveBeenCalledWith[39m([32m'/map'[39m)[33m;[39m
    [90m100| [39m    })[33m;[39m

[31m[2mΓÄ»ΓÄ»ΓÄ»ΓÄ»ΓÄ»ΓÄ»ΓÄ»ΓÄ»ΓÄ»ΓÄ»ΓÄ»ΓÄ»ΓÄ»ΓÄ»ΓÄ»ΓÄ»ΓÄ»ΓÄ»ΓÄ»ΓÄ»ΓÄ»[40/112]ΓÄ»[22m[39m

[41m[1m FAIL [22m[49m src/pages/__tests__/MapPage.test.tsx[2m > [22mMapPage[2m > [22mrenders header after 
loading
[31m[1mTestingLibraryElementError[22m: Unable to find an element by: [data-testid="header"]

Ignored nodes: comments, script, style
[36m<body>[31m
  [36m<div />[31m
[36m</body>[31m

Ignored nodes: comments, script, style
[36m<html>[31m
  [36m<head />[31m
  [36m<body>[31m
    [36m<div />[31m
  [36m</body>[31m
[36m</html>[31m[39m
[90m [2mΓ¥»[22m Proxy.waitForWrapper node_modules/@testing-library/dom/dist/wait-for.js:[2m163:27[22m[39m
[36m [2mΓ¥»[22m src/pages/__tests__/MapPage.test.tsx:[2m130:15[22m[39m
    [90m128| [39m    [34mit[39m([32m'renders header after loading'[39m[33m,[39m [35masync[39m () 
[33m=>[39m {
    [90m129| [39m        [34mrender[39m([33m<[39m[33mMapPage[39m [33m/[39m[33m>[39m)[33m;[39m
    [90m130| [39m        [35mawait[39m [34mwaitFor[39m(() [33m=>[39m {
    [90m   | [39m              [31m^[39m
    [90m131| [39m            [34mexpect[39m(screen[33m.[39m[34mgetByTestId[39m([32m'header'[39m))[33m.[39m
[34mtoBeTruthy[39m()[33m;[39m
    [90m132| [39m        })[33m;[39m

[31m[2mΓÄ»ΓÄ»ΓÄ»ΓÄ»ΓÄ»ΓÄ»ΓÄ»ΓÄ»ΓÄ»ΓÄ»ΓÄ»ΓÄ»ΓÄ»ΓÄ»ΓÄ»ΓÄ»ΓÄ»ΓÄ»ΓÄ»ΓÄ»ΓÄ»[41/112]ΓÄ»[22m[39m

[41m[1m FAIL [22m[49m src/pages/__tests__/MapPage.test.tsx[2m > [22mMapPage[2m > [22mrenders the interactive 
map
[31m[1mTestingLibraryElementError[22m: Unable to find an element by: [data-testid="interactive-map"]

Ignored nodes: comments, script, style
[36m<body>[31m
  [36m<div />[31m
[36m</body>[31m

Ignored nodes: comments, script, style
[36m<html>[31m
  [36m<head />[31m
  [36m<body>[31m
    [36m<div />[31m
  [36m</body>[31m
[36m</html>[31m[39m
[90m [2mΓ¥»[22m Proxy.waitForWrapper node_modules/@testing-library/dom/dist/wait-for.js:[2m163:27[22m[39m
[36m [2mΓ¥»[22m src/pages/__tests__/MapPage.test.tsx:[2m137:15[22m[39m
    [90m135| [39m    [34mit[39m([32m'renders the interactive map'[39m[33m,[39m [35masync[39m () [33m=>[39m 
{
    [90m136| [39m        [34mrender[39m([33m<[39m[33mMapPage[39m [33m/[39m[33m>[39m)[33m;[39m
    [90m137| [39m        [35mawait[39m [34mwaitFor[39m(() [33m=>[39m {
    [90m   | [39m              [31m^[39m
    [90m138| [39m            [34mexpect[39m(screen[33m.[39m[34mgetByTestId[39m([32m'interactive-map'[39m))[3
3m.[39m[34mtoBeTruthy[39m()[33m;[39m
    [90m139| [39m        })[33m;[39m

[31m[2mΓÄ»ΓÄ»ΓÄ»ΓÄ»ΓÄ»ΓÄ»ΓÄ»ΓÄ»ΓÄ»ΓÄ»ΓÄ»ΓÄ»ΓÄ»ΓÄ»ΓÄ»ΓÄ»ΓÄ»ΓÄ»ΓÄ»ΓÄ»ΓÄ»[42/112]ΓÄ»[22m[39m

[41m[1m FAIL [22m[49m src/pages/__tests__/MapPage.test.tsx[2m > [22mMapPage[2m > [22mrenders the search bar
[31m[1mTestingLibraryElementError[22m: Unable to find an element by: [data-testid="search-bar"]

Ignored nodes: comments, script, style
[36m<body>[31m
  [36m<div />[31m
[36m</body>[31m

Ignored nodes: comments, script, style
[36m<html>[31m
  [36m<head />[31m
  [36m<body>[31m
    [36m<div />[31m
  [36m</body>[31m
[36m</html>[31m[39m
[90m [2mΓ¥»[22m Proxy.waitForWrapper node_modules/@testing-library/dom/dist/wait-for.js:[2m163:27[22m[39m
[36m [2mΓ¥»[22m src/pages/__tests__/MapPage.test.tsx:[2m144:15[22m[39m
    [90m142| [39m    [34mit[39m([32m'renders the search bar'[39m[33m,[39m [35masync[39m () [33m=>[39m {
    [90m143| [39m        [34mrender[39m([33m<[39m[33mMapPage[39m [33m/[39m[33m>[39m)[33m;[39m
    [90m144| [39m        [35mawait[39m [34mwaitFor[39m(() [33m=>[39m {
    [90m   | [39m              [31m^[39m
    [90m145| [39m            [34mexpect[39m(screen[33m.[39m[34mgetByTestId[39m([32m'search-bar'[39m))[33m.[
39m[34mtoBeTruthy[39m()[33m;[39m
    [90m146| [39m        })[33m;[39m

[31m[2mΓÄ»ΓÄ»ΓÄ»ΓÄ»ΓÄ»ΓÄ»ΓÄ»ΓÄ»ΓÄ»ΓÄ»ΓÄ»ΓÄ»ΓÄ»ΓÄ»ΓÄ»ΓÄ»ΓÄ»ΓÄ»ΓÄ»ΓÄ»ΓÄ»[43/112]ΓÄ»[22m[39m

[41m[1m FAIL [22m[49m src/pages/__tests__/MapPage.test.tsx[2m > [22mMapPage[2m > [22mrenders floor navigation 
buttons
[31m[1mTestingLibraryElementError[22m: Unable to find a label with the text of: Previous floor

Ignored nodes: comments, script, style
[36m<body>[31m
  [36m<div />[31m
[36m</body>[31m

Ignored nodes: comments, script, style
[36m<html>[31m
  [36m<head />[31m
  [36m<body>[31m
    [36m<div />[31m
  [36m</body>[31m
[36m</html>[31m[39m
[90m [2mΓ¥»[22m Proxy.waitForWrapper node_modules/@testing-library/dom/dist/wait-for.js:[2m163:27[22m[39m
[36m [2mΓ¥»[22m src/pages/__tests__/MapPage.test.tsx:[2m151:15[22m[39m
    [90m149| [39m    [34mit[39m([32m'renders floor navigation buttons'[39m[33m,[39m [35masync[39m () 
[33m=>[39m {
    [90m150| [39m        [34mrender[39m([33m<[39m[33mMapPage[39m [33m/[39m[33m>[39m)[33m;[39m
    [90m151| [39m        [35mawait[39m [34mwaitFor[39m(() [33m=>[39m {
    [90m   | [39m              [31m^[39m
    [90m152| [39m            expect(screen.getByLabelText('Previous floor')).toBeTruthyΓÇª
    [90m153| [39m            [34mexpect[39m(screen[33m.[39m[34mgetByLabelText[39m([32m'Next 
floor'[39m))[33m.[39m[34mtoBeTruthy[39m()[33m;[39m

[31m[2mΓÄ»ΓÄ»ΓÄ»ΓÄ»ΓÄ»ΓÄ»ΓÄ»ΓÄ»ΓÄ»ΓÄ»ΓÄ»ΓÄ»ΓÄ»ΓÄ»ΓÄ»ΓÄ»ΓÄ»ΓÄ»ΓÄ»ΓÄ»ΓÄ»[44/112]ΓÄ»[22m[39m

[41m[1m FAIL [22m[49m src/pages/__tests__/MapPage.test.tsx[2m > [22mMapPage[2m > [22mshows edit map button for 
admin users
[31m[1mTestingLibraryElementError[22m: Unable to find an element with the text: Edit Map. This could be because the 
text is broken up by multiple elements. In this case, you can provide a function for your text matcher to make your 
matcher more flexible.

Ignored nodes: comments, script, style
[36m<body>[31m
  [36m<div />[31m
[36m</body>[31m

Ignored nodes: comments, script, style
[36m<html>[31m
  [36m<head />[31m
  [36m<body>[31m
    [36m<div />[31m
  [36m</body>[31m
[36m</html>[31m[39m
[90m [2mΓ¥»[22m Proxy.waitForWrapper node_modules/@testing-library/dom/dist/wait-for.js:[2m163:27[22m[39m
[36m [2mΓ¥»[22m src/pages/__tests__/MapPage.test.tsx:[2m159:15[22m[39m
    [90m157| [39m    [34mit[39m([32m'shows edit map button for admin users'[39m[33m,[39m [35masync[39m () 
[33m=>[39m {
    [90m158| [39m        [34mrender[39m([33m<[39m[33mMapPage[39m [33m/[39m[33m>[39m)[33m;[39m
    [90m159| [39m        [35mawait[39m [34mwaitFor[39m(() [33m=>[39m {
    [90m   | [39m              [31m^[39m
    [90m160| [39m            [34mexpect[39m(screen[33m.[39m[34mgetByText[39m([32m'Edit 
Map'[39m))[33m.[39m[34mtoBeTruthy[39m()[33m;[39m
    [90m161| [39m        })[33m;[39m

[31m[2mΓÄ»ΓÄ»ΓÄ»ΓÄ»ΓÄ»ΓÄ»ΓÄ»ΓÄ»ΓÄ»ΓÄ»ΓÄ»ΓÄ»ΓÄ»ΓÄ»ΓÄ»ΓÄ»ΓÄ»ΓÄ»ΓÄ»ΓÄ»ΓÄ»[45/112]ΓÄ»[22m[39m

[41m[1m FAIL [22m[49m src/pages/__tests__/MapPage.test.tsx[2m > [22mMapPage[2m > [22mnavigates to edit page 
when edit button is clicked
[31m[1mTestingLibraryElementError[22m: Unable to find an element with the text: Edit Map. This could be because the 
text is broken up by multiple elements. In this case, you can provide a function for your text matcher to make your 
matcher more flexible.

Ignored nodes: comments, script, style
[36m<body>[31m
  [36m<div />[31m
[36m</body>[31m

Ignored nodes: comments, script, style
[36m<html>[31m
  [36m<head />[31m
  [36m<body>[31m
    [36m<div />[31m
  [36m</body>[31m
[36m</html>[31m[39m
[90m [2mΓ¥»[22m Proxy.waitForWrapper node_modules/@testing-library/dom/dist/wait-for.js:[2m163:27[22m[39m
[36m [2mΓ¥»[22m src/pages/__tests__/MapPage.test.tsx:[2m166:15[22m[39m
    [90m164| [39m    it('navigates to edit page when edit button is clicked', async () ΓÇª
    [90m165| [39m        [34mrender[39m([33m<[39m[33mMapPage[39m [33m/[39m[33m>[39m)[33m;[39m
    [90m166| [39m        [35mawait[39m [34mwaitFor[39m(() [33m=>[39m {
    [90m   | [39m              [31m^[39m
    [90m167| [39m            [34mexpect[39m(screen[33m.[39m[34mgetByText[39m([32m'Edit 
Map'[39m))[33m.[39m[34mtoBeTruthy[39m()[33m;[39m
    [90m168| [39m        })[33m;[39m

[31m[2mΓÄ»ΓÄ»ΓÄ»ΓÄ»ΓÄ»ΓÄ»ΓÄ»ΓÄ»ΓÄ»ΓÄ»ΓÄ»ΓÄ»ΓÄ»ΓÄ»ΓÄ»ΓÄ»ΓÄ»ΓÄ»ΓÄ»ΓÄ»ΓÄ»[46/112]ΓÄ»[22m[39m

[41m[1m FAIL [22m[49m src/pages/__tests__/MapPage.test.tsx[2m > [22mMapPage[2m > [22mdisplays floor name
[31m[1mTestingLibraryElementError[22m: Unable to find an element with the text: Ground. This could be because the 
text is broken up by multiple elements. In this case, you can provide a function for your text matcher to make your 
matcher more flexible.

Ignored nodes: comments, script, style
[36m<body>[31m
  [36m<div />[31m
[36m</body>[31m

Ignored nodes: comments, script, style
[36m<html>[31m
  [36m<head />[31m
  [36m<body>[31m
    [36m<div />[31m
  [36m</body>[31m
[36m</html>[31m[39m
[90m [2mΓ¥»[22m Proxy.waitForWrapper node_modules/@testing-library/dom/dist/wait-for.js:[2m163:27[22m[39m
[36m [2mΓ¥»[22m src/pages/__tests__/MapPage.test.tsx:[2m175:15[22m[39m
    [90m173| [39m    [34mit[39m([32m'displays floor name'[39m[33m,[39m [35masync[39m () [33m=>[39m {
    [90m174| [39m        [34mrender[39m([33m<[39m[33mMapPage[39m [33m/[39m[33m>[39m)[33m;[39m
    [90m175| [39m        [35mawait[39m [34mwaitFor[39m(() [33m=>[39m {
    [90m   | [39m              [31m^[39m
    [90m176| [39m            
[34mexpect[39m(screen[33m.[39m[34mgetByText[39m([32m'Ground'[39m))[33m.[39m[34mtoBeTruthy[39m()[33m;[39m
    [90m177| [39m        })[33m;[39m

[31m[2mΓÄ»ΓÄ»ΓÄ»ΓÄ»ΓÄ»ΓÄ»ΓÄ»ΓÄ»ΓÄ»ΓÄ»ΓÄ»ΓÄ»ΓÄ»ΓÄ»ΓÄ»ΓÄ»ΓÄ»ΓÄ»ΓÄ»ΓÄ»ΓÄ»[47/112]ΓÄ»[22m[39m

[41m[1m FAIL [22m[49m src/pages/__tests__/MapPage.test.tsx[2m > [22mMapPage[2m > [22mcan navigate between 
floors
[31m[1mTestingLibraryElementError[22m: Unable to find an element with the text: Ground. This could be because the 
text is broken up by multiple elements. In this case, you can provide a function for your text matcher to make your 
matcher more flexible.

Ignored nodes: comments, script, style
[36m<body>[31m
  [36m<div />[31m
[36m</body>[31m

Ignored nodes: comments, script, style
[36m<html>[31m
  [36m<head />[31m
  [36m<body>[31m
    [36m<div />[31m
  [36m</body>[31m
[36m</html>[31m[39m
[90m [2mΓ¥»[22m Proxy.waitForWrapper node_modules/@testing-library/dom/dist/wait-for.js:[2m163:27[22m[39m
[36m [2mΓ¥»[22m src/pages/__tests__/MapPage.test.tsx:[2m182:15[22m[39m
    [90m180| [39m    [34mit[39m([32m'can navigate between floors'[39m[33m,[39m [35masync[39m () [33m=>[39m 
{
    [90m181| [39m        [34mrender[39m([33m<[39m[33mMapPage[39m [33m/[39m[33m>[39m)[33m;[39m
    [90m182| [39m        [35mawait[39m [34mwaitFor[39m(() [33m=>[39m {
    [90m   | [39m              [31m^[39m
    [90m183| [39m            
[34mexpect[39m(screen[33m.[39m[34mgetByText[39m([32m'Ground'[39m))[33m.[39m[34mtoBeTruthy[39m()[33m;[39m
    [90m184| [39m        })[33m;[39m

[31m[2mΓÄ»ΓÄ»ΓÄ»ΓÄ»ΓÄ»ΓÄ»ΓÄ»ΓÄ»ΓÄ»ΓÄ»ΓÄ»ΓÄ»ΓÄ»ΓÄ»ΓÄ»ΓÄ»ΓÄ»ΓÄ»ΓÄ»ΓÄ»ΓÄ»[48/112]ΓÄ»[22m[39m

[41m[1m FAIL [22m[49m src/pages/__tests__/MapPage.test.tsx[2m > [22mMapPage[2m > [22mdisables previous floor 
button on first floor
[31m[1mTestingLibraryElementError[22m: Unable to find a label with the text of: Previous floor

Ignored nodes: comments, script, style
[36m<body>[31m
  [36m<div />[31m
[36m</body>[31m

Ignored nodes: comments, script, style
[36m<html>[31m
  [36m<head />[31m
  [36m<body>[31m
    [36m<div />[31m
  [36m</body>[31m
[36m</html>[31m[39m
[90m [2mΓ¥»[22m Proxy.waitForWrapper node_modules/@testing-library/dom/dist/wait-for.js:[2m163:27[22m[39m
[36m [2mΓ¥»[22m src/pages/__tests__/MapPage.test.tsx:[2m193:15[22m[39m
    [90m191| [39m    [34mit[39m([32m'disables previous floor button on first floor'[39m[33m,[39m 
[35masync[39m () [33m=>[39m {
    [90m192| [39m        [34mrender[39m([33m<[39m[33mMapPage[39m [33m/[39m[33m>[39m)[33m;[39m
    [90m193| [39m        [35mawait[39m [34mwaitFor[39m(() [33m=>[39m {
    [90m   | [39m              [31m^[39m
    [90m194| [39m            expect(screen.getByLabelText('Previous floor')).toBeTruthyΓÇª
    [90m195| [39m        })[33m;[39m

[31m[2mΓÄ»ΓÄ»ΓÄ»ΓÄ»ΓÄ»ΓÄ»ΓÄ»ΓÄ»ΓÄ»ΓÄ»ΓÄ»ΓÄ»ΓÄ»ΓÄ»ΓÄ»ΓÄ»ΓÄ»ΓÄ»ΓÄ»ΓÄ»ΓÄ»[49/112]ΓÄ»[22m[39m

[41m[1m FAIL [22m[49m src/pages/__tests__/MapPage.test.tsx[2m > [22mMapPage[2m > [22mdisables next floor 
button on last floor
[31m[1mTestingLibraryElementError[22m: Unable to find an element with the text: Ground. This could be because the 
text is broken up by multiple elements. In this case, you can provide a function for your text matcher to make your 
matcher more flexible.

Ignored nodes: comments, script, style
[36m<body>[31m
  [36m<div />[31m
[36m</body>[31m

Ignored nodes: comments, script, style
[36m<html>[31m
  [36m<head />[31m
  [36m<body>[31m
    [36m<div />[31m
  [36m</body>[31m
[36m</html>[31m[39m
[90m [2mΓ¥»[22m Proxy.waitForWrapper node_modules/@testing-library/dom/dist/wait-for.js:[2m163:27[22m[39m
[36m [2mΓ¥»[22m src/pages/__tests__/MapPage.test.tsx:[2m203:15[22m[39m
    [90m201| [39m    [34mit[39m([32m'disables next floor button on last floor'[39m[33m,[39m [35masync[39m () 
[33m=>[39m {
    [90m202| [39m        [34mrender[39m([33m<[39m[33mMapPage[39m [33m/[39m[33m>[39m)[33m;[39m
    [90m203| [39m        [35mawait[39m [34mwaitFor[39m(() [33m=>[39m {
    [90m   | [39m              [31m^[39m
    [90m204| [39m            
[34mexpect[39m(screen[33m.[39m[34mgetByText[39m([32m'Ground'[39m))[33m.[39m[34mtoBeTruthy[39m()[33m;[39m
    [90m205| [39m        })[33m;[39m

[31m[2mΓÄ»ΓÄ»ΓÄ»ΓÄ»ΓÄ»ΓÄ»ΓÄ»ΓÄ»ΓÄ»ΓÄ»ΓÄ»ΓÄ»ΓÄ»ΓÄ»ΓÄ»ΓÄ»ΓÄ»ΓÄ»ΓÄ»ΓÄ»ΓÄ»[50/112]ΓÄ»[22m[39m

[41m[1m FAIL [22m[49m src/pages/__tests__/MapPage.test.tsx[2m > [22mMapPage[2m > [22mhandles search result 
selection
[31m[1mTestingLibraryElementError[22m: Unable to find an element by: [data-testid="search-bar"]

Ignored nodes: comments, script, style
[36m<body>[31m
  [36m<div />[31m
[36m</body>[31m

Ignored nodes: comments, script, style
[36m<html>[31m
  [36m<head />[31m
  [36m<body>[31m
    [36m<div />[31m
  [36m</body>[31m
[36m</html>[31m[39m
[90m [2mΓ¥»[22m Proxy.waitForWrapper node_modules/@testing-library/dom/dist/wait-for.js:[2m163:27[22m[39m
[36m [2mΓ¥»[22m src/pages/__tests__/MapPage.test.tsx:[2m216:15[22m[39m
    [90m214| [39m    [34mit[39m([32m'handles search result selection'[39m[33m,[39m [35masync[39m () 
[33m=>[39m {
    [90m215| [39m        [34mrender[39m([33m<[39m[33mMapPage[39m [33m/[39m[33m>[39m)[33m;[39m
    [90m216| [39m        [35mawait[39m [34mwaitFor[39m(() [33m=>[39m {
    [90m   | [39m              [31m^[39m
    [90m217| [39m            [34mexpect[39m(screen[33m.[39m[34mgetByTestId[39m([32m'search-bar'[39m))[33m.[
39m[34mtoBeTruthy[39m()[33m;[39m
    [90m218| [39m        })[33m;[39m

[31m[2mΓÄ»ΓÄ»ΓÄ»ΓÄ»ΓÄ»ΓÄ»ΓÄ»ΓÄ»ΓÄ»ΓÄ»ΓÄ»ΓÄ»ΓÄ»ΓÄ»ΓÄ»ΓÄ»ΓÄ»ΓÄ»ΓÄ»ΓÄ»ΓÄ»[51/112]ΓÄ»[22m[39m

[41m[1m FAIL [22m[49m src/pages/__tests__/MapPage.test.tsx[2m > [22mMapPage[2m > [22mcan navigate back after 
going to second floor
[31m[1mTestingLibraryElementError[22m: Unable to find an element with the text: Ground. This could be because the 
text is broken up by multiple elements. In this case, you can provide a function for your text matcher to make your 
matcher more flexible.

Ignored nodes: comments, script, style
[36m<body>[31m
  [36m<div />[31m
[36m</body>[31m

Ignored nodes: comments, script, style
[36m<html>[31m
  [36m<head />[31m
  [36m<body>[31m
    [36m<div />[31m
  [36m</body>[31m
[36m</html>[31m[39m
[90m [2mΓ¥»[22m Proxy.waitForWrapper node_modules/@testing-library/dom/dist/wait-for.js:[2m163:27[22m[39m
[36m [2mΓ¥»[22m src/pages/__tests__/MapPage.test.tsx:[2m226:15[22m[39m
    [90m224| [39m    [34mit[39m([32m'can navigate back after going to second floor'[39m[33m,[39m 
[35masync[39m () [33m=>[39m {
    [90m225| [39m        [34mrender[39m([33m<[39m[33mMapPage[39m [33m/[39m[33m>[39m)[33m;[39m
    [90m226| [39m        [35mawait[39m [34mwaitFor[39m(() [33m=>[39m {
    [90m   | [39m              [31m^[39m
    [90m227| [39m            
[34mexpect[39m(screen[33m.[39m[34mgetByText[39m([32m'Ground'[39m))[33m.[39m[34mtoBeTruthy[39m()[33m;[39m
    [90m228| [39m        })[33m;[39m

[31m[2mΓÄ»ΓÄ»ΓÄ»ΓÄ»ΓÄ»ΓÄ»ΓÄ»ΓÄ»ΓÄ»ΓÄ»ΓÄ»ΓÄ»ΓÄ»ΓÄ»ΓÄ»ΓÄ»ΓÄ»ΓÄ»ΓÄ»ΓÄ»ΓÄ»[52/112]ΓÄ»[22m[39m

[41m[1m FAIL [22m[49m src/pages/__tests__/ProfilePage.test.tsx[2m > [22mProfilePage[2m > [22mrenders the header
[41m[1m FAIL [22m[49m src/pages/__tests__/ProfilePage.test.tsx[2m > [22mProfilePage[2m > [22mrenders the 
logout button when logged in
[41m[1m FAIL [22m[49m src/pages/__tests__/ProfilePage.test.tsx[2m > [22mProfilePage[2m > [22mredirects to 
/login when not logged in
[31m[1mError[22m: Element type is invalid: expected a string (for built-in components) or a class/function (for 
composite components) but got: undefined. You likely forgot to export your component from the file it's defined in, or 
you might have mixed up default and named imports.

Check the render method of `ProfilePage`.[39m
[90m [2mΓ¥»[22m createFiberFromTypeAndProps 
node_modules/react-dom/cjs/react-dom.development.js:[2m28478:17[22m[39m
[90m [2mΓ¥»[22m createFiberFromElement node_modules/react-dom/cjs/react-dom.development.js:[2m28504:15[22m[39m
[90m [2mΓ¥»[22m createChild node_modules/react-dom/cjs/react-dom.development.js:[2m13345:28[22m[39m
[90m [2mΓ¥»[22m reconcileChildrenArray node_modules/react-dom/cjs/react-dom.development.js:[2m13640:25[22m[39m
[90m [2mΓ¥»[22m reconcileChildFibers node_modules/react-dom/cjs/react-dom.development.js:[2m14057:16[22m[39m
[90m [2mΓ¥»[22m reconcileChildren node_modules/react-dom/cjs/react-dom.development.js:[2m19186:28[22m[39m
[90m [2mΓ¥»[22m updateHostComponent node_modules/react-dom/cjs/react-dom.development.js:[2m19953:3[22m[39m
[90m [2mΓ¥»[22m beginWork node_modules/react-dom/cjs/react-dom.development.js:[2m21657:14[22m[39m
[90m [2mΓ¥»[22m beginWork$1 node_modules/react-dom/cjs/react-dom.development.js:[2m27465:14[22m[39m
[90m [2mΓ¥»[22m performUnitOfWork node_modules/react-dom/cjs/react-dom.development.js:[2m26599:12[22m[39m

[31m[2mΓÄ»ΓÄ»ΓÄ»ΓÄ»ΓÄ»ΓÄ»ΓÄ»ΓÄ»ΓÄ»ΓÄ»ΓÄ»ΓÄ»ΓÄ»ΓÄ»ΓÄ»ΓÄ»ΓÄ»ΓÄ»ΓÄ»ΓÄ»ΓÄ»[53/112]ΓÄ»[22m[39m

[31mΓÄ»ΓÄ»ΓÄ»ΓÄ»ΓÄ»ΓÄ»[39m[1m[41m Unhandled Errors [49m[22m[31mΓÄ»ΓÄ»ΓÄ»ΓÄ»ΓÄ»ΓÄ»[39m
[31m[1m
Vitest caught 25 unhandled errors during the test run.
This might cause false positive tests. Resolve unhandled errors to make sure your tests are not affected.[22m[39m

[31mΓÄ»ΓÄ»ΓÄ»ΓÄ»ΓÄ»[39m[1m[41m Uncaught Exception [49m[22m[31mΓÄ»ΓÄ»ΓÄ»ΓÄ»ΓÄ»[39m
[31m[1mError[22m: Element type is invalid: expected a string (for built-in components) or a class/function (for 
composite components) but got: undefined. You likely forgot to export your component from the file it's defined in, or 
you might have mixed up default and named imports.

Check the render method of `MapPage`.[39m
[90m [2mΓ¥»[22m createFiberFromTypeAndProps 
node_modules/react-dom/cjs/react-dom.development.js:[2m28478:17[22m[39m
[90m [2mΓ¥»[22m createFiberFromElement node_modules/react-dom/cjs/react-dom.development.js:[2m28504:15[22m[39m
[90m [2mΓ¥»[22m reconcileSingleElement node_modules/react-dom/cjs/react-dom.development.js:[2m13986:23[22m[39m
[90m [2mΓ¥»[22m reconcileChildFibers node_modules/react-dom/cjs/react-dom.development.js:[2m14044:35[22m[39m
[90m [2mΓ¥»[22m reconcileChildren node_modules/react-dom/cjs/react-dom.development.js:[2m19186:28[22m[39m
[90m [2mΓ¥»[22m updateHostComponent node_modules/react-dom/cjs/react-dom.development.js:[2m19953:3[22m[39m
[90m [2mΓ¥»[22m beginWork node_modules/react-dom/cjs/react-dom.development.js:[2m21657:14[22m[39m
[90m [2mΓ¥»[22m beginWork$1 node_modules/react-dom/cjs/react-dom.development.js:[2m27465:14[22m[39m
[90m [2mΓ¥»[22m performUnitOfWork node_modules/react-dom/cjs/react-dom.development.js:[2m26599:12[22m[39m
[90m [2mΓ¥»[22m workLoopSync node_modules/react-dom/cjs/react-dom.development.js:[2m26505:5[22m[39m

[31mThis error originated in "[1msrc/pages/__tests__/MapPage.test.tsx[22m" test file. It doesn't mean the error was 
thrown inside the file itself, but while it was running.[39m
[31mThe latest test that might've caused the error is "[1mrenders header after loading[22m". It might mean one of 
the following:
- The error was thrown, while Vitest was running this test.
- If the error occurred after the test had been completed, this was the last documented test before it was thrown.[39m

[31mΓÄ»ΓÄ»ΓÄ»ΓÄ»ΓÄ»[39m[1m[41m Uncaught Exception [49m[22m[31mΓÄ»ΓÄ»ΓÄ»ΓÄ»ΓÄ»[39m
[31m[1mError[22m: Element type is invalid: expected a string (for built-in components) or a class/function (for 
composite components) but got: undefined. You likely forgot to export your component from the file it's defined in, or 
you might have mixed up default and named imports.

Check the render method of `EditMapPage`.[39m
[90m [2mΓ¥»[22m createFiberFromTypeAndProps 
node_modules/react-dom/cjs/react-dom.development.js:[2m28478:17[22m[39m
[90m [2mΓ¥»[22m createFiberFromElement node_modules/react-dom/cjs/react-dom.development.js:[2m28504:15[22m[39m
[90m [2mΓ¥»[22m reconcileSingleElement node_modules/react-dom/cjs/react-dom.development.js:[2m13986:23[22m[39m
[90m [2mΓ¥»[22m reconcileChildFibers node_modules/react-dom/cjs/react-dom.development.js:[2m14044:35[22m[39m
[90m [2mΓ¥»[22m reconcileChildren node_modules/react-dom/cjs/react-dom.development.js:[2m19186:28[22m[39m
[90m [2mΓ¥»[22m updateHostComponent node_modules/react-dom/cjs/react-dom.development.js:[2m19953:3[22m[39m
[90m [2mΓ¥»[22m beginWork node_modules/react-dom/cjs/react-dom.development.js:[2m21657:14[22m[39m
[90m [2mΓ¥»[22m beginWork$1 node_modules/react-dom/cjs/react-dom.development.js:[2m27465:14[22m[39m
[90m [2mΓ¥»[22m performUnitOfWork node_modules/react-dom/cjs/react-dom.development.js:[2m26599:12[22m[39m
[90m [2mΓ¥»[22m workLoopSync node_modules/react-dom/cjs/react-dom.development.js:[2m26505:5[22m[39m

[31mThis error originated in "[1msrc/pages/__tests__/EditMapPage.test.tsx[22m" test file. It doesn't mean the error 
was thrown inside the file itself, but while it was running.[39m
[31mThe latest test that might've caused the error is "[1mrenders header after loading[22m". It might mean one of 
the following:
- The error was thrown, while Vitest was running this test.
- If the error occurred after the test had been completed, this was the last documented test before it was thrown.[39m

[31mΓÄ»ΓÄ»ΓÄ»ΓÄ»ΓÄ»[39m[1m[41m Uncaught Exception [49m[22m[31mΓÄ»ΓÄ»ΓÄ»ΓÄ»ΓÄ»[39m
[31m[1mError[22m: Element type is invalid: expected a string (for built-in components) or a class/function (for 
composite components) but got: undefined. You likely forgot to export your component from the file it's defined in, or 
you might have mixed up default and named imports.

Check the render method of `MapPage`.[39m
[90m [2mΓ¥»[22m createFiberFromTypeAndProps 
node_modules/react-dom/cjs/react-dom.development.js:[2m28478:17[22m[39m
[90m [2mΓ¥»[22m createFiberFromElement node_modules/react-dom/cjs/react-dom.development.js:[2m28504:15[22m[39m
[90m [2mΓ¥»[22m reconcileSingleElement node_modules/react-dom/cjs/react-dom.development.js:[2m13986:23[22m[39m
[90m [2mΓ¥»[22m reconcileChildFibers node_modules/react-dom/cjs/react-dom.development.js:[2m14044:35[22m[39m
[90m [2mΓ¥»[22m reconcileChildren node_modules/react-dom/cjs/react-dom.development.js:[2m19186:28[22m[39m
[90m [2mΓ¥»[22m updateHostComponent node_modules/react-dom/cjs/react-dom.development.js:[2m19953:3[22m[39m
[90m [2mΓ¥»[22m beginWork node_modules/react-dom/cjs/react-dom.development.js:[2m21657:14[22m[39m
[90m [2mΓ¥»[22m beginWork$1 node_modules/react-dom/cjs/react-dom.development.js:[2m27465:14[22m[39m
[90m [2mΓ¥»[22m performUnitOfWork node_modules/react-dom/cjs/react-dom.development.js:[2m26599:12[22m[39m
[90m [2mΓ¥»[22m workLoopSync node_modules/react-dom/cjs/react-dom.development.js:[2m26505:5[22m[39m

[31mThis error originated in "[1msrc/pages/__tests__/MapPage.test.tsx[22m" test file. It doesn't mean the error was 
thrown inside the file itself, but while it was running.[39m
[31mThe latest test that might've caused the error is "[1mrenders the interactive map[22m". It might mean one of 
the following:
- The error was thrown, while Vitest was running this test.
- If the error occurred after the test had been completed, this was the last documented test before it was thrown.[39m

[31mΓÄ»ΓÄ»ΓÄ»ΓÄ»ΓÄ»[39m[1m[41m Uncaught Exception [49m[22m[31mΓÄ»ΓÄ»ΓÄ»ΓÄ»ΓÄ»[39m
[31m[1mError[22m: Element type is invalid: expected a string (for built-in components) or a class/function (for 
composite components) but got: undefined. You likely forgot to export your component from the file it's defined in, or 
you might have mixed up default and named imports.

Check the render method of `EditMapPage`.[39m
[90m [2mΓ¥»[22m createFiberFromTypeAndProps 
node_modules/react-dom/cjs/react-dom.development.js:[2m28478:17[22m[39m
[90m [2mΓ¥»[22m createFiberFromElement node_modules/react-dom/cjs/react-dom.development.js:[2m28504:15[22m[39m
[90m [2mΓ¥»[22m reconcileSingleElement node_modules/react-dom/cjs/react-dom.development.js:[2m13986:23[22m[39m
[90m [2mΓ¥»[22m reconcileChildFibers node_modules/react-dom/cjs/react-dom.development.js:[2m14044:35[22m[39m
[90m [2mΓ¥»[22m reconcileChildren node_modules/react-dom/cjs/react-dom.development.js:[2m19186:28[22m[39m
[90m [2mΓ¥»[22m updateHostComponent node_modules/react-dom/cjs/react-dom.development.js:[2m19953:3[22m[39m
[90m [2mΓ¥»[22m beginWork node_modules/react-dom/cjs/react-dom.development.js:[2m21657:14[22m[39m
[90m [2mΓ¥»[22m beginWork$1 node_modules/react-dom/cjs/react-dom.development.js:[2m27465:14[22m[39m
[90m [2mΓ¥»[22m performUnitOfWork node_modules/react-dom/cjs/react-dom.development.js:[2m26599:12[22m[39m
[90m [2mΓ¥»[22m workLoopSync node_modules/react-dom/cjs/react-dom.development.js:[2m26505:5[22m[39m

[31mThis error originated in "[1msrc/pages/__tests__/EditMapPage.test.tsx[22m" test file. It doesn't mean the error 
was thrown inside the file itself, but while it was running.[39m
[31mThe latest test that might've caused the error is "[1mrenders the interactive map in edit mode[22m". It might 
mean one of the following:
- The error was thrown, while Vitest was running this test.
- If the error occurred after the test had been completed, this was the last documented test before it was thrown.[39m

[31mΓÄ»ΓÄ»ΓÄ»ΓÄ»ΓÄ»[39m[1m[41m Uncaught Exception [49m[22m[31mΓÄ»ΓÄ»ΓÄ»ΓÄ»ΓÄ»[39m
[31m[1mError[22m: Element type is invalid: expected a string (for built-in components) or a class/function (for 
composite components) but got: undefined. You likely forgot to export your component from the file it's defined in, or 
you might have mixed up default and named imports.

Check the render method of `MapPage`.[39m
[90m [2mΓ¥»[22m createFiberFromTypeAndProps 
node_modules/react-dom/cjs/react-dom.development.js:[2m28478:17[22m[39m
[90m [2mΓ¥»[22m createFiberFromElement node_modules/react-dom/cjs/react-dom.development.js:[2m28504:15[22m[39m
[90m [2mΓ¥»[22m reconcileSingleElement node_modules/react-dom/cjs/react-dom.development.js:[2m13986:23[22m[39m
[90m [2mΓ¥»[22m reconcileChildFibers node_modules/react-dom/cjs/react-dom.development.js:[2m14044:35[22m[39m
[90m [2mΓ¥»[22m reconcileChildren node_modules/react-dom/cjs/react-dom.development.js:[2m19186:28[22m[39m
[90m [2mΓ¥»[22m updateHostComponent node_modules/react-dom/cjs/react-dom.development.js:[2m19953:3[22m[39m
[90m [2mΓ¥»[22m beginWork node_modules/react-dom/cjs/react-dom.development.js:[2m21657:14[22m[39m
[90m [2mΓ¥»[22m beginWork$1 node_modules/react-dom/cjs/react-dom.development.js:[2m27465:14[22m[39m
[90m [2mΓ¥»[22m performUnitOfWork node_modules/react-dom/cjs/react-dom.development.js:[2m26599:12[22m[39m
[90m [2mΓ¥»[22m workLoopSync node_modules/react-dom/cjs/react-dom.development.js:[2m26505:5[22m[39m

[31mThis error originated in "[1msrc/pages/__tests__/MapPage.test.tsx[22m" test file. It doesn't mean the error was 
thrown inside the file itself, but while it was running.[39m
[31mThe latest test that might've caused the error is "[1mrenders the search bar[22m". It might mean one of the 
following:
- The error was thrown, while Vitest was running this test.
- If the error occurred after the test had been completed, this was the last documented test before it was thrown.[39m

[31mΓÄ»ΓÄ»ΓÄ»ΓÄ»ΓÄ»[39m[1m[41m Uncaught Exception [49m[22m[31mΓÄ»ΓÄ»ΓÄ»ΓÄ»ΓÄ»[39m
[31m[1mError[22m: Element type is invalid: expected a string (for built-in components) or a class/function (for 
composite components) but got: undefined. You likely forgot to export your component from the file it's defined in, or 
you might have mixed up default and named imports.

Check the render method of `EditMapPage`.[39m
[90m [2mΓ¥»[22m createFiberFromTypeAndProps 
node_modules/react-dom/cjs/react-dom.development.js:[2m28478:17[22m[39m
[90m [2mΓ¥»[22m createFiberFromElement node_modules/react-dom/cjs/react-dom.development.js:[2m28504:15[22m[39m
[90m [2mΓ¥»[22m reconcileSingleElement node_modules/react-dom/cjs/react-dom.development.js:[2m13986:23[22m[39m
[90m [2mΓ¥»[22m reconcileChildFibers node_modules/react-dom/cjs/react-dom.development.js:[2m14044:35[22m[39m
[90m [2mΓ¥»[22m reconcileChildren node_modules/react-dom/cjs/react-dom.development.js:[2m19186:28[22m[39m
[90m [2mΓ¥»[22m updateHostComponent node_modules/react-dom/cjs/react-dom.development.js:[2m19953:3[22m[39m
[90m [2mΓ¥»[22m beginWork node_modules/react-dom/cjs/react-dom.development.js:[2m21657:14[22m[39m
[90m [2mΓ¥»[22m beginWork$1 node_modules/react-dom/cjs/react-dom.development.js:[2m27465:14[22m[39m
[90m [2mΓ¥»[22m performUnitOfWork node_modules/react-dom/cjs/react-dom.development.js:[2m26599:12[22m[39m
[90m [2mΓ¥»[22m workLoopSync node_modules/react-dom/cjs/react-dom.development.js:[2m26505:5[22m[39m

[31mThis error originated in "[1msrc/pages/__tests__/EditMapPage.test.tsx[22m" test file. It doesn't mean the error 
was thrown inside the file itself, but while it was running.[39m
[31mThe latest test that might've caused the error is "[1mshows Edit Mode label[22m". It might mean one of the 
following:
- The error was thrown, while Vitest was running this test.
- If the error occurred after the test had been completed, this was the last documented test before it was thrown.[39m

[31mΓÄ»ΓÄ»ΓÄ»ΓÄ»ΓÄ»[39m[1m[41m Uncaught Exception [49m[22m[31mΓÄ»ΓÄ»ΓÄ»ΓÄ»ΓÄ»[39m
[31m[1mError[22m: Element type is invalid: expected a string (for built-in components) or a class/function (for 
composite components) but got: undefined. You likely forgot to export your component from the file it's defined in, or 
you might have mixed up default and named imports.

Check the render method of `MapPage`.[39m
[90m [2mΓ¥»[22m createFiberFromTypeAndProps 
node_modules/react-dom/cjs/react-dom.development.js:[2m28478:17[22m[39m
[90m [2mΓ¥»[22m createFiberFromElement node_modules/react-dom/cjs/react-dom.development.js:[2m28504:15[22m[39m
[90m [2mΓ¥»[22m reconcileSingleElement node_modules/react-dom/cjs/react-dom.development.js:[2m13986:23[22m[39m
[90m [2mΓ¥»[22m reconcileChildFibers node_modules/react-dom/cjs/react-dom.development.js:[2m14044:35[22m[39m
[90m [2mΓ¥»[22m reconcileChildren node_modules/react-dom/cjs/react-dom.development.js:[2m19186:28[22m[39m
[90m [2mΓ¥»[22m updateHostComponent node_modules/react-dom/cjs/react-dom.development.js:[2m19953:3[22m[39m
[90m [2mΓ¥»[22m beginWork node_modules/react-dom/cjs/react-dom.development.js:[2m21657:14[22m[39m
[90m [2mΓ¥»[22m beginWork$1 node_modules/react-dom/cjs/react-dom.development.js:[2m27465:14[22m[39m
[90m [2mΓ¥»[22m performUnitOfWork node_modules/react-dom/cjs/react-dom.development.js:[2m26599:12[22m[39m
[90m [2mΓ¥»[22m workLoopSync node_modules/react-dom/cjs/react-dom.development.js:[2m26505:5[22m[39m

[31mThis error originated in "[1msrc/pages/__tests__/MapPage.test.tsx[22m" test file. It doesn't mean the error was 
thrown inside the file itself, but while it was running.[39m
[31mThe latest test that might've caused the error is "[1mrenders floor navigation buttons[22m". It might mean one 
of the following:
- The error was thrown, while Vitest was running this test.
- If the error occurred after the test had been completed, this was the last documented test before it was thrown.[39m

[31mΓÄ»ΓÄ»ΓÄ»ΓÄ»ΓÄ»[39m[1m[41m Uncaught Exception [49m[22m[31mΓÄ»ΓÄ»ΓÄ»ΓÄ»ΓÄ»[39m
[31m[1mError[22m: Element type is invalid: expected a string (for built-in components) or a class/function (for 
composite components) but got: undefined. You likely forgot to export your component from the file it's defined in, or 
you might have mixed up default and named imports.

Check the render method of `EditMapPage`.[39m
[90m [2mΓ¥»[22m createFiberFromTypeAndProps 
node_modules/react-dom/cjs/react-dom.development.js:[2m28478:17[22m[39m
[90m [2mΓ¥»[22m createFiberFromElement node_modules/react-dom/cjs/react-dom.development.js:[2m28504:15[22m[39m
[90m [2mΓ¥»[22m reconcileSingleElement node_modules/react-dom/cjs/react-dom.development.js:[2m13986:23[22m[39m
[90m [2mΓ¥»[22m reconcileChildFibers node_modules/react-dom/cjs/react-dom.development.js:[2m14044:35[22m[39m
[90m [2mΓ¥»[22m reconcileChildren node_modules/react-dom/cjs/react-dom.development.js:[2m19186:28[22m[39m
[90m [2mΓ¥»[22m updateHostComponent node_modules/react-dom/cjs/react-dom.development.js:[2m19953:3[22m[39m
[90m [2mΓ¥»[22m beginWork node_modules/react-dom/cjs/react-dom.development.js:[2m21657:14[22m[39m
[90m [2mΓ¥»[22m beginWork$1 node_modules/react-dom/cjs/react-dom.development.js:[2m27465:14[22m[39m
[90m [2mΓ¥»[22m performUnitOfWork node_modules/react-dom/cjs/react-dom.development.js:[2m26599:12[22m[39m
[90m [2mΓ¥»[22m workLoopSync node_modules/react-dom/cjs/react-dom.development.js:[2m26505:5[22m[39m

[31mThis error originated in "[1msrc/pages/__tests__/EditMapPage.test.tsx[22m" test file. It doesn't mean the error 
was thrown inside the file itself, but while it was running.[39m
[31mThe latest test that might've caused the error is "[1mhas back to view link[22m". It might mean one of the 
following:
- The error was thrown, while Vitest was running this test.
- If the error occurred after the test had been completed, this was the last documented test before it was thrown.[39m

[31mΓÄ»ΓÄ»ΓÄ»ΓÄ»ΓÄ»[39m[1m[41m Uncaught Exception [49m[22m[31mΓÄ»ΓÄ»ΓÄ»ΓÄ»ΓÄ»[39m
[31m[1mError[22m: Element type is invalid: expected a string (for built-in components) or a class/function (for 
composite components) but got: undefined. You likely forgot to export your component from the file it's defined in, or 
you might have mixed up default and named imports.

Check the render method of `MapPage`.[39m
[90m [2mΓ¥»[22m createFiberFromTypeAndProps 
node_modules/react-dom/cjs/react-dom.development.js:[2m28478:17[22m[39m
[90m [2mΓ¥»[22m createFiberFromElement node_modules/react-dom/cjs/react-dom.development.js:[2m28504:15[22m[39m
[90m [2mΓ¥»[22m reconcileSingleElement node_modules/react-dom/cjs/react-dom.development.js:[2m13986:23[22m[39m
[90m [2mΓ¥»[22m reconcileChildFibers node_modules/react-dom/cjs/react-dom.development.js:[2m14044:35[22m[39m
[90m [2mΓ¥»[22m reconcileChildren node_modules/react-dom/cjs/react-dom.development.js:[2m19186:28[22m[39m
[90m [2mΓ¥»[22m updateHostComponent node_modules/react-dom/cjs/react-dom.development.js:[2m19953:3[22m[39m
[90m [2mΓ¥»[22m beginWork node_modules/react-dom/cjs/react-dom.development.js:[2m21657:14[22m[39m
[90m [2mΓ¥»[22m beginWork$1 node_modules/react-dom/cjs/react-dom.development.js:[2m27465:14[22m[39m
[90m [2mΓ¥»[22m performUnitOfWork node_modules/react-dom/cjs/react-dom.development.js:[2m26599:12[22m[39m
[90m [2mΓ¥»[22m workLoopSync node_modules/react-dom/cjs/react-dom.development.js:[2m26505:5[22m[39m

[31mThis error originated in "[1msrc/pages/__tests__/MapPage.test.tsx[22m" test file. It doesn't mean the error was 
thrown inside the file itself, but while it was running.[39m
[31mThe latest test that might've caused the error is "[1mshows edit map button for admin users[22m". It might mean 
one of the following:
- The error was thrown, while Vitest was running this test.
- If the error occurred after the test had been completed, this was the last documented test before it was thrown.[39m

[31mΓÄ»ΓÄ»ΓÄ»ΓÄ»ΓÄ»[39m[1m[41m Uncaught Exception [49m[22m[31mΓÄ»ΓÄ»ΓÄ»ΓÄ»ΓÄ»[39m
[31m[1mError[22m: Element type is invalid: expected a string (for built-in components) or a class/function (for 
composite components) but got: undefined. You likely forgot to export your component from the file it's defined in, or 
you might have mixed up default and named imports.

Check the render method of `EditMapPage`.[39m
[90m [2mΓ¥»[22m createFiberFromTypeAndProps 
node_modules/react-dom/cjs/react-dom.development.js:[2m28478:17[22m[39m
[90m [2mΓ¥»[22m createFiberFromElement node_modules/react-dom/cjs/react-dom.development.js:[2m28504:15[22m[39m
[90m [2mΓ¥»[22m reconcileSingleElement node_modules/react-dom/cjs/react-dom.development.js:[2m13986:23[22m[39m
[90m [2mΓ¥»[22m reconcileChildFibers node_modules/react-dom/cjs/react-dom.development.js:[2m14044:35[22m[39m
[90m [2mΓ¥»[22m reconcileChildren node_modules/react-dom/cjs/react-dom.development.js:[2m19186:28[22m[39m
[90m [2mΓ¥»[22m updateHostComponent node_modules/react-dom/cjs/react-dom.development.js:[2m19953:3[22m[39m
[90m [2mΓ¥»[22m beginWork node_modules/react-dom/cjs/react-dom.development.js:[2m21657:14[22m[39m
[90m [2mΓ¥»[22m beginWork$1 node_modules/react-dom/cjs/react-dom.development.js:[2m27465:14[22m[39m
[90m [2mΓ¥»[22m performUnitOfWork node_modules/react-dom/cjs/react-dom.development.js:[2m26599:12[22m[39m
[90m [2mΓ¥»[22m workLoopSync node_modules/react-dom/cjs/react-dom.development.js:[2m26505:5[22m[39m

[31mThis error originated in "[1msrc/pages/__tests__/EditMapPage.test.tsx[22m" test file. It doesn't mean the error 
was thrown inside the file itself, but while it was running.[39m
[31mThe latest test that might've caused the error is "[1mnavigates to /map when back to view is clicked[22m". It 
might mean one of the following:
- The error was thrown, while Vitest was running this test.
- If the error occurred after the test had been completed, this was the last documented test before it was thrown.[39m

[31mΓÄ»ΓÄ»ΓÄ»ΓÄ»ΓÄ»[39m[1m[41m Uncaught Exception [49m[22m[31mΓÄ»ΓÄ»ΓÄ»ΓÄ»ΓÄ»[39m
[31m[1mError[22m: Element type is invalid: expected a string (for built-in components) or a class/function (for 
composite components) but got: undefined. You likely forgot to export your component from the file it's defined in, or 
you might have mixed up default and named imports.

Check the render method of `MapPage`.[39m
[90m [2mΓ¥»[22m createFiberFromTypeAndProps 
node_modules/react-dom/cjs/react-dom.development.js:[2m28478:17[22m[39m
[90m [2mΓ¥»[22m createFiberFromElement node_modules/react-dom/cjs/react-dom.development.js:[2m28504:15[22m[39m
[90m [2mΓ¥»[22m reconcileSingleElement node_modules/react-dom/cjs/react-dom.development.js:[2m13986:23[22m[39m
[90m [2mΓ¥»[22m reconcileChildFibers node_modules/react-dom/cjs/react-dom.development.js:[2m14044:35[22m[39m
[90m [2mΓ¥»[22m reconcileChildren node_modules/react-dom/cjs/react-dom.development.js:[2m19186:28[22m[39m
[90m [2mΓ¥»[22m updateHostComponent node_modules/react-dom/cjs/react-dom.development.js:[2m19953:3[22m[39m
[90m [2mΓ¥»[22m beginWork node_modules/react-dom/cjs/react-dom.development.js:[2m21657:14[22m[39m
[90m [2mΓ¥»[22m beginWork$1 node_modules/react-dom/cjs/react-dom.development.js:[2m27465:14[22m[39m
[90m [2mΓ¥»[22m performUnitOfWork node_modules/react-dom/cjs/react-dom.development.js:[2m26599:12[22m[39m
[90m [2mΓ¥»[22m workLoopSync node_modules/react-dom/cjs/react-dom.development.js:[2m26505:5[22m[39m

[31mThis error originated in "[1msrc/pages/__tests__/MapPage.test.tsx[22m" test file. It doesn't mean the error was 
thrown inside the file itself, but while it was running.[39m
[31mThe latest test that might've caused the error is "[1mnavigates to edit page when edit button is clicked[22m". 
It might mean one of the following:
- The error was thrown, while Vitest was running this test.
- If the error occurred after the test had been completed, this was the last documented test before it was thrown.[39m

[31mΓÄ»ΓÄ»ΓÄ»ΓÄ»ΓÄ»[39m[1m[41m Uncaught Exception [49m[22m[31mΓÄ»ΓÄ»ΓÄ»ΓÄ»ΓÄ»[39m
[31m[1mError[22m: Element type is invalid: expected a string (for built-in components) or a class/function (for 
composite components) but got: undefined. You likely forgot to export your component from the file it's defined in, or 
you might have mixed up default and named imports.

Check the render method of `EditMapPage`.[39m
[90m [2mΓ¥»[22m createFiberFromTypeAndProps 
node_modules/react-dom/cjs/react-dom.development.js:[2m28478:17[22m[39m
[90m [2mΓ¥»[22m createFiberFromElement node_modules/react-dom/cjs/react-dom.development.js:[2m28504:15[22m[39m
[90m [2mΓ¥»[22m reconcileSingleElement node_modules/react-dom/cjs/react-dom.development.js:[2m13986:23[22m[39m
[90m [2mΓ¥»[22m reconcileChildFibers node_modules/react-dom/cjs/react-dom.development.js:[2m14044:35[22m[39m
[90m [2mΓ¥»[22m reconcileChildren node_modules/react-dom/cjs/react-dom.development.js:[2m19186:28[22m[39m
[90m [2mΓ¥»[22m updateHostComponent node_modules/react-dom/cjs/react-dom.development.js:[2m19953:3[22m[39m
[90m [2mΓ¥»[22m beginWork node_modules/react-dom/cjs/react-dom.development.js:[2m21657:14[22m[39m
[90m [2mΓ¥»[22m beginWork$1 node_modules/react-dom/cjs/react-dom.development.js:[2m27465:14[22m[39m
[90m [2mΓ¥»[22m performUnitOfWork node_modules/react-dom/cjs/react-dom.development.js:[2m26599:12[22m[39m
[90m [2mΓ¥»[22m workLoopSync node_modules/react-dom/cjs/react-dom.development.js:[2m26505:5[22m[39m

[31mThis error originated in "[1msrc/pages/__tests__/EditMapPage.test.tsx[22m" test file. It doesn't mean the error 
was thrown inside the file itself, but while it was running.[39m
[31mThe latest test that might've caused the error is "[1mrenders snap to grid toggle[22m". It might mean one of 
the following:
- The error was thrown, while Vitest was running this test.
- If the error occurred after the test had been completed, this was the last documented test before it was thrown.[39m

[31mΓÄ»ΓÄ»ΓÄ»ΓÄ»ΓÄ»[39m[1m[41m Uncaught Exception [49m[22m[31mΓÄ»ΓÄ»ΓÄ»ΓÄ»ΓÄ»[39m
[31m[1mError[22m: Element type is invalid: expected a string (for built-in components) or a class/function (for 
composite components) but got: undefined. You likely forgot to export your component from the file it's defined in, or 
you might have mixed up default and named imports.

Check the render method of `MapPage`.[39m
[90m [2mΓ¥»[22m createFiberFromTypeAndProps 
node_modules/react-dom/cjs/react-dom.development.js:[2m28478:17[22m[39m
[90m [2mΓ¥»[22m createFiberFromElement node_modules/react-dom/cjs/react-dom.development.js:[2m28504:15[22m[39m
[90m [2mΓ¥»[22m reconcileSingleElement node_modules/react-dom/cjs/react-dom.development.js:[2m13986:23[22m[39m
[90m [2mΓ¥»[22m reconcileChildFibers node_modules/react-dom/cjs/react-dom.development.js:[2m14044:35[22m[39m
[90m [2mΓ¥»[22m reconcileChildren node_modules/react-dom/cjs/react-dom.development.js:[2m19186:28[22m[39m
[90m [2mΓ¥»[22m updateHostComponent node_modules/react-dom/cjs/react-dom.development.js:[2m19953:3[22m[39m
[90m [2mΓ¥»[22m beginWork node_modules/react-dom/cjs/react-dom.development.js:[2m21657:14[22m[39m
[90m [2mΓ¥»[22m beginWork$1 node_modules/react-dom/cjs/react-dom.development.js:[2m27465:14[22m[39m
[90m [2mΓ¥»[22m performUnitOfWork node_modules/react-dom/cjs/react-dom.development.js:[2m26599:12[22m[39m
[90m [2mΓ¥»[22m workLoopSync node_modules/react-dom/cjs/react-dom.development.js:[2m26505:5[22m[39m

[31mThis error originated in "[1msrc/pages/__tests__/MapPage.test.tsx[22m" test file. It doesn't mean the error was 
thrown inside the file itself, but while it was running.[39m
[31mThe latest test that might've caused the error is "[1mdisplays floor name[22m". It might mean one of the 
following:
- The error was thrown, while Vitest was running this test.
- If the error occurred after the test had been completed, this was the last documented test before it was thrown.[39m

[31mΓÄ»ΓÄ»ΓÄ»ΓÄ»ΓÄ»[39m[1m[41m Uncaught Exception [49m[22m[31mΓÄ»ΓÄ»ΓÄ»ΓÄ»ΓÄ»[39m
[31m[1mError[22m: Element type is invalid: expected a string (for built-in components) or a class/function (for 
composite components) but got: undefined. You likely forgot to export your component from the file it's defined in, or 
you might have mixed up default and named imports.

Check the render method of `EditMapPage`.[39m
[90m [2mΓ¥»[22m createFiberFromTypeAndProps 
node_modules/react-dom/cjs/react-dom.development.js:[2m28478:17[22m[39m
[90m [2mΓ¥»[22m createFiberFromElement node_modules/react-dom/cjs/react-dom.development.js:[2m28504:15[22m[39m
[90m [2mΓ¥»[22m reconcileSingleElement node_modules/react-dom/cjs/react-dom.development.js:[2m13986:23[22m[39m
[90m [2mΓ¥»[22m reconcileChildFibers node_modules/react-dom/cjs/react-dom.development.js:[2m14044:35[22m[39m
[90m [2mΓ¥»[22m reconcileChildren node_modules/react-dom/cjs/react-dom.development.js:[2m19186:28[22m[39m
[90m [2mΓ¥»[22m updateHostComponent node_modules/react-dom/cjs/react-dom.development.js:[2m19953:3[22m[39m
[90m [2mΓ¥»[22m beginWork node_modules/react-dom/cjs/react-dom.development.js:[2m21657:14[22m[39m
[90m [2mΓ¥»[22m beginWork$1 node_modules/react-dom/cjs/react-dom.development.js:[2m27465:14[22m[39m
[90m [2mΓ¥»[22m performUnitOfWork node_modules/react-dom/cjs/react-dom.development.js:[2m26599:12[22m[39m
[90m [2mΓ¥»[22m workLoopSync node_modules/react-dom/cjs/react-dom.development.js:[2m26505:5[22m[39m

[31mThis error originated in "[1msrc/pages/__tests__/EditMapPage.test.tsx[22m" test file. It doesn't mean the error 
was thrown inside the file itself, but while it was running.[39m
[31mThe latest test that might've caused the error is "[1mhas floor navigation buttons[22m". It might mean one of 
the following:
- The error was thrown, while Vitest was running this test.
- If the error occurred after the test had been completed, this was the last documented test before it was thrown.[39m

[31mΓÄ»ΓÄ»ΓÄ»ΓÄ»ΓÄ»[39m[1m[41m Uncaught Exception [49m[22m[31mΓÄ»ΓÄ»ΓÄ»ΓÄ»ΓÄ»[39m
[31m[1mError[22m: Element type is invalid: expected a string (for built-in components) or a class/function (for 
composite components) but got: undefined. You likely forgot to export your component from the file it's defined in, or 
you might have mixed up default and named imports.

Check the render method of `MapPage`.[39m
[90m [2mΓ¥»[22m createFiberFromTypeAndProps 
node_modules/react-dom/cjs/react-dom.development.js:[2m28478:17[22m[39m
[90m [2mΓ¥»[22m createFiberFromElement node_modules/react-dom/cjs/react-dom.development.js:[2m28504:15[22m[39m
[90m [2mΓ¥»[22m reconcileSingleElement node_modules/react-dom/cjs/react-dom.development.js:[2m13986:23[22m[39m
[90m [2mΓ¥»[22m reconcileChildFibers node_modules/react-dom/cjs/react-dom.development.js:[2m14044:35[22m[39m
[90m [2mΓ¥»[22m reconcileChildren node_modules/react-dom/cjs/react-dom.development.js:[2m19186:28[22m[39m
[90m [2mΓ¥»[22m updateHostComponent node_modules/react-dom/cjs/react-dom.development.js:[2m19953:3[22m[39m
[90m [2mΓ¥»[22m beginWork node_modules/react-dom/cjs/react-dom.development.js:[2m21657:14[22m[39m
[90m [2mΓ¥»[22m beginWork$1 node_modules/react-dom/cjs/react-dom.development.js:[2m27465:14[22m[39m
[90m [2mΓ¥»[22m performUnitOfWork node_modules/react-dom/cjs/react-dom.development.js:[2m26599:12[22m[39m
[90m [2mΓ¥»[22m workLoopSync node_modules/react-dom/cjs/react-dom.development.js:[2m26505:5[22m[39m

[31mThis error originated in "[1msrc/pages/__tests__/MapPage.test.tsx[22m" test file. It doesn't mean the error was 
thrown inside the file itself, but while it was running.[39m
[31mThe latest test that might've caused the error is "[1mcan navigate between floors[22m". It might mean one of 
the following:
- The error was thrown, while Vitest was running this test.
- If the error occurred after the test had been completed, this was the last documented test before it was thrown.[39m

[31mΓÄ»ΓÄ»ΓÄ»ΓÄ»ΓÄ»[39m[1m[41m Uncaught Exception [49m[22m[31mΓÄ»ΓÄ»ΓÄ»ΓÄ»ΓÄ»[39m
[31m[1mError[22m: Element type is invalid: expected a string (for built-in components) or a class/function (for 
composite components) but got: undefined. You likely forgot to export your component from the file it's defined in, or 
you might have mixed up default and named imports.

Check the render method of `EditMapPage`.[39m
[90m [2mΓ¥»[22m createFiberFromTypeAndProps 
node_modules/react-dom/cjs/react-dom.development.js:[2m28478:17[22m[39m
[90m [2mΓ¥»[22m createFiberFromElement node_modules/react-dom/cjs/react-dom.development.js:[2m28504:15[22m[39m
[90m [2mΓ¥»[22m reconcileSingleElement node_modules/react-dom/cjs/react-dom.development.js:[2m13986:23[22m[39m
[90m [2mΓ¥»[22m reconcileChildFibers node_modules/react-dom/cjs/react-dom.development.js:[2m14044:35[22m[39m
[90m [2mΓ¥»[22m reconcileChildren node_modules/react-dom/cjs/react-dom.development.js:[2m19186:28[22m[39m
[90m [2mΓ¥»[22m updateHostComponent node_modules/react-dom/cjs/react-dom.development.js:[2m19953:3[22m[39m
[90m [2mΓ¥»[22m beginWork node_modules/react-dom/cjs/react-dom.development.js:[2m21657:14[22m[39m
[90m [2mΓ¥»[22m beginWork$1 node_modules/react-dom/cjs/react-dom.development.js:[2m27465:14[22m[39m
[90m [2mΓ¥»[22m performUnitOfWork node_modules/react-dom/cjs/react-dom.development.js:[2m26599:12[22m[39m
[90m [2mΓ¥»[22m workLoopSync node_modules/react-dom/cjs/react-dom.development.js:[2m26505:5[22m[39m

[31mThis error originated in "[1msrc/pages/__tests__/EditMapPage.test.tsx[22m" test file. It doesn't mean the error 
was thrown inside the file itself, but while it was running.[39m
[31mThe latest test that might've caused the error is "[1mrenders the drag and drop menu[22m". It might mean one of 
the following:
- The error was thrown, while Vitest was running this test.
- If the error occurred after the test had been completed, this was the last documented test before it was thrown.[39m

[31mΓÄ»ΓÄ»ΓÄ»ΓÄ»ΓÄ»[39m[1m[41m Uncaught Exception [49m[22m[31mΓÄ»ΓÄ»ΓÄ»ΓÄ»ΓÄ»[39m
[31m[1mError[22m: Element type is invalid: expected a string (for built-in components) or a class/function (for 
composite components) but got: undefined. You likely forgot to export your component from the file it's defined in, or 
you might have mixed up default and named imports.

Check the render method of `MapPage`.[39m
[90m [2mΓ¥»[22m createFiberFromTypeAndProps 
node_modules/react-dom/cjs/react-dom.development.js:[2m28478:17[22m[39m
[90m [2mΓ¥»[22m createFiberFromElement node_modules/react-dom/cjs/react-dom.development.js:[2m28504:15[22m[39m
[90m [2mΓ¥»[22m reconcileSingleElement node_modules/react-dom/cjs/react-dom.development.js:[2m13986:23[22m[39m
[90m [2mΓ¥»[22m reconcileChildFibers node_modules/react-dom/cjs/react-dom.development.js:[2m14044:35[22m[39m
[90m [2mΓ¥»[22m reconcileChildren node_modules/react-dom/cjs/react-dom.development.js:[2m19186:28[22m[39m
[90m [2mΓ¥»[22m updateHostComponent node_modules/react-dom/cjs/react-dom.development.js:[2m19953:3[22m[39m
[90m [2mΓ¥»[22m beginWork node_modules/react-dom/cjs/react-dom.development.js:[2m21657:14[22m[39m
[90m [2mΓ¥»[22m beginWork$1 node_modules/react-dom/cjs/react-dom.development.js:[2m27465:14[22m[39m
[90m [2mΓ¥»[22m performUnitOfWork node_modules/react-dom/cjs/react-dom.development.js:[2m26599:12[22m[39m
[90m [2mΓ¥»[22m workLoopSync node_modules/react-dom/cjs/react-dom.development.js:[2m26505:5[22m[39m

[31mThis error originated in "[1msrc/pages/__tests__/MapPage.test.tsx[22m" test file. It doesn't mean the error was 
thrown inside the file itself, but while it was running.[39m
[31mThe latest test that might've caused the error is "[1mdisables previous floor button on first floor[22m". It 
might mean one of the following:
- The error was thrown, while Vitest was running this test.
- If the error occurred after the test had been completed, this was the last documented test before it was thrown.[39m

[31mΓÄ»ΓÄ»ΓÄ»ΓÄ»ΓÄ»[39m[1m[41m Uncaught Exception [49m[22m[31mΓÄ»ΓÄ»ΓÄ»ΓÄ»ΓÄ»[39m
[31m[1mError[22m: Element type is invalid: expected a string (for built-in components) or a class/function (for 
composite components) but got: undefined. You likely forgot to export your component from the file it's defined in, or 
you might have mixed up default and named imports.

Check the render method of `EditMapPage`.[39m
[90m [2mΓ¥»[22m createFiberFromTypeAndProps 
node_modules/react-dom/cjs/react-dom.development.js:[2m28478:17[22m[39m
[90m [2mΓ¥»[22m createFiberFromElement node_modules/react-dom/cjs/react-dom.development.js:[2m28504:15[22m[39m
[90m [2mΓ¥»[22m reconcileSingleElement node_modules/react-dom/cjs/react-dom.development.js:[2m13986:23[22m[39m
[90m [2mΓ¥»[22m reconcileChildFibers node_modules/react-dom/cjs/react-dom.development.js:[2m14044:35[22m[39m
[90m [2mΓ¥»[22m reconcileChildren node_modules/react-dom/cjs/react-dom.development.js:[2m19186:28[22m[39m
[90m [2mΓ¥»[22m updateHostComponent node_modules/react-dom/cjs/react-dom.development.js:[2m19953:3[22m[39m
[90m [2mΓ¥»[22m beginWork node_modules/react-dom/cjs/react-dom.development.js:[2m21657:14[22m[39m
[90m [2mΓ¥»[22m beginWork$1 node_modules/react-dom/cjs/react-dom.development.js:[2m27465:14[22m[39m
[90m [2mΓ¥»[22m performUnitOfWork node_modules/react-dom/cjs/react-dom.development.js:[2m26599:12[22m[39m
[90m [2mΓ¥»[22m workLoopSync node_modules/react-dom/cjs/react-dom.development.js:[2m26505:5[22m[39m

[31mThis error originated in "[1msrc/pages/__tests__/EditMapPage.test.tsx[22m" test file. It doesn't mean the error 
was thrown inside the file itself, but while it was running.[39m
[31mThe latest test that might've caused the error is "[1mhas sidebar toggle button on mobile[22m". It might mean 
one of the following:
- The error was thrown, while Vitest was running this test.
- If the error occurred after the test had been completed, this was the last documented test before it was thrown.[39m

[31mΓÄ»ΓÄ»ΓÄ»ΓÄ»ΓÄ»[39m[1m[41m Uncaught Exception [49m[22m[31mΓÄ»ΓÄ»ΓÄ»ΓÄ»ΓÄ»[39m
[31m[1mError[22m: Element type is invalid: expected a string (for built-in components) or a class/function (for 
composite components) but got: undefined. You likely forgot to export your component from the file it's defined in, or 
you might have mixed up default and named imports.

Check the render method of `MapPage`.[39m
[90m [2mΓ¥»[22m createFiberFromTypeAndProps 
node_modules/react-dom/cjs/react-dom.development.js:[2m28478:17[22m[39m
[90m [2mΓ¥»[22m createFiberFromElement node_modules/react-dom/cjs/react-dom.development.js:[2m28504:15[22m[39m
[90m [2mΓ¥»[22m reconcileSingleElement node_modules/react-dom/cjs/react-dom.development.js:[2m13986:23[22m[39m
[90m [2mΓ¥»[22m reconcileChildFibers node_modules/react-dom/cjs/react-dom.development.js:[2m14044:35[22m[39m
[90m [2mΓ¥»[22m reconcileChildren node_modules/react-dom/cjs/react-dom.development.js:[2m19186:28[22m[39m
[90m [2mΓ¥»[22m updateHostComponent node_modules/react-dom/cjs/react-dom.development.js:[2m19953:3[22m[39m
[90m [2mΓ¥»[22m beginWork node_modules/react-dom/cjs/react-dom.development.js:[2m21657:14[22m[39m
[90m [2mΓ¥»[22m beginWork$1 node_modules/react-dom/cjs/react-dom.development.js:[2m27465:14[22m[39m
[90m [2mΓ¥»[22m performUnitOfWork node_modules/react-dom/cjs/react-dom.development.js:[2m26599:12[22m[39m
[90m [2mΓ¥»[22m workLoopSync node_modules/react-dom/cjs/react-dom.development.js:[2m26505:5[22m[39m

[31mThis error originated in "[1msrc/pages/__tests__/MapPage.test.tsx[22m" test file. It doesn't mean the error was 
thrown inside the file itself, but while it was running.[39m
[31mThe latest test that might've caused the error is "[1mdisables next floor button on last floor[22m". It might 
mean one of the following:
- The error was thrown, while Vitest was running this test.
- If the error occurred after the test had been completed, this was the last documented test before it was thrown.[39m

[31mΓÄ»ΓÄ»ΓÄ»ΓÄ»ΓÄ»[39m[1m[41m Uncaught Exception [49m[22m[31mΓÄ»ΓÄ»ΓÄ»ΓÄ»ΓÄ»[39m
[31m[1mError[22m: Element type is invalid: expected a string (for built-in components) or a class/function (for 
composite components) but got: undefined. You likely forgot to export your component from the file it's defined in, or 
you might have mixed up default and named imports.

Check the render method of `EditMapPage`.[39m
[90m [2mΓ¥»[22m createFiberFromTypeAndProps 
node_modules/react-dom/cjs/react-dom.development.js:[2m28478:17[22m[39m
[90m [2mΓ¥»[22m createFiberFromElement node_modules/react-dom/cjs/react-dom.development.js:[2m28504:15[22m[39m
[90m [2mΓ¥»[22m reconcileSingleElement node_modules/react-dom/cjs/react-dom.development.js:[2m13986:23[22m[39m
[90m [2mΓ¥»[22m reconcileChildFibers node_modules/react-dom/cjs/react-dom.development.js:[2m14044:35[22m[39m
[90m [2mΓ¥»[22m reconcileChildren node_modules/react-dom/cjs/react-dom.development.js:[2m19186:28[22m[39m
[90m [2mΓ¥»[22m updateHostComponent node_modules/react-dom/cjs/react-dom.development.js:[2m19953:3[22m[39m
[90m [2mΓ¥»[22m beginWork node_modules/react-dom/cjs/react-dom.development.js:[2m21657:14[22m[39m
[90m [2mΓ¥»[22m beginWork$1 node_modules/react-dom/cjs/react-dom.development.js:[2m27465:14[22m[39m
[90m [2mΓ¥»[22m performUnitOfWork node_modules/react-dom/cjs/react-dom.development.js:[2m26599:12[22m[39m
[90m [2mΓ¥»[22m workLoopSync node_modules/react-dom/cjs/react-dom.development.js:[2m26505:5[22m[39m

[31mThis error originated in "[1msrc/pages/__tests__/EditMapPage.test.tsx[22m" test file. It doesn't mean the error 
was thrown inside the file itself, but while it was running.[39m
[31mThe latest test that might've caused the error is "[1mtoggles sidebar open when equipment panel button is 
clicked[22m". It might mean one of the following:
- The error was thrown, while Vitest was running this test.
- If the error occurred after the test had been completed, this was the last documented test before it was thrown.[39m

[31mΓÄ»ΓÄ»ΓÄ»ΓÄ»ΓÄ»[39m[1m[41m Uncaught Exception [49m[22m[31mΓÄ»ΓÄ»ΓÄ»ΓÄ»ΓÄ»[39m
[31m[1mError[22m: Element type is invalid: expected a string (for built-in components) or a class/function (for 
composite components) but got: undefined. You likely forgot to export your component from the file it's defined in, or 
you might have mixed up default and named imports.

Check the render method of `MapPage`.[39m
[90m [2mΓ¥»[22m createFiberFromTypeAndProps 
node_modules/react-dom/cjs/react-dom.development.js:[2m28478:17[22m[39m
[90m [2mΓ¥»[22m createFiberFromElement node_modules/react-dom/cjs/react-dom.development.js:[2m28504:15[22m[39m
[90m [2mΓ¥»[22m reconcileSingleElement node_modules/react-dom/cjs/react-dom.development.js:[2m13986:23[22m[39m
[90m [2mΓ¥»[22m reconcileChildFibers node_modules/react-dom/cjs/react-dom.development.js:[2m14044:35[22m[39m
[90m [2mΓ¥»[22m reconcileChildren node_modules/react-dom/cjs/react-dom.development.js:[2m19186:28[22m[39m
[90m [2mΓ¥»[22m updateHostComponent node_modules/react-dom/cjs/react-dom.development.js:[2m19953:3[22m[39m
[90m [2mΓ¥»[22m beginWork node_modules/react-dom/cjs/react-dom.development.js:[2m21657:14[22m[39m
[90m [2mΓ¥»[22m beginWork$1 node_modules/react-dom/cjs/react-dom.development.js:[2m27465:14[22m[39m
[90m [2mΓ¥»[22m performUnitOfWork node_modules/react-dom/cjs/react-dom.development.js:[2m26599:12[22m[39m
[90m [2mΓ¥»[22m workLoopSync node_modules/react-dom/cjs/react-dom.development.js:[2m26505:5[22m[39m

[31mThis error originated in "[1msrc/pages/__tests__/MapPage.test.tsx[22m" test file. It doesn't mean the error was 
thrown inside the file itself, but while it was running.[39m
[31mThe latest test that might've caused the error is "[1mhandles search result selection[22m". It might mean one 
of the following:
- The error was thrown, while Vitest was running this test.
- If the error occurred after the test had been completed, this was the last documented test before it was thrown.[39m

[31mΓÄ»ΓÄ»ΓÄ»ΓÄ»ΓÄ»[39m[1m[41m Uncaught Exception [49m[22m[31mΓÄ»ΓÄ»ΓÄ»ΓÄ»ΓÄ»[39m
[31m[1mError[22m: Element type is invalid: expected a string (for built-in components) or a class/function (for 
composite components) but got: undefined. You likely forgot to export your component from the file it's defined in, or 
you might have mixed up default and named imports.

Check the render method of `EditMapPage`.[39m
[90m [2mΓ¥»[22m createFiberFromTypeAndProps 
node_modules/react-dom/cjs/react-dom.development.js:[2m28478:17[22m[39m
[90m [2mΓ¥»[22m createFiberFromElement node_modules/react-dom/cjs/react-dom.development.js:[2m28504:15[22m[39m
[90m [2mΓ¥»[22m reconcileSingleElement node_modules/react-dom/cjs/react-dom.development.js:[2m13986:23[22m[39m
[90m [2mΓ¥»[22m reconcileChildFibers node_modules/react-dom/cjs/react-dom.development.js:[2m14044:35[22m[39m
[90m [2mΓ¥»[22m reconcileChildren node_modules/react-dom/cjs/react-dom.development.js:[2m19186:28[22m[39m
[90m [2mΓ¥»[22m updateHostComponent node_modules/react-dom/cjs/react-dom.development.js:[2m19953:3[22m[39m
[90m [2mΓ¥»[22m beginWork node_modules/react-dom/cjs/react-dom.development.js:[2m21657:14[22m[39m
[90m [2mΓ¥»[22m beginWork$1 node_modules/react-dom/cjs/react-dom.development.js:[2m27465:14[22m[39m
[90m [2mΓ¥»[22m performUnitOfWork node_modules/react-dom/cjs/react-dom.development.js:[2m26599:12[22m[39m
[90m [2mΓ¥»[22m workLoopSync node_modules/react-dom/cjs/react-dom.development.js:[2m26505:5[22m[39m

[31mThis error originated in "[1msrc/pages/__tests__/EditMapPage.test.tsx[22m" test file. It doesn't mean the error 
was thrown inside the file itself, but while it was running.[39m
[31mThe latest test that might've caused the error is "[1mcloses sidebar when overlay is clicked[22m". It might 
mean one of the following:
- The error was thrown, while Vitest was running this test.
- If the error occurred after the test had been completed, this was the last documented test before it was thrown.[39m

[31mΓÄ»ΓÄ»ΓÄ»ΓÄ»ΓÄ»[39m[1m[41m Uncaught Exception [49m[22m[31mΓÄ»ΓÄ»ΓÄ»ΓÄ»ΓÄ»[39m
[31m[1mError[22m: Element type is invalid: expected a string (for built-in components) or a class/function (for 
composite components) but got: undefined. You likely forgot to export your component from the file it's defined in, or 
you might have mixed up default and named imports.

Check the render method of `MapPage`.[39m
[90m [2mΓ¥»[22m createFiberFromTypeAndProps 
node_modules/react-dom/cjs/react-dom.development.js:[2m28478:17[22m[39m
[90m [2mΓ¥»[22m createFiberFromElement node_modules/react-dom/cjs/react-dom.development.js:[2m28504:15[22m[39m
[90m [2mΓ¥»[22m reconcileSingleElement node_modules/react-dom/cjs/react-dom.development.js:[2m13986:23[22m[39m
[90m [2mΓ¥»[22m reconcileChildFibers node_modules/react-dom/cjs/react-dom.development.js:[2m14044:35[22m[39m
[90m [2mΓ¥»[22m reconcileChildren node_modules/react-dom/cjs/react-dom.development.js:[2m19186:28[22m[39m
[90m [2mΓ¥»[22m updateHostComponent node_modules/react-dom/cjs/react-dom.development.js:[2m19953:3[22m[39m
[90m [2mΓ¥»[22m beginWork node_modules/react-dom/cjs/react-dom.development.js:[2m21657:14[22m[39m
[90m [2mΓ¥»[22m beginWork$1 node_modules/react-dom/cjs/react-dom.development.js:[2m27465:14[22m[39m
[90m [2mΓ¥»[22m performUnitOfWork node_modules/react-dom/cjs/react-dom.development.js:[2m26599:12[22m[39m
[90m [2mΓ¥»[22m workLoopSync node_modules/react-dom/cjs/react-dom.development.js:[2m26505:5[22m[39m

[31mThis error originated in "[1msrc/pages/__tests__/MapPage.test.tsx[22m" test file. It doesn't mean the error was 
thrown inside the file itself, but while it was running.[39m
[31mThe latest test that might've caused the error is "[1mcan navigate back after going to second floor[22m". It 
might mean one of the following:
- The error was thrown, while Vitest was running this test.
- If the error occurred after the test had been completed, this was the last documented test before it was thrown.[39m

[31mΓÄ»ΓÄ»ΓÄ»ΓÄ»ΓÄ»[39m[1m[41m Uncaught Exception [49m[22m[31mΓÄ»ΓÄ»ΓÄ»ΓÄ»ΓÄ»[39m
[31m[1mError[22m: Element type is invalid: expected a string (for built-in components) or a class/function (for 
composite components) but got: undefined. You likely forgot to export your component from the file it's defined in, or 
you might have mixed up default and named imports.

Check the render method of `EditMapPage`.[39m
[90m [2mΓ¥»[22m createFiberFromTypeAndProps 
node_modules/react-dom/cjs/react-dom.development.js:[2m28478:17[22m[39m
[90m [2mΓ¥»[22m createFiberFromElement node_modules/react-dom/cjs/react-dom.development.js:[2m28504:15[22m[39m
[90m [2mΓ¥»[22m reconcileSingleElement node_modules/react-dom/cjs/react-dom.development.js:[2m13986:23[22m[39m
[90m [2mΓ¥»[22m reconcileChildFibers node_modules/react-dom/cjs/react-dom.development.js:[2m14044:35[22m[39m
[90m [2mΓ¥»[22m reconcileChildren node_modules/react-dom/cjs/react-dom.development.js:[2m19186:28[22m[39m
[90m [2mΓ¥»[22m updateHostComponent node_modules/react-dom/cjs/react-dom.development.js:[2m19953:3[22m[39m
[90m [2mΓ¥»[22m beginWork node_modules/react-dom/cjs/react-dom.development.js:[2m21657:14[22m[39m
[90m [2mΓ¥»[22m beginWork$1 node_modules/react-dom/cjs/react-dom.development.js:[2m27465:14[22m[39m
[90m [2mΓ¥»[22m performUnitOfWork node_modules/react-dom/cjs/react-dom.development.js:[2m26599:12[22m[39m
[90m [2mΓ¥»[22m workLoopSync node_modules/react-dom/cjs/react-dom.development.js:[2m26505:5[22m[39m

[31mThis error originated in "[1msrc/pages/__tests__/EditMapPage.test.tsx[22m" test file. It doesn't mean the error 
was thrown inside the file itself, but while it was running.[39m
[31mThe latest test that might've caused the error is "[1mtoggles snap to grid[22m". It might mean one of the 
following:
- The error was thrown, while Vitest was running this test.
- If the error occurred after the test had been completed, this was the last documented test before it was thrown.[39m

[31mΓÄ»ΓÄ»ΓÄ»ΓÄ»ΓÄ»[39m[1m[41m Uncaught Exception [49m[22m[31mΓÄ»ΓÄ»ΓÄ»ΓÄ»ΓÄ»[39m
[31m[1mError[22m: Element type is invalid: expected a string (for built-in components) or a class/function (for 
composite components) but got: undefined. You likely forgot to export your component from the file it's defined in, or 
you might have mixed up default and named imports.

Check the render method of `EditMapPage`.[39m
[90m [2mΓ¥»[22m createFiberFromTypeAndProps 
node_modules/react-dom/cjs/react-dom.development.js:[2m28478:17[22m[39m
[90m [2mΓ¥»[22m createFiberFromElement node_modules/react-dom/cjs/react-dom.development.js:[2m28504:15[22m[39m
[90m [2mΓ¥»[22m reconcileSingleElement node_modules/react-dom/cjs/react-dom.development.js:[2m13986:23[22m[39m
[90m [2mΓ¥»[22m reconcileChildFibers node_modules/react-dom/cjs/react-dom.development.js:[2m14044:35[22m[39m
[90m [2mΓ¥»[22m reconcileChildren node_modules/react-dom/cjs/react-dom.development.js:[2m19186:28[22m[39m
[90m [2mΓ¥»[22m updateHostComponent node_modules/react-dom/cjs/react-dom.development.js:[2m19953:3[22m[39m
[90m [2mΓ¥»[22m beginWork node_modules/react-dom/cjs/react-dom.development.js:[2m21657:14[22m[39m
[90m [2mΓ¥»[22m beginWork$1 node_modules/react-dom/cjs/react-dom.development.js:[2m27465:14[22m[39m
[90m [2mΓ¥»[22m performUnitOfWork node_modules/react-dom/cjs/react-dom.development.js:[2m26599:12[22m[39m
[90m [2mΓ¥»[22m workLoopSync node_modules/react-dom/cjs/react-dom.development.js:[2m26505:5[22m[39m

[31mThis error originated in "[1msrc/pages/__tests__/EditMapPage.test.tsx[22m" test file. It doesn't mean the error 
was thrown inside the file itself, but while it was running.[39m
[31mThe latest test that might've caused the error is "[1mdisplays floor name from layout[22m". It might mean one 
of the following:
- The error was thrown, while Vitest was running this test.
- If the error occurred after the test had been completed, this was the last documented test before it was thrown.[39m
[31mΓÄ»ΓÄ»ΓÄ»ΓÄ»ΓÄ»ΓÄ»ΓÄ»ΓÄ»ΓÄ»ΓÄ»ΓÄ»ΓÄ»ΓÄ»ΓÄ»ΓÄ»ΓÄ»ΓÄ»ΓÄ»ΓÄ»ΓÄ»ΓÄ»ΓÄ»ΓÄ»ΓÄ»ΓÄ»ΓÄ»ΓÄ»ΓÄ»ΓÄ»ΓÄ»[39m


[2m Test Files [22m [1m[31m16 failed[39m[22m[2m | [22m[1m[32m22 passed[39m[22m[90m (38)[39m
[2m      Tests [22m [1m[31m111 failed[39m[22m[2m | [22m[1m[32m267 passed[39m[22m[90m (378)[39m
[2m     Errors [22m [1m[31m25 errors[39m[22m
[2m   Start at [22m 12:36:05
[2m   Duration [22m 19.24s[2m (transform 14.09s, setup 16.08s, import 37.50s, tests 36.65s, environment 94.33s)[22m

