
[1m[46m RUN [49m[22m [36mv4.0.15 [39m[90mC:/Users/nwong/Documents/Projects/Group2SWE/SWEGroup2[39m

node.exe : [90mstderr[2m | src/context/__tests__/AuthContext.test.tsx[2m > [22m[2mAuthContext[2m > [22m[2mstarts 
with isLoading true
At C:\Program Files\nodejs\npx.ps1:29 char:3
+   & $NODE_EXE $NPX_CLI_JS $args
+   ~~~~~~~~~~~~~~~~~~~~~~~~~~~~~
    + CategoryInfo          : NotSpecified: ([90mstderr[2m... isLoading true:String) [], RemoteException
    + FullyQualifiedErrorId : NativeCommandError
 
[22m[39mWarning: An update to AuthProvider inside a test was not wrapped in act(...).

When testing, code that causes React state updates should be wrapped into act(...):

act(() => {
  /* fire events that update state */
});
/* assert on the output */

This ensures that you're testing the behavior the user would see in the browser. Learn more at 
https://reactjs.org/link/wrap-tests-with-act
    at AuthProvider (C:/Users/nwong/Documents/Projects/Group2SWE/SWEGroup2/src/context/AuthContext.tsx:46:25)

[90mstderr[2m | src/context/__tests__/AuthContext.test.tsx[2m > [22m[2mAuthContext[2m > [22m[2mRequireAuth[2m > 
[22m[2mrenders nothing while loading
[22m[39mWarning: An update to AuthProvider inside a test was not wrapped in act(...).

When testing, code that causes React state updates should be wrapped into act(...):

act(() => {
  /* fire events that update state */
});
/* assert on the output */

This ensures that you're testing the behavior the user would see in the browser. Learn more at 
https://reactjs.org/link/wrap-tests-with-act
    at AuthProvider (C:/Users/nwong/Documents/Projects/Group2SWE/SWEGroup2/src/context/AuthContext.tsx:46:25)

[90mstderr[2m | src/pages/__tests__/SignUpPage.test.tsx[2m > [22m[2mSignUpPage[2m > [22m[2mrenders the sign up form
[22m[39mWarning: React does not recognize the `whileHover` prop on a DOM element. If you intentionally want it to appear 
in the DOM as a custom attribute, spell it as lowercase `whilehover` instead. If you accidentally passed it from a parent 
component, remove it from the DOM element.
    at button
    at button (C:/Users/nwong/Documents/Projects/Group2SWE/SWEGroup2/src/pages/__tests__/SignUpPage.test.tsx:12:16)
    at form
    at div
    at div (C:/Users/nwong/Documents/Projects/Group2SWE/SWEGroup2/src/pages/__tests__/SignUpPage.test.tsx:7:13)
    at div
    at SignUpPage (C:/Users/nwong/Documents/Projects/Group2SWE/SWEGroup2/src/pages/SignUpPage.tsx:17:61)
Warning: React does not recognize the `whileTap` prop on a DOM element. If you intentionally want it to appear in the DOM 
as a custom attribute, spell it as lowercase `whiletap` instead. If you accidentally passed it from a parent component, 
remove it from the DOM element.
    at button
    at button (C:/Users/nwong/Documents/Projects/Group2SWE/SWEGroup2/src/pages/__tests__/SignUpPage.test.tsx:12:16)
    at form
    at div
    at div (C:/Users/nwong/Documents/Projects/Group2SWE/SWEGroup2/src/pages/__tests__/SignUpPage.test.tsx:7:13)
    at div
    at SignUpPage (C:/Users/nwong/Documents/Projects/Group2SWE/SWEGroup2/src/pages/SignUpPage.tsx:17:61)

[90mstderr[2m | src/pages/__tests__/LoginPage.test.tsx[2m > [22m[2mLoginPage[2m > [22m[2mrenders the login form
[22m[39mWarning: React does not recognize the `whileHover` prop on a DOM element. If you intentionally want it to appear 
in the DOM as a custom attribute, spell it as lowercase `whilehover` instead. If you accidentally passed it from a parent 
component, remove it from the DOM element.
    at button
    at button (C:/Users/nwong/Documents/Projects/Group2SWE/SWEGroup2/src/pages/__tests__/LoginPage.test.tsx:12:16)
    at form
    at div
    at div (C:/Users/nwong/Documents/Projects/Group2SWE/SWEGroup2/src/pages/__tests__/LoginPage.test.tsx:7:13)
    at div
    at LoginPage (C:/Users/nwong/Documents/Projects/Group2SWE/SWEGroup2/src/pages/LoginPage.tsx:17:83)
Warning: React does not recognize the `whileTap` prop on a DOM element. If you intentionally want it to appear in the DOM 
as a custom attribute, spell it as lowercase `whiletap` instead. If you accidentally passed it from a parent component, 
remove it from the DOM element.
    at button
    at button (C:/Users/nwong/Documents/Projects/Group2SWE/SWEGroup2/src/pages/__tests__/LoginPage.test.tsx:12:16)
    at form
    at div
    at div (C:/Users/nwong/Documents/Projects/Group2SWE/SWEGroup2/src/pages/__tests__/LoginPage.test.tsx:7:13)
    at div
    at LoginPage (C:/Users/nwong/Documents/Projects/Group2SWE/SWEGroup2/src/pages/LoginPage.tsx:17:83)

[90mstderr[2m | src/pages/__tests__/LoginPage.test.tsx[2m > [22m[2mLoginPage[2m > [22m[2mshows error on login 
failure
[22m[39mLogin error: Error: Auth failed
    at C:/Users/nwong/Documents/Projects/Group2SWE/SWEGroup2/src/pages/__tests__/LoginPage.test.tsx:135:44
    at [90mfile:///C:/Users/nwong/Documents/Projects/Group2SWE/SWEGroup2/[39mnode_modules/[4m@vitest[24m/runner/dist/in
dex.js:145:11
    at [90mfile:///C:/Users/nwong/Documents/Projects/Group2SWE/SWEGroup2/[39mnode_modules/[4m@vitest[24m/runner/dist/in
dex.js:915:26
    at [90mfile:///C:/Users/nwong/Documents/Projects/Group2SWE/SWEGroup2/[39mnode_modules/[4m@vitest[24m/runner/dist/in
dex.js:1240:20
    at new Promise (<anonymous>)
    at runWithTimeout [90m(file:///C:/Users/nwong/Documents/Projects/Group2SWE/SWEGroup2/[39mnode_modules/[4m@vitest[24
m/runner/dist/index.js:1206:10[90m)[39m
    at [90mfile:///C:/Users/nwong/Documents/Projects/Group2SWE/SWEGroup2/[39mnode_modules/[4m@vitest[24m/runner/dist/in
dex.js:1650:37
    at Traces.$ [90m(file:///C:/Users/nwong/Documents/Projects/Group2SWE/SWEGroup2/[39mnode_modules/[4mvitest[24m/dist/
chunks/traces.U4xDYhzZ.js:115:27[90m)[39m
    at trace [90m(file:///C:/Users/nwong/Documents/Projects/Group2SWE/SWEGroup2/[39mnode_modules/[4mvitest[24m/dist/chu
nks/test.BT8LKgU9.js:239:21[90m)[39m
    at runTest [90m(file:///C:/Users/nwong/Documents/Projects/Group2SWE/SWEGroup2/[39mnode_modules/[4m@vitest[24m/runne
r/dist/index.js:1650:12[90m)[39m

[90mstderr[2m | src/pages/__tests__/LoginPage.test.tsx[2m > [22m[2mLoginPage[2m > [22m[2mshows generic error for 
non-Error rejection
[22m[39mLogin error: something

Error: Uncaught [Error: useAuth must be used within AuthProvider]
    at reportException (C:\Users\nwong\Documents\Projects\Group2SWE\SWEGroup2\node_modules\jsdom\lib\jsdom\living\helpers\r
untime-script-errors.js:66:24)
    at innerInvokeEventListeners (C:\Users\nwong\Documents\Projects\Group2SWE\SWEGroup2\node_modules\jsdom\lib\jsdom\living
\events\EventTarget-impl.js:353:9)
    at invokeEventListeners (C:\Users\nwong\Documents\Projects\Group2SWE\SWEGroup2\node_modules\jsdom\lib\jsdom\living\even
ts\EventTarget-impl.js:286:3)
    at HTMLUnknownElementImpl._dispatch (C:\Users\nwong\Documents\Projects\Group2SWE\SWEGroup2\node_modules\jsdom\lib\jsdom
\living\events\EventTarget-impl.js:233:9)
    at HTMLUnknownElementImpl.dispatchEvent (C:\Users\nwong\Documents\Projects\Group2SWE\SWEGroup2\node_modules\jsdom\lib\j
sdom\living\events\EventTarget-impl.js:104:17)
    at HTMLUnknownElement.dispatchEvent 
(C:\Users\nwong\Documents\Projects\Group2SWE\SWEGroup2\node_modules\jsdom\lib\jsdom\living\generated\EventTarget.js:241:34)
    at Object.invokeGuardedCallbackDev 
(C:\Users\nwong\Documents\Projects\Group2SWE\SWEGroup2\node_modules\react-dom\cjs\react-dom.development.js:4213:16)
    at invokeGuardedCallback 
(C:\Users\nwong\Documents\Projects\Group2SWE\SWEGroup2\node_modules\react-dom\cjs\react-dom.development.js:4277:31)
    at beginWork$1 
(C:\Users\nwong\Documents\Projects\Group2SWE\SWEGroup2\node_modules\react-dom\cjs\react-dom.development.js:27490:7)
    at performUnitOfWork 
(C:\Users\nwong\Documents\Projects\Group2SWE\SWEGroup2\node_modules\react-dom\cjs\react-dom.development.js:26599:12) 
Error: useAuth must be used within AuthProvider
    at Module.useAuth (C:/Users/nwong/Documents/Projects/Group2SWE/SWEGroup2/src/context/AuthContext.tsx:128:21)
    at TestConsumer 
(C:/Users/nwong/Documents/Projects/Group2SWE/SWEGroup2/src/context/__tests__/AuthContext.test.tsx:15:18)
    at renderWithHooks 
(C:\Users\nwong\Documents\Projects\Group2SWE\SWEGroup2\node_modules\react-dom\cjs\react-dom.development.js:15486:18)
    at mountIndeterminateComponent 
(C:\Users\nwong\Documents\Projects\Group2SWE\SWEGroup2\node_modules\react-dom\cjs\react-dom.development.js:20103:13)
    at beginWork 
(C:\Users\nwong\Documents\Projects\Group2SWE\SWEGroup2\node_modules\react-dom\cjs\react-dom.development.js:21626:16)
    at HTMLUnknownElement.callCallback 
(C:\Users\nwong\Documents\Projects\Group2SWE\SWEGroup2\node_modules\react-dom\cjs\react-dom.development.js:4164:14)
    at HTMLUnknownElement.callTheUserObjectsOperation (C:\Users\nwong\Documents\Projects\Group2SWE\SWEGroup2\node_modules\j
sdom\lib\jsdom\living\generated\EventListener.js:26:30)
    at innerInvokeEventListeners (C:\Users\nwong\Documents\Projects\Group2SWE\SWEGroup2\node_modules\jsdom\lib\jsdom\living
\events\EventTarget-impl.js:350:25)
    at invokeEventListeners (C:\Users\nwong\Documents\Projects\Group2SWE\SWEGroup2\node_modules\jsdom\lib\jsdom\living\even
ts\EventTarget-impl.js:286:3)
    at HTMLUnknownElementImpl._dispatch (C:\Users\nwong\Documents\Projects\Group2SWE\SWEGroup2\node_modules\jsdom\lib\jsdom
\living\events\EventTarget-impl.js:233:9)
Error: Uncaught [Error: useAuth must be used within AuthProvider]
    at reportException (C:\Users\nwong\Documents\Projects\Group2SWE\SWEGroup2\node_modules\jsdom\lib\jsdom\living\helpers\r
untime-script-errors.js:66:24)
    at innerInvokeEventListeners (C:\Users\nwong\Documents\Projects\Group2SWE\SWEGroup2\node_modules\jsdom\lib\jsdom\living
\events\EventTarget-impl.js:353:9)
    at invokeEventListeners (C:\Users\nwong\Documents\Projects\Group2SWE\SWEGroup2\node_modules\jsdom\lib\jsdom\living\even
ts\EventTarget-impl.js:286:3)
    at HTMLUnknownElementImpl._dispatch (C:\Users\nwong\Documents\Projects\Group2SWE\SWEGroup2\node_modules\jsdom\lib\jsdom
\living\events\EventTarget-impl.js:233:9)
    at HTMLUnknownElementImpl.dispatchEvent (C:\Users\nwong\Documents\Projects\Group2SWE\SWEGroup2\node_modules\jsdom\lib\j
sdom\living\events\EventTarget-impl.js:104:17)
    at HTMLUnknownElement.dispatchEvent 
(C:\Users\nwong\Documents\Projects\Group2SWE\SWEGroup2\node_modules\jsdom\lib\jsdom\living\generated\EventTarget.js:241:34)
    at Object.invokeGuardedCallbackDev 
(C:\Users\nwong\Documents\Projects\Group2SWE\SWEGroup2\node_modules\react-dom\cjs\react-dom.development.js:4213:16)
    at invokeGuardedCallback 
(C:\Users\nwong\Documents\Projects\Group2SWE\SWEGroup2\node_modules\react-dom\cjs\react-dom.development.js:4277:31)
    at beginWork$1 
(C:\Users\nwong\Documents\Projects\Group2SWE\SWEGroup2\node_modules\react-dom\cjs\react-dom.development.js:27490:7)
    at performUnitOfWork 
(C:\Users\nwong\Documents\Projects\Group2SWE\SWEGroup2\node_modules\react-dom\cjs\react-dom.development.js:26599:12) 
Error: useAuth must be used within AuthProvider
    at Module.useAuth (C:/Users/nwong/Documents/Projects/Group2SWE/SWEGroup2/src/context/AuthContext.tsx:128:21)
    at TestConsumer 
(C:/Users/nwong/Documents/Projects/Group2SWE/SWEGroup2/src/context/__tests__/AuthContext.test.tsx:15:18)
    at renderWithHooks 
(C:\Users\nwong\Documents\Projects\Group2SWE\SWEGroup2\node_modules\react-dom\cjs\react-dom.development.js:15486:18)
    at mountIndeterminateComponent 
(C:\Users\nwong\Documents\Projects\Group2SWE\SWEGroup2\node_modules\react-dom\cjs\react-dom.development.js:20103:13)
    at beginWork 
(C:\Users\nwong\Documents\Projects\Group2SWE\SWEGroup2\node_modules\react-dom\cjs\react-dom.development.js:21626:16)
    at HTMLUnknownElement.callCallback 
(C:\Users\nwong\Documents\Projects\Group2SWE\SWEGroup2\node_modules\react-dom\cjs\react-dom.development.js:4164:14)
    at HTMLUnknownElement.callTheUserObjectsOperation (C:\Users\nwong\Documents\Projects\Group2SWE\SWEGroup2\node_modules\j
sdom\lib\jsdom\living\generated\EventListener.js:26:30)
    at innerInvokeEventListeners (C:\Users\nwong\Documents\Projects\Group2SWE\SWEGroup2\node_modules\jsdom\lib\jsdom\living
\events\EventTarget-impl.js:350:25)
    at invokeEventListeners (C:\Users\nwong\Documents\Projects\Group2SWE\SWEGroup2\node_modules\jsdom\lib\jsdom\living\even
ts\EventTarget-impl.js:286:3)
    at HTMLUnknownElementImpl._dispatch (C:\Users\nwong\Documents\Projects\Group2SWE\SWEGroup2\node_modules\jsdom\lib\jsdom
\living\events\EventTarget-impl.js:233:9)
 [32mΓ£ô[39m src/context/__tests__/AuthContext.test.tsx [2m([22m[2m13 tests[22m[2m)[22m[32m 291[2mms[22m[39m
 [32mΓ£ô[39m src/components/__tests__/SearchBar.test.tsx [2m([22m[2m12 tests[22m[2m)[22m[32m 164[2mms[22m[39m
 [32mΓ£ô[39m src/components/__tests__/ZoomControls.test.tsx [2m([22m[2m6 tests[22m[2m)[22m[32m 244[2mms[22m[39m
 [32mΓ£ô[39m src/pages/__tests__/LoginPage.test.tsx [2m([22m[2m11 tests[22m[2m)[22m[33m 387[2mms[22m[39m
 [32mΓ£ô[39m src/pages/__tests__/SignUpPage.test.tsx [2m([22m[2m12 tests[22m[2m)[22m[33m 447[2mms[22m[39m
[vitest-pool]: Failed to terminate forks worker for test files 
C:/Users/nwong/Documents/Projects/Group2SWE/SWEGroup2/src/pages/__tests__/SignUpPage.test.tsx. Error: kill EPERM
    at ChildProcess.kill (node:internal/child_process:511:26)
    at ForksPoolWorker.stop 
(file:///C:/Users/nwong/Documents/Projects/Group2SWE/SWEGroup2/node_modules/vitest/dist/chunks/cli-api.C7sYjHmQ.js:7670:8)
    at 
file:///C:/Users/nwong/Documents/Projects/Group2SWE/SWEGroup2/node_modules/vitest/dist/chunks/cli-api.C7sYjHmQ.js:7549:118
    at Traces.$ 
(file:///C:/Users/nwong/Documents/Projects/Group2SWE/SWEGroup2/node_modules/vitest/dist/chunks/traces.U4xDYhzZ.js:115:27)
    at PoolRunner.stop 
(file:///C:/Users/nwong/Documents/Projects/Group2SWE/SWEGroup2/node_modules/vitest/dist/chunks/cli-api.C7sYjHmQ.js:7549:23)
    at processTicksAndRejections (node:internal/process/task_queues:105:5) {
  errno: -4048,
  code: 'EPERM',
  syscall: 'kill'
}
 [32mΓ£ô[39m src/components/__tests__/TileInfoCard.test.tsx [2m([22m[2m10 tests[22m[2m)[22m[32m 234[2mms[22m[39m
 [32mΓ£ô[39m src/components/__tests__/Tile.test.tsx [2m([22m[2m38 tests[22m[2m)[22m[33m 417[2mms[22m[39m
[vitest-pool]: Failed to terminate forks worker for test files 
C:/Users/nwong/Documents/Projects/Group2SWE/SWEGroup2/src/components/__tests__/TileInfoCard.test.tsx. Error: kill EPERM
    at ChildProcess.kill (node:internal/child_process:511:26)
    at ForksPoolWorker.stop 
(file:///C:/Users/nwong/Documents/Projects/Group2SWE/SWEGroup2/node_modules/vitest/dist/chunks/cli-api.C7sYjHmQ.js:7670:8)
    at 
file:///C:/Users/nwong/Documents/Projects/Group2SWE/SWEGroup2/node_modules/vitest/dist/chunks/cli-api.C7sYjHmQ.js:7549:118
    at Traces.$ 
(file:///C:/Users/nwong/Documents/Projects/Group2SWE/SWEGroup2/node_modules/vitest/dist/chunks/traces.U4xDYhzZ.js:115:27)
    at PoolRunner.stop 
(file:///C:/Users/nwong/Documents/Projects/Group2SWE/SWEGroup2/node_modules/vitest/dist/chunks/cli-api.C7sYjHmQ.js:7549:23)
    at processTicksAndRejections (node:internal/process/task_queues:105:5) {
  errno: -4048,
  code: 'EPERM',
  syscall: 'kill'
}
[90mstderr[2m | src/components/__tests__/Header.test.tsx[2m > [22m[2mHeader[2m > [22m[2mrenders the brand name GYAT
[22m[39mWarning: React does not recognize the `layoutId` prop on a DOM element. If you intentionally want it to appear 
in the DOM as a custom attribute, spell it as lowercase `layoutid` instead. If you accidentally passed it from a parent 
component, remove it from the DOM element.
    at div
    at div (C:/Users/nwong/Documents/Projects/Group2SWE/SWEGroup2/src/components/__tests__/Header.test.tsx:7:13)
    at button
    at button (C:/Users/nwong/Documents/Projects/Group2SWE/SWEGroup2/src/components/__tests__/Header.test.tsx:12:16)
    at HeaderItem (C:/Users/nwong/Documents/Projects/Group2SWE/SWEGroup2/src/components/Header.tsx:307:23)
    at div
    at div
    at nav
    at header
    at Header (C:/Users/nwong/Documents/Projects/Group2SWE/SWEGroup2/src/components/Header.tsx:24:19)

 [32mΓ£ô[39m src/components/__tests__/LogOutButton.test.tsx [2m([22m[2m8 tests[22m[2m)[22m[33m 316[2mms[22m[39m
[90mstderr[2m | src/components/__tests__/ThemeToggle.test.tsx[2m > [22m[2mThemeToggle[2m > [22m[2mcalls 
toggleTheme when button is clicked
[22m[39mWarning: An update to ThemeToggle inside a test was not wrapped in act(...).

When testing, code that causes React state updates should be wrapped into act(...):

act(() => {
  /* fire events that update state */
});
/* assert on the output */

This ensures that you're testing the behavior the user would see in the browser. Learn more at 
https://reactjs.org/link/wrap-tests-with-act
    at ThemeToggle (C:/Users/nwong/Documents/Projects/Group2SWE/SWEGroup2/src/components/ThemeToggle.tsx:16:24)

 [32mΓ£ô[39m src/pages/__tests__/SettingsPage.test.tsx [2m([22m[2m13 tests[22m[2m)[22m[33m 497[2mms[22m[39m
 [32mΓ£ô[39m src/components/__tests__/ToggleSwitch.test.tsx [2m([22m[2m11 tests[22m[2m)[22m[33m 349[2mms[22m[39m
[90mstderr[2m | src/components/__tests__/ThemeToggle.test.tsx[2m > [22m[2mThemeToggle[2m > [22m[2mcalls 
toggleTheme in header variant when clicked
[22m[39mWarning: An update to ThemeToggle inside a test was not wrapped in act(...).

When testing, code that causes React state updates should be wrapped into act(...):

act(() => {
  /* fire events that update state */
});
/* assert on the output */

This ensures that you're testing the behavior the user would see in the browser. Learn more at 
https://reactjs.org/link/wrap-tests-with-act
    at ThemeToggle (C:/Users/nwong/Documents/Projects/Group2SWE/SWEGroup2/src/components/ThemeToggle.tsx:16:24)

 [32mΓ£ô[39m src/components/__tests__/ThemeToggle.test.tsx [2m([22m[2m10 tests[22m[2m)[22m[33m 424[2mms[22m[39m
 [32mΓ£ô[39m src/components/__tests__/InteractiveMap.test.tsx [2m([22m[2m23 tests[22m[2m)[22m[33m 488[2mms[22m[39m
 [32mΓ£ô[39m src/components/__tests__/Header.test.tsx [2m([22m[2m18 tests[22m[2m)[22m[33m 551[2mms[22m[39m
 [32mΓ£ô[39m src/pages/__tests__/EditMapPage.test.tsx [2m([22m[2m13 tests[22m[2m)[22m[33m 512[2mms[22m[39m
 [32mΓ£ô[39m src/pages/__tests__/MapPage.test.tsx [2m([22m[2m12 tests[22m[2m)[22m[33m 529[2mms[22m[39m
Error: Uncaught [Error: useTheme must be used within ThemeProvider]
    at reportException (C:\Users\nwong\Documents\Projects\Group2SWE\SWEGroup2\node_modules\jsdom\lib\jsdom\living\helpers\r
untime-script-errors.js:66:24)
    at innerInvokeEventListeners (C:\Users\nwong\Documents\Projects\Group2SWE\SWEGroup2\node_modules\jsdom\lib\jsdom\living
\events\EventTarget-impl.js:353:9)
    at invokeEventListeners (C:\Users\nwong\Documents\Projects\Group2SWE\SWEGroup2\node_modules\jsdom\lib\jsdom\living\even
ts\EventTarget-impl.js:286:3)
    at HTMLUnknownElementImpl._dispatch (C:\Users\nwong\Documents\Projects\Group2SWE\SWEGroup2\node_modules\jsdom\lib\jsdom
\living\events\EventTarget-impl.js:233:9)
    at HTMLUnknownElementImpl.dispatchEvent (C:\Users\nwong\Documents\Projects\Group2SWE\SWEGroup2\node_modules\jsdom\lib\j
sdom\living\events\EventTarget-impl.js:104:17)
    at HTMLUnknownElement.dispatchEvent 
(C:\Users\nwong\Documents\Projects\Group2SWE\SWEGroup2\node_modules\jsdom\lib\jsdom\living\generated\EventTarget.js:241:34)
    at Object.invokeGuardedCallbackDev 
(C:\Users\nwong\Documents\Projects\Group2SWE\SWEGroup2\node_modules\react-dom\cjs\react-dom.development.js:4213:16)
    at invokeGuardedCallback 
(C:\Users\nwong\Documents\Projects\Group2SWE\SWEGroup2\node_modules\react-dom\cjs\react-dom.development.js:4277:31)
    at beginWork$1 
(C:\Users\nwong\Documents\Projects\Group2SWE\SWEGroup2\node_modules\react-dom\cjs\react-dom.development.js:27490:7)
    at performUnitOfWork 
(C:\Users\nwong\Documents\Projects\Group2SWE\SWEGroup2\node_modules\react-dom\cjs\react-dom.development.js:26599:12) 
Error: useTheme must be used within ThemeProvider
    at useTheme (C:/Users/nwong/Documents/Projects/Group2SWE/SWEGroup2/src/context/ThemeContext.tsx:45:11)
    at TestConsumer 
(C:/Users/nwong/Documents/Projects/Group2SWE/SWEGroup2/src/context/__tests__/ThemeContext.test.tsx:6:36)
    at renderWithHooks 
(C:\Users\nwong\Documents\Projects\Group2SWE\SWEGroup2\node_modules\react-dom\cjs\react-dom.development.js:15486:18)
    at mountIndeterminateComponent 
(C:\Users\nwong\Documents\Projects\Group2SWE\SWEGroup2\node_modules\react-dom\cjs\react-dom.development.js:20103:13)
    at beginWork 
(C:\Users\nwong\Documents\Projects\Group2SWE\SWEGroup2\node_modules\react-dom\cjs\react-dom.development.js:21626:16)
    at HTMLUnknownElement.callCallback 
(C:\Users\nwong\Documents\Projects\Group2SWE\SWEGroup2\node_modules\react-dom\cjs\react-dom.development.js:4164:14)
    at HTMLUnknownElement.callTheUserObjectsOperation (C:\Users\nwong\Documents\Projects\Group2SWE\SWEGroup2\node_modules\j
sdom\lib\jsdom\living\generated\EventListener.js:26:30)
    at innerInvokeEventListeners (C:\Users\nwong\Documents\Projects\Group2SWE\SWEGroup2\node_modules\jsdom\lib\jsdom\living
\events\EventTarget-impl.js:350:25)
    at invokeEventListeners (C:\Users\nwong\Documents\Projects\Group2SWE\SWEGroup2\node_modules\jsdom\lib\jsdom\living\even
ts\EventTarget-impl.js:286:3)
    at HTMLUnknownElementImpl._dispatch (C:\Users\nwong\Documents\Projects\Group2SWE\SWEGroup2\node_modules\jsdom\lib\jsdom
\living\events\EventTarget-impl.js:233:9)
Error: Uncaught [Error: useTheme must be used within ThemeProvider]
    at reportException (C:\Users\nwong\Documents\Projects\Group2SWE\SWEGroup2\node_modules\jsdom\lib\jsdom\living\helpers\r
untime-script-errors.js:66:24)
    at innerInvokeEventListeners (C:\Users\nwong\Documents\Projects\Group2SWE\SWEGroup2\node_modules\jsdom\lib\jsdom\living
\events\EventTarget-impl.js:353:9)
    at invokeEventListeners (C:\Users\nwong\Documents\Projects\Group2SWE\SWEGroup2\node_modules\jsdom\lib\jsdom\living\even
ts\EventTarget-impl.js:286:3)
    at HTMLUnknownElementImpl._dispatch (C:\Users\nwong\Documents\Projects\Group2SWE\SWEGroup2\node_modules\jsdom\lib\jsdom
\living\events\EventTarget-impl.js:233:9)
    at HTMLUnknownElementImpl.dispatchEvent (C:\Users\nwong\Documents\Projects\Group2SWE\SWEGroup2\node_modules\jsdom\lib\j
sdom\living\events\EventTarget-impl.js:104:17)
    at HTMLUnknownElement.dispatchEvent 
(C:\Users\nwong\Documents\Projects\Group2SWE\SWEGroup2\node_modules\jsdom\lib\jsdom\living\generated\EventTarget.js:241:34)
    at Object.invokeGuardedCallbackDev 
(C:\Users\nwong\Documents\Projects\Group2SWE\SWEGroup2\node_modules\react-dom\cjs\react-dom.development.js:4213:16)
    at invokeGuardedCallback 
(C:\Users\nwong\Documents\Projects\Group2SWE\SWEGroup2\node_modules\react-dom\cjs\react-dom.development.js:4277:31)
    at beginWork$1 
(C:\Users\nwong\Documents\Projects\Group2SWE\SWEGroup2\node_modules\react-dom\cjs\react-dom.development.js:27490:7)
    at performUnitOfWork 
(C:\Users\nwong\Documents\Projects\Group2SWE\SWEGroup2\node_modules\react-dom\cjs\react-dom.development.js:26599:12) 
Error: useTheme must be used within ThemeProvider
    at useTheme (C:/Users/nwong/Documents/Projects/Group2SWE/SWEGroup2/src/context/ThemeContext.tsx:45:11)
    at TestConsumer 
(C:/Users/nwong/Documents/Projects/Group2SWE/SWEGroup2/src/context/__tests__/ThemeContext.test.tsx:6:36)
    at renderWithHooks 
(C:\Users\nwong\Documents\Projects\Group2SWE\SWEGroup2\node_modules\react-dom\cjs\react-dom.development.js:15486:18)
    at mountIndeterminateComponent 
(C:\Users\nwong\Documents\Projects\Group2SWE\SWEGroup2\node_modules\react-dom\cjs\react-dom.development.js:20103:13)
    at beginWork 
(C:\Users\nwong\Documents\Projects\Group2SWE\SWEGroup2\node_modules\react-dom\cjs\react-dom.development.js:21626:16)
    at HTMLUnknownElement.callCallback 
(C:\Users\nwong\Documents\Projects\Group2SWE\SWEGroup2\node_modules\react-dom\cjs\react-dom.development.js:4164:14)
    at HTMLUnknownElement.callTheUserObjectsOperation (C:\Users\nwong\Documents\Projects\Group2SWE\SWEGroup2\node_modules\j
sdom\lib\jsdom\living\generated\EventListener.js:26:30)
    at innerInvokeEventListeners (C:\Users\nwong\Documents\Projects\Group2SWE\SWEGroup2\node_modules\jsdom\lib\jsdom\living
\events\EventTarget-impl.js:350:25)
    at invokeEventListeners (C:\Users\nwong\Documents\Projects\Group2SWE\SWEGroup2\node_modules\jsdom\lib\jsdom\living\even
ts\EventTarget-impl.js:286:3)
    at HTMLUnknownElementImpl._dispatch (C:\Users\nwong\Documents\Projects\Group2SWE\SWEGroup2\node_modules\jsdom\lib\jsdom
\living\events\EventTarget-impl.js:233:9)
 [32mΓ£ô[39m src/context/__tests__/ThemeContext.test.tsx [2m([22m[2m9 tests[22m[2m)[22m[32m 240[2mms[22m[39m
Error: Uncaught [Error: useSettings must be used within SettingsProvider]
    at reportException (C:\Users\nwong\Documents\Projects\Group2SWE\SWEGroup2\node_modules\jsdom\lib\jsdom\living\helpers\r
untime-script-errors.js:66:24)
    at innerInvokeEventListeners (C:\Users\nwong\Documents\Projects\Group2SWE\SWEGroup2\node_modules\jsdom\lib\jsdom\living
\events\EventTarget-impl.js:353:9)
    at invokeEventListeners (C:\Users\nwong\Documents\Projects\Group2SWE\SWEGroup2\node_modules\jsdom\lib\jsdom\living\even
ts\EventTarget-impl.js:286:3)
    at HTMLUnknownElementImpl._dispatch (C:\Users\nwong\Documents\Projects\Group2SWE\SWEGroup2\node_modules\jsdom\lib\jsdom
\living\events\EventTarget-impl.js:233:9)
    at HTMLUnknownElementImpl.dispatchEvent (C:\Users\nwong\Documents\Projects\Group2SWE\SWEGroup2\node_modules\jsdom\lib\j
sdom\living\events\EventTarget-impl.js:104:17)
    at HTMLUnknownElement.dispatchEvent 
(C:\Users\nwong\Documents\Projects\Group2SWE\SWEGroup2\node_modules\jsdom\lib\jsdom\living\generated\EventTarget.js:241:34)
    at Object.invokeGuardedCallbackDev 
(C:\Users\nwong\Documents\Projects\Group2SWE\SWEGroup2\node_modules\react-dom\cjs\react-dom.development.js:4213:16)
    at invokeGuardedCallback 
(C:\Users\nwong\Documents\Projects\Group2SWE\SWEGroup2\node_modules\react-dom\cjs\react-dom.development.js:4277:31)
    at beginWork$1 
(C:\Users\nwong\Documents\Projects\Group2SWE\SWEGroup2\node_modules\react-dom\cjs\react-dom.development.js:27490:7)
    at performUnitOfWork 
(C:\Users\nwong\Documents\Projects\Group2SWE\SWEGroup2\node_modules\react-dom\cjs\react-dom.development.js:26599:12) 
Error: useSettings must be used within SettingsProvider
    at useSettings (C:/Users/nwong/Documents/Projects/Group2SWE/SWEGroup2/src/context/SettingsContext.tsx:54:23)
    at TestConsumer 
(C:/Users/nwong/Documents/Projects/Group2SWE/SWEGroup2/src/context/__tests__/SettingsContext.test.tsx:15:9)
    at renderWithHooks 
(C:\Users\nwong\Documents\Projects\Group2SWE\SWEGroup2\node_modules\react-dom\cjs\react-dom.development.js:15486:18)
    at mountIndeterminateComponent 
(C:\Users\nwong\Documents\Projects\Group2SWE\SWEGroup2\node_modules\react-dom\cjs\react-dom.development.js:20103:13)
    at beginWork 
(C:\Users\nwong\Documents\Projects\Group2SWE\SWEGroup2\node_modules\react-dom\cjs\react-dom.development.js:21626:16)
    at HTMLUnknownElement.callCallback 
(C:\Users\nwong\Documents\Projects\Group2SWE\SWEGroup2\node_modules\react-dom\cjs\react-dom.development.js:4164:14)
    at HTMLUnknownElement.callTheUserObjectsOperation (C:\Users\nwong\Documents\Projects\Group2SWE\SWEGroup2\node_modules\j
sdom\lib\jsdom\living\generated\EventListener.js:26:30)
    at innerInvokeEventListeners (C:\Users\nwong\Documents\Projects\Group2SWE\SWEGroup2\node_modules\jsdom\lib\jsdom\living
\events\EventTarget-impl.js:350:25)
    at invokeEventListeners (C:\Users\nwong\Documents\Projects\Group2SWE\SWEGroup2\node_modules\jsdom\lib\jsdom\living\even
ts\EventTarget-impl.js:286:3)
    at HTMLUnknownElementImpl._dispatch (C:\Users\nwong\Documents\Projects\Group2SWE\SWEGroup2\node_modules\jsdom\lib\jsdom
\living\events\EventTarget-impl.js:233:9)
Error: Uncaught [Error: useSettings must be used within SettingsProvider]
    at reportException (C:\Users\nwong\Documents\Projects\Group2SWE\SWEGroup2\node_modules\jsdom\lib\jsdom\living\helpers\r
untime-script-errors.js:66:24)
    at innerInvokeEventListeners (C:\Users\nwong\Documents\Projects\Group2SWE\SWEGroup2\node_modules\jsdom\lib\jsdom\living
\events\EventTarget-impl.js:353:9)
    at invokeEventListeners (C:\Users\nwong\Documents\Projects\Group2SWE\SWEGroup2\node_modules\jsdom\lib\jsdom\living\even
ts\EventTarget-impl.js:286:3)
    at HTMLUnknownElementImpl._dispatch (C:\Users\nwong\Documents\Projects\Group2SWE\SWEGroup2\node_modules\jsdom\lib\jsdom
\living\events\EventTarget-impl.js:233:9)
    at HTMLUnknownElementImpl.dispatchEvent (C:\Users\nwong\Documents\Projects\Group2SWE\SWEGroup2\node_modules\jsdom\lib\j
sdom\living\events\EventTarget-impl.js:104:17)
    at HTMLUnknownElement.dispatchEvent 
(C:\Users\nwong\Documents\Projects\Group2SWE\SWEGroup2\node_modules\jsdom\lib\jsdom\living\generated\EventTarget.js:241:34)
    at Object.invokeGuardedCallbackDev 
(C:\Users\nwong\Documents\Projects\Group2SWE\SWEGroup2\node_modules\react-dom\cjs\react-dom.development.js:4213:16)
    at invokeGuardedCallback 
(C:\Users\nwong\Documents\Projects\Group2SWE\SWEGroup2\node_modules\react-dom\cjs\react-dom.development.js:4277:31)
    at beginWork$1 
(C:\Users\nwong\Documents\Projects\Group2SWE\SWEGroup2\node_modules\react-dom\cjs\react-dom.development.js:27490:7)
    at performUnitOfWork 
(C:\Users\nwong\Documents\Projects\Group2SWE\SWEGroup2\node_modules\react-dom\cjs\react-dom.development.js:26599:12) 
Error: useSettings must be used within SettingsProvider
    at useSettings (C:/Users/nwong/Documents/Projects/Group2SWE/SWEGroup2/src/context/SettingsContext.tsx:54:23)
    at TestConsumer 
(C:/Users/nwong/Documents/Projects/Group2SWE/SWEGroup2/src/context/__tests__/SettingsContext.test.tsx:15:9)
    at renderWithHooks 
(C:\Users\nwong\Documents\Projects\Group2SWE\SWEGroup2\node_modules\react-dom\cjs\react-dom.development.js:15486:18)
    at mountIndeterminateComponent 
(C:\Users\nwong\Documents\Projects\Group2SWE\SWEGroup2\node_modules\react-dom\cjs\react-dom.development.js:20103:13)
    at beginWork 
(C:\Users\nwong\Documents\Projects\Group2SWE\SWEGroup2\node_modules\react-dom\cjs\react-dom.development.js:21626:16)
    at HTMLUnknownElement.callCallback 
(C:\Users\nwong\Documents\Projects\Group2SWE\SWEGroup2\node_modules\react-dom\cjs\react-dom.development.js:4164:14)
    at HTMLUnknownElement.callTheUserObjectsOperation (C:\Users\nwong\Documents\Projects\Group2SWE\SWEGroup2\node_modules\j
sdom\lib\jsdom\living\generated\EventListener.js:26:30)
    at innerInvokeEventListeners (C:\Users\nwong\Documents\Projects\Group2SWE\SWEGroup2\node_modules\jsdom\lib\jsdom\living
\events\EventTarget-impl.js:350:25)
    at invokeEventListeners (C:\Users\nwong\Documents\Projects\Group2SWE\SWEGroup2\node_modules\jsdom\lib\jsdom\living\even
ts\EventTarget-impl.js:286:3)
    at HTMLUnknownElementImpl._dispatch (C:\Users\nwong\Documents\Projects\Group2SWE\SWEGroup2\node_modules\jsdom\lib\jsdom
\living\events\EventTarget-impl.js:233:9)
 [32mΓ£ô[39m src/context/__tests__/SettingsContext.test.tsx [2m([22m[2m8 tests[22m[2m)[22m[32m 218[2mms[22m[39m
 [32mΓ£ô[39m src/components/__tests__/ProfileButton.test.tsx [2m([22m[2m7 tests[22m[2m)[22m[32m 293[2mms[22m[39m
 [32mΓ£ô[39m src/pages/__tests__/HomePage.test.tsx [2m([22m[2m8 tests[22m[2m)[22m[32m 170[2mms[22m[39m
 [32mΓ£ô[39m src/components/__tests__/DragAndDropMenu.test.tsx [2m([22m[2m6 tests[22m[2m)[22m[32m 217[2mms[22m[39m
[90mstderr[2m | src/components/__tests__/DropDownMenu.test.tsx[2m > [22m[2mDropDownMenu[2m > [22m[2mrenders the 
chevron icon
[22m[39mWarning: validateDOMNesting(...): <button> cannot appear as a descendant of <button>.
    at button
    at ProfileButton
    at button
    at button (C:/Users/nwong/Documents/Projects/Group2SWE/SWEGroup2/src/components/__tests__/DropDownMenu.test.tsx:9:16)
    at div
    at div (C:/Users/nwong/Documents/Projects/Group2SWE/SWEGroup2/src/components/__tests__/DropDownMenu.test.tsx:4:13)
    at div
    at DropDownMenu (C:/Users/nwong/Documents/Projects/Group2SWE/SWEGroup2/src/components/DropDownMenu.tsx:15:69)

 [32mΓ£ô[39m src/components/__tests__/DropDownMenu.test.tsx [2m([22m[2m5 tests[22m[2m)[22m[32m 154[2mms[22m[39m
[90mstdout[2m | src/services/__tests__/tileService.test.ts[2m > [22m[2mtileService[2m > [22m[2mgetFloorTiles[2m > [22m[2mreturns floors, selectedFloor and mapped tiles
[22m[39mMapped tiles: [
  {
    id: [33m1[39m,
    equipmentTypeId: [33m1[39m,
    xCoord: [33m0[39m,
    yCoord: [33m0[39m,
    width: [33m100[39m,
    height: [33m100[39m,
    rotation: [33m0[39m,
    colour: [32m'blue'[39m,
    equipment: {
      name: [32m'Bench'[39m,
      description: [32m'A bench'[39m,
      benefits: [],
      musclesTargeted: [90mundefined[39m,
      videoUrl: [90mundefined[39m
    }
  }
]

[90mstdout[2m | src/services/__tests__/tileService.test.ts[2m > [22m[2mtileService[2m > [22m[2mgetFloorTiles[2m > [22m[2mclamps floor index to valid range
[22m[39mMapped tiles: []

[90mstdout[2m | src/services/__tests__/tileService.test.ts[2m > [22m[2mtileService[2m > [22m[2mgetFloorTiles[2m > [22m[2msorts floors by levelOrder
[22m[39mMapped tiles: []

[90mstdout[2m | src/services/__tests__/tileService.test.ts[2m > [22m[2mtileService[2m > [22m[2mgetFloorTiles[2m > [22m[2monly includes tiles for the selected floor
[22m[39mMapped tiles: [
  {
    id: [33m1[39m,
    equipmentTypeId: [33m1[39m,
    xCoord: [33m0[39m,
    yCoord: [33m0[39m,
    width: [33m100[39m,
    height: [33m100[39m,
    rotation: [33m0[39m,
    colour: [32m'blue'[39m,
    equipment: {
      name: [32m'Equipment #1'[39m,
      description: [32m'No description provided.'[39m,
      benefits: [],
      musclesTargeted: [90mundefined[39m,
      videoUrl: [90mundefined[39m
    }
  }
]

 [32mΓ£ô[39m src/services/__tests__/tileService.test.ts [2m([22m[2m26 tests[22m[2m)[22m[32m 43[2mms[22m[39m
 [32mΓ£ô[39m src/pages/__tests__/NotFoundPage.test.tsx [2m([22m[2m4 tests[22m[2m)[22m[32m 134[2mms[22m[39m
 [32mΓ£ô[39m src/services/__tests__/apiClient.test.ts [2m([22m[2m7 tests[22m[2m)[22m[32m 24[2mms[22m[39m
 [32mΓ£ô[39m src/components/__tests__/ShinyText.test.tsx [2m([22m[2m7 tests[22m[2m)[22m[32m 115[2mms[22m[39m
 [32mΓ£ô[39m src/pages/__tests__/ProfilePage.test.tsx [2m([22m[2m4 tests[22m[2m)[22m[32m 92[2mms[22m[39m
 [32mΓ£ô[39m src/pages/__tests__/LoadingPage.test.tsx [2m([22m[2m3 tests[22m[2m)[22m[32m 113[2mms[22m[39m
 [32mΓ£ô[39m src/hooks/__tests__/useAppSound.test.ts [2m([22m[2m6 tests[22m[2m)[22m[32m 68[2mms[22m[39m
 [32mΓ£ô[39m src/pages/__tests__/App.test.tsx [2m([22m[2m8 tests[22m[2m)[22m[32m 155[2mms[22m[39m
 [32mΓ£ô[39m src/components/__tests__/MachineModal.test.tsx [2m([22m[2m13 tests[22m[2m)[22m[32m 207[2mms[22m[39m
 [32mΓ£ô[39m src/services/__tests__/authService.test.ts [2m([22m[2m11 tests[22m[2m)[22m[32m 19[2mms[22m[39m
 [32mΓ£ô[39m src/services/__tests__/floorService.test.ts [2m([22m[2m3 tests[22m[2m)[22m[32m 8[2mms[22m[39m
 [32mΓ£ô[39m src/services/__tests__/layoutService.test.ts [2m([22m[2m5 tests[22m[2m)[22m[32m 8[2mms[22m[39m
 [32mΓ£ô[39m src/services/__tests__/componentService.test.ts [2m([22m[2m3 tests[22m[2m)[22m[32m 6[2mms[22m[39m
 [32mΓ£ô[39m src/services/__tests__/tempAuth.test.ts [2m([22m[2m7 tests[22m[2m)[22m[32m 5[2mms[22m[39m
 [32mΓ£ô[39m src/constants/__tests__/colors.test.ts [2m([22m[2m6 tests[22m[2m)[22m[32m 4[2mms[22m[39m
 [32mΓ£ô[39m src/services/__tests__/isAdmin.test.ts [2m([22m[2m1 test[22m[2m)[22m[32m 2[2mms[22m[39m

[2m Test Files [22m [1m[32m37 passed[39m[22m[90m (37)[39m
[2m      Tests [22m [1m[32m367 passed[39m[22m[90m (367)[39m
[2m   Start at [22m 13:27:32
[2m   Duration [22m 13.59s[2m (transform 12.49s, setup 16.64s, import 33.26s, tests 8.15s, environment 98.03s)[22m

[vitest-pool]: Timeout terminating forks worker for test files 
C:/Users/nwong/Documents/Projects/Group2SWE/SWEGroup2/src/pages/__tests__/SignUpPage.test.tsx.
[vitest-pool]: Timeout terminating forks worker for test files 
C:/Users/nwong/Documents/Projects/Group2SWE/SWEGroup2/src/components/__tests__/TileInfoCard.test.tsx.
